******************************************************************************
                  TI ARM Linker PC v20.2.7                     
******************************************************************************
>> Linked Mon Aug 22 18:56:24 2022

OUTPUT FILE NAME:   <Tivana.out>
ENTRY POINT SYMBOL: "_c_int00_noargs"  address: 00003e99


MEMORY CONFIGURATION

         name            origin    length      used     unused   attr    fill
----------------------  --------  ---------  --------  --------  ----  --------
  FLASH                 00000000   00100000  00004398  000fbc68  R  X
  SRAM                  20000000   00040000  00005320  0003ace0  RW X


SEGMENT ALLOCATION MAP

run origin  load origin   length   init length attrs members
----------  ----------- ---------- ----------- ----- -------
00000000    00000000    00004398   00004398    r-x
  00000000    00000000    00000208   00000208    r-- .intvecs
  00000208    00000208    00003e3c   00003e3c    r-x .text
  00004044    00004044    0000031c   0000031c    r-- .const
  00004360    00004360    00000038   00000038    r-- .cinit
20000000    20000000    00005320   00000000    rw-
  20000000    20000000    000050c8   00000000    rw- .bss
  200050c8    200050c8    00000200   00000000    rw- .stack
  200052c8    200052c8    00000058   00000000    rw- .data


SECTION ALLOCATION MAP

 output                                  attributes/
section   page    origin      length       input sections
--------  ----  ----------  ----------   ----------------
.intvecs   0    00000000    00000208     
                  00000000    00000208     tm4c1294ncpdt_startup_ccs.obj (.intvecs)

.text      0    00000208    00003e3c     
                  00000208    00002118     tasks.obj (.text)
                  00002320    000004b8     main.obj (.text)
                  000027d8    000004a8     uartstdio.obj (.text)
                  00002c80    000003a0     heap_4.obj (.text)
                  00003020    00000368     rtos_hw_drivers.obj (.text)
                  00003388    00000200     driverlib.lib : sysctl.obj (.text:SysCtlClockFreqSet)
                  00003588    0000016c                   : gpio.obj (.text:GPIOPadConfigSet)
                  000036f4    0000013c     port.obj (.text)
                  00003830    0000012a     list.obj (.text)
                  0000395a    00000002     rtsv7M4_T_le_v4SPD16_eabi.lib : div0.asm.obj (.text)
                  0000395c    00000118     driverlib.lib : sysctl.obj (.text:SysCtlClockGet)
                  00003a74    000000da     portasm.obj (.text)
                  00003b4e    0000009c     rtsv7M4_T_le_v4SPD16_eabi.lib : memcpy_t2.asm.obj (.text)
                  00003bea    0000007a                                   : memset_t2.asm.obj (.text)
                  00003c64    00000068                                   : copy_decompress_lzss.c.obj (.text:decompress:lzss:__TI_decompress_lzss)
                  00003ccc    0000004c     driverlib.lib : gpio.obj (.text:GPIOPinConfigure)
                  00003d18    00000048                   : sysctl.obj (.text:_SysCtlFrequencyGet)
                  00003d60    00000046                   : uart.obj (.text:UARTConfigSetExpClk)
                  00003da6    00000002     --HOLE-- [fill = 0]
                  00003da8    00000044     rtsv7M4_T_le_v4SPD16_eabi.lib : autoinit.c.obj (.text:__TI_auto_init_nobinit_nopinit:__TI_auto_init_nobinit_nopinit)
                  00003dec    00000040                                   : u_divt2.asm.obj (.text)
                  00003e2c    00000038     driverlib.lib : sysctl.obj (.text:SysCtlPeripheralPresent)
                  00003e64    00000034                   : sysctl.obj (.text:SysCtlPeripheralEnable)
                  00003e98    00000034     rtsv7M4_T_le_v4SPD16_eabi.lib : boot_cortex_m.c.obj (.text:_c_int00_noargs:_c_int00_noargs)
                  00003ecc    0000002c     driverlib.lib : gpio.obj (.text:GPIODirModeSet)
                  00003ef8    00000020                   : uart.obj (.text:UARTDisable)
                  00003f18    00000020                   : sysctl.obj (.text:_SysCtlMemTimingGet)
                  00003f38    0000001a                   : gpio.obj (.text:GPIOPinTypeGPIOOutput)
                  00003f52    00000016                   : gpio.obj (.text:GPIOPinTypeEthernetLED)
                  00003f68    00000016                   : gpio.obj (.text:GPIOPinTypeGPIOInput)
                  00003f7e    00000016                   : gpio.obj (.text:GPIOPinTypeUART)
                  00003f94    00000016                   : gpio.obj (.text:GPIOPinTypeUSBAnalog)
                  00003faa    00000016                   : gpio.obj (.text:GPIOPinTypeUSBDigital)
                  00003fc0    00000014                   : uart.obj (.text:UARTEnable)
                  00003fd4    00000010                   : interrupt.obj (.text:IntMasterDisable)
                  00003fe4    0000000e     rtsv7M4_T_le_v4SPD16_eabi.lib : copy_decompress_none.c.obj (.text:decompress:none:__TI_decompress_none)
                  00003ff2    0000000c     driverlib.lib : cpu.obj (.text:CPUcpsid)
                  00003ffe    0000000c     rtsv7M4_T_le_v4SPD16_eabi.lib : copy_zero_init.c.obj (.text:decompress:ZI:__TI_zero_init)
                  0000400a    0000000c     tm4c1294ncpdt_startup_ccs.obj (.text)
                  00004016    0000000a     driverlib.lib : uart.obj (.text:UARTCharGet)
                  00004020    0000000a                   : uart.obj (.text:UARTCharPut)
                  0000402a    00000006                   : gpio.obj (.text:GPIOPinRead)
                  00004030    00000006                   : gpio.obj (.text:GPIOPinWrite)
                  00004036    00000006                   : uart.obj (.text:UARTClockSourceSet)
                  0000403c    00000004     rtsv7M4_T_le_v4SPD16_eabi.lib : pre_init.c.obj (.text:_system_pre_init)
                  00004040    00000004                                   : exit.c.obj (.text:abort:abort)

.const     0    00004044    0000031c     
                  00004044    000001b0     driverlib.lib : sysctl.obj (.const:g_pppui32XTALtoVCO)
                  000041f4    00000090                   : gpio.obj (.const:g_pui32GPIOBaseAddrs)
                  00004284    0000006c                   : sysctl.obj (.const:g_pui32Xtals)
                  000042f0    00000030                   : sysctl.obj (.const:g_sXTALtoMEMTIM)
                  00004320    00000012     uartstdio.obj (.const:.string)
                  00004332    00000002     --HOLE-- [fill = 0]
                  00004334    0000000c     uartstdio.obj (.const:g_ui32UARTBase)
                  00004340    0000000c     uartstdio.obj (.const:g_ui32UARTPeriph)
                  0000434c    00000008     driverlib.lib : sysctl.obj (.const:g_pui32VCOFrequencies)
                  00004354    00000004     port.obj (.const)
                  00004358    00000004     tasks.obj (.const)
                  0000435c    00000004     uartstdio.obj (.const)

.cinit     0    00004360    00000038     
                  00004360    0000000e     (.cinit..data.load) [load image, compression = lzss]
                  0000436e    00000002     --HOLE-- [fill = 0]
                  00004370    0000000c     (__TI_handler_table)
                  0000437c    00000004     --HOLE-- [fill = 0]
                  00004380    00000008     (.cinit..bss.load) [load image, compression = zero_init]
                  00004388    00000010     (__TI_cinit_table)

.init_array 
*          0    00000000    00000000     UNINITIALIZED

.bss       0    20000000    000050c8     UNINITIALIZED
                  20000000    00004f10     heap_4.obj (.bss:ucHeap)
                  20004f10    00000140     tasks.obj (.bss:pxReadyTasksLists)
                  20005050    00000014     tasks.obj (.bss:xDelayedTaskList1)
                  20005064    00000014     tasks.obj (.bss:xDelayedTaskList2)
                  20005078    00000014     tasks.obj (.bss:xPendingReadyList)
                  2000508c    00000014     tasks.obj (.bss:xSuspendedTaskList)
                  200050a0    00000014     tasks.obj (.bss:xTasksWaitingTermination)
                  200050b4    00000008     tasks.obj (.bss)
                  200050bc    00000008     heap_4.obj (.bss:xStart)
                  200050c4    00000004     (.common:g_ui32SysClock)

.data      0    200052c8    00000058     UNINITIALIZED
                  200052c8    00000034     tasks.obj (.data)
                  200052fc    00000018     heap_4.obj (.data)
                  20005314    00000005     uartstdio.obj (.data)
                  20005319    00000003     rtos_hw_drivers.obj (.data)
                  2000531c    00000004     port.obj (.data)

.stack     0    200050c8    00000200     UNINITIALIZED
                  200050c8    00000004     rtsv7M4_T_le_v4SPD16_eabi.lib : boot_cortex_m.c.obj (.stack)
                  200050cc    000001fc     --HOLE--

__llvm_prf_cnts 
*          0    20000000    00000000     UNINITIALIZED

MODULE SUMMARY

       Module                          code    ro data   rw data
       ------                          ----    -------   -------
    .\
       main.obj                        1208    0         4      
       tm4c1294ncpdt_startup_ccs.obj   12      520       0      
    +--+-------------------------------+-------+---------+---------+
       Total:                          1220    520       4      
                                                                
    .\drivers\
       rtos_hw_drivers.obj             872     0         3      
    +--+-------------------------------+-------+---------+---------+
       Total:                          872     0         3      
                                                                
    .\middlewares\FreeRTOS\Source\
       tasks.obj                       8472    4         480    
       list.obj                        298     0         0      
    +--+-------------------------------+-------+---------+---------+
       Total:                          8770    4         480    
                                                                
    .\middlewares\FreeRTOS\Source\portable\CCS\ARM_CM4F\
       port.obj                        316     4         4      
       portasm.obj                     218     0         0      
    +--+-------------------------------+-------+---------+---------+
       Total:                          534     4         4      
                                                                
    .\middlewares\FreeRTOS\Source\portable\MemMang\
       heap_4.obj                      928     0         20272  
    +--+-------------------------------+-------+---------+---------+
       Total:                          928     0         20272  
                                                                
    .\utils\
       uartstdio.obj                   1192    46        5      
    +--+-------------------------------+-------+---------+---------+
       Total:                          1192    46        5      
                                                                
    C:/ti/TivaWare_C_Series-2.2.0.295/driverlib/ccs/Debug/driverlib.lib
       sysctl.obj                      1004    596       0      
       gpio.obj                        632     144       0      
       uart.obj                        148     0         0      
       interrupt.obj                   16      0         0      
       cpu.obj                         12      0         0      
    +--+-------------------------------+-------+---------+---------+
       Total:                          1812    740       0      
                                                                
    C:\ti\ccs1200\ccs\tools\compiler\ti-cgt-arm_20.2.7.LTS\lib\rtsv7M4_T_le_v4SPD16_eabi.lib
       memcpy_t2.asm.obj               156     0         0      
       memset_t2.asm.obj               122     0         0      
       copy_decompress_lzss.c.obj      104     0         0      
       autoinit.c.obj                  68      0         0      
       u_divt2.asm.obj                 64      0         0      
       boot_cortex_m.c.obj             52      0         0      
       copy_decompress_none.c.obj      14      0         0      
       copy_zero_init.c.obj            12      0         0      
       exit.c.obj                      4       0         0      
       pre_init.c.obj                  4       0         0      
       div0.asm.obj                    2       0         0      
    +--+-------------------------------+-------+---------+---------+
       Total:                          602     0         0      
                                                                
       Stack:                          0       0         512    
       Linker Generated:               0       50        0      
    +--+-------------------------------+-------+---------+---------+
       Grand Total:                    15930   1364      21280  


LINKER GENERATED COPY TABLES

__TI_cinit_table @ 00004388 records: 2, size/record: 8, table size: 16
	.data: load addr=00004360, load size=0000000e bytes, run addr=200052c8, run size=00000058 bytes, compression=lzss
	.bss: load addr=00004380, load size=00000008 bytes, run addr=20000000, run size=000050c8 bytes, compression=zero_init


LINKER GENERATED HANDLER TABLE

__TI_handler_table @ 00004370 records: 3, size/record: 4, table size: 12
	index: 0, handler: __TI_decompress_lzss
	index: 1, handler: __TI_decompress_none
	index: 2, handler: __TI_zero_init


GLOBAL SYMBOLS: SORTED ALPHABETICALLY BY Name 

address   name                               
-------   ----                               
000032e5  ButtonsInit                        
00003245  ButtonsPoll                        
00004041  C$$EXIT                            
00003ff3  CPUcpsid                           
00003ecd  GPIODirModeSet                     
00003589  GPIOPadConfigSet                   
00003ccd  GPIOPinConfigure                   
0000402b  GPIOPinRead                        
00003f53  GPIOPinTypeEthernetLED             
00003f69  GPIOPinTypeGPIOInput               
00003f39  GPIOPinTypeGPIOOutput              
00003f7f  GPIOPinTypeUART                    
00003f95  GPIOPinTypeUSBAnalog               
00003fab  GPIOPinTypeUSBDigital              
00004031  GPIOPinWrite                       
00003fd5  IntMasterDisable                   
000031e9  LEDRead                            
00003159  LEDWrite                           
00003021  PinoutSet                          
0000400b  ResetISR                           
00003389  SysCtlClockFreqSet                 
0000395d  SysCtlClockGet                     
00003e65  SysCtlPeripheralEnable             
00003e2d  SysCtlPeripheralPresent            
00004017  UARTCharGet                        
00004021  UARTCharPut                        
00004037  UARTClockSourceSet                 
00003d61  UARTConfigSetExpClk                
00003ef9  UARTDisable                        
00003fc1  UARTEnable                         
000027d9  UARTStdioConfig                    
00002929  UARTgetc                           
0000286f  UARTgets                           
00002c4b  UARTprintf                         
00002951  UARTvprintf                        
0000281f  UARTwrite                          
200052c8  __STACK_END                        
00000200  __STACK_SIZE                       
200060c8  __STACK_TOP                        
00004388  __TI_CINIT_Base                    
00004398  __TI_CINIT_Limit                   
00004370  __TI_Handler_Table_Base            
0000437c  __TI_Handler_Table_Limit           
00003da9  __TI_auto_init_nobinit_nopinit     
00003c65  __TI_decompress_lzss               
00003fe5  __TI_decompress_none               
ffffffff  __TI_pprof_out_hndl                
ffffffff  __TI_prof_data_size                
ffffffff  __TI_prof_data_start               
00000000  __TI_static_base__                 
00003fff  __TI_zero_init                     
0000395b  __aeabi_idiv0                      
0000395b  __aeabi_ldiv0                      
00003beb  __aeabi_memclr                     
00003beb  __aeabi_memclr4                    
00003beb  __aeabi_memclr8                    
00003b4f  __aeabi_memcpy                     
00003b4f  __aeabi_memcpy4                    
00003b4f  __aeabi_memcpy8                    
00003bed  __aeabi_memset                     
00003bed  __aeabi_memset4                    
00003bed  __aeabi_memset8                    
00003ded  __aeabi_uidiv                      
00003ded  __aeabi_uidivmod                   
ffffffff  __binit__                          
ffffffff  __c_args__                         
UNDEFED   __mpu_init                         
200050c8  __stack                            
20000000  __start___llvm_prf_cnts            
20000000  __stop___llvm_prf_cnts             
00003e99  _c_int00_noargs                    
UNDEFED   _system_post_cinit                 
0000403d  _system_pre_init                   
00004041  abort                              
ffffffff  binit                              
000005ed  eTaskGetState                      
00000000  g_pfnVectors                       
200050c4  g_ui32SysClock                     
00002321  main                               
0000270f  malloc                             
00003b4f  memcpy                             
00003bf3  memset                             
00000d95  pcTaskGetName                      
00002c81  pvPortMalloc                       
00001b4f  pvTaskIncrementMutexHeldCount      
200052c8  pxCurrentTCB                       
000036f5  pxPortInitialiseStack              
00004354  ulMaxSyscallInterruptPriority      
00003a85  ulPortGetIPSR                      
00001b71  ulTaskGenericNotifyTake            
000021dd  ulTaskGenericNotifyValueClear      
00003913  uxListRemove                       
00000d85  uxTaskGetNumberOfTasks             
0000179d  uxTaskGetStackHighWaterMark        
00000dd1  uxTaskGetSystemState               
00001519  uxTaskGetTaskNumber                
000006af  uxTaskPriorityGet                  
000006d9  uxTaskPriorityGetFromISR           
00001b2d  uxTaskResetEventItemValue          
00004358  uxTopUsedPriority                  
000026f3  vApplicationIdleHook               
000026eb  vApplicationMallocFailedHook       
000026f5  vApplicationStackOverflowHook      
00002719  vApplicationTickHook               
00003831  vListInitialise                    
00003861  vListInitialiseItem                
000038ad  vListInsert                        
00003871  vListInsertEnd                     
00003b41  vPortEnableVFP                     
00003795  vPortEndScheduler                  
00003797  vPortEnterCritical                 
000037b7  vPortExitCritical                  
00002daf  vPortFree                          
00002f61  vPortGetHeapStats                  
00002e15  vPortInitialiseBlocks              
00003afd  vPortSVCHandler                    
000037f3  vPortSetupTimerInterrupt           
00003b1d  vPortStartFirstTask                
0000059d  vTaskDelay                         
00000455  vTaskDelete                        
00000b9b  vTaskEndScheduler                  
00002035  vTaskGenericNotifyGiveFromISR      
0000160d  vTaskGetInfo                       
0000146d  vTaskInternalSetTimeOutState       
00001511  vTaskMissedYield                   
00001147  vTaskPlaceOnEventList              
0000116d  vTaskPlaceOnUnorderedEventList     
00001a29  vTaskPriorityDisinheritAfterTimeout
00000721  vTaskPrioritySet                   
00001345  vTaskRemoveFromUnorderedEventList  
000009ad  vTaskResume                        
00001539  vTaskSetTaskNumber                 
0000144f  vTaskSetTimeOutState               
00000b51  vTaskStartScheduler                
0000087d  vTaskSuspend                       
00000bb7  vTaskSuspendAll                    
000010a5  vTaskSwitchContext                 
00002e09  xPortGetFreeHeapSize               
00002e0f  xPortGetMinimumEverFreeHeapSize    
00003a9d  xPortPendSVHandler                 
0000375f  xPortStartScheduler                
000037cd  xPortSysTickHandler                
00000ea9  xTaskCatchUpTicks                  
0000148d  xTaskCheckForTimeOut               
00000209  xTaskCreate                        
0000050d  xTaskDelayUntil                    
00001cd7  xTaskGenericNotify                 
00001e5d  xTaskGenericNotifyFromISR          
0000218d  xTaskGenericNotifyStateClear       
00001c15  xTaskGenericNotifyWait             
00001803  xTaskGetCurrentTaskHandle          
00000d59  xTaskGetTickCount                  
00000d6d  xTaskGetTickCountFromISR           
00000ed9  xTaskIncrementTick                 
00001953  xTaskPriorityDisinherit            
0000183d  xTaskPriorityInherit               
000011d9  xTaskRemoveFromEventList           
00000bcd  xTaskResumeAll                     
00000a79  xTaskResumeFromISR                 


GLOBAL SYMBOLS: SORTED BY Symbol Address 

address   name                               
-------   ----                               
00000000  __TI_static_base__                 
00000000  g_pfnVectors                       
00000200  __STACK_SIZE                       
00000209  xTaskCreate                        
00000455  vTaskDelete                        
0000050d  xTaskDelayUntil                    
0000059d  vTaskDelay                         
000005ed  eTaskGetState                      
000006af  uxTaskPriorityGet                  
000006d9  uxTaskPriorityGetFromISR           
00000721  vTaskPrioritySet                   
0000087d  vTaskSuspend                       
000009ad  vTaskResume                        
00000a79  xTaskResumeFromISR                 
00000b51  vTaskStartScheduler                
00000b9b  vTaskEndScheduler                  
00000bb7  vTaskSuspendAll                    
00000bcd  xTaskResumeAll                     
00000d59  xTaskGetTickCount                  
00000d6d  xTaskGetTickCountFromISR           
00000d85  uxTaskGetNumberOfTasks             
00000d95  pcTaskGetName                      
00000dd1  uxTaskGetSystemState               
00000ea9  xTaskCatchUpTicks                  
00000ed9  xTaskIncrementTick                 
000010a5  vTaskSwitchContext                 
00001147  vTaskPlaceOnEventList              
0000116d  vTaskPlaceOnUnorderedEventList     
000011d9  xTaskRemoveFromEventList           
00001345  vTaskRemoveFromUnorderedEventList  
0000144f  vTaskSetTimeOutState               
0000146d  vTaskInternalSetTimeOutState       
0000148d  xTaskCheckForTimeOut               
00001511  vTaskMissedYield                   
00001519  uxTaskGetTaskNumber                
00001539  vTaskSetTaskNumber                 
0000160d  vTaskGetInfo                       
0000179d  uxTaskGetStackHighWaterMark        
00001803  xTaskGetCurrentTaskHandle          
0000183d  xTaskPriorityInherit               
00001953  xTaskPriorityDisinherit            
00001a29  vTaskPriorityDisinheritAfterTimeout
00001b2d  uxTaskResetEventItemValue          
00001b4f  pvTaskIncrementMutexHeldCount      
00001b71  ulTaskGenericNotifyTake            
00001c15  xTaskGenericNotifyWait             
00001cd7  xTaskGenericNotify                 
00001e5d  xTaskGenericNotifyFromISR          
00002035  vTaskGenericNotifyGiveFromISR      
0000218d  xTaskGenericNotifyStateClear       
000021dd  ulTaskGenericNotifyValueClear      
00002321  main                               
000026eb  vApplicationMallocFailedHook       
000026f3  vApplicationIdleHook               
000026f5  vApplicationStackOverflowHook      
0000270f  malloc                             
00002719  vApplicationTickHook               
000027d9  UARTStdioConfig                    
0000281f  UARTwrite                          
0000286f  UARTgets                           
00002929  UARTgetc                           
00002951  UARTvprintf                        
00002c4b  UARTprintf                         
00002c81  pvPortMalloc                       
00002daf  vPortFree                          
00002e09  xPortGetFreeHeapSize               
00002e0f  xPortGetMinimumEverFreeHeapSize    
00002e15  vPortInitialiseBlocks              
00002f61  vPortGetHeapStats                  
00003021  PinoutSet                          
00003159  LEDWrite                           
000031e9  LEDRead                            
00003245  ButtonsPoll                        
000032e5  ButtonsInit                        
00003389  SysCtlClockFreqSet                 
00003589  GPIOPadConfigSet                   
000036f5  pxPortInitialiseStack              
0000375f  xPortStartScheduler                
00003795  vPortEndScheduler                  
00003797  vPortEnterCritical                 
000037b7  vPortExitCritical                  
000037cd  xPortSysTickHandler                
000037f3  vPortSetupTimerInterrupt           
00003831  vListInitialise                    
00003861  vListInitialiseItem                
00003871  vListInsertEnd                     
000038ad  vListInsert                        
00003913  uxListRemove                       
0000395b  __aeabi_idiv0                      
0000395b  __aeabi_ldiv0                      
0000395d  SysCtlClockGet                     
00003a85  ulPortGetIPSR                      
00003a9d  xPortPendSVHandler                 
00003afd  vPortSVCHandler                    
00003b1d  vPortStartFirstTask                
00003b41  vPortEnableVFP                     
00003b4f  __aeabi_memcpy                     
00003b4f  __aeabi_memcpy4                    
00003b4f  __aeabi_memcpy8                    
00003b4f  memcpy                             
00003beb  __aeabi_memclr                     
00003beb  __aeabi_memclr4                    
00003beb  __aeabi_memclr8                    
00003bed  __aeabi_memset                     
00003bed  __aeabi_memset4                    
00003bed  __aeabi_memset8                    
00003bf3  memset                             
00003c65  __TI_decompress_lzss               
00003ccd  GPIOPinConfigure                   
00003d61  UARTConfigSetExpClk                
00003da9  __TI_auto_init_nobinit_nopinit     
00003ded  __aeabi_uidiv                      
00003ded  __aeabi_uidivmod                   
00003e2d  SysCtlPeripheralPresent            
00003e65  SysCtlPeripheralEnable             
00003e99  _c_int00_noargs                    
00003ecd  GPIODirModeSet                     
00003ef9  UARTDisable                        
00003f39  GPIOPinTypeGPIOOutput              
00003f53  GPIOPinTypeEthernetLED             
00003f69  GPIOPinTypeGPIOInput               
00003f7f  GPIOPinTypeUART                    
00003f95  GPIOPinTypeUSBAnalog               
00003fab  GPIOPinTypeUSBDigital              
00003fc1  UARTEnable                         
00003fd5  IntMasterDisable                   
00003fe5  __TI_decompress_none               
00003ff3  CPUcpsid                           
00003fff  __TI_zero_init                     
0000400b  ResetISR                           
00004017  UARTCharGet                        
00004021  UARTCharPut                        
0000402b  GPIOPinRead                        
00004031  GPIOPinWrite                       
00004037  UARTClockSourceSet                 
0000403d  _system_pre_init                   
00004041  C$$EXIT                            
00004041  abort                              
00004354  ulMaxSyscallInterruptPriority      
00004358  uxTopUsedPriority                  
00004370  __TI_Handler_Table_Base            
0000437c  __TI_Handler_Table_Limit           
00004388  __TI_CINIT_Base                    
00004398  __TI_CINIT_Limit                   
20000000  __start___llvm_prf_cnts            
20000000  __stop___llvm_prf_cnts             
200050c4  g_ui32SysClock                     
200050c8  __stack                            
200052c8  __STACK_END                        
200052c8  pxCurrentTCB                       
200060c8  __STACK_TOP                        
ffffffff  __TI_pprof_out_hndl                
ffffffff  __TI_prof_data_size                
ffffffff  __TI_prof_data_start               
ffffffff  __binit__                          
ffffffff  __c_args__                         
ffffffff  binit                              
UNDEFED   __mpu_init                         
UNDEFED   _system_post_cinit                 

[159 symbols]
