******************************************************************************
                  TI ARM Linker PC v20.2.7                     
******************************************************************************
>> Linked Mon Aug 29 12:34:18 2022

OUTPUT FILE NAME:   <Tivana.out>
ENTRY POINT SYMBOL: "_c_int00_noargs"  address: 00005b7d


MEMORY CONFIGURATION

         name            origin    length      used     unused   attr    fill
----------------------  --------  ---------  --------  --------  ----  --------
  FLASH                 00000000   00100000  000064f6  000f9b0a  R  X
  SRAM                  20000000   00040000  00005778  0003a888  RW X


SEGMENT ALLOCATION MAP

run origin  load origin   length   init length attrs members
----------  ----------- ---------- ----------- ----- -------
00000000    00000000    000064f8   000064f8    r-x
  00000000    00000000    00000208   00000208    r-- .intvecs
  00000208    00000208    00005c4a   00005c4a    r-x .text
  00005e54    00005e54    00000664   00000664    r-- .const
  000064b8    000064b8    00000040   00000040    r-- .cinit
20000000    20000000    00005778   00000000    rw-
  20000000    20000000    00005508   00000000    rw- .bss
  20005508    20005508    00000200   00000000    rw- .stack
  20005708    20005708    00000070   00000000    rw- .data


SECTION ALLOCATION MAP

 output                                  attributes/
section   page    origin      length       input sections
--------  ----  ----------  ----------   ----------------
.intvecs   0    00000000    00000208     
                  00000000    00000208     tm4c1294ncpdt_startup_ccs.obj (.intvecs)

.text      0    00000208    00005c4a     
                  00000208    00002118     tasks.obj (.text)
                  00002320    00000a4e     rtsv7M4_T_le_v4SPD16_eabi.lib : _printfi.c.obj (.text:__TI_printfi)
                  00002d6e    00000002                                   : div0.asm.obj (.text)
                  00002d70    000004a8     uartstdio.obj (.text)
                  00003218    000003a0     heap_4.obj (.text)
                  000035b8    00000368     rtos_hw_drivers.obj (.text)
                  00003920    00000324     FreeRTOS_CLI.obj (.text)
                  00003c44    000002bc     cli_commands.obj (.text)
                  00003f00    00000270     rtsv7M4_T_le_v4SPD16_eabi.lib : _printfi.c.obj (.text:_pconv_a)
                  00004170    00000200     driverlib.lib : sysctl.obj (.text:SysCtlClockFreqSet)
                  00004370    000001d0     rtsv7M4_T_le_v4SPD16_eabi.lib : _printfi.c.obj (.text:_pconv_g)
                  00004540    000001b6                                   : fd_add_t2.asm.obj (.text)
                  000046f6    00000002     --HOLE-- [fill = 0]
                  000046f8    0000017c     main.obj (.text)
                  00004874    0000016c     driverlib.lib : gpio.obj (.text:GPIOPadConfigSet)
                  000049e0    0000013c     rtsv7M4_T_le_v4SPD16_eabi.lib : _printfi.c.obj (.text:_pconv_e)
                  00004b1c    0000013c     port.obj (.text)
                  00004c58    00000136     rtsv7M4_T_le_v4SPD16_eabi.lib : fd_div_t2.asm.obj (.text)
                  00004d8e    0000012a     list.obj (.text)
                  00004eb8    00000124     rtsv7M4_T_le_v4SPD16_eabi.lib : _printfi.c.obj (.text:fcvt)
                  00004fdc    00000110                                   : s_scalbn.c.obj (.text:scalbn)
                  000050ec    000000fc                                   : fd_mul_t2.asm.obj (.text)
                  000051e8    000000da     portasm.obj (.text)
                  000052c2    00000002     --HOLE-- [fill = 0]
                  000052c4    000000b1     rtsv7M4_T_le_v4SPD16_eabi.lib : _printfi.c.obj (.text:_ltostr)
                  00005375    00000001     --HOLE-- [fill = 0]
                  00005376    0000009c                                   : memcpy_t2.asm.obj (.text)
                  00005412    00000096                                   : ull_div_t2.asm.obj (.text)
                  000054a8    00000086                                   : fd_cmp_t2.asm.obj (.text:__aeabi_cdcmple)
                  0000552e    00000086                                   : fd_cmp_t2.asm.obj (.text:__aeabi_cdrcmple)
                  000055b4    0000007a                                   : memset_t2.asm.obj (.text)
                  0000562e    0000006e                                   : _printfi.c.obj (.text:_mcpy)
                  0000569c    00000068                                   : copy_decompress_lzss.c.obj (.text:decompress:lzss:__TI_decompress_lzss)
                  00005704    00000064                                   : s_frexp.c.obj (.text:frexp)
                  00005768    00000056                                   : _printfi.c.obj (.text:_pconv_f)
                  000057be    00000054                                   : _ltoa.c.obj (.text:__TI_ltoa)
                  00005812    00000052                                   : _printfi.c.obj (.text:_ecpy)
                  00005864    0000004c     driverlib.lib : gpio.obj (.text:GPIOPinConfigure)
                  000058b0    0000004c     rtsv7M4_T_le_v4SPD16_eabi.lib : atoi.c.obj (.text:atoi)
                  000058fc    00000048     driverlib.lib : sysctl.obj (.text:_SysCtlFrequencyGet)
                  00005944    00000048     rtsv7M4_T_le_v4SPD16_eabi.lib : fd_toi_t2.asm.obj (.text)
                  0000598c    00000046     driverlib.lib : uart.obj (.text:UARTConfigSetExpClk)
                  000059d2    00000002     --HOLE-- [fill = 0]
                  000059d4    00000044     rtsv7M4_T_le_v4SPD16_eabi.lib : autoinit.c.obj (.text:__TI_auto_init_nobinit_nopinit:__TI_auto_init_nobinit_nopinit)
                  00005a18    00000040                                   : u_divt2.asm.obj (.text)
                  00005a58    00000040                                   : sprintf.c.obj (.text:sprintf)
                  00005a98    0000003e                                   : _printfi.c.obj (.text:_fcpy)
                  00005ad6    00000002     --HOLE-- [fill = 0]
                  00005ad8    00000038     driverlib.lib : sysctl.obj (.text:SysCtlPeripheralPresent)
                  00005b10    00000036     rtsv7M4_T_le_v4SPD16_eabi.lib : strncpy.c.obj (.text:strncpy)
                  00005b46    00000002     --HOLE-- [fill = 0]
                  00005b48    00000034     driverlib.lib : sysctl.obj (.text:SysCtlPeripheralEnable)
                  00005b7c    00000034     rtsv7M4_T_le_v4SPD16_eabi.lib : boot_cortex_m.c.obj (.text:_c_int00_noargs:_c_int00_noargs)
                  00005bb0    00000030     thread_cli.obj (.text)
                  00005be0    0000002e     rtsv7M4_T_le_v4SPD16_eabi.lib : i_tofd_t2.asm.obj (.text)
                  00005c0e    0000002c     driverlib.lib : gpio.obj (.text:GPIODirModeSet)
                  00005c3a    0000002c     rtsv7M4_T_le_v4SPD16_eabi.lib : strncmp.c.obj (.text:strncmp)
                  00005c66    00000002     --HOLE-- [fill = 0]
                  00005c68    00000020     driverlib.lib : uart.obj (.text:UARTDisable)
                  00005c88    00000020                   : sysctl.obj (.text:_SysCtlMemTimingGet)
                  00005ca8    0000001c     rtsv7M4_T_le_v4SPD16_eabi.lib : memccpy.c.obj (.text:memccpy)
                  00005cc4    0000001a     driverlib.lib : gpio.obj (.text:GPIOPinTypeGPIOOutput)
                  00005cde    0000001a     rtsv7M4_T_le_v4SPD16_eabi.lib : s_copysign.c.obj (.text:copysign)
                  00005cf8    00000018                                   : sprintf.c.obj (.text:_outs)
                  00005d10    00000016     driverlib.lib : gpio.obj (.text:GPIOPinTypeEthernetLED)
                  00005d26    00000016                   : gpio.obj (.text:GPIOPinTypeGPIOInput)
                  00005d3c    00000016                   : gpio.obj (.text:GPIOPinTypeUART)
                  00005d52    00000016                   : gpio.obj (.text:GPIOPinTypeUSBAnalog)
                  00005d68    00000016                   : gpio.obj (.text:GPIOPinTypeUSBDigital)
                  00005d7e    00000016     rtsv7M4_T_le_v4SPD16_eabi.lib : strchr.c.obj (.text:strchr)
                  00005d94    00000014     driverlib.lib : uart.obj (.text:UARTEnable)
                  00005da8    00000014     rtsv7M4_T_le_v4SPD16_eabi.lib : strlen.c.obj (.text:strlen)
                  00005dbc    00000012                                   : wcslen.c.obj (.text:wcslen)
                  00005dce    00000010     driverlib.lib : interrupt.obj (.text:IntMasterDisable)
                  00005dde    0000000e     rtsv7M4_T_le_v4SPD16_eabi.lib : copy_decompress_none.c.obj (.text:decompress:none:__TI_decompress_none)
                  00005dec    0000000c     driverlib.lib : cpu.obj (.text:CPUcpsid)
                  00005df8    0000000c     rtsv7M4_T_le_v4SPD16_eabi.lib : copy_zero_init.c.obj (.text:decompress:ZI:__TI_zero_init)
                  00005e04    0000000c     tm4c1294ncpdt_startup_ccs.obj (.text)
                  00005e10    0000000a     driverlib.lib : uart.obj (.text:UARTCharGet)
                  00005e1a    0000000a                   : uart.obj (.text:UARTCharPut)
                  00005e24    0000000a     rtsv7M4_T_le_v4SPD16_eabi.lib : sprintf.c.obj (.text:_outc)
                  00005e2e    00000002     --HOLE-- [fill = 0]
                  00005e30    00000008                                   : errno.c.obj (.text:__aeabi_errno_addr)
                  00005e38    00000006     driverlib.lib : gpio.obj (.text:GPIOPinRead)
                  00005e3e    00000006                   : gpio.obj (.text:GPIOPinWrite)
                  00005e44    00000006                   : uart.obj (.text:UARTClockSourceSet)
                  00005e4a    00000004     rtsv7M4_T_le_v4SPD16_eabi.lib : pre_init.c.obj (.text:_system_pre_init)
                  00005e4e    00000004                                   : exit.c.obj (.text:abort:abort)

.const     0    00005e54    00000664     
                  00005e54    000001b0     driverlib.lib : sysctl.obj (.const:g_pppui32XTALtoVCO)
                  00006004    0000017c     cli_commands.obj (.const:.string)
                  00006180    00000101     rtsv7M4_T_le_v4SPD16_eabi.lib : ctype.c.obj (.const:.string:_ctypes_)
                  00006281    00000003     --HOLE-- [fill = 0]
                  00006284    00000090     driverlib.lib : gpio.obj (.const:g_pui32GPIOBaseAddrs)
                  00006314    0000006c                   : sysctl.obj (.const:g_pui32Xtals)
                  00006380    00000038     FreeRTOS_CLI.obj (.const:.string)
                  000063b8    00000030     driverlib.lib : sysctl.obj (.const:g_sXTALtoMEMTIM)
                  000063e8    00000012     uartstdio.obj (.const:.string)
                  000063fa    00000002     --HOLE-- [fill = 0]
                  000063fc    00000010     cli_commands.obj (.const:xEightCommand)
                  0000640c    00000010     cli_commands.obj (.const:xFiveCommand)
                  0000641c    00000010     cli_commands.obj (.const:xFourCommand)
                  0000642c    00000010     FreeRTOS_CLI.obj (.const:xHelpCommand)
                  0000643c    00000010     cli_commands.obj (.const:xLedOffCommand)
                  0000644c    00000010     cli_commands.obj (.const:xLedOnCommand)
                  0000645c    00000010     cli_commands.obj (.const:xSevenCommand)
                  0000646c    00000010     cli_commands.obj (.const:xSixCommand)
                  0000647c    00000010     cli_commands.obj (.const:xThreeCommand)
                  0000648c    0000000c     uartstdio.obj (.const:g_ui32UARTBase)
                  00006498    0000000c     uartstdio.obj (.const:g_ui32UARTPeriph)
                  000064a4    00000008     driverlib.lib : sysctl.obj (.const:g_pui32VCOFrequencies)
                  000064ac    00000004     port.obj (.const)
                  000064b0    00000004     tasks.obj (.const)
                  000064b4    00000004     uartstdio.obj (.const)

.cinit     0    000064b8    00000040     
                  000064b8    0000001c     (.cinit..data.load) [load image, compression = lzss]
                  000064d4    0000000c     (__TI_handler_table)
                  000064e0    00000008     (.cinit..bss.load) [load image, compression = zero_init]
                  000064e8    00000010     (__TI_cinit_table)

.init_array 
*          0    00000000    00000000     UNINITIALIZED

.bss       0    20000000    00005508     UNINITIALIZED
                  20000000    00004f10     heap_4.obj (.bss:ucHeap)
                  20004f10    00000400     thread_cli.obj (.bss:cOutputString$2)
                  20005310    00000140     tasks.obj (.bss:pxReadyTasksLists)
                  20005450    0000003c     thread_cli.obj (.bss:cInputString$1)
                  2000548c    00000014     tasks.obj (.bss:xDelayedTaskList1)
                  200054a0    00000014     tasks.obj (.bss:xDelayedTaskList2)
                  200054b4    00000014     tasks.obj (.bss:xPendingReadyList)
                  200054c8    00000014     tasks.obj (.bss:xSuspendedTaskList)
                  200054dc    00000014     tasks.obj (.bss:xTasksWaitingTermination)
                  200054f0    00000008     tasks.obj (.bss)
                  200054f8    00000008     heap_4.obj (.bss:xStart)
                  20005500    00000004     FreeRTOS_CLI.obj (.bss:cOutputBuffer)
                  20005504    00000004     (.common:g_ui32SysClock)

.data      0    20005708    00000070     UNINITIALIZED
                  20005708    00000034     tasks.obj (.data)
                  2000573c    00000018     heap_4.obj (.data)
                  20005754    0000000c     FreeRTOS_CLI.obj (.data)
                  20005760    00000008     FreeRTOS_CLI.obj (.data:xRegisteredCommands)
                  20005768    00000005     uartstdio.obj (.data)
                  2000576d    00000003     rtos_hw_drivers.obj (.data)
                  20005770    00000004     port.obj (.data)
                  20005774    00000004     rtsv7M4_T_le_v4SPD16_eabi.lib : errno.c.obj (.data)

.stack     0    20005508    00000200     UNINITIALIZED
                  20005508    00000004     rtsv7M4_T_le_v4SPD16_eabi.lib : boot_cortex_m.c.obj (.stack)
                  2000550c    000001fc     --HOLE--

__llvm_prf_cnts 
*          0    20000000    00000000     UNINITIALIZED

MODULE SUMMARY

       Module                          code    ro data   rw data
       ------                          ----    -------   -------
    .\
       tm4c1294ncpdt_startup_ccs.obj   12      520       0      
       main.obj                        380     0         4      
    +--+-------------------------------+-------+---------+---------+
       Total:                          392     520       4      
                                                                
    .\drivers\
       rtos_hw_drivers.obj             872     0         3      
    +--+-------------------------------+-------+---------+---------+
       Total:                          872     0         3      
                                                                
    .\middlewares\FreeRTOS-Plus-CLI\
       FreeRTOS_CLI.obj                804     72        24     
    +--+-------------------------------+-------+---------+---------+
       Total:                          804     72        24     
                                                                
    .\middlewares\FreeRTOS\Source\
       tasks.obj                       8472    4         480    
       list.obj                        298     0         0      
    +--+-------------------------------+-------+---------+---------+
       Total:                          8770    4         480    
                                                                
    .\middlewares\FreeRTOS\Source\portable\CCS\ARM_CM4F\
       port.obj                        316     4         4      
       portasm.obj                     218     0         0      
    +--+-------------------------------+-------+---------+---------+
       Total:                          534     4         4      
                                                                
    .\middlewares\FreeRTOS\Source\portable\MemMang\
       heap_4.obj                      928     0         20272  
    +--+-------------------------------+-------+---------+---------+
       Total:                          928     0         20272  
                                                                
    .\thread\
       thread_cli.obj                  48      0         1084   
    +--+-------------------------------+-------+---------+---------+
       Total:                          48      0         1084   
                                                                
    .\utils\
       uartstdio.obj                   1192    46        5      
       cli_commands.obj                700     508       0      
    +--+-------------------------------+-------+---------+---------+
       Total:                          1892    554       5      
                                                                
    C:/ti/TivaWare_C_Series-2.2.0.295/driverlib/ccs/Debug/driverlib.lib
       sysctl.obj                      724     596       0      
       gpio.obj                        632     144       0      
       uart.obj                        148     0         0      
       interrupt.obj                   16      0         0      
       cpu.obj                         12      0         0      
    +--+-------------------------------+-------+---------+---------+
       Total:                          1532    740       0      
                                                                
    C:\ti\ccs1200\ccs\tools\compiler\ti-cgt-arm_20.2.7.LTS\lib\rtsv7M4_T_le_v4SPD16_eabi.lib
       _printfi.c.obj                  4851    0         0      
       fd_add_t2.asm.obj               438     0         0      
       fd_div_t2.asm.obj               310     0         0      
       s_scalbn.c.obj                  272     0         0      
       fd_cmp_t2.asm.obj               268     0         0      
       ctype.c.obj                     0       257       0      
       fd_mul_t2.asm.obj               252     0         0      
       memcpy_t2.asm.obj               156     0         0      
       ull_div_t2.asm.obj              150     0         0      
       memset_t2.asm.obj               122     0         0      
       copy_decompress_lzss.c.obj      104     0         0      
       s_frexp.c.obj                   100     0         0      
       sprintf.c.obj                   98      0         0      
       _ltoa.c.obj                     84      0         0      
       atoi.c.obj                      76      0         0      
       fd_toi_t2.asm.obj               72      0         0      
       autoinit.c.obj                  68      0         0      
       u_divt2.asm.obj                 64      0         0      
       strncpy.c.obj                   54      0         0      
       boot_cortex_m.c.obj             52      0         0      
       i_tofd_t2.asm.obj               46      0         0      
       strncmp.c.obj                   44      0         0      
       memccpy.c.obj                   28      0         0      
       s_copysign.c.obj                26      0         0      
       strchr.c.obj                    22      0         0      
       strlen.c.obj                    20      0         0      
       wcslen.c.obj                    18      0         0      
       copy_decompress_none.c.obj      14      0         0      
       copy_zero_init.c.obj            12      0         0      
       errno.c.obj                     8       0         4      
       exit.c.obj                      4       0         0      
       pre_init.c.obj                  4       0         0      
       div0.asm.obj                    2       0         0      
    +--+-------------------------------+-------+---------+---------+
       Total:                          7839    257       4      
                                                                
       Stack:                          0       0         512    
       Linker Generated:               0       64        0      
    +--+-------------------------------+-------+---------+---------+
       Grand Total:                    23611   2215      22392  


LINKER GENERATED COPY TABLES

__TI_cinit_table @ 000064e8 records: 2, size/record: 8, table size: 16
	.data: load addr=000064b8, load size=0000001c bytes, run addr=20005708, run size=00000070 bytes, compression=lzss
	.bss: load addr=000064e0, load size=00000008 bytes, run addr=20000000, run size=00005508 bytes, compression=zero_init


LINKER GENERATED HANDLER TABLE

__TI_handler_table @ 000064d4 records: 3, size/record: 4, table size: 12
	index: 0, handler: __TI_decompress_lzss
	index: 1, handler: __TI_decompress_none
	index: 2, handler: __TI_zero_init


GLOBAL SYMBOLS: SORTED ALPHABETICALLY BY Name 

address   name                               
-------   ----                               
0000387d  ButtonsInit                        
000037dd  ButtonsPoll                        
00005e4f  C$$EXIT                            
00005ded  CPUcpsid                           
00003a45  FreeRTOS_CLIGetOutputBuffer        
00003a49  FreeRTOS_CLIGetParameter           
0000395f  FreeRTOS_CLIProcessCommand         
00003921  FreeRTOS_CLIRegisterCommand        
00005c0f  GPIODirModeSet                     
00004875  GPIOPadConfigSet                   
00005865  GPIOPinConfigure                   
00005e39  GPIOPinRead                        
00005d11  GPIOPinTypeEthernetLED             
00005d27  GPIOPinTypeGPIOInput               
00005cc5  GPIOPinTypeGPIOOutput              
00005d3d  GPIOPinTypeUART                    
00005d53  GPIOPinTypeUSBAnalog               
00005d69  GPIOPinTypeUSBDigital              
00005e3f  GPIOPinWrite                       
00005dcf  IntMasterDisable                   
00003781  LEDRead                            
000036f1  LEDWrite                           
000035b9  PinoutSet                          
00005e05  ResetISR                           
00004171  SysCtlClockFreqSet                 
00005b49  SysCtlPeripheralEnable             
00005ad9  SysCtlPeripheralPresent            
00005e11  UARTCharGet                        
00005e1b  UARTCharPut                        
00005e45  UARTClockSourceSet                 
0000598d  UARTConfigSetExpClk                
00005c69  UARTDisable                        
00005d95  UARTEnable                         
00002d71  UARTStdioConfig                    
00002ec1  UARTgetc                           
00002e07  UARTgets                           
000031e3  UARTprintf                         
00002ee9  UARTvprintf                        
00002db7  UARTwrite                          
20005708  __STACK_END                        
00000200  __STACK_SIZE                       
20006508  __STACK_TOP                        
000064e8  __TI_CINIT_Base                    
000064f8  __TI_CINIT_Limit                   
000064d4  __TI_Handler_Table_Base            
000064e0  __TI_Handler_Table_Limit           
000059d5  __TI_auto_init_nobinit_nopinit     
0000569d  __TI_decompress_lzss               
00005ddf  __TI_decompress_none               
000057bf  __TI_ltoa                          
ffffffff  __TI_pprof_out_hndl                
00002321  __TI_printfi                       
ffffffff  __TI_prof_data_size                
ffffffff  __TI_prof_data_start               
00000000  __TI_static_base__                 
00005df9  __TI_zero_init                     
000054a9  __aeabi_cdcmpeq                    
000054a9  __aeabi_cdcmple                    
0000552f  __aeabi_cdrcmple                   
00005945  __aeabi_d2iz                       
0000454b  __aeabi_dadd                       
00004c59  __aeabi_ddiv                       
000050ed  __aeabi_dmul                       
00004541  __aeabi_dsub                       
00005e31  __aeabi_errno_addr                 
00005be1  __aeabi_i2d                        
00002d6f  __aeabi_idiv0                      
00002d6f  __aeabi_ldiv0                      
000055b5  __aeabi_memclr                     
000055b5  __aeabi_memclr4                    
000055b5  __aeabi_memclr8                    
00005377  __aeabi_memcpy                     
00005377  __aeabi_memcpy4                    
00005377  __aeabi_memcpy8                    
000055b7  __aeabi_memset                     
000055b7  __aeabi_memset4                    
000055b7  __aeabi_memset8                    
00005a19  __aeabi_uidiv                      
00005a19  __aeabi_uidivmod                   
00005413  __aeabi_uldivmod                   
ffffffff  __binit__                          
ffffffff  __c_args__                         
UNDEFED   __mpu_init                         
20005508  __stack                            
20000000  __start___llvm_prf_cnts            
20000000  __stop___llvm_prf_cnts             
00005b7d  _c_int00_noargs                    
00006180  _ctypes_                           
UNDEFED   _system_post_cinit                 
00005e4b  _system_pre_init                   
00005e4f  abort                              
000058b1  atoi                               
ffffffff  binit                              
00005cdf  copysign                           
00005cdf  copysignl                          
000005ed  eTaskGetState                      
20005774  errno                              
00005705  frexp                              
00005705  frexpl                             
00000000  g_pfnVectors                       
20005504  g_ui32SysClock                     
00004fdd  ldexp                              
00004fdd  ldexpl                             
000046f9  main                               
00004811  malloc                             
00005ca9  memccpy                            
00005377  memcpy                             
000055bd  memset                             
00000d95  pcTaskGetName                      
00005bb1  prvCommandInterpreterTask          
00003219  pvPortMalloc                       
00001b4f  pvTaskIncrementMutexHeldCount      
20005708  pxCurrentTCB                       
00004b1d  pxPortInitialiseStack              
00004fdd  scalbn                             
00004fdd  scalbnl                            
00005a59  sprintf                            
00005d7f  strchr                             
00005da9  strlen                             
00005c3b  strncmp                            
00005b11  strncpy                            
000064ac  ulMaxSyscallInterruptPriority      
000051f9  ulPortGetIPSR                      
00001b71  ulTaskGenericNotifyTake            
000021dd  ulTaskGenericNotifyValueClear      
00004e71  uxListRemove                       
00000d85  uxTaskGetNumberOfTasks             
0000179d  uxTaskGetStackHighWaterMark        
00000dd1  uxTaskGetSystemState               
00001519  uxTaskGetTaskNumber                
000006af  uxTaskPriorityGet                  
000006d9  uxTaskPriorityGetFromISR           
00001b2d  uxTaskResetEventItemValue          
000064b0  uxTopUsedPriority                  
00004803  vApplicationIdleHook               
000047fb  vApplicationMallocFailedHook       
00004805  vApplicationStackOverflowHook      
0000481b  vApplicationTickHook               
00004d8f  vListInitialise                    
00004dbf  vListInitialiseItem                
00004e0b  vListInsert                        
00004dcf  vListInsertEnd                     
000052b5  vPortEnableVFP                     
00004bbd  vPortEndScheduler                  
00004bbf  vPortEnterCritical                 
00004bdf  vPortExitCritical                  
00003347  vPortFree                          
000034f9  vPortGetHeapStats                  
000033ad  vPortInitialiseBlocks              
00005271  vPortSVCHandler                    
00004c1b  vPortSetupTimerInterrupt           
00005291  vPortStartFirstTask                
00003c45  vRegisterCLICommands               
0000059d  vTaskDelay                         
00000455  vTaskDelete                        
00000b9b  vTaskEndScheduler                  
00002035  vTaskGenericNotifyGiveFromISR      
0000160d  vTaskGetInfo                       
0000146d  vTaskInternalSetTimeOutState       
00001511  vTaskMissedYield                   
00001147  vTaskPlaceOnEventList              
0000116d  vTaskPlaceOnUnorderedEventList     
00001a29  vTaskPriorityDisinheritAfterTimeout
00000721  vTaskPrioritySet                   
00001345  vTaskRemoveFromUnorderedEventList  
000009ad  vTaskResume                        
00001539  vTaskSetTaskNumber                 
0000144f  vTaskSetTimeOutState               
00000b51  vTaskStartScheduler                
0000087d  vTaskSuspend                       
00000bb7  vTaskSuspendAll                    
000010a5  vTaskSwitchContext                 
00005dbd  wcslen                             
000033a1  xPortGetFreeHeapSize               
000033a7  xPortGetMinimumEverFreeHeapSize    
00005211  xPortPendSVHandler                 
00004b87  xPortStartScheduler                
00004bf5  xPortSysTickHandler                
00000ea9  xTaskCatchUpTicks                  
0000148d  xTaskCheckForTimeOut               
00000209  xTaskCreate                        
0000050d  xTaskDelayUntil                    
00001cd7  xTaskGenericNotify                 
00001e5d  xTaskGenericNotifyFromISR          
0000218d  xTaskGenericNotifyStateClear       
00001c15  xTaskGenericNotifyWait             
00001803  xTaskGetCurrentTaskHandle          
00000d59  xTaskGetTickCount                  
00000d6d  xTaskGetTickCountFromISR           
00000ed9  xTaskIncrementTick                 
00001953  xTaskPriorityDisinherit            
0000183d  xTaskPriorityInherit               
000011d9  xTaskRemoveFromEventList           
00000bcd  xTaskResumeAll                     
00000a79  xTaskResumeFromISR                 


GLOBAL SYMBOLS: SORTED BY Symbol Address 

address   name                               
-------   ----                               
00000000  __TI_static_base__                 
00000000  g_pfnVectors                       
00000200  __STACK_SIZE                       
00000209  xTaskCreate                        
00000455  vTaskDelete                        
0000050d  xTaskDelayUntil                    
0000059d  vTaskDelay                         
000005ed  eTaskGetState                      
000006af  uxTaskPriorityGet                  
000006d9  uxTaskPriorityGetFromISR           
00000721  vTaskPrioritySet                   
0000087d  vTaskSuspend                       
000009ad  vTaskResume                        
00000a79  xTaskResumeFromISR                 
00000b51  vTaskStartScheduler                
00000b9b  vTaskEndScheduler                  
00000bb7  vTaskSuspendAll                    
00000bcd  xTaskResumeAll                     
00000d59  xTaskGetTickCount                  
00000d6d  xTaskGetTickCountFromISR           
00000d85  uxTaskGetNumberOfTasks             
00000d95  pcTaskGetName                      
00000dd1  uxTaskGetSystemState               
00000ea9  xTaskCatchUpTicks                  
00000ed9  xTaskIncrementTick                 
000010a5  vTaskSwitchContext                 
00001147  vTaskPlaceOnEventList              
0000116d  vTaskPlaceOnUnorderedEventList     
000011d9  xTaskRemoveFromEventList           
00001345  vTaskRemoveFromUnorderedEventList  
0000144f  vTaskSetTimeOutState               
0000146d  vTaskInternalSetTimeOutState       
0000148d  xTaskCheckForTimeOut               
00001511  vTaskMissedYield                   
00001519  uxTaskGetTaskNumber                
00001539  vTaskSetTaskNumber                 
0000160d  vTaskGetInfo                       
0000179d  uxTaskGetStackHighWaterMark        
00001803  xTaskGetCurrentTaskHandle          
0000183d  xTaskPriorityInherit               
00001953  xTaskPriorityDisinherit            
00001a29  vTaskPriorityDisinheritAfterTimeout
00001b2d  uxTaskResetEventItemValue          
00001b4f  pvTaskIncrementMutexHeldCount      
00001b71  ulTaskGenericNotifyTake            
00001c15  xTaskGenericNotifyWait             
00001cd7  xTaskGenericNotify                 
00001e5d  xTaskGenericNotifyFromISR          
00002035  vTaskGenericNotifyGiveFromISR      
0000218d  xTaskGenericNotifyStateClear       
000021dd  ulTaskGenericNotifyValueClear      
00002321  __TI_printfi                       
00002d6f  __aeabi_idiv0                      
00002d6f  __aeabi_ldiv0                      
00002d71  UARTStdioConfig                    
00002db7  UARTwrite                          
00002e07  UARTgets                           
00002ec1  UARTgetc                           
00002ee9  UARTvprintf                        
000031e3  UARTprintf                         
00003219  pvPortMalloc                       
00003347  vPortFree                          
000033a1  xPortGetFreeHeapSize               
000033a7  xPortGetMinimumEverFreeHeapSize    
000033ad  vPortInitialiseBlocks              
000034f9  vPortGetHeapStats                  
000035b9  PinoutSet                          
000036f1  LEDWrite                           
00003781  LEDRead                            
000037dd  ButtonsPoll                        
0000387d  ButtonsInit                        
00003921  FreeRTOS_CLIRegisterCommand        
0000395f  FreeRTOS_CLIProcessCommand         
00003a45  FreeRTOS_CLIGetOutputBuffer        
00003a49  FreeRTOS_CLIGetParameter           
00003c45  vRegisterCLICommands               
00004171  SysCtlClockFreqSet                 
00004541  __aeabi_dsub                       
0000454b  __aeabi_dadd                       
000046f9  main                               
000047fb  vApplicationMallocFailedHook       
00004803  vApplicationIdleHook               
00004805  vApplicationStackOverflowHook      
00004811  malloc                             
0000481b  vApplicationTickHook               
00004875  GPIOPadConfigSet                   
00004b1d  pxPortInitialiseStack              
00004b87  xPortStartScheduler                
00004bbd  vPortEndScheduler                  
00004bbf  vPortEnterCritical                 
00004bdf  vPortExitCritical                  
00004bf5  xPortSysTickHandler                
00004c1b  vPortSetupTimerInterrupt           
00004c59  __aeabi_ddiv                       
00004d8f  vListInitialise                    
00004dbf  vListInitialiseItem                
00004dcf  vListInsertEnd                     
00004e0b  vListInsert                        
00004e71  uxListRemove                       
00004fdd  ldexp                              
00004fdd  ldexpl                             
00004fdd  scalbn                             
00004fdd  scalbnl                            
000050ed  __aeabi_dmul                       
000051f9  ulPortGetIPSR                      
00005211  xPortPendSVHandler                 
00005271  vPortSVCHandler                    
00005291  vPortStartFirstTask                
000052b5  vPortEnableVFP                     
00005377  __aeabi_memcpy                     
00005377  __aeabi_memcpy4                    
00005377  __aeabi_memcpy8                    
00005377  memcpy                             
00005413  __aeabi_uldivmod                   
000054a9  __aeabi_cdcmpeq                    
000054a9  __aeabi_cdcmple                    
0000552f  __aeabi_cdrcmple                   
000055b5  __aeabi_memclr                     
000055b5  __aeabi_memclr4                    
000055b5  __aeabi_memclr8                    
000055b7  __aeabi_memset                     
000055b7  __aeabi_memset4                    
000055b7  __aeabi_memset8                    
000055bd  memset                             
0000569d  __TI_decompress_lzss               
00005705  frexp                              
00005705  frexpl                             
000057bf  __TI_ltoa                          
00005865  GPIOPinConfigure                   
000058b1  atoi                               
00005945  __aeabi_d2iz                       
0000598d  UARTConfigSetExpClk                
000059d5  __TI_auto_init_nobinit_nopinit     
00005a19  __aeabi_uidiv                      
00005a19  __aeabi_uidivmod                   
00005a59  sprintf                            
00005ad9  SysCtlPeripheralPresent            
00005b11  strncpy                            
00005b49  SysCtlPeripheralEnable             
00005b7d  _c_int00_noargs                    
00005bb1  prvCommandInterpreterTask          
00005be1  __aeabi_i2d                        
00005c0f  GPIODirModeSet                     
00005c3b  strncmp                            
00005c69  UARTDisable                        
00005ca9  memccpy                            
00005cc5  GPIOPinTypeGPIOOutput              
00005cdf  copysign                           
00005cdf  copysignl                          
00005d11  GPIOPinTypeEthernetLED             
00005d27  GPIOPinTypeGPIOInput               
00005d3d  GPIOPinTypeUART                    
00005d53  GPIOPinTypeUSBAnalog               
00005d69  GPIOPinTypeUSBDigital              
00005d7f  strchr                             
00005d95  UARTEnable                         
00005da9  strlen                             
00005dbd  wcslen                             
00005dcf  IntMasterDisable                   
00005ddf  __TI_decompress_none               
00005ded  CPUcpsid                           
00005df9  __TI_zero_init                     
00005e05  ResetISR                           
00005e11  UARTCharGet                        
00005e1b  UARTCharPut                        
00005e31  __aeabi_errno_addr                 
00005e39  GPIOPinRead                        
00005e3f  GPIOPinWrite                       
00005e45  UARTClockSourceSet                 
00005e4b  _system_pre_init                   
00005e4f  C$$EXIT                            
00005e4f  abort                              
00006180  _ctypes_                           
000064ac  ulMaxSyscallInterruptPriority      
000064b0  uxTopUsedPriority                  
000064d4  __TI_Handler_Table_Base            
000064e0  __TI_Handler_Table_Limit           
000064e8  __TI_CINIT_Base                    
000064f8  __TI_CINIT_Limit                   
20000000  __start___llvm_prf_cnts            
20000000  __stop___llvm_prf_cnts             
20005504  g_ui32SysClock                     
20005508  __stack                            
20005708  __STACK_END                        
20005708  pxCurrentTCB                       
20005774  errno                              
20006508  __STACK_TOP                        
ffffffff  __TI_pprof_out_hndl                
ffffffff  __TI_prof_data_size                
ffffffff  __TI_prof_data_start               
ffffffff  __binit__                          
ffffffff  __c_args__                         
ffffffff  binit                              
UNDEFED   __mpu_init                         
UNDEFED   _system_post_cinit                 

[195 symbols]
