******************************************************************************
                  TI ARM Linker PC v20.2.7                     
******************************************************************************
>> Linked Wed Nov  9 18:12:48 2022

OUTPUT FILE NAME:   <Tivana.out>
ENTRY POINT SYMBOL: "_c_int00_noargs"  address: 00055601


MEMORY CONFIGURATION

         name            origin    length      used     unused   attr    fill
----------------------  --------  ---------  --------  --------  ----  --------
  FLASH                 00000000   00100000  0005abde  000a5422  R  X
  SRAM                  20000000   00040000  000277fe  00018802  RW X


SEGMENT ALLOCATION MAP

run origin  load origin   length   init length attrs members
----------  ----------- ---------- ----------- ----- -------
00000000    00000000    0005abe0   0005abe0    r-x
  00000000    00000000    00000208   00000208    r-- .intvecs
  00000208    00000208    0005596a   0005596a    r-x .text
  00055b74    00055b74    00004f34   00004f34    r-- .const
  0005aaa8    0005aaa8    00000138   00000138    r-- .cinit
20000000    20000000    00027800   00000000    rw-
  20000000    20000000    00027394   00000000    rw- .bss
  20027394    20027394    0000025a   00000000    rw- .data
  200275f0    200275f0    00000200   00000000    rw- .stack
  200277f0    200277f0    00000010   00000000    rw- .sysmem


SECTION ALLOCATION MAP

 output                                  attributes/
section   page    origin      length       input sections
--------  ----  ----------  ----------   ----------------
.intvecs   0    00000000    00000208     
                  00000000    00000208     tm4c1294ncpdt_startup_ccs.obj (.intvecs)

.text      0    00000208    0005596a     
                  00000208    0000328e     lv_chart.obj (.text)
                  00003496    00000002     rtsv7M4_T_le_v4SPD16_eabi.lib : _lock.c.obj (.text:_nop)
                  00003498    00003178     lv_theme_default.obj (.text)
                  00006610    00002cf6     lv_draw_mask.obj (.text)
                  00009306    00000002     rtsv7M4_T_le_v4SPD16_eabi.lib : div0.asm.obj (.text)
                  00009308    00002904     lv_draw_sw_rect.obj (.text)
                  0000bc0c    000025f8     lv_obj_pos.obj (.text)
                  0000e204    00002124     tasks.obj (.text)
                  00010328    00001e54     FreeRTOS_Sockets.obj (.text)
                  0001217c    00001cc0     lv_obj_scroll.obj (.text)
                  00013e3c    00001c90     lv_btnmatrix.obj (.text)
                  00015acc    00001c80     lv_label.obj (.text)
                  0001774c    00001bf4     lv_draw_sw_blend.obj (.text)
                  00019340    00001bec     lv_textarea.obj (.text)
                  0001af2c    00001bc8     lv_table.obj (.text)
                  0001caf4    000019e8     lv_obj_style.obj (.text)
                  0001e4dc    000019d0     lv_refr.obj (.text)
                  0001feac    00001844     lv_indev.obj (.text)
                  000216f0    00001812     lv_dropdown.obj (.text)
                  00022f02    00000002     --HOLE-- [fill = 0]
                  00022f04    000017f8     lv_arc.obj (.text)
                  000246fc    00001672     lv_obj.obj (.text)
                  00025d6e    00000002     --HOLE-- [fill = 0]
                  00025d70    0000151e     lv_tlsf.obj (.text)
                  0002728e    00000002     --HOLE-- [fill = 0]
                  00027290    000014de     lv_grid.obj (.text)
                  0002876e    00000002     --HOLE-- [fill = 0]
                  00028770    0000133e     lv_flex.obj (.text)
                  00029aae    00000002     --HOLE-- [fill = 0]
                  00029ab0    0000130e     lv_meter.obj (.text)
                  0002adbe    00000002     --HOLE-- [fill = 0]
                  0002adc0    00001278     lv_img.obj (.text)
                  0002c038    00001272     lv_indev_scroll.obj (.text)
                  0002d2aa    00001240     lv_draw_sw_arc.obj (.text)
                  0002e4ea    00000002     --HOLE-- [fill = 0]
                  0002e4ec    000011f0     lv_roller.obj (.text)
                  0002f6dc    000011e8     lv_colorwheel.obj (.text)
                  000308c4    00000ef8     lv_bar.obj (.text)
                  000317bc    00000e78     lv_img_buf.obj (.text)
                  00032634    00000e72     lv_obj_draw.obj (.text)
                  000334a6    00000002     --HOLE-- [fill = 0]
                  000334a8    00000e60     lv_slider.obj (.text)
                  00034308    00000e48     lv_img_decoder.obj (.text)
                  00035150    00000e46     lv_draw_sw_transform.obj (.text)
                  00035f96    00000002     --HOLE-- [fill = 0]
                  00035f98    00000e1c     lv_area.obj (.text)
                  00036db4    00000d58     queue.obj (.text)
                  00037b0c    00000c34     lv_txt.obj (.text)
                  00038740    00000c30     lv_printf.obj (.text)
                  00039370    00000c1a     lv_draw_sw_line.obj (.text)
                  00039f8a    00000002     --HOLE-- [fill = 0]
                  00039f8c    00000c02     lv_menu.obj (.text)
                  0003ab8e    00000bc0     lv_obj_style_gen.obj (.text)
                  0003b74e    00000002     --HOLE-- [fill = 0]
                  0003b750    00000b24     FreeRTOS_IP.obj (.text)
                  0003c274    00000a90     FreeRTOS_TCP_Transmission.obj (.text)
                  0003cd04    00000a4e     rtsv7M4_T_le_v4SPD16_eabi.lib : _printfi.c.obj (.text:__TI_printfi)
                  0003d752    00000002     --HOLE-- [fill = 0]
                  0003d754    00000a10     FreeRTOS_TCP_State_Handling.obj (.text)
                  0003e164    000009fe     lv_event.obj (.text)
                  0003eb62    00000002     --HOLE-- [fill = 0]
                  0003eb64    00000970     lv_fs.obj (.text)
                  0003f4d4    0000091e     lv_disp.obj (.text)
                  0003fdf2    00000002     --HOLE-- [fill = 0]
                  0003fdf4    00000916     lv_group.obj (.text)
                  0004070a    00000002     --HOLE-- [fill = 0]
                  0004070c    000008f8     lv_spinbox.obj (.text)
                  00041004    000008e0     lv_anim.obj (.text)
                  000418e4    000008dc     FreeRTOS_IP_Utils.obj (.text)
                  000421c0    000008ba     lv_draw_label.obj (.text)
                  00042a7a    00000002     --HOLE-- [fill = 0]
                  00042a7c    000008a8     FreeRTOS_ARP.obj (.text)
                  00043324    000008a8     phyHandling.obj (.text)
                  00043bcc    0000089c     lv_style.obj (.text)
                  00044468    00000888     FreeRTOS_DHCP.obj (.text)
                  00044cf0    00000878     lv_style_gen.obj (.text)
                  00045568    00000858     lv_calendar.obj (.text)
                  00045dc0    0000084c     lv_hal_disp.obj (.text)
                  0004660c    0000083a     lv_draw_sw_img.obj (.text)
                  00046e46    00000002     --HOLE-- [fill = 0]
                  00046e48    0000082e     lv_obj_tree.obj (.text)
                  00047676    0000078c     lv_draw_arc.obj (.text)
                  00047e02    00000002     --HOLE-- [fill = 0]
                  00047e04    00000750     lv_tabview.obj (.text)
                  00048554    0000074c     NetworkInterface.obj (.text)
                  00048ca0    000006fc     lv_color.obj (.text)
                  0004939c    000006d8     lv_draw_sw_gradient.obj (.text)
                  00049a74    00000678     lv_checkbox.obj (.text)
                  0004a0ec    00000634     lv_draw_img.obj (.text)
                  0004a720    00000612     lv_draw_sw_letter.obj (.text)
                  0004ad32    00000002     --HOLE-- [fill = 0]
                  0004ad34    00000610     lv_switch.obj (.text)
                  0004b344    000005b8     FreeRTOS_TCP_IP.obj (.text)
                  0004b8fc    000005a6     lv_memcpy_builtin.obj (.text)
                  0004bea2    00000002     --HOLE-- [fill = 0]
                  0004bea4    0000056c     lv_font_fmt_txt.obj (.text)
                  0004c410    00000538     lv_draw_sw_polygon.obj (.text)
                  0004c948    0000051c     lv_keyboard.obj (.text)
                  0004ce64    000004a8     uartstdio.obj (.text)
                  0004d30c    00000498     ST7735.obj (.text)
                  0004d7a4    00000480     lv_led.obj (.text)
                  0004dc24    00000458     lv_ll.obj (.text)
                  0004e07c    00000450     lv_math.obj (.text)
                  0004e4cc    00000436     lv_draw_sw.obj (.text)
                  0004e902    00000002     --HOLE-- [fill = 0]
                  0004e904    000003c8     event_groups.obj (.text)
                  0004eccc    000003a0     heap_4.obj (.text)
                  0004f06c    0000039e     lv_line.obj (.text)
                  0004f40a    0000038e     FreeRTOS_TCP_Reception.obj (.text)
                  0004f798    0000036a     FreeRTOS_Stream_Buffer.obj (.text)
                  0004fb02    00000002     --HOLE-- [fill = 0]
                  0004fb04    00000368     rtos_hw_drivers.obj (.text)
                  0004fe6c    00000354     lv_timer.obj (.text)
                  000501c0    00000350     main.obj (.text)
                  00050510    0000034c     lv_tileview.obj (.text)
                  0005085c    00000324     FreeRTOS_CLI.obj (.text)
                  00050b80    000002fa     lv_obj_class.obj (.text)
                  00050e7a    00000002     --HOLE-- [fill = 0]
                  00050e7c    000002f8     FreeRTOS_Tiny_TCP.obj (.text)
                  00051174    000002bc     cli_commands.obj (.text)
                  00051430    0000028e     lv_draw_sw_layer.obj (.text)
                  000516be    00000002     --HOLE-- [fill = 0]
                  000516c0    0000028c     thread_display.obj (.text)
                  0005194c    00000288     FreeRTOS_IP_Timers.obj (.text)
                  00051bd4    00000270     rtsv7M4_T_le_v4SPD16_eabi.lib : _printfi.c.obj (.text:_pconv_a)
                  00051e44    0000024c     lv_calendar_header_arrow.obj (.text)
                  00052090    00000238     BufferAllocation_1.obj (.text)
                  000522c8    00000200     driverlib.lib : sysctl.obj (.text:SysCtlClockFreqSet)
                  000524c8    000001e4     FreeRTOS_UDP_IP.obj (.text)
                  000526ac    000001dc     lv_hal_indev.obj (.text)
                  00052888    000001d0     rtsv7M4_T_le_v4SPD16_eabi.lib : _printfi.c.obj (.text:_pconv_g)
                  00052a58    000001b6                                   : fd_add_t2.asm.obj (.text)
                  00052c0e    00000002     --HOLE-- [fill = 0]
                  00052c10    000001b0     lv_calendar_header_dropdown.obj (.text)
                  00052dc0    0000018c     lv_malloc_builtin.obj (.text)
                  00052f4c    0000017c     lv_spinner.obj (.text)
                  000530c8    0000016c     driverlib.lib : gpio.obj (.text:GPIOPadConfigSet)
                  00053234    00000168     lv_draw_rect.obj (.text)
                  0005339c    0000014c     lv_win.obj (.text)
                  000534e8    00000148     lv_font.obj (.text)
                  00053630    00000140     lv_theme.obj (.text)
                  00053770    0000013c     rtsv7M4_T_le_v4SPD16_eabi.lib : _printfi.c.obj (.text:_pconv_e)
                  000538ac    0000013c     port.obj (.text)
                  000539e8    00000136     rtsv7M4_T_le_v4SPD16_eabi.lib : fd_div_t2.asm.obj (.text)
                  00053b1e    00000002     --HOLE-- [fill = 0]
                  00053b20    0000012c     FreeRTOS_TCP_WIN.obj (.text)
                  00053c4c    0000012a     list.obj (.text)
                  00053d76    00000002     --HOLE-- [fill = 0]
                  00053d78    00000124     rtsv7M4_T_le_v4SPD16_eabi.lib : _printfi.c.obj (.text:fcvt)
                  00053e9c    00000124     lv_draw_layer.obj (.text)
                  00053fc0    00000118     driverlib.lib : sysctl.obj (.text:SysCtlClockGet)
                  000540d8    00000110     rtsv7M4_T_le_v4SPD16_eabi.lib : s_scalbn.c.obj (.text:scalbn)
                  000541e8    000000fc                                   : fd_mul_t2.asm.obj (.text)
                  000542e4    000000f0     lv_gc.obj (.text)
                  000543d4    000000f0     lv_mem.obj (.text)
                  000544c4    000000dc     lv_async.obj (.text)
                  000545a0    000000da     portasm.obj (.text)
                  0005467a    000000be     lv_draw_line.obj (.text)
                  00054738    000000b4     FreeRTOS_ICMP.obj (.text)
                  000547ec    000000b1     rtsv7M4_T_le_v4SPD16_eabi.lib : _printfi.c.obj (.text:_ltostr)
                  0005489d    00000003     --HOLE-- [fill = 0]
                  000548a0    0000009c     lv_img_cache.obj (.text)
                  0005493c    0000009c     rtsv7M4_T_le_v4SPD16_eabi.lib : memcpy_t2.asm.obj (.text)
                  000549d8    00000096                                   : ull_div_t2.asm.obj (.text)
                  00054a6e    00000086                                   : fd_cmp_t2.asm.obj (.text:__aeabi_cdcmple)
                  00054af4    00000086                                   : fd_cmp_t2.asm.obj (.text:__aeabi_cdrcmple)
                  00054b7a    0000007a                                   : memset_t2.asm.obj (.text)
                  00054bf4    00000078     driverlib.lib : emac.obj (.text:EMACInit)
                  00054c6c    00000074     lv_hal_tick.obj (.text)
                  00054ce0    00000074     lv_utils.obj (.text)
                  00054d54    0000006e     rtsv7M4_T_le_v4SPD16_eabi.lib : _printfi.c.obj (.text:_mcpy)
                  00054dc2    00000002     --HOLE-- [fill = 0]
                  00054dc4    00000068     driverlib.lib : interrupt.obj (.text:IntEnable)
                  00054e2c    00000068     rtsv7M4_T_le_v4SPD16_eabi.lib : copy_decompress_lzss.c.obj (.text:decompress:lzss:__TI_decompress_lzss)
                  00054e94    00000064                                   : s_frexp.c.obj (.text:frexp)
                  00054ef8    00000060     FreeRTOS_TCP_Utils.obj (.text)
                  00054f58    0000005e     rtsv7M4_T_le_v4SPD16_eabi.lib : i_divt2.asm.obj (.text)
                  00054fb6    00000056                                   : _printfi.c.obj (.text:_pconv_f)
                  0005500c    00000054                                   : _ltoa.c.obj (.text:__TI_ltoa)
                  00055060    00000052                                   : _printfi.c.obj (.text:_ecpy)
                  000550b2    00000002     --HOLE-- [fill = 0]
                  000550b4    00000050     driverlib.lib : sysctl.obj (.text:SysCtlPeripheralReset)
                  00055104    00000050     lv_draw_transform.obj (.text)
                  00055154    0000004c     driverlib.lib : gpio.obj (.text:GPIOPinConfigure)
                  000551a0    0000004c     rtsv7M4_T_le_v4SPD16_eabi.lib : atoi.c.obj (.text:atoi)
                  000551ec    0000004c                                   : snprintf.c.obj (.text:snprintf)
                  00055238    00000048     driverlib.lib : sysctl.obj (.text:_SysCtlFrequencyGet)
                  00055280    00000048     rtsv7M4_T_le_v4SPD16_eabi.lib : fd_toi_t2.asm.obj (.text)
                  000552c8    00000046     driverlib.lib : uart.obj (.text:UARTConfigSetExpClk)
                  0005530e    00000002     --HOLE-- [fill = 0]
                  00055310    00000044     rtsv7M4_T_le_v4SPD16_eabi.lib : autoinit.c.obj (.text:__TI_auto_init_nobinit_nopinit:__TI_auto_init_nobinit_nopinit)
                  00055354    00000040                                   : u_divt2.asm.obj (.text)
                  00055394    00000040                                   : sprintf.c.obj (.text:sprintf)
                  000553d4    0000003e                                   : _printfi.c.obj (.text:_fcpy)
                  00055412    0000003a     driverlib.lib : emac.obj (.text:EMACIntEnable)
                  0005544c    00000038                   : emac.obj (.text:EMACConfigSet)
                  00055484    00000038                   : sysctl.obj (.text:SysCtlPeripheralPresent)
                  000554bc    00000038                   : sysctl.obj (.text:SysCtlPeripheralReady)
                  000554f4    00000038     lv_btn.obj (.text)
                  0005552c    00000036     rtsv7M4_T_le_v4SPD16_eabi.lib : strncpy.c.obj (.text:strncpy)
                  00055562    00000002     --HOLE-- [fill = 0]
                  00055564    00000034     driverlib.lib : emac.obj (.text:EMACConfigGet)
                  00055598    00000034                   : emac.obj (.text:EMACIntClear)
                  000555cc    00000034                   : sysctl.obj (.text:SysCtlPeripheralEnable)
                  00055600    00000034     rtsv7M4_T_le_v4SPD16_eabi.lib : boot_cortex_m.c.obj (.text:_c_int00_noargs:_c_int00_noargs)
                  00055634    00000034                                   : rand.c.obj (.text:rand)
                  00055668    00000030     driverlib.lib : emac.obj (.text:EMACAddrSet)
                  00055698    00000030     rtsv7M4_T_le_v4SPD16_eabi.lib : snprintf.c.obj (.text:_outs)
                  000556c8    00000030     thread_cli.obj (.text)
                  000556f8    0000002e     rtsv7M4_T_le_v4SPD16_eabi.lib : i_tofd_t2.asm.obj (.text)
                  00055726    0000002c     driverlib.lib : emac.obj (.text:EMACIntStatus)
                  00055752    0000002c                   : gpio.obj (.text:GPIODirModeSet)
                  0005577e    0000002c     rtsv7M4_T_le_v4SPD16_eabi.lib : strncmp.c.obj (.text:strncmp)
                  000557aa    00000028                                   : memmov.c.obj (.text:memmove)
                  000557d2    00000026     driverlib.lib : emac.obj (.text:EMACPHYRead)
                  000557f8    00000026                   : emac.obj (.text:EMACPHYWrite)
                  0005581e    00000002     --HOLE-- [fill = 0]
                  00055820    00000024                   : interrupt.obj (.text:IntPrioritySet)
                  00055844    00000024     rtsv7M4_T_le_v4SPD16_eabi.lib : memcmp.c.obj (.text:memcmp)
                  00055868    00000020     driverlib.lib : uart.obj (.text:UARTDisable)
                  00055888    00000020                   : sysctl.obj (.text:_SysCtlMemTimingGet)
                  000558a8    0000001e     rtsv7M4_T_le_v4SPD16_eabi.lib : strcat.c.obj (.text:strcat)
                  000558c6    0000001c                                   : memccpy.c.obj (.text:memccpy)
                  000558e2    0000001a     driverlib.lib : gpio.obj (.text:GPIOPinTypeGPIOOutput)
                  000558fc    0000001a     rtsv7M4_T_le_v4SPD16_eabi.lib : s_copysign.c.obj (.text:copysign)
                  00055916    00000018                                   : snprintf.c.obj (.text:_outc)
                  0005592e    00000018                                   : sprintf.c.obj (.text:_outs)
                  00055946    00000018     lv_draw.obj (.text)
                  0005595e    00000018     rtsv7M4_T_le_v4SPD16_eabi.lib : ll_mul_t2.asm.obj (.text)
                  00055976    00000018                                   : strcmp.c.obj (.text:strcmp)
                  0005598e    00000016     driverlib.lib : emac.obj (.text:EMACRxEnable)
                  000559a4    00000016                   : emac.obj (.text:EMACTxEnable)
                  000559ba    00000016                   : gpio.obj (.text:GPIOPinTypeEthernetLED)
                  000559d0    00000016                   : gpio.obj (.text:GPIOPinTypeGPIOInput)
                  000559e6    00000016                   : gpio.obj (.text:GPIOPinTypeUART)
                  000559fc    00000016                   : gpio.obj (.text:GPIOPinTypeUSBAnalog)
                  00055a12    00000016                   : gpio.obj (.text:GPIOPinTypeUSBDigital)
                  00055a28    00000016     rtsv7M4_T_le_v4SPD16_eabi.lib : strchr.c.obj (.text:strchr)
                  00055a3e    00000002     --HOLE-- [fill = 0]
                  00055a40    00000014     driverlib.lib : flash.obj (.text:FlashUserGet)
                  00055a54    00000014                   : uart.obj (.text:UARTEnable)
                  00055a68    00000014     rtsv7M4_T_le_v4SPD16_eabi.lib : strcpy.c.obj (.text:strcpy)
                  00055a7c    00000014                                   : strlen.c.obj (.text:strlen)
                  00055a90    00000012                                   : wcslen.c.obj (.text:wcslen)
                  00055aa2    00000002     --HOLE-- [fill = 0]
                  00055aa4    00000010     driverlib.lib : emac.obj (.text:EMACFrameFilterSet)
                  00055ab4    00000010                   : interrupt.obj (.text:IntMasterDisable)
                  00055ac4    0000000e     rtsv7M4_T_le_v4SPD16_eabi.lib : copy_decompress_none.c.obj (.text:decompress:none:__TI_decompress_none)
                  00055ad2    0000000e     thread_modbus.obj (.text)
                  00055ae0    0000000c     driverlib.lib : cpu.obj (.text:CPUcpsid)
                  00055aec    0000000c     rtsv7M4_T_le_v4SPD16_eabi.lib : copy_zero_init.c.obj (.text:decompress:ZI:__TI_zero_init)
                  00055af8    0000000c     tm4c1294ncpdt_startup_ccs.obj (.text)
                  00055b04    0000000a     driverlib.lib : ssi.obj (.text:SSIDataPut)
                  00055b0e    0000000a                   : uart.obj (.text:UARTCharGet)
                  00055b18    0000000a                   : uart.obj (.text:UARTCharPut)
                  00055b22    0000000a     rtsv7M4_T_le_v4SPD16_eabi.lib : sprintf.c.obj (.text:_outc)
                  00055b2c    00000008     driverlib.lib : emac.obj (.text:EMACPowerManagementStatusGet)
                  00055b34    00000008                   : emac.obj (.text:EMACTxDMAPollDemand)
                  00055b3c    00000008                   : ssi.obj (.text:SSIBusy)
                  00055b44    00000008     rtsv7M4_T_le_v4SPD16_eabi.lib : errno.c.obj (.text:__aeabi_errno_addr)
                  00055b4c    00000006     driverlib.lib : emac.obj (.text:EMACRxDMADescriptorListSet)
                  00055b52    00000006                   : emac.obj (.text:EMACTxDMADescriptorListSet)
                  00055b58    00000006                   : gpio.obj (.text:GPIOPinRead)
                  00055b5e    00000006                   : gpio.obj (.text:GPIOPinWrite)
                  00055b64    00000006                   : uart.obj (.text:UARTClockSourceSet)
                  00055b6a    00000004     rtsv7M4_T_le_v4SPD16_eabi.lib : pre_init.c.obj (.text:_system_pre_init)
                  00055b6e    00000004                                   : exit.c.obj (.text:abort:abort)

.const     0    00055b74    00004f34     
                  00055b74    00002280     lv_font_montserrat_14.obj (.const:.string:glyph_bitmap)
                  00057df4    00000bad     lv_font_montserrat_14.obj (.const:.string:kern_class_values)
                  000589a1    00000001     --HOLE-- [fill = 0]
                  000589a2    00000002     lv_draw_sw_transform.obj (.const:$P$T0$1)
                  000589a4    000004f0     lv_font_montserrat_14.obj (.const:glyph_dsc)
                  00058e94    0000028c     lv_calendar_header_dropdown.obj (.const:.string)
                  00059120    000001b0     driverlib.lib : sysctl.obj (.const:g_pppui32XTALtoVCO)
                  000592d0    00000198     lv_keyboard.obj (.const:.string)
                  00059468    0000017c     cli_commands.obj (.const:.string)
                  000595e4    00000101     rtsv7M4_T_le_v4SPD16_eabi.lib : ctype.c.obj (.const:.string:_ctypes_)
                  000596e5    00000100     lv_draw_sw_letter.obj (.const:.string:_lv_bpp8_opa_table)
                  000597e5    00000001     --HOLE-- [fill = 0]
                  000597e6    000000be     lv_color.obj (.const:colors$2)
                  000598a4    000000b6     lv_math.obj (.const:sin0_90_table)
                  0005995a    00000002     lv_textarea.obj (.const:.string:$P$T0$1)
                  0005995c    000000b0     lv_keyboard.obj (.const:default_kb_map_lc)
                  00059a0c    000000b0     lv_keyboard.obj (.const:default_kb_map_spec)
                  00059abc    000000b0     lv_keyboard.obj (.const:default_kb_map_uc)
                  00059b6c    0000009e     lv_font_montserrat_14.obj (.const:.string:kern_left_class_mapping)
                  00059c0a    0000009e     lv_font_montserrat_14.obj (.const:.string:kern_right_class_mapping)
                  00059ca8    0000009c     driverlib.lib : interrupt.obj (.const:g_pui32Regs)
                  00059d44    00000098     lv_color.obj (.const:colors$3)
                  00059ddc    00000090     driverlib.lib : gpio.obj (.const:g_pui32GPIOBaseAddrs)
                  00059e6c    0000007c     lv_font_montserrat_14.obj (.const:unicode_list_1)
                  00059ee8    00000070     lv_style.obj (.const:.string:_lv_style_builtin_prop_flag_lookup_table)
                  00059f58    0000006c     driverlib.lib : sysctl.obj (.const:g_pui32Xtals)
                  00059fc4    0000006a     lv_calendar_header_arrow.obj (.const:.string)
                  0005a02e    00000002     lv_img_decoder.obj (.const:.string:$P$T1$1)
                  0005a030    00000054     lv_keyboard.obj (.const:default_kb_map_num)
                  0005a084    00000050     lv_keyboard.obj (.const:default_kb_ctrl_lc_map)
                  0005a0d4    00000050     lv_keyboard.obj (.const:default_kb_ctrl_spec_map)
                  0005a124    00000050     lv_keyboard.obj (.const:default_kb_ctrl_uc_map)
                  0005a174    0000003b     ST7735.obj (.const:.string:init_cmds1)
                  0005a1af    00000001     --HOLE-- [fill = 0]
                  0005a1b0    00000038     FreeRTOS_CLI.obj (.const:.string)
                  0005a1e8    00000030     driverlib.lib : sysctl.obj (.const:g_sXTALtoMEMTIM)
                  0005a218    0000002e     lv_btnmatrix.obj (.const:.string)
                  0005a246    0000002b     ST7735.obj (.const:.string:init_cmds3)
                  0005a271    00000002     lv_draw_sw_letter.obj (.const:.string:_lv_bpp1_opa_table)
                  0005a273    00000001     --HOLE-- [fill = 0]
                  0005a274    00000028     lv_font_montserrat_14.obj (.const:cmaps)
                  0005a29c    00000026     FreeRTOS_ARP.obj (.const:.string:xDefaultPartARPPacketHeader$4)
                  0005a2c2    00000026     lv_color.obj (.const:colors$1)
                  0005a2e8    00000022     lv_keyboard.obj (.const:default_kb_ctrl_num_map)
                  0005a30a    00000021     lv_draw_sw_line.obj (.const:.string:wcorr$1)
                  0005a32b    00000020     FreeRTOS_Sockets.obj (.const:xPercTable$3)
                  0005a34b    00000001     --HOLE-- [fill = 0]
                  0005a34c    0000001c     lv_draw_sw_rect.obj (.const:$P$T0$1)
                  0005a368    0000001c     lv_calendar.obj (.const:.string)
                  0005a384    0000001c     lv_arc.obj (.const:lv_arc_class)
                  0005a3a0    0000001c     lv_bar.obj (.const:lv_bar_class)
                  0005a3bc    0000001c     lv_btn.obj (.const:lv_btn_class)
                  0005a3d8    0000001c     lv_btnmatrix.obj (.const:lv_btnmatrix_class)
                  0005a3f4    0000001c     lv_calendar.obj (.const:lv_calendar_class)
                  0005a410    0000001c     lv_calendar_header_arrow.obj (.const:lv_calendar_header_arrow_class)
                  0005a42c    0000001c     lv_calendar_header_dropdown.obj (.const:lv_calendar_header_dropdown_class)
                  0005a448    0000001c     lv_chart.obj (.const:lv_chart_class)
                  0005a464    0000001c     lv_checkbox.obj (.const:lv_checkbox_class)
                  0005a480    0000001c     lv_colorwheel.obj (.const:lv_colorwheel_class)
                  0005a49c    0000001c     lv_dropdown.obj (.const:lv_dropdown_class)
                  0005a4b8    0000001c     lv_dropdown.obj (.const:lv_dropdownlist_class)
                  0005a4d4    0000001c     lv_font_montserrat_14.obj (.const:lv_font_montserrat_14)
                  0005a4f0    0000001c     lv_img.obj (.const:lv_img_class)
                  0005a50c    0000001c     lv_keyboard.obj (.const:lv_keyboard_class)
                  0005a528    0000001c     lv_label.obj (.const:lv_label_class)
                  0005a544    0000001c     lv_led.obj (.const:lv_led_class)
                  0005a560    0000001c     lv_line.obj (.const:lv_line_class)
                  0005a57c    0000001c     lv_list.obj (.const:lv_list_btn_class)
                  0005a598    0000001c     lv_list.obj (.const:lv_list_class)
                  0005a5b4    0000001c     lv_list.obj (.const:lv_list_text_class)
                  0005a5d0    0000001c     lv_menu.obj (.const:lv_menu_class)
                  0005a5ec    0000001c     lv_menu.obj (.const:lv_menu_cont_class)
                  0005a608    0000001c     lv_menu.obj (.const:lv_menu_main_cont_class)
                  0005a624    0000001c     lv_menu.obj (.const:lv_menu_main_header_cont_class)
                  0005a640    0000001c     lv_menu.obj (.const:lv_menu_page_class)
                  0005a65c    0000001c     lv_menu.obj (.const:lv_menu_section_class)
                  0005a678    0000001c     lv_menu.obj (.const:lv_menu_separator_class)
                  0005a694    0000001c     lv_menu.obj (.const:lv_menu_sidebar_cont_class)
                  0005a6b0    0000001c     lv_menu.obj (.const:lv_menu_sidebar_header_cont_class)
                  0005a6cc    0000001c     lv_meter.obj (.const:lv_meter_class)
                  0005a6e8    0000001c     lv_msgbox.obj (.const:lv_msgbox_backdrop_class)
                  0005a704    0000001c     lv_msgbox.obj (.const:lv_msgbox_class)
                  0005a720    0000001c     lv_obj.obj (.const:lv_obj_class)
                  0005a73c    0000001c     lv_roller.obj (.const:lv_roller_class)
                  0005a758    0000001c     lv_roller.obj (.const:lv_roller_label_class)
                  0005a774    0000001c     lv_slider.obj (.const:lv_slider_class)
                  0005a790    0000001c     lv_spinbox.obj (.const:lv_spinbox_class)
                  0005a7ac    0000001c     lv_spinner.obj (.const:lv_spinner_class)
                  0005a7c8    0000001c     lv_switch.obj (.const:lv_switch_class)
                  0005a7e4    0000001c     lv_table.obj (.const:lv_table_class)
                  0005a800    0000001c     lv_tabview.obj (.const:lv_tabview_class)
                  0005a81c    0000001c     lv_textarea.obj (.const:lv_textarea_class)
                  0005a838    0000001c     lv_tileview.obj (.const:lv_tileview_class)
                  0005a854    0000001c     lv_tileview.obj (.const:lv_tileview_tile_class)
                  0005a870    0000001c     lv_win.obj (.const:lv_win_class)
                  0005a88c    00000019     FreeRTOS_DHCP.obj (.const:.string:ucDHCPRequestOptions$1)
                  0005a8a5    00000018     FreeRTOS_DHCP.obj (.const:.string:ucDHCPDiscoverOptions$2)
                  0005a8bd    00000003     --HOLE-- [fill = 0]
                  0005a8c0    00000018     lv_font_montserrat_14.obj (.const:font_dsc)
                  0005a8d8    00000018     driverlib.lib : emac.obj (.const:g_pi16MIIClockDiv)
                  0005a8f0    00000016     lv_theme_default.obj (.const:trans_props$1)
                  0005a906    00000002     --HOLE-- [fill = 0]
                  0005a908    00000014     driverlib.lib : interrupt.obj (.const:g_pui32EnRegs)
                  0005a91c    00000012     uartstdio.obj (.const:.string)
                  0005a92e    00000010     lv_img_buf.obj (.const:$P$T3$3)
                  0005a93e    00000010     lv_img_buf.obj (.const:.string:$P$T2$2)
                  0005a94e    00000010     lv_img_decoder.obj (.const:.string:$P$T3$3)
                  0005a95e    00000010     lv_draw_sw_letter.obj (.const:.string:_lv_bpp4_opa_table)
                  0005a96e    00000002     --HOLE-- [fill = 0]
                  0005a970    00000010     lv_font_montserrat_14.obj (.const:kern_classes)
                  0005a980    00000010     cli_commands.obj (.const:xEightCommand)
                  0005a990    00000010     cli_commands.obj (.const:xFiveCommand)
                  0005a9a0    00000010     cli_commands.obj (.const:xFourCommand)
                  0005a9b0    00000010     FreeRTOS_CLI.obj (.const:xHelpCommand)
                  0005a9c0    00000010     cli_commands.obj (.const:xLedOffCommand)
                  0005a9d0    00000010     cli_commands.obj (.const:xLedOnCommand)
                  0005a9e0    00000010     cli_commands.obj (.const:xSevenCommand)
                  0005a9f0    00000010     cli_commands.obj (.const:xSixCommand)
                  0005aa00    00000010     cli_commands.obj (.const:xThreeCommand)
                  0005aa10    0000000f     ST7735.obj (.const:.string:init_cmds2)
                  0005aa1f    00000001     --HOLE-- [fill = 0]
                  0005aa20    0000000c     uartstdio.obj (.const:g_ui32UARTBase)
                  0005aa2c    0000000c     uartstdio.obj (.const:g_ui32UARTPeriph)
                  0005aa38    00000008     lv_draw_sw_polygon.obj (.const:$P$T0$1)
                  0005aa40    00000008     lv_tlsf.obj (.const:$P$T0$1)
                  0005aa48    00000008     thread_display.obj (.const:btn_points$1)
                  0005aa50    00000008     driverlib.lib : sysctl.obj (.const:g_pui32VCOFrequencies)
                  0005aa58    00000006     FreeRTOS_IP.obj (.const:xBroadcastMACAddress)
                  0005aa5e    00000005     FreeRTOS_Sockets.obj (.const:$P$T0$1)
                  0005aa63    00000005     FreeRTOS_IP.obj (.const:xNetworkDownEvent$1)
                  0005aa68    00000005     FreeRTOS_IP.obj (.const:xNetworkDownEvent$2)
                  0005aa6d    00000001     --HOLE-- [fill = 0]
                  0005aa6e    00000004     lv_obj_scroll.obj (.const:$P$T0$1)
                  0005aa72    00000002     --HOLE-- [fill = 0]
                  0005aa74    00000004     lv_obj_style.obj (.const:$P$T0$1)
                  0005aa78    00000004     lv_obj_pos.obj (.const:$P$T0$2)
                  0005aa7c    00000004     lv_obj_scroll.obj (.const:$P$T1$2)
                  0005aa80    00000004     lv_obj_pos.obj (.const:$P$T1$3)
                  0005aa84    00000004     lv_img_buf.obj (.const:.string:$P$T1$1)
                  0005aa88    00000004     lv_img_decoder.obj (.const:.string:$P$T2$2)
                  0005aa8c    00000004     lv_draw_sw_letter.obj (.const:.string:_lv_bpp2_opa_table)
                  0005aa90    00000004     BufferAllocation_1.obj (.const)
                  0005aa94    00000004     lv_style.obj (.const:null_style_value)
                  0005aa98    00000004     port.obj (.const)
                  0005aa9c    00000004     tasks.obj (.const)
                  0005aaa0    00000004     uartstdio.obj (.const)
                  0005aaa4    00000004     NetworkInterface.obj (.const:xPHYProperties)

.cinit     0    0005aaa8    00000138     
                  0005aaa8    00000112     (.cinit..data.load) [load image, compression = lzss]
                  0005abba    00000002     --HOLE-- [fill = 0]
                  0005abbc    0000000c     (__TI_handler_table)
                  0005abc8    00000008     (.cinit..bss.load) [load image, compression = zero_init]
                  0005abd0    00000010     (__TI_cinit_table)

.init_array 
*          0    00000000    00000000     UNINITIALIZED

.bss       0    20000000    00027394     UNINITIALIZED
                  20000000    00020000     lv_malloc_builtin.obj (.bss:work_mem_int$1)
                  20020000    00004f10     heap_4.obj (.bss:ucHeap)
                  20024f10    00000c80     thread_display.obj (.bss:buf_1)
                  20025b90    000009c0     NetworkInterface.obj (.bss:_network_buffers)
                  20026550    00000400     thread_cli.obj (.bss:cOutputString$2)
                  20026950    00000140     tasks.obj (.bss:pxReadyTasksLists)
                  20026a90    00000100     NetworkInterface.obj (.bss:_rx_descriptors)
                  20026b90    00000100     NetworkInterface.obj (.bss:_tx_descriptors)
                  20026c90    00000100     lv_draw_sw_letter.obj (.bss:opa_table$1)
                  20026d90    00000090     BufferAllocation_1.obj (.bss:xNetworkBuffers)
                  20026e20    00000080     (.common:_lv_draw_mask_list)
                  20026ea0    00000078     FreeRTOS_ARP.obj (.bss:xARPCache)
                  20026f18    00000070     (.common:_lv_circle_cache)
                  20026f88    00000050     (.common:xQueueRegistry)
                  20026fd8    0000004c     thread_display.obj (.bss:disp_drv)
                  20027024    00000040     NetworkInterface.obj (.bss:xPhyObject)
                  20027064    0000003c     thread_cli.obj (.bss:cInputString$1)
                  200270a0    0000002c     (.common:_lv_img_cache_single)
                  200270cc    00000024     lv_theme_default.obj (.bss:theme)
                  200270f0    00000021     FreeRTOS_DHCP.obj (.bss:xDHCPData)
                  20027111    00000001     lv_colorwheel.obj (.bss)
                  20027112    00000002     lv_theme_default.obj (.bss:color_card)
                  20027114    0000001c     thread_display.obj (.bss:disp_buf)
                  20027130    00000014     lv_theme_default.obj (.bss:trans_delayed$2)
                  20027144    00000014     lv_theme_default.obj (.bss:trans_normal$3)
                  20027158    00000014     tasks.obj (.bss:xDelayedTaskList1)
                  2002716c    00000014     tasks.obj (.bss:xDelayedTaskList2)
                  20027180    00000014     BufferAllocation_1.obj (.bss:xFreeBuffersList)
                  20027194    00000014     tasks.obj (.bss:xPendingReadyList)
                  200271a8    00000014     tasks.obj (.bss:xSuspendedTaskList)
                  200271bc    00000014     tasks.obj (.bss:xTasksWaitingTermination)
                  200271d0    00000014     (.common:xBoundTCPSocketsList)
                  200271e4    00000014     (.common:xBoundUDPSocketsList)
                  200271f8    00000011     FreeRTOS_IP_Timers.obj (.bss:xARPResolutionTimer)
                  20027209    00000011     FreeRTOS_IP_Timers.obj (.bss:xARPTimer)
                  2002721a    00000011     FreeRTOS_IP_Timers.obj (.bss:xDHCPTimer)
                  2002722b    00000011     FreeRTOS_IP_Timers.obj (.bss:xTCPTimer)
                  2002723c    0000000c     lv_malloc_builtin.obj (.bss)
                  20027248    0000000c     lv_tileview.obj (.bss)
                  20027254    0000000c     (.common:_lv_anim_ll)
                  20027260    0000000c     (.common:_lv_disp_ll)
                  2002726c    0000000c     (.common:_lv_fsdrv_ll)
                  20027278    0000000c     (.common:_lv_group_ll)
                  20027284    0000000c     (.common:_lv_img_decoder_ll)
                  20027290    0000000c     (.common:_lv_indev_ll)
                  2002729c    0000000c     (.common:_lv_obj_style_trans_ll)
                  200272a8    0000000c     (.common:_lv_timer_ll)
                  200272b4    0000000c     (.common:_subs_ll)
                  200272c0    00000008     lv_font_montserrat_14.obj (.bss:cache)
                  200272c8    00000008     lv_theme_default.obj (.bss:dark_filter$4)
                  200272d0    00000008     lv_theme_default.obj (.bss:grey_filter$5)
                  200272d8    00000008     lv_anim.obj (.bss)
                  200272e0    00000008     lv_area.obj (.bss)
                  200272e8    00000008     lv_refr.obj (.bss)
                  200272f0    00000008     lv_spinner.obj (.bss)
                  200272f8    00000008     tasks.obj (.bss)
                  20027300    00000008     FreeRTOS_ARP.obj (.bss:xARPClashTimeOut$3)
                  20027308    00000008     heap_4.obj (.bss:xStart)
                  20027310    00000005     lv_theme_default.obj (.bss)
                  20027315    00000001     lv_hal_tick.obj (.bss)
                  20027316    00000002     lv_theme_default.obj (.bss:color_grey)
                  20027318    00000004     FreeRTOS_DHCP.obj (.bss)
                  2002731c    00000004     FreeRTOS_CLI.obj (.bss:cOutputBuffer)
                  20027320    00000004     lv_event.obj (.bss)
                  20027324    00000004     lv_group.obj (.bss)
                  20027328    00000004     lv_hal_disp.obj (.bss)
                  2002732c    00000004     lv_indev.obj (.bss)
                  20027330    00000004     lv_obj_pos.obj (.bss)
                  20027334    00000004     lv_tabview.obj (.bss)
                  20027338    00000004     lv_textarea.obj (.bss)
                  2002733c    00000004     (.common:_lv_grad_cache_mem)
                  20027340    00000004     (.common:_lv_layout_list)
                  20027344    00000004     (.common:_lv_style_custom_prop_flag_lookup_table)
                  20027348    00000004     (.common:_lv_theme_basic_styles)
                  2002734c    00000004     (.common:_lv_theme_default_styles)
                  20027350    00000004     (.common:_lv_timer_act)
                  20027354    00000004     (.common:g_ui32SysClock)
                  20027358    00000004     (.common:led1)
                  2002735c    00000004     (.common:led2)
                  20027360    00000004     (.common:xProcessedTCPMessage)
                  20027364    00000002     lv_theme_default.obj (.bss:color_scr)
                  20027366    00000002     lv_theme_default.obj (.bss:color_text)
                  20027368    00000002     lv_draw_sw_blend.obj (.bss:last_dest_color$7)
                  2002736a    00000002     lv_draw_sw_blend.obj (.bss:last_res_color$9)
                  2002736c    00000002     lv_draw_sw_blend.obj (.bss:last_src_color$8)
                  2002736e    00000002     lv_timer.obj (.bss)
                  20027370    00000002     lv_win.obj (.bss)
                  20027372    00000002     (.common:LV_LAYOUT_FLEX)
                  20027374    00000002     (.common:LV_LAYOUT_GRID)
                  20027376    00000002     (.common:LV_STYLE_FLEX_CROSS_PLACE)
                  20027378    00000002     (.common:LV_STYLE_FLEX_FLOW)
                  2002737a    00000002     (.common:LV_STYLE_FLEX_GROW)
                  2002737c    00000002     (.common:LV_STYLE_FLEX_MAIN_PLACE)
                  2002737e    00000002     (.common:LV_STYLE_FLEX_TRACK_PLACE)
                  20027380    00000002     (.common:LV_STYLE_GRID_CELL_COLUMN_POS)
                  20027382    00000002     (.common:LV_STYLE_GRID_CELL_COLUMN_SPAN)
                  20027384    00000002     (.common:LV_STYLE_GRID_CELL_ROW_POS)
                  20027386    00000002     (.common:LV_STYLE_GRID_CELL_ROW_SPAN)
                  20027388    00000002     (.common:LV_STYLE_GRID_CELL_X_ALIGN)
                  2002738a    00000002     (.common:LV_STYLE_GRID_CELL_Y_ALIGN)
                  2002738c    00000002     (.common:LV_STYLE_GRID_COLUMN_ALIGN)
                  2002738e    00000002     (.common:LV_STYLE_GRID_COLUMN_DSC_ARRAY)
                  20027390    00000002     (.common:LV_STYLE_GRID_ROW_ALIGN)
                  20027392    00000002     (.common:LV_STYLE_GRID_ROW_DSC_ARRAY)

.data      0    20027394    0000025a     UNINITIALIZED
                  20027394    00000034     tasks.obj (.data)
                  200273c8    00000030     lv_calendar_header_arrow.obj (.data:month_names_def)
                  200273f8    00000024     lv_keyboard.obj (.data:kb_ctrl)
                  2002741c    00000024     lv_keyboard.obj (.data:kb_map)
                  20027440    00000020     lv_txt.obj (.data)
                  20027460    0000001c     FreeRTOS_IP.obj (.data)
                  2002747c    0000001c     lv_calendar.obj (.data:day_names_def)
                  20027498    0000001c     lv_btnmatrix.obj (.data:lv_btnmatrix_def_map)
                  200274b4    00000018     heap_4.obj (.data)
                  200274cc    00000018     FreeRTOS_UDP_IP.obj (.data:xDefaultPartUDPPacketHeader)
                  200274e4    00000014     FreeRTOS_IP.obj (.data:xDefaultAddressing)
                  200274f8    00000014     FreeRTOS_IP.obj (.data:xNetworkAddressing)
                  2002750c    00000010     lv_timer.obj (.data)
                  2002751c    0000000c     FreeRTOS_ARP.obj (.data)
                  20027528    0000000c     FreeRTOS_CLI.obj (.data)
                  20027534    0000000c     NetworkInterface.obj (.data:_rx_descriptor_list)
                  20027540    0000000c     NetworkInterface.obj (.data:_tx_descriptor_list)
                  2002754c    00000009     lv_draw_sw_gradient.obj (.data)
                  20027555    00000003     rtos_hw_drivers.obj (.data)
                  20027558    00000008     rtsv7M4_T_le_v4SPD16_eabi.lib : _lock.c.obj (.data:$O1$$)
                  20027560    00000008     BufferAllocation_1.obj (.data)
                  20027568    00000008     NetworkInterface.obj (.data)
                  20027570    00000008     lv_calendar_header_dropdown.obj (.data)
                  20027578    00000008     lv_colorwheel.obj (.data)
                  20027580    00000008     lv_draw_sw_blend.obj (.data)
                  20027588    00000008     lv_draw_sw_letter.obj (.data)
                  20027590    00000008     lv_obj.obj (.data)
                  20027598    00000008     FreeRTOS_CLI.obj (.data:xRegisteredCommands)
                  200275a0    00000006     lv_style.obj (.data)
                  200275a6    00000002     lv_draw_sw_blend.obj (.data:bg_color_save$4)
                  200275a8    00000005     lv_indev.obj (.data)
                  200275ad    00000001     lv_obj_pos.obj (.data)
                  200275ae    00000002     lv_draw_sw_blend.obj (.data:fg_color_save$3)
                  200275b0    00000005     uartstdio.obj (.data)
                  200275b5    00000001     lv_obj_style.obj (.data)
                  200275b6    00000002     lv_draw_sw_blend.obj (.data:res_color_saved$5)
                  200275b8    00000004     FreeRTOS_IP_Utils.obj (.data)
                  200275bc    00000004     FreeRTOS_Sockets.obj (.data)
                  200275c0    00000004     FreeRTOS_TCP_IP.obj (.data)
                  200275c4    00000004     FreeRTOS_Tiny_TCP.obj (.data)
                  200275c8    00000004     lv_area.obj (.data)
                  200275cc    00000004     lv_event.obj (.data)
                  200275d0    00000004     lv_hal_tick.obj (.data)
                  200275d4    00000004     lv_math.obj (.data)
                  200275d8    00000004     lv_mem.obj (.data)
                  200275dc    00000004     main.obj (.data)
                  200275e0    00000004     port.obj (.data)
                  200275e4    00000004     rtsv7M4_T_le_v4SPD16_eabi.lib : errno.c.obj (.data)
                  200275e8    00000004                                   : rand.c.obj (.data)
                  200275ec    00000001     lv_theme_default.obj (.data)
                  200275ed    00000001     thread_display.obj (.data)

.stack     0    200275f0    00000200     UNINITIALIZED
                  200275f0    00000004     rtsv7M4_T_le_v4SPD16_eabi.lib : boot_cortex_m.c.obj (.stack)
                  200275f4    000001fc     --HOLE--

.sysmem    0    200277f0    00000010     UNINITIALIZED
                  200277f0    00000010     rtsv7M4_T_le_v4SPD16_eabi.lib : memory.c.obj (.sysmem)

__llvm_prf_cnts 
*          0    20000000    00000000     UNINITIALIZED

MODULE SUMMARY

       Module                            code     ro data   rw data
       ------                            ----     -------   -------
    .\
       main.obj                          848      0         8      
       tm4c1294ncpdt_startup_ccs.obj     12       520       0      
    +--+---------------------------------+--------+---------+---------+
       Total:                            860      520       8      
                                                                   
    .\drivers\
       rtos_hw_drivers.obj               872      0         3      
    +--+---------------------------------+--------+---------+---------+
       Total:                            872      0         3      
                                                                   
    .\drivers\display\
       ST7735.obj                        1176     117       0      
    +--+---------------------------------+--------+---------+---------+
       Total:                            1176     117       0      
                                                                   
    .\middlewares\FreeRTOS-Plus-CLI\
       FreeRTOS_CLI.obj                  804      72        24     
    +--+---------------------------------+--------+---------+---------+
       Total:                            804      72        24     
                                                                   
    .\middlewares\FreeRTOS-Plus-TCP\source\
       FreeRTOS_Sockets.obj              7764     37        44     
       FreeRTOS_IP.obj                   2852     16        72     
       FreeRTOS_TCP_Transmission.obj     2704     0         0      
       FreeRTOS_TCP_State_Handling.obj   2576     0         0      
       FreeRTOS_ARP.obj                  2216     38        140    
       FreeRTOS_IP_Utils.obj             2268     0         4      
       FreeRTOS_DHCP.obj                 2184     49        37     
       FreeRTOS_TCP_IP.obj               1464     0         4      
       FreeRTOS_TCP_Reception.obj        910      0         0      
       FreeRTOS_Stream_Buffer.obj        874      0         0      
       FreeRTOS_Tiny_TCP.obj             760      0         4      
       FreeRTOS_IP_Timers.obj            648      0         68     
       FreeRTOS_UDP_IP.obj               484      0         24     
       FreeRTOS_TCP_WIN.obj              300      0         0      
       FreeRTOS_ICMP.obj                 180      0         0      
       FreeRTOS_TCP_Utils.obj            96       0         0      
    +--+---------------------------------+--------+---------+---------+
       Total:                            28280    140       397    
                                                                   
    .\middlewares\FreeRTOS-Plus-TCP\source\portable\BufferManagement\
       BufferAllocation_1.obj            568      4         172    
    +--+---------------------------------+--------+---------+---------+
       Total:                            568      4         172    
                                                                   
    .\middlewares\FreeRTOS-Plus-TCP\source\portable\NetworkInterface\Common\
       phyHandling.obj                   2216     0         0      
    +--+---------------------------------+--------+---------+---------+
       Total:                            2216     0         0      
                                                                   
    .\middlewares\FreeRTOS-Plus-TCP\source\portable\NetworkInterface\TM4C\
       NetworkInterface.obj              1868     4         3104   
    +--+---------------------------------+--------+---------+---------+
       Total:                            1868     4         3104   
                                                                   
    .\middlewares\FreeRTOS\Source\
       tasks.obj                         8484     4         480    
       queue.obj                         3416     0         80     
       event_groups.obj                  968      0         0      
       list.obj                          298      0         0      
    +--+---------------------------------+--------+---------+---------+
       Total:                            13166    4         560    
                                                                   
    .\middlewares\FreeRTOS\Source\portable\CCS\ARM_CM4F\
       port.obj                          316      4         4      
       portasm.obj                       218      0         0      
    +--+---------------------------------+--------+---------+---------+
       Total:                            534      4         4      
                                                                   
    .\middlewares\FreeRTOS\Source\portable\MemMang\
       heap_4.obj                        928      0         20272  
    +--+---------------------------------+--------+---------+---------+
       Total:                            928      0         20272  
                                                                   
    .\middlewares\lvgl\src\core\
       lv_obj_pos.obj                    9720     8         5      
       lv_obj_scroll.obj                 7360     8         0      
       lv_obj_style.obj                  6632     4         1      
       lv_refr.obj                       6608     0         8      
       lv_indev.obj                      6212     0         9      
       lv_obj.obj                        5746     28        8      
       lv_indev_scroll.obj               4722     0         0      
       lv_obj_draw.obj                   3698     0         0      
       lv_obj_style_gen.obj              3008     0         0      
       lv_event.obj                      2558     0         8      
       lv_disp.obj                       2334     0         0      
       lv_group.obj                      2326     0         4      
       lv_obj_tree.obj                   2094     0         0      
       lv_obj_class.obj                  762      0         0      
       lv_theme.obj                      320      0         0      
    +--+---------------------------------+--------+---------+---------+
       Total:                            64100    48        43     
                                                                   
    .\middlewares\lvgl\src\draw\
       lv_draw_mask.obj                  11510    0         0      
       lv_img_buf.obj                    3704     36        0      
       lv_img_decoder.obj                3656     22        0      
       lv_draw_label.obj                 2234     0         0      
       lv_draw_arc.obj                   1932     0         0      
       lv_draw_img.obj                   1588     0         0      
       lv_draw_rect.obj                  360      0         0      
       lv_draw_layer.obj                 292      0         0      
       lv_draw_line.obj                  190      0         0      
       lv_img_cache.obj                  156      0         0      
       lv_draw_transform.obj             80       0         0      
       lv_draw.obj                       24       0         0      
    +--+---------------------------------+--------+---------+---------+
       Total:                            25726    58        0      
                                                                   
    .\middlewares\lvgl\src\draw\sw\
       lv_draw_sw_rect.obj               10500    28        0      
       lv_draw_sw_blend.obj              7156     0         20     
       lv_draw_sw_arc.obj                4672     0         0      
       lv_draw_sw_transform.obj          3654     2         0      
       lv_draw_sw_line.obj               3098     33        0      
       lv_draw_sw_img.obj                2106     0         0      
       lv_draw_sw_letter.obj             1554     278       264    
       lv_draw_sw_gradient.obj           1752     0         9      
       lv_draw_sw_polygon.obj            1336     8         0      
       lv_draw_sw.obj                    1078     0         0      
       lv_draw_sw_layer.obj              654      0         0      
    +--+---------------------------------+--------+---------+---------+
       Total:                            37560    349       293    
                                                                   
    .\middlewares\lvgl\src\font\
       lv_font_montserrat_14.obj         0        13633     8      
       lv_font_fmt_txt.obj               1388     0         0      
       lv_font.obj                       328      0         0      
    +--+---------------------------------+--------+---------+---------+
       Total:                            1716     13633     8      
                                                                   
    .\middlewares\lvgl\src\hal\
       lv_hal_disp.obj                   2124     0         4      
       lv_hal_indev.obj                  476      0         0      
       lv_hal_tick.obj                   116      0         5      
    +--+---------------------------------+--------+---------+---------+
       Total:                            2716     0         9      
                                                                   
    .\middlewares\lvgl\src\layouts\flex\
       lv_flex.obj                       4926     0         12     
    +--+---------------------------------+--------+---------+---------+
       Total:                            4926     0         12     
                                                                   
    .\middlewares\lvgl\src\layouts\grid\
       lv_grid.obj                       5342     0         22     
    +--+---------------------------------+--------+---------+---------+
       Total:                            5342     0         22     
                                                                   
    .\middlewares\lvgl\src\misc\
       lv_malloc_builtin.obj             396      0         131084 
       lv_tlsf.obj                       5406     8         0      
       lv_area.obj                       3612     0         12     
       lv_txt.obj                        3124     0         32     
       lv_printf.obj                     3120     0         0      
       lv_fs.obj                         2416     0         0      
       lv_style.obj                      2204     116       6      
       lv_anim.obj                       2272     0         8      
       lv_color.obj                      1788     380       0      
       lv_style_gen.obj                  2168     0         0      
       lv_memcpy_builtin.obj             1446     0         0      
       lv_math.obj                       1104     182       4      
       lv_ll.obj                         1112     0         0      
       lv_timer.obj                      852      0         18     
       lv_gc.obj                         240      0         416    
       lv_mem.obj                        240      0         4      
       lv_async.obj                      220      0         0      
       lv_utils.obj                      116      0         0      
    +--+---------------------------------+--------+---------+---------+
       Total:                            31836    686       131584 
                                                                   
    .\middlewares\lvgl\src\themes\default\
       lv_theme_default.obj              12664    22        106    
    +--+---------------------------------+--------+---------+---------+
       Total:                            12664    22        106    
                                                                   
    .\middlewares\lvgl\src\widgets\arc\
       lv_arc.obj                        6136     28        0      
    +--+---------------------------------+--------+---------+---------+
       Total:                            6136     28        0      
                                                                   
    .\middlewares\lvgl\src\widgets\bar\
       lv_bar.obj                        3832     28        0      
    +--+---------------------------------+--------+---------+---------+
       Total:                            3832     28        0      
                                                                   
    .\middlewares\lvgl\src\widgets\btn\
       lv_btn.obj                        56       28        0      
    +--+---------------------------------+--------+---------+---------+
       Total:                            56       28        0      
                                                                   
    .\middlewares\lvgl\src\widgets\btnmatrix\
       lv_btnmatrix.obj                  7312     74        28     
    +--+---------------------------------+--------+---------+---------+
       Total:                            7312     74        28     
                                                                   
    .\middlewares\lvgl\src\widgets\calendar\
       lv_calendar.obj                   2136     56        28     
       lv_calendar_header_dropdown.obj   432      680       8      
       lv_calendar_header_arrow.obj      588      134       48     
    +--+---------------------------------+--------+---------+---------+
       Total:                            3156     870       84     
                                                                   
    .\middlewares\lvgl\src\widgets\chart\
       lv_chart.obj                      12942    28        0      
    +--+---------------------------------+--------+---------+---------+
       Total:                            12942    28        0      
                                                                   
    .\middlewares\lvgl\src\widgets\checkbox\
       lv_checkbox.obj                   1656     28        0      
    +--+---------------------------------+--------+---------+---------+
       Total:                            1656     28        0      
                                                                   
    .\middlewares\lvgl\src\widgets\colorwheel\
       lv_colorwheel.obj                 4584     28        9      
    +--+---------------------------------+--------+---------+---------+
       Total:                            4584     28        9      
                                                                   
    .\middlewares\lvgl\src\widgets\dropdown\
       lv_dropdown.obj                   6162     56        0      
    +--+---------------------------------+--------+---------+---------+
       Total:                            6162     56        0      
                                                                   
    .\middlewares\lvgl\src\widgets\img\
       lv_img.obj                        4728     28        0      
    +--+---------------------------------+--------+---------+---------+
       Total:                            4728     28        0      
                                                                   
    .\middlewares\lvgl\src\widgets\keyboard\
       lv_keyboard.obj                   1308     1322      72     
    +--+---------------------------------+--------+---------+---------+
       Total:                            1308     1322      72     
                                                                   
    .\middlewares\lvgl\src\widgets\label\
       lv_label.obj                      7296     28        0      
    +--+---------------------------------+--------+---------+---------+
       Total:                            7296     28        0      
                                                                   
    .\middlewares\lvgl\src\widgets\led\
       lv_led.obj                        1152     28        0      
    +--+---------------------------------+--------+---------+---------+
       Total:                            1152     28        0      
                                                                   
    .\middlewares\lvgl\src\widgets\line\
       lv_line.obj                       926      28        0      
    +--+---------------------------------+--------+---------+---------+
       Total:                            926      28        0      
                                                                   
    .\middlewares\lvgl\src\widgets\list\
       lv_list.obj                       0        84        0      
    +--+---------------------------------+--------+---------+---------+
       Total:                            0        84        0      
                                                                   
    .\middlewares\lvgl\src\widgets\menu\
       lv_menu.obj                       3074     252       0      
    +--+---------------------------------+--------+---------+---------+
       Total:                            3074     252       0      
                                                                   
    .\middlewares\lvgl\src\widgets\meter\
       lv_meter.obj                      4878     28        0      
    +--+---------------------------------+--------+---------+---------+
       Total:                            4878     28        0      
                                                                   
    .\middlewares\lvgl\src\widgets\msgbox\
       lv_msgbox.obj                     0        56        0      
    +--+---------------------------------+--------+---------+---------+
       Total:                            0        56        0      
                                                                   
    .\middlewares\lvgl\src\widgets\roller\
       lv_roller.obj                     4592     56        0      
    +--+---------------------------------+--------+---------+---------+
       Total:                            4592     56        0      
                                                                   
    .\middlewares\lvgl\src\widgets\slider\
       lv_slider.obj                     3680     28        0      
    +--+---------------------------------+--------+---------+---------+
       Total:                            3680     28        0      
                                                                   
    .\middlewares\lvgl\src\widgets\spinbox\
       lv_spinbox.obj                    2296     28        0      
    +--+---------------------------------+--------+---------+---------+
       Total:                            2296     28        0      
                                                                   
    .\middlewares\lvgl\src\widgets\spinner\
       lv_spinner.obj                    380      28        8      
    +--+---------------------------------+--------+---------+---------+
       Total:                            380      28        8      
                                                                   
    .\middlewares\lvgl\src\widgets\switch\
       lv_switch.obj                     1552     28        0      
    +--+---------------------------------+--------+---------+---------+
       Total:                            1552     28        0      
                                                                   
    .\middlewares\lvgl\src\widgets\table\
       lv_table.obj                      7112     28        0      
    +--+---------------------------------+--------+---------+---------+
       Total:                            7112     28        0      
                                                                   
    .\middlewares\lvgl\src\widgets\tabview\
       lv_tabview.obj                    1872     28        4      
    +--+---------------------------------+--------+---------+---------+
       Total:                            1872     28        4      
                                                                   
    .\middlewares\lvgl\src\widgets\textarea\
       lv_textarea.obj                   7148     30        4      
    +--+---------------------------------+--------+---------+---------+
       Total:                            7148     30        4      
                                                                   
    .\middlewares\lvgl\src\widgets\tileview\
       lv_tileview.obj                   844      56        12     
    +--+---------------------------------+--------+---------+---------+
       Total:                            844      56        12     
                                                                   
    .\middlewares\lvgl\src\widgets\win\
       lv_win.obj                        332      28        2      
    +--+---------------------------------+--------+---------+---------+
       Total:                            332      28        2      
                                                                   
    .\thread\
       thread_display.obj                652      8         3313   
       thread_cli.obj                    48       0         1084   
       thread_modbus.obj                 14       0         0      
    +--+---------------------------------+--------+---------+---------+
       Total:                            714      8         4397   
                                                                   
    .\utils\
       uartstdio.obj                     1192     46        5      
       cli_commands.obj                  700      508       0      
    +--+---------------------------------+--------+---------+---------+
       Total:                            1892     554       5      
                                                                   
    C:/ti/TivaWare_C_Series-2.2.0.295/driverlib/ccs/Debug/driverlib.lib
       sysctl.obj                        1140     596       0      
       gpio.obj                          632      144       0      
       emac.obj                          594      24        0      
       interrupt.obj                     156      176       0      
       uart.obj                          148      0         0      
       flash.obj                         20       0         0      
       ssi.obj                           18       0         0      
       cpu.obj                           12       0         0      
    +--+---------------------------------+--------+---------+---------+
       Total:                            2720     940       0      
                                                                   
    C:\ti\ccs1200\ccs\tools\compiler\ti-cgt-arm_20.2.7.LTS\lib\rtsv7M4_T_le_v4SPD16_eabi.lib
       _printfi.c.obj                    4851     0         0      
       fd_add_t2.asm.obj                 438      0         0      
       fd_div_t2.asm.obj                 310      0         0      
       s_scalbn.c.obj                    272      0         0      
       fd_cmp_t2.asm.obj                 268      0         0      
       ctype.c.obj                       0        257       0      
       fd_mul_t2.asm.obj                 252      0         0      
       memcpy_t2.asm.obj                 156      0         0      
       ull_div_t2.asm.obj                150      0         0      
       snprintf.c.obj                    148      0         0      
       memset_t2.asm.obj                 122      0         0      
       copy_decompress_lzss.c.obj        104      0         0      
       s_frexp.c.obj                     100      0         0      
       sprintf.c.obj                     98       0         0      
       i_divt2.asm.obj                   94       0         0      
       _ltoa.c.obj                       84       0         0      
       atoi.c.obj                        76       0         0      
       fd_toi_t2.asm.obj                 72       0         0      
       autoinit.c.obj                    68       0         0      
       u_divt2.asm.obj                   64       0         0      
       rand.c.obj                        52       0         4      
       strncpy.c.obj                     54       0         0      
       boot_cortex_m.c.obj               52       0         0      
       i_tofd_t2.asm.obj                 46       0         0      
       strncmp.c.obj                     44       0         0      
       memmov.c.obj                      40       0         0      
       memcmp.c.obj                      36       0         0      
       strcat.c.obj                      30       0         0      
       memccpy.c.obj                     28       0         0      
       s_copysign.c.obj                  26       0         0      
       ll_mul_t2.asm.obj                 24       0         0      
       strcmp.c.obj                      24       0         0      
       strchr.c.obj                      22       0         0      
       strcpy.c.obj                      20       0         0      
       strlen.c.obj                      20       0         0      
       wcslen.c.obj                      18       0         0      
       copy_decompress_none.c.obj        14       0         0      
       copy_zero_init.c.obj              12       0         0      
       errno.c.obj                       8        0         4      
       _lock.c.obj                       2        0         8      
       exit.c.obj                        4        0         0      
       pre_init.c.obj                    4        0         0      
       div0.asm.obj                      2        0         0      
    +--+---------------------------------+--------+---------+---------+
       Total:                            8309     257       16     
                                                                   
       Heap:                             0        0         16     
       Stack:                            0        0         512    
       Linker Generated:                 0        310       0      
    +--+---------------------------------+--------+---------+---------+
       Grand Total:                      350499   21090     161790 


LINKER GENERATED COPY TABLES

__TI_cinit_table @ 0005abd0 records: 2, size/record: 8, table size: 16
	.data: load addr=0005aaa8, load size=00000112 bytes, run addr=20027394, run size=0000025a bytes, compression=lzss
	.bss: load addr=0005abc8, load size=00000008 bytes, run addr=20000000, run size=00027394 bytes, compression=zero_init


LINKER GENERATED HANDLER TABLE

__TI_handler_table @ 0005abbc records: 3, size/record: 4, table size: 12
	index: 0, handler: __TI_decompress_lzss
	index: 1, handler: __TI_decompress_none
	index: 2, handler: __TI_zero_init


GLOBAL SYMBOLS: SORTED ALPHABETICALLY BY Name 

address   name                                        
-------   ----                                        
0004fdc9  ButtonsInit                                 
0004fd29  ButtonsPoll                                 
00055b6f  C$$EXIT                                     
00055ae1  CPUcpsid                                    
00055669  EMACAddrSet                                 
00055565  EMACConfigGet                               
0005544d  EMACConfigSet                               
00055aa5  EMACFrameFilterSet                          
00054bf5  EMACInit                                    
00055599  EMACIntClear                                
00055413  EMACIntEnable                               
00055727  EMACIntStatus                               
000557d3  EMACPHYRead                                 
000557f9  EMACPHYWrite                                
00055b2d  EMACPowerManagementStatusGet                
00055b4d  EMACRxDMADescriptorListSet                  
0005598f  EMACRxEnable                                
00055b53  EMACTxDMADescriptorListSet                  
00055b35  EMACTxDMAPollDemand                         
000559a5  EMACTxEnable                                
00055a41  FlashUserGet                                
00050981  FreeRTOS_CLIGetOutputBuffer                 
00050985  FreeRTOS_CLIGetParameter                    
0005089b  FreeRTOS_CLIProcessCommand                  
0005085d  FreeRTOS_CLIRegisterCommand                 
0004328f  FreeRTOS_ClearARP                           
0001108b  FreeRTOS_EUI48_ntop                         
00011161  FreeRTOS_EUI48_pton                         
0003baaf  FreeRTOS_GetAddressConfiguration            
0003c201  FreeRTOS_GetDNSServerAddress                
0003c1fb  FreeRTOS_GetGatewayAddress                  
0003c1e5  FreeRTOS_GetIPAddress                       
0003b8bb  FreeRTOS_GetIPTaskHandle                    
0001135b  FreeRTOS_GetLocalAddress                    
0003c223  FreeRTOS_GetMACAddress                      
0003c207  FreeRTOS_GetNetmask                         
00011f2d  FreeRTOS_GetRemoteAddress                   
0003b937  FreeRTOS_GetUDPPayloadBuffer                
0003b985  FreeRTOS_IPInit                             
0003c24d  FreeRTOS_IsNetworkUp                        
0003b8eb  FreeRTOS_NetworkDown                        
0003b90d  FreeRTOS_NetworkDownFromISR                 
0004312f  FreeRTOS_OutputARPRequest                   
0003bb4d  FreeRTOS_ReleaseTCPPayloadBuffer            
0003bb35  FreeRTOS_ReleaseUDPPayloadBuffer            
0003baef  FreeRTOS_SetAddressConfiguration            
0003c237  FreeRTOS_SetGatewayAddress                  
0003c1eb  FreeRTOS_SetIPAddress                       
0003c227  FreeRTOS_SetNetmask                         
0003c20d  FreeRTOS_UpdateMACAddress                   
00011585  FreeRTOS_accept                             
00010729  FreeRTOS_bind                               
00010869  FreeRTOS_closesocket                        
000114f5  FreeRTOS_connect                            
000120e1  FreeRTOS_connstatus                         
00011d4d  FreeRTOS_get_rx_buf                         
00011931  FreeRTOS_get_tx_head                        
00011341  FreeRTOS_inet_addr                          
00010e73  FreeRTOS_inet_ntoa                          
00010f7b  FreeRTOS_inet_ntop                          
00010fad  FreeRTOS_inet_ntop4                         
00010f4b  FreeRTOS_inet_pton                          
00011219  FreeRTOS_inet_pton4                         
00012075  FreeRTOS_issocketconnected                  
00011aeb  FreeRTOS_listen                             
00041fe9  FreeRTOS_max_int32                          
0004201d  FreeRTOS_max_size_t                         
00042003  FreeRTOS_max_uint32                         
00011f8f  FreeRTOS_maywrite                           
00042037  FreeRTOS_min_int32                          
0004206b  FreeRTOS_min_size_t                         
00042051  FreeRTOS_min_uint32                         
000120b3  FreeRTOS_mss                                
00012163  FreeRTOS_netstat                            
000116db  FreeRTOS_recv                               
000104f1  FreeRTOS_recvfrom                           
000420af  FreeRTOS_round_down                         
00042085  FreeRTOS_round_up                           
0001210b  FreeRTOS_rx_size                            
000119a3  FreeRTOS_send                               
00010637  FreeRTOS_sendto                             
00010a85  FreeRTOS_setsockopt                         
00011bab  FreeRTOS_shutdown                           
000103e1  FreeRTOS_socket                             
00041f05  FreeRTOS_strerror_r                         
0001203d  FreeRTOS_tx_size                            
00011ff7  FreeRTOS_tx_space                           
00055753  GPIODirModeSet                              
000530c9  GPIOPadConfigSet                            
00055155  GPIOPinConfigure                            
00055b59  GPIOPinRead                                 
000559bb  GPIOPinTypeEthernetLED                      
[...]
00051027  xTCPWindowTxDone                            
00051069  xTCPWindowTxHasData                         
000510e1  ulTCPWindowTxAck                            
00051153  xTCPWindowRxEmpty                           
00051165  vTCPWindowDestroy                           
00051175  vRegisterCLICommands                        
0005147b  lv_draw_sw_layer_create                     
000515c1  lv_draw_sw_layer_adjust                     
00051611  lv_draw_sw_layer_blend                      
000516af  lv_draw_sw_layer_destroy                    
000516df  prvDisplayTask                              
0005194d  xCalculateSleepTime                         
000519a5  vCheckNetworkTimers                         
00051a6b  vIPTimerStartARPResolution                  
00051a91  vTCPTimerReload                             
00051a9f  vARPTimerReload                             
00051aad  vDHCPTimerReload                            
00051b13  vIPSetTCPTimerExpiredState                  
00051b41  vIPSetARPTimerEnableState                   
00051b65  vIPSetARPResolutionTimerEnableState         
00051b89  vIPSetDHCPTimerEnableState                  
00051e71  lv_calendar_header_arrow_create             
0005209f  xNetworkBuffersInitialise                   
00052133  pxGetNetworkBufferWithDescriptor            
000521bf  pxNetworkBufferGetFromISR                   
0005220f  vNetworkBufferReleaseFromISR                
00052247  vReleaseNetworkBufferAndDescriptor          
00052291  uxGetMinimumFreeNetworkBuffers              
00052297  uxGetNumberOfFreeNetworkBuffers             
0005229d  pxResizeNetworkBufferWithDescriptor         
000522c9  SysCtlClockFreqSet                          
000524c9  vProcessGeneratedUDPPacket                  
0005260b  xProcessReceivedUDPPacket                   
000526bf  lv_indev_drv_init                           
000526f9  lv_indev_drv_register                       
00052757  lv_indev_drv_update                         
000527c7  lv_indev_delete                             
000527fd  lv_indev_get_next                           
00052817  _lv_indev_read                              
00052a59  __aeabi_dsub                                
00052a63  __aeabi_dadd                                
00052c11  lv_calendar_header_dropdown_create          
00052dc1  lv_mem_init_builtin                         
00052dd3  lv_mem_deinit_builtin                       
00052de3  lv_mem_monitor_builtin                      
00052e59  lv_malloc_builtin                           
00052e8d  lv_realloc_builtin                          
00052ea1  lv_free_builtin                             
00052ecf  lv_mem_test_builtin                         
00052fcd  lv_spinner_create                           
000530c9  GPIOPadConfigSet                            
000532e9  lv_draw_rect_dsc_init                       
00053369  lv_draw_rect                                
0005339d  lv_win_create                               
000533c1  lv_win_add_title                            
000533f9  lv_win_add_btn                              
00053447  lv_win_get_header                           
00053455  lv_win_get_content                          
000534e9  lv_font_get_glyph_bitmap                    
00053503  lv_font_get_glyph_dsc                       
0005360b  lv_font_get_glyph_width                     
00053641  lv_theme_get_from_obj                       
0005365f  lv_theme_apply                              
0005367f  lv_theme_set_parent                         
00053691  lv_theme_set_apply_cb                       
000536a3  lv_theme_get_font_small                     
000536bd  lv_theme_get_font_normal                    
000536d7  lv_theme_get_font_large                     
000536f1  lv_theme_get_color_primary                  
00053717  lv_theme_get_color_secondary                
000538ad  pxPortInitialiseStack                       
00053917  xPortStartScheduler                         
0005394d  vPortEndScheduler                           
0005394f  vPortEnterCritical                          
0005396f  vPortExitCritical                           
00053985  xPortSysTickHandler                         
000539ab  vPortSetupTimerInterrupt                    
000539e9  __aeabi_ddiv                                
00053b21  xSequenceLessThan                           
00053b43  xSequenceGreaterThan                        
00053b65  vTCPWindowCreate                            
00053b97  vTCPWindowInit                              
00053c4d  vListInitialise                             
00053c7d  vListInitialiseItem                         
00053c8d  vListInsertEnd                              
00053cc9  vListInsert                                 
00053d2f  uxListRemove                                
00053eaf  lv_draw_layer_create                        
00053f39  lv_draw_layer_adjust                        
00053f5b  lv_draw_layer_blend                         
00053f79  lv_draw_layer_destroy                       
00053fc1  SysCtlClockGet                              
000540d9  ldexp                                       
000540d9  ldexpl                                      
000540d9  scalbn                                      
000540d9  scalbnl                                     
000541e9  __aeabi_dmul                                
000542f7  _lv_gc_clear_roots                          
000543d5  lv_malloc                                   
000543f3  lv_free                                     
0005440b  lv_realloc                                  
00054445  lv_memcpy                                   
00054459  lv_memset                                   
00054471  lv_strlen                                   
0005447d  lv_strncpy                                  
00054491  lv_mem_test                                 
000544a7  lv_mem_monitor                              
000544c5  lv_async_call                               
00054513  lv_async_call_cancel                        
000545b1  ulPortGetIPSR                               
000545c9  xPortPendSVHandler                          
00054629  vPortSVCHandler                             
00054649  vPortStartFirstTask                         
0005466d  vPortEnableVFP                              
000546e9  lv_draw_line_dsc_init                       
0005470b  lv_draw_line                                
00054739  ProcessICMPPacket                           
000548b3  _lv_img_cache_open                          
00054923  lv_img_cache_set_size                       
0005492f  lv_img_cache_invalidate_src                 
0005493d  __aeabi_memcpy                              
0005493d  __aeabi_memcpy4                             
0005493d  __aeabi_memcpy8                             
0005493d  memcpy                                      
000549d9  __aeabi_uldivmod                            
00054a6f  __aeabi_cdcmpeq                             
00054a6f  __aeabi_cdcmple                             
00054af5  __aeabi_cdrcmple                            
00054b7b  __aeabi_memclr                              
00054b7b  __aeabi_memclr4                             
00054b7b  __aeabi_memclr8                             
00054b7d  __aeabi_memset                              
00054b7d  __aeabi_memset4                             
00054b7d  __aeabi_memset8                             
00054b83  memset                                      
00054bf5  EMACInit                                    
00054c6d  lv_tick_inc                                 
00054c87  lv_tick_get                                 
00054ca5  lv_tick_elaps                               
00054ce1  _lv_utils_bsearch                           
00054dc5  IntEnable                                   
00054e2d  __TI_decompress_lzss                        
00054e95  frexp                                       
00054e95  frexpl                                      
00054ef9  prvSocketSetMSS                             
00054f59  __aeabi_idiv                                
00054f59  __aeabi_idivmod                             
0005500d  __TI_ltoa                                   
000550b5  SysCtlPeripheralReset                       
00055105  lv_draw_transform                           
00055155  GPIOPinConfigure                            
000551a1  atoi                                        
000551ed  snprintf                                    
00055281  __aeabi_d2iz                                
000552c9  UARTConfigSetExpClk                         
00055311  __TI_auto_init_nobinit_nopinit              
00055355  __aeabi_uidiv                               
00055355  __aeabi_uidivmod                            
00055395  sprintf                                     
00055413  EMACIntEnable                               
0005544d  EMACConfigSet                               
00055485  SysCtlPeripheralPresent                     
000554bd  SysCtlPeripheralReady                       
000554f5  lv_btn_create                               
0005552d  strncpy                                     
00055565  EMACConfigGet                               
00055599  EMACIntClear                                
000555cd  SysCtlPeripheralEnable                      
00055601  _c_int00_noargs                             
00055635  rand                                        
00055669  EMACAddrSet                                 
000556c9  prvCommandInterpreterTask                   
000556f9  __aeabi_i2d                                 
00055727  EMACIntStatus                               
00055753  GPIODirModeSet                              
0005577f  strncmp                                     
000557ab  memmove                                     
000557d3  EMACPHYRead                                 
000557f9  EMACPHYWrite                                
00055821  IntPrioritySet                              
00055845  memcmp                                      
00055869  UARTDisable                                 
000558a9  strcat                                      
000558c7  memccpy                                     
000558e3  GPIOPinTypeGPIOOutput                       
000558fd  copysign                                    
000558fd  copysignl                                   
00055947  lv_draw_init                                
00055949  lv_draw_wait_for_finish                     
0005595f  __aeabi_lmul                                
00055977  strcmp                                      
0005598f  EMACRxEnable                                
000559a5  EMACTxEnable                                
000559bb  GPIOPinTypeEthernetLED                      
000559d1  GPIOPinTypeGPIOInput                        
000559e7  GPIOPinTypeUART                             
000559fd  GPIOPinTypeUSBAnalog                        
00055a13  GPIOPinTypeUSBDigital                       
00055a29  strchr                                      
00055a41  FlashUserGet                                
00055a55  UARTEnable                                  
00055a69  strcpy                                      
00055a7d  strlen                                      
00055a91  wcslen                                      
00055aa5  EMACFrameFilterSet                          
00055ab5  IntMasterDisable                            
00055ac5  __TI_decompress_none                        
00055ad3  prvModbusTask                               
00055ae1  CPUcpsid                                    
00055aed  __TI_zero_init                              
00055af9  ResetISR                                    
00055b05  SSIDataPut                                  
00055b0f  UARTCharGet                                 
00055b19  UARTCharPut                                 
00055b2d  EMACPowerManagementStatusGet                
00055b35  EMACTxDMAPollDemand                         
00055b3d  SSIBusy                                     
00055b45  __aeabi_errno_addr                          
00055b4d  EMACRxDMADescriptorListSet                  
00055b53  EMACTxDMADescriptorListSet                  
00055b59  GPIOPinRead                                 
00055b5f  GPIOPinWrite                                
00055b65  UARTClockSourceSet                          
00055b6b  _system_pre_init                            
00055b6f  C$$EXIT                                     
00055b6f  abort                                       
000595e4  _ctypes_                                    
000596e5  _lv_bpp8_opa_table                          
00059ee8  _lv_style_builtin_prop_flag_lookup_table    
0005a271  _lv_bpp1_opa_table                          
0005a384  lv_arc_class                                
0005a3a0  lv_bar_class                                
0005a3bc  lv_btn_class                                
0005a3d8  lv_btnmatrix_class                          
0005a3f4  lv_calendar_class                           
0005a410  lv_calendar_header_arrow_class              
0005a42c  lv_calendar_header_dropdown_class           
0005a448  lv_chart_class                              
0005a464  lv_checkbox_class                           
0005a480  lv_colorwheel_class                         
0005a49c  lv_dropdown_class                           
0005a4b8  lv_dropdownlist_class                       
0005a4d4  lv_font_montserrat_14                       
0005a4f0  lv_img_class                                
0005a50c  lv_keyboard_class                           
0005a528  lv_label_class                              
0005a544  lv_led_class                                
0005a560  lv_line_class                               
0005a57c  lv_list_btn_class                           
0005a598  lv_list_class                               
0005a5b4  lv_list_text_class                          
0005a5d0  lv_menu_class                               
0005a5ec  lv_menu_cont_class                          
0005a608  lv_menu_main_cont_class                     
0005a624  lv_menu_main_header_cont_class              
0005a640  lv_menu_page_class                          
0005a65c  lv_menu_section_class                       
0005a678  lv_menu_separator_class                     
0005a694  lv_menu_sidebar_cont_class                  
0005a6b0  lv_menu_sidebar_header_cont_class           
0005a6cc  lv_meter_class                              
0005a6e8  lv_msgbox_backdrop_class                    
0005a704  lv_msgbox_class                             
0005a720  lv_obj_class                                
0005a73c  lv_roller_class                             
0005a758  lv_roller_label_class                       
0005a774  lv_slider_class                             
0005a790  lv_spinbox_class                            
0005a7ac  lv_spinner_class                            
0005a7c8  lv_switch_class                             
0005a7e4  lv_table_class                              
0005a800  lv_tabview_class                            
0005a81c  lv_textarea_class                           
0005a838  lv_tileview_class                           
0005a854  lv_tileview_tile_class                      
0005a870  lv_win_class                                
0005a95e  _lv_bpp4_opa_table                          
0005aa58  xBroadcastMACAddress                        
0005aa8c  _lv_bpp2_opa_table                          
0005aa90  xBufferAllocFixedSize                       
0005aa98  ulMaxSyscallInterruptPriority               
0005aa9c  uxTopUsedPriority                           
0005aaa4  xPHYProperties                              
0005abbc  __TI_Handler_Table_Base                     
0005abc8  __TI_Handler_Table_Limit                    
0005abd0  __TI_CINIT_Base                             
0005abe0  __TI_CINIT_Limit                            
20000000  __start___llvm_prf_cnts                     
20000000  __stop___llvm_prf_cnts                      
20026e20  _lv_draw_mask_list                          
20026f18  _lv_circle_cache                            
20026f88  xQueueRegistry                              
200270a0  _lv_img_cache_single                        
200271d0  xBoundTCPSocketsList                        
200271e4  xBoundUDPSocketsList                        
20027254  _lv_anim_ll                                 
20027260  _lv_disp_ll                                 
2002726c  _lv_fsdrv_ll                                
20027278  _lv_group_ll                                
20027284  _lv_img_decoder_ll                          
20027290  _lv_indev_ll                                
2002729c  _lv_obj_style_trans_ll                      
200272a8  _lv_timer_ll                                
200272b4  _subs_ll                                    
2002733c  _lv_grad_cache_mem                          
20027340  _lv_layout_list                             
20027344  _lv_style_custom_prop_flag_lookup_table     
20027348  _lv_theme_basic_styles                      
2002734c  _lv_theme_default_styles                    
20027350  _lv_timer_act                               
20027354  g_ui32SysClock                              
20027358  led1                                        
2002735c  led2                                        
20027360  xProcessedTCPMessage                        
20027372  LV_LAYOUT_FLEX                              
20027374  LV_LAYOUT_GRID                              
20027376  LV_STYLE_FLEX_CROSS_PLACE                   
20027378  LV_STYLE_FLEX_FLOW                          
2002737a  LV_STYLE_FLEX_GROW                          
2002737c  LV_STYLE_FLEX_MAIN_PLACE                    
2002737e  LV_STYLE_FLEX_TRACK_PLACE                   
20027380  LV_STYLE_GRID_CELL_COLUMN_POS               
20027382  LV_STYLE_GRID_CELL_COLUMN_SPAN              
20027384  LV_STYLE_GRID_CELL_ROW_POS                  
20027386  LV_STYLE_GRID_CELL_ROW_SPAN                 
20027388  LV_STYLE_GRID_CELL_X_ALIGN                  
2002738a  LV_STYLE_GRID_CELL_Y_ALIGN                  
2002738c  LV_STYLE_GRID_COLUMN_ALIGN                  
2002738e  LV_STYLE_GRID_COLUMN_DSC_ARRAY              
20027390  LV_STYLE_GRID_ROW_ALIGN                     
20027392  LV_STYLE_GRID_ROW_DSC_ARRAY                 
20027394  pxCurrentTCB                                
20027440  _lv_txt_encoded_size                        
20027444  _lv_txt_unicode_to_encoded                  
20027448  _lv_txt_encoded_conv_wc                     
2002744c  _lv_txt_encoded_next                        
20027450  _lv_txt_encoded_prev                        
20027454  _lv_txt_encoded_get_byte_id                 
20027458  _lv_txt_encoded_get_char_id                 
2002745c  _lv_txt_get_encoded_length                  
20027460  pxARPWaitingNetworkBuffer                   
20027464  xNetworkEventQueue                          
20027468  usPacketIdentifier                          
200274cc  xDefaultPartUDPPacketHeader                 
200274e4  xDefaultAddressing                          
200274f8  xNetworkAddressing                          
20027558  _lock                                       
2002755c  _unlock                                     
200275a0  _lv_style_custom_prop_flag_lookup_table_size
200275c4  xTCPWindowLoggingLevel                      
200275e4  errno                                       
200275f0  __stack                                     
200277f0  __STACK_END                                 
200277f0  _sys_memory                                 
200285f0  __STACK_TOP                                 
ffffffff  __TI_pprof_out_hndl                         
ffffffff  __TI_prof_data_size                         
ffffffff  __TI_prof_data_start                        
ffffffff  __binit__                                   
ffffffff  __c_args__                                  
ffffffff  binit                                       
UNDEFED   __mpu_init                                  
UNDEFED   _system_post_cinit                          

[1648 symbols]
