<?xml version="1.0" encoding="ISO-8859-1" ?>
<link_info>
   <banner>TI ARM Linker PC v20.2.7.LTS</banner>
   <copyright>Copyright (c) 1996-2018 Texas Instruments Incorporated</copyright>
   <link_time>0x63076894</link_time>
   <link_errors>0x0</link_errors>
   <output_file>Tivana.out</output_file>
   <entry_point>
      <name>_c_int00_noargs</name>
      <address>0x3fb9</address>
   </entry_point>
   <input_file_list>
      <input_file id="fl-2">
         <path>.\</path>
         <kind>object</kind>
         <file>main.obj</file>
         <name>main.obj</name>
      </input_file>
      <input_file id="fl-3">
         <path>.\</path>
         <kind>object</kind>
         <file>tm4c1294ncpdt_startup_ccs.obj</file>
         <name>tm4c1294ncpdt_startup_ccs.obj</name>
      </input_file>
      <input_file id="fl-4">
         <path>.\drivers\</path>
         <kind>object</kind>
         <file>rtos_hw_drivers.obj</file>
         <name>rtos_hw_drivers.obj</name>
      </input_file>
      <input_file id="fl-5">
         <path>.\middlewares\FreeRTOS\Source\</path>
         <kind>object</kind>
         <file>croutine.obj</file>
         <name>croutine.obj</name>
      </input_file>
      <input_file id="fl-6">
         <path>.\middlewares\FreeRTOS\Source\</path>
         <kind>object</kind>
         <file>event_groups.obj</file>
         <name>event_groups.obj</name>
      </input_file>
      <input_file id="fl-7">
         <path>.\middlewares\FreeRTOS\Source\</path>
         <kind>object</kind>
         <file>list.obj</file>
         <name>list.obj</name>
      </input_file>
      <input_file id="fl-8">
         <path>.\middlewares\FreeRTOS\Source\</path>
         <kind>object</kind>
         <file>queue.obj</file>
         <name>queue.obj</name>
      </input_file>
      <input_file id="fl-9">
         <path>.\middlewares\FreeRTOS\Source\</path>
         <kind>object</kind>
         <file>stream_buffer.obj</file>
         <name>stream_buffer.obj</name>
      </input_file>
      <input_file id="fl-a">
         <path>.\middlewares\FreeRTOS\Source\</path>
         <kind>object</kind>
         <file>tasks.obj</file>
         <name>tasks.obj</name>
      </input_file>
      <input_file id="fl-b">
         <path>.\middlewares\FreeRTOS\Source\</path>
         <kind>object</kind>
         <file>timers.obj</file>
         <name>timers.obj</name>
      </input_file>
      <input_file id="fl-c">
         <path>.\middlewares\FreeRTOS\Source\portable\CCS\ARM_CM4F\</path>
         <kind>object</kind>
         <file>port.obj</file>
         <name>port.obj</name>
      </input_file>
      <input_file id="fl-d">
         <path>.\middlewares\FreeRTOS\Source\portable\CCS\ARM_CM4F\</path>
         <kind>object</kind>
         <file>portasm.obj</file>
         <name>portasm.obj</name>
      </input_file>
      <input_file id="fl-e">
         <path>.\middlewares\FreeRTOS\Source\portable\MemMang\</path>
         <kind>object</kind>
         <file>heap_4.obj</file>
         <name>heap_4.obj</name>
      </input_file>
      <input_file id="fl-f">
         <path>.\middlewares\FreeRTOS-Plus-CLI\</path>
         <kind>object</kind>
         <file>FreeRTOS_CLI.obj</file>
         <name>FreeRTOS_CLI.obj</name>
      </input_file>
      <input_file id="fl-10">
         <path>.\utils\</path>
         <kind>object</kind>
         <file>uartstdio.obj</file>
         <name>uartstdio.obj</name>
      </input_file>
      <input_file id="fl-11">
         <path>.\utils\</path>
         <kind>object</kind>
         <file>ustdlib.obj</file>
         <name>ustdlib.obj</name>
      </input_file>
      <input_file id="fl-16">
         <kind>object</kind>
         <file>&lt;internal&gt;</file>
         <name>&lt;internal&gt;</name>
      </input_file>
      <input_file id="fl-cc">
         <path>C:\ti\ccs1200\ccs\tools\compiler\ti-cgt-arm_20.2.7.LTS\lib\</path>
         <kind>archive</kind>
         <file>rtsv7M4_T_le_v4SPD16_eabi.lib</file>
         <name>memcpy_t2.asm.obj</name>
      </input_file>
      <input_file id="fl-cd">
         <path>C:\ti\ccs1200\ccs\tools\compiler\ti-cgt-arm_20.2.7.LTS\lib\</path>
         <kind>archive</kind>
         <file>rtsv7M4_T_le_v4SPD16_eabi.lib</file>
         <name>memset_t2.asm.obj</name>
      </input_file>
      <input_file id="fl-ce">
         <path>C:\ti\ccs1200\ccs\tools\compiler\ti-cgt-arm_20.2.7.LTS\lib\</path>
         <kind>archive</kind>
         <file>rtsv7M4_T_le_v4SPD16_eabi.lib</file>
         <name>u_divt2.asm.obj</name>
      </input_file>
      <input_file id="fl-cf">
         <path>C:\ti\ccs1200\ccs\tools\compiler\ti-cgt-arm_20.2.7.LTS\lib\</path>
         <kind>archive</kind>
         <file>rtsv7M4_T_le_v4SPD16_eabi.lib</file>
         <name>copy_zero_init.c.obj</name>
      </input_file>
      <input_file id="fl-d0">
         <path>C:\ti\ccs1200\ccs\tools\compiler\ti-cgt-arm_20.2.7.LTS\lib\</path>
         <kind>archive</kind>
         <file>rtsv7M4_T_le_v4SPD16_eabi.lib</file>
         <name>copy_decompress_none.c.obj</name>
      </input_file>
      <input_file id="fl-d1">
         <path>C:\ti\ccs1200\ccs\tools\compiler\ti-cgt-arm_20.2.7.LTS\lib\</path>
         <kind>archive</kind>
         <file>rtsv7M4_T_le_v4SPD16_eabi.lib</file>
         <name>copy_decompress_lzss.c.obj</name>
      </input_file>
      <input_file id="fl-d2">
         <path>C:\ti\ccs1200\ccs\tools\compiler\ti-cgt-arm_20.2.7.LTS\lib\</path>
         <kind>archive</kind>
         <file>rtsv7M4_T_le_v4SPD16_eabi.lib</file>
         <name>strlen.c.obj</name>
      </input_file>
      <input_file id="fl-d3">
         <path>C:\ti\ccs1200\ccs\tools\compiler\ti-cgt-arm_20.2.7.LTS\lib\</path>
         <kind>archive</kind>
         <file>rtsv7M4_T_le_v4SPD16_eabi.lib</file>
         <name>strncmp.c.obj</name>
      </input_file>
      <input_file id="fl-d4">
         <path>C:\ti\ccs1200\ccs\tools\compiler\ti-cgt-arm_20.2.7.LTS\lib\</path>
         <kind>archive</kind>
         <file>rtsv7M4_T_le_v4SPD16_eabi.lib</file>
         <name>strncpy.c.obj</name>
      </input_file>
      <input_file id="fl-d5">
         <path>C:\ti\ccs1200\ccs\tools\compiler\ti-cgt-arm_20.2.7.LTS\lib\</path>
         <kind>archive</kind>
         <file>rtsv7M4_T_le_v4SPD16_eabi.lib</file>
         <name>boot_cortex_m.c.obj</name>
      </input_file>
      <input_file id="fl-d6">
         <path>C:\ti\ccs1200\ccs\tools\compiler\ti-cgt-arm_20.2.7.LTS\lib\</path>
         <kind>archive</kind>
         <file>rtsv7M4_T_le_v4SPD16_eabi.lib</file>
         <name>div0.asm.obj</name>
      </input_file>
      <input_file id="fl-d7">
         <path>C:\ti\ccs1200\ccs\tools\compiler\ti-cgt-arm_20.2.7.LTS\lib\</path>
         <kind>archive</kind>
         <file>rtsv7M4_T_le_v4SPD16_eabi.lib</file>
         <name>autoinit.c.obj</name>
      </input_file>
      <input_file id="fl-d8">
         <path>C:\ti\ccs1200\ccs\tools\compiler\ti-cgt-arm_20.2.7.LTS\lib\</path>
         <kind>archive</kind>
         <file>rtsv7M4_T_le_v4SPD16_eabi.lib</file>
         <name>pre_init.c.obj</name>
      </input_file>
      <input_file id="fl-d9">
         <path>C:\ti\ccs1200\ccs\tools\compiler\ti-cgt-arm_20.2.7.LTS\lib\</path>
         <kind>archive</kind>
         <file>rtsv7M4_T_le_v4SPD16_eabi.lib</file>
         <name>cpy_tbl.c.obj</name>
      </input_file>
      <input_file id="fl-da">
         <path>C:\ti\ccs1200\ccs\tools\compiler\ti-cgt-arm_20.2.7.LTS\lib\</path>
         <kind>archive</kind>
         <file>rtsv7M4_T_le_v4SPD16_eabi.lib</file>
         <name>exit.c.obj</name>
      </input_file>
      <input_file id="fl-db">
         <path>C:\ti\ccs1200\ccs\tools\compiler\ti-cgt-arm_20.2.7.LTS\lib\</path>
         <kind>archive</kind>
         <file>rtsv7M4_T_le_v4SPD16_eabi.lib</file>
         <name>_lock.c.obj</name>
      </input_file>
      <input_file id="fl-dc">
         <path>C:\ti\ccs1200\ccs\tools\compiler\ti-cgt-arm_20.2.7.LTS\lib\</path>
         <kind>archive</kind>
         <file>rtsv7M4_T_le_v4SPD16_eabi.lib</file>
         <name>args_main.c.obj</name>
      </input_file>
      <input_file id="fl-dd">
         <path>C:\ti\TivaWare_C_Series-2.2.0.295\driverlib\ccs\Debug\</path>
         <kind>archive</kind>
         <file>driverlib.lib</file>
         <name>gpio.obj</name>
      </input_file>
      <input_file id="fl-de">
         <path>C:\ti\TivaWare_C_Series-2.2.0.295\driverlib\ccs\Debug\</path>
         <kind>archive</kind>
         <file>driverlib.lib</file>
         <name>interrupt.obj</name>
      </input_file>
      <input_file id="fl-df">
         <path>C:\ti\TivaWare_C_Series-2.2.0.295\driverlib\ccs\Debug\</path>
         <kind>archive</kind>
         <file>driverlib.lib</file>
         <name>sysctl.obj</name>
      </input_file>
      <input_file id="fl-e0">
         <path>C:\ti\TivaWare_C_Series-2.2.0.295\driverlib\ccs\Debug\</path>
         <kind>archive</kind>
         <file>driverlib.lib</file>
         <name>uart.obj</name>
      </input_file>
      <input_file id="fl-e1">
         <path>C:\ti\TivaWare_C_Series-2.2.0.295\driverlib\ccs\Debug\</path>
         <kind>archive</kind>
         <file>driverlib.lib</file>
         <name>cpu.obj</name>
      </input_file>
   </input_file_list>
   <object_component_list>
      <object_component id="oc-12">
         <name>.intvecs</name>
         <load_address>0x0</load_address>
         <run_address>0x0</run_address>
         <size>0x208</size>
         <input_file_ref idref="fl-3"/>
      </object_component>
      <object_component id="oc-7f">
         <name>.text</name>
         <load_address>0x208</load_address>
         <run_address>0x208</run_address>
         <size>0x2118</size>
         <input_file_ref idref="fl-a"/>
      </object_component>
      <object_component id="oc-c2">
         <name>.text</name>
         <load_address>0x2320</load_address>
         <run_address>0x2320</run_address>
         <size>0x5d8</size>
         <input_file_ref idref="fl-2"/>
      </object_component>
      <object_component id="oc-13d">
         <name>.text</name>
         <load_address>0x28f8</load_address>
         <run_address>0x28f8</run_address>
         <size>0x4a8</size>
         <input_file_ref idref="fl-10"/>
      </object_component>
      <object_component id="oc-de">
         <name>.text</name>
         <load_address>0x2da0</load_address>
         <run_address>0x2da0</run_address>
         <size>0x3a0</size>
         <input_file_ref idref="fl-e"/>
      </object_component>
      <object_component id="oc-137">
         <name>.text</name>
         <load_address>0x3140</load_address>
         <run_address>0x3140</run_address>
         <size>0x368</size>
         <input_file_ref idref="fl-4"/>
      </object_component>
      <object_component id="oc-149">
         <name>.text:SysCtlClockFreqSet</name>
         <load_address>0x34a8</load_address>
         <run_address>0x34a8</run_address>
         <size>0x200</size>
         <input_file_ref idref="fl-df"/>
      </object_component>
      <object_component id="oc-209">
         <name>.text:GPIOPadConfigSet</name>
         <load_address>0x36a8</load_address>
         <run_address>0x36a8</run_address>
         <size>0x16c</size>
         <input_file_ref idref="fl-dd"/>
      </object_component>
      <object_component id="oc-32">
         <name>.text</name>
         <load_address>0x3814</load_address>
         <run_address>0x3814</run_address>
         <size>0x13c</size>
         <input_file_ref idref="fl-c"/>
      </object_component>
      <object_component id="oc-e4">
         <name>.text</name>
         <load_address>0x3950</load_address>
         <run_address>0x3950</run_address>
         <size>0x12a</size>
         <input_file_ref idref="fl-7"/>
      </object_component>
      <object_component id="oc-2f1">
         <name>.text</name>
         <load_address>0x3a7a</load_address>
         <run_address>0x3a7a</run_address>
         <size>0x2</size>
         <input_file_ref idref="fl-d6"/>
      </object_component>
      <object_component id="oc-14f">
         <name>.text:SysCtlClockGet</name>
         <load_address>0x3a7c</load_address>
         <run_address>0x3a7c</run_address>
         <size>0x118</size>
         <input_file_ref idref="fl-df"/>
      </object_component>
      <object_component id="oc-2d">
         <name>.text</name>
         <load_address>0x3b94</load_address>
         <run_address>0x3b94</run_address>
         <size>0xda</size>
         <input_file_ref idref="fl-d"/>
      </object_component>
      <object_component id="oc-46">
         <name>.text</name>
         <load_address>0x3c6e</load_address>
         <run_address>0x3c6e</run_address>
         <size>0x9c</size>
         <input_file_ref idref="fl-cc"/>
      </object_component>
      <object_component id="oc-b6">
         <name>.text</name>
         <load_address>0x3d0a</load_address>
         <run_address>0x3d0a</run_address>
         <size>0x7a</size>
         <input_file_ref idref="fl-cd"/>
      </object_component>
      <object_component id="oc-15">
         <name>.text:decompress:lzss:__TI_decompress_lzss</name>
         <load_address>0x3d84</load_address>
         <run_address>0x3d84</run_address>
         <size>0x68</size>
         <input_file_ref idref="fl-d1"/>
      </object_component>
      <object_component id="oc-1eb">
         <name>.text:GPIOPinConfigure</name>
         <load_address>0x3dec</load_address>
         <run_address>0x3dec</run_address>
         <size>0x4c</size>
         <input_file_ref idref="fl-dd"/>
      </object_component>
      <object_component id="oc-275">
         <name>.text:_SysCtlFrequencyGet</name>
         <load_address>0x3e38</load_address>
         <run_address>0x3e38</run_address>
         <size>0x48</size>
         <input_file_ref idref="fl-df"/>
      </object_component>
      <object_component id="oc-238">
         <name>.text:UARTConfigSetExpClk</name>
         <load_address>0x3e80</load_address>
         <run_address>0x3e80</run_address>
         <size>0x46</size>
         <input_file_ref idref="fl-e0"/>
      </object_component>
      <object_component id="oc-16e">
         <name>.text:__TI_auto_init_nobinit_nopinit:__TI_auto_init_nobinit_nopinit</name>
         <load_address>0x3ec8</load_address>
         <run_address>0x3ec8</run_address>
         <size>0x44</size>
         <input_file_ref idref="fl-d7"/>
      </object_component>
      <object_component id="oc-259">
         <name>.text</name>
         <load_address>0x3f0c</load_address>
         <run_address>0x3f0c</run_address>
         <size>0x40</size>
         <input_file_ref idref="fl-ce"/>
      </object_component>
      <object_component id="oc-232">
         <name>.text:SysCtlPeripheralPresent</name>
         <load_address>0x3f4c</load_address>
         <run_address>0x3f4c</run_address>
         <size>0x38</size>
         <input_file_ref idref="fl-df"/>
      </object_component>
      <object_component id="oc-1e5">
         <name>.text:SysCtlPeripheralEnable</name>
         <load_address>0x3f84</load_address>
         <run_address>0x3f84</run_address>
         <size>0x34</size>
         <input_file_ref idref="fl-df"/>
      </object_component>
      <object_component id="oc-64">
         <name>.text:_c_int00_noargs:_c_int00_noargs</name>
         <load_address>0x3fb8</load_address>
         <run_address>0x3fb8</run_address>
         <size>0x34</size>
         <input_file_ref idref="fl-d5"/>
      </object_component>
      <object_component id="oc-227">
         <name>.text:GPIODirModeSet</name>
         <load_address>0x3fec</load_address>
         <run_address>0x3fec</run_address>
         <size>0x2c</size>
         <input_file_ref idref="fl-dd"/>
      </object_component>
      <object_component id="oc-2e1">
         <name>.text:UARTDisable</name>
         <load_address>0x4018</load_address>
         <run_address>0x4018</run_address>
         <size>0x20</size>
         <input_file_ref idref="fl-e0"/>
      </object_component>
      <object_component id="oc-26f">
         <name>.text:_SysCtlMemTimingGet</name>
         <load_address>0x4038</load_address>
         <run_address>0x4038</run_address>
         <size>0x20</size>
         <input_file_ref idref="fl-df"/>
      </object_component>
      <object_component id="oc-215">
         <name>.text:GPIOPinTypeGPIOOutput</name>
         <load_address>0x4058</load_address>
         <run_address>0x4058</run_address>
         <size>0x1a</size>
         <input_file_ref idref="fl-dd"/>
      </object_component>
      <object_component id="oc-20f">
         <name>.text:GPIOPinTypeEthernetLED</name>
         <load_address>0x4072</load_address>
         <run_address>0x4072</run_address>
         <size>0x16</size>
         <input_file_ref idref="fl-dd"/>
      </object_component>
      <object_component id="oc-203">
         <name>.text:GPIOPinTypeGPIOInput</name>
         <load_address>0x4088</load_address>
         <run_address>0x4088</run_address>
         <size>0x16</size>
         <input_file_ref idref="fl-dd"/>
      </object_component>
      <object_component id="oc-1f1">
         <name>.text:GPIOPinTypeUART</name>
         <load_address>0x409e</load_address>
         <run_address>0x409e</run_address>
         <size>0x16</size>
         <input_file_ref idref="fl-dd"/>
      </object_component>
      <object_component id="oc-1f7">
         <name>.text:GPIOPinTypeUSBAnalog</name>
         <load_address>0x40b4</load_address>
         <run_address>0x40b4</run_address>
         <size>0x16</size>
         <input_file_ref idref="fl-dd"/>
      </object_component>
      <object_component id="oc-1fd">
         <name>.text:GPIOPinTypeUSBDigital</name>
         <load_address>0x40ca</load_address>
         <run_address>0x40ca</run_address>
         <size>0x16</size>
         <input_file_ref idref="fl-dd"/>
      </object_component>
      <object_component id="oc-23e">
         <name>.text:UARTEnable</name>
         <load_address>0x40e0</load_address>
         <run_address>0x40e0</run_address>
         <size>0x14</size>
         <input_file_ref idref="fl-e0"/>
      </object_component>
      <object_component id="oc-156">
         <name>.text:IntMasterDisable</name>
         <load_address>0x40f4</load_address>
         <run_address>0x40f4</run_address>
         <size>0x10</size>
         <input_file_ref idref="fl-de"/>
      </object_component>
      <object_component id="oc-1b">
         <name>.text:decompress:none:__TI_decompress_none</name>
         <load_address>0x4104</load_address>
         <run_address>0x4104</run_address>
         <size>0xe</size>
         <input_file_ref idref="fl-d0"/>
      </object_component>
      <object_component id="oc-287">
         <name>.text:CPUcpsid</name>
         <load_address>0x4112</load_address>
         <run_address>0x4112</run_address>
         <size>0xc</size>
         <input_file_ref idref="fl-e1"/>
      </object_component>
      <object_component id="oc-58">
         <name>.text:decompress:ZI:__TI_zero_init</name>
         <load_address>0x411e</load_address>
         <run_address>0x411e</run_address>
         <size>0xc</size>
         <input_file_ref idref="fl-cf"/>
      </object_component>
      <object_component id="oc-27">
         <name>.text</name>
         <load_address>0x412a</load_address>
         <run_address>0x412a</run_address>
         <size>0xc</size>
         <input_file_ref idref="fl-3"/>
      </object_component>
      <object_component id="oc-24a">
         <name>.text:UARTCharGet</name>
         <load_address>0x4136</load_address>
         <run_address>0x4136</run_address>
         <size>0xa</size>
         <input_file_ref idref="fl-e0"/>
      </object_component>
      <object_component id="oc-244">
         <name>.text:UARTCharPut</name>
         <load_address>0x4140</load_address>
         <run_address>0x4140</run_address>
         <size>0xa</size>
         <input_file_ref idref="fl-e0"/>
      </object_component>
      <object_component id="oc-221">
         <name>.text:GPIOPinRead</name>
         <load_address>0x414a</load_address>
         <run_address>0x414a</run_address>
         <size>0x6</size>
         <input_file_ref idref="fl-dd"/>
      </object_component>
      <object_component id="oc-21b">
         <name>.text:GPIOPinWrite</name>
         <load_address>0x4150</load_address>
         <run_address>0x4150</run_address>
         <size>0x6</size>
         <input_file_ref idref="fl-dd"/>
      </object_component>
      <object_component id="oc-143">
         <name>.text:UARTClockSourceSet</name>
         <load_address>0x4156</load_address>
         <run_address>0x4156</run_address>
         <size>0x6</size>
         <input_file_ref idref="fl-e0"/>
      </object_component>
      <object_component id="oc-bc">
         <name>.text:_system_pre_init</name>
         <load_address>0x415c</load_address>
         <run_address>0x415c</run_address>
         <size>0x4</size>
         <input_file_ref idref="fl-d8"/>
      </object_component>
      <object_component id="oc-162">
         <name>.text:abort:abort</name>
         <load_address>0x4160</load_address>
         <run_address>0x4160</run_address>
         <size>0x4</size>
         <input_file_ref idref="fl-da"/>
      </object_component>
      <object_component id="oc-27e">
         <name>.const:g_pppui32XTALtoVCO</name>
         <load_address>0x4164</load_address>
         <run_address>0x4164</run_address>
         <size>0x1b0</size>
         <input_file_ref idref="fl-df"/>
      </object_component>
      <object_component id="oc-2cd">
         <name>.const:g_pui32GPIOBaseAddrs</name>
         <load_address>0x4314</load_address>
         <run_address>0x4314</run_address>
         <size>0x90</size>
         <input_file_ref idref="fl-dd"/>
      </object_component>
      <object_component id="oc-27b">
         <name>.const:g_pui32Xtals</name>
         <load_address>0x43a4</load_address>
         <run_address>0x43a4</run_address>
         <size>0x6c</size>
         <input_file_ref idref="fl-df"/>
      </object_component>
      <object_component id="oc-308">
         <name>.const:g_sXTALtoMEMTIM</name>
         <load_address>0x4410</load_address>
         <run_address>0x4410</run_address>
         <size>0x30</size>
         <input_file_ref idref="fl-df"/>
      </object_component>
      <object_component id="oc-2f7">
         <name>.const:.string</name>
         <load_address>0x4440</load_address>
         <run_address>0x4440</run_address>
         <size>0x12</size>
         <input_file_ref idref="fl-10"/>
      </object_component>
      <object_component id="oc-256">
         <name>.const:g_ui32UARTBase</name>
         <load_address>0x4454</load_address>
         <run_address>0x4454</run_address>
         <size>0xc</size>
         <input_file_ref idref="fl-10"/>
      </object_component>
      <object_component id="oc-250">
         <name>.const:g_ui32UARTPeriph</name>
         <load_address>0x4460</load_address>
         <run_address>0x4460</run_address>
         <size>0xc</size>
         <input_file_ref idref="fl-10"/>
      </object_component>
      <object_component id="oc-281">
         <name>.const:g_pui32VCOFrequencies</name>
         <load_address>0x446c</load_address>
         <run_address>0x446c</run_address>
         <size>0x8</size>
         <input_file_ref idref="fl-df"/>
      </object_component>
      <object_component id="oc-7c">
         <name>.const</name>
         <load_address>0x4474</load_address>
         <run_address>0x4474</run_address>
         <size>0x4</size>
         <input_file_ref idref="fl-c"/>
      </object_component>
      <object_component id="oc-f9">
         <name>.const</name>
         <load_address>0x4478</load_address>
         <run_address>0x4478</run_address>
         <size>0x4</size>
         <input_file_ref idref="fl-a"/>
      </object_component>
      <object_component id="oc-25e">
         <name>.const</name>
         <load_address>0x447c</load_address>
         <run_address>0x447c</run_address>
         <size>0x4</size>
         <input_file_ref idref="fl-10"/>
      </object_component>
      <object_component id="oc-39a">
         <name>.cinit..data.load</name>
         <load_address>0x4480</load_address>
         <run_address>0x4480</run_address>
         <size>0xe</size>
      </object_component>
      <object_component id="oc-398">
         <name>__TI_handler_table</name>
         <load_address>0x4490</load_address>
         <run_address>0x4490</run_address>
         <size>0xc</size>
      </object_component>
      <object_component id="oc-39b">
         <name>.cinit..bss.load</name>
         <load_address>0x44a0</load_address>
         <run_address>0x44a0</run_address>
         <size>0x8</size>
      </object_component>
      <object_component id="oc-399">
         <name>__TI_cinit_table</name>
         <load_address>0x44a8</load_address>
         <run_address>0x44a8</run_address>
         <size>0x10</size>
      </object_component>
      <object_component id="oc-22d">
         <name>.data</name>
         <load_address>0x20005319</load_address>
         <run_address>0x20005319</run_address>
         <size>0x3</size>
         <input_file_ref idref="fl-4"/>
      </object_component>
      <object_component id="oc-79">
         <name>.data</name>
         <load_address>0x200052c8</load_address>
         <run_address>0x200052c8</run_address>
         <size>0x34</size>
         <input_file_ref idref="fl-a"/>
      </object_component>
      <object_component id="oc-86">
         <name>.data</name>
         <load_address>0x2000531c</load_address>
         <run_address>0x2000531c</run_address>
         <size>0x4</size>
         <input_file_ref idref="fl-c"/>
      </object_component>
      <object_component id="oc-1bb">
         <name>.data</name>
         <load_address>0x200052fc</load_address>
         <run_address>0x200052fc</run_address>
         <size>0x18</size>
         <input_file_ref idref="fl-e"/>
      </object_component>
      <object_component id="oc-253">
         <name>.data</name>
         <load_address>0x20005314</load_address>
         <run_address>0x20005314</run_address>
         <size>0x5</size>
         <input_file_ref idref="fl-10"/>
      </object_component>
      <object_component id="oc-ea">
         <name>.bss:pxReadyTasksLists</name>
         <uninitialized>true</uninitialized>
         <run_address>0x20004f10</run_address>
         <size>0x140</size>
         <input_file_ref idref="fl-a"/>
      </object_component>
      <object_component id="oc-fc">
         <name>.bss:xDelayedTaskList1</name>
         <uninitialized>true</uninitialized>
         <run_address>0x20005050</run_address>
         <size>0x14</size>
         <input_file_ref idref="fl-a"/>
      </object_component>
      <object_component id="oc-ff">
         <name>.bss:xDelayedTaskList2</name>
         <uninitialized>true</uninitialized>
         <run_address>0x20005064</run_address>
         <size>0x14</size>
         <input_file_ref idref="fl-a"/>
      </object_component>
      <object_component id="oc-f0">
         <name>.bss</name>
         <uninitialized>true</uninitialized>
         <run_address>0x200050b4</run_address>
         <size>0x8</size>
         <input_file_ref idref="fl-a"/>
      </object_component>
      <object_component id="oc-f6">
         <name>.bss:xPendingReadyList</name>
         <uninitialized>true</uninitialized>
         <run_address>0x20005078</run_address>
         <size>0x14</size>
         <input_file_ref idref="fl-a"/>
      </object_component>
      <object_component id="oc-ed">
         <name>.bss:xTasksWaitingTermination</name>
         <uninitialized>true</uninitialized>
         <run_address>0x200050a0</run_address>
         <size>0x14</size>
         <input_file_ref idref="fl-a"/>
      </object_component>
      <object_component id="oc-f3">
         <name>.bss:xSuspendedTaskList</name>
         <uninitialized>true</uninitialized>
         <run_address>0x2000508c</run_address>
         <size>0x14</size>
         <input_file_ref idref="fl-a"/>
      </object_component>
      <object_component id="oc-1c1">
         <name>.bss:ucHeap</name>
         <uninitialized>true</uninitialized>
         <run_address>0x20000000</run_address>
         <size>0x4f10</size>
         <input_file_ref idref="fl-e"/>
      </object_component>
      <object_component id="oc-1be">
         <name>.bss:xStart</name>
         <uninitialized>true</uninitialized>
         <run_address>0x200050bc</run_address>
         <size>0x8</size>
         <input_file_ref idref="fl-e"/>
      </object_component>
      <object_component id="oc-155">
         <name>.common:g_ui32SysClock</name>
         <uninitialized>true</uninitialized>
         <run_address>0x200050c4</run_address>
         <size>0x4</size>
      </object_component>
      <object_component id="oc-24">
         <name>.stack</name>
         <uninitialized>true</uninitialized>
         <run_address>0x200050c8</run_address>
         <size>0x4</size>
         <input_file_ref idref="fl-d5"/>
      </object_component>
      <object_component id="oc-39d">
         <name>.stack</name>
         <uninitialized>true</uninitialized>
         <run_address>0x200050c8</run_address>
         <size>0x0</size>
      </object_component>
      <object_component id="oc-11b">
         <name>.debug_info</name>
         <load_address>0x0</load_address>
         <run_address>0x0</run_address>
         <size>0x66a</size>
         <input_file_ref idref="fl-2"/>
      </object_component>
      <object_component id="oc-c3">
         <name>.debug_info</name>
         <load_address>0x66a</load_address>
         <run_address>0x66a</run_address>
         <size>0x84f</size>
         <input_file_ref idref="fl-2"/>
      </object_component>
      <object_component id="oc-10c">
         <name>.debug_info</name>
         <load_address>0xeb9</load_address>
         <run_address>0xeb9</run_address>
         <size>0x315</size>
         <input_file_ref idref="fl-2"/>
      </object_component>
      <object_component id="oc-97">
         <name>.debug_info</name>
         <load_address>0x11ce</load_address>
         <run_address>0x11ce</run_address>
         <size>0x26b</size>
         <input_file_ref idref="fl-2"/>
      </object_component>
      <object_component id="oc-1db">
         <name>.debug_info</name>
         <load_address>0x1439</load_address>
         <run_address>0x1439</run_address>
         <size>0x186</size>
         <input_file_ref idref="fl-2"/>
      </object_component>
      <object_component id="oc-1e0">
         <name>.debug_info</name>
         <load_address>0x15bf</load_address>
         <run_address>0x15bf</run_address>
         <size>0x461</size>
         <input_file_ref idref="fl-2"/>
      </object_component>
      <object_component id="oc-11d">
         <name>.debug_info</name>
         <load_address>0x1a20</load_address>
         <run_address>0x1a20</run_address>
         <size>0x8b</size>
         <input_file_ref idref="fl-2"/>
      </object_component>
      <object_component id="oc-8b">
         <name>.debug_info</name>
         <load_address>0x1aab</load_address>
         <run_address>0x1aab</run_address>
         <size>0x2c</size>
         <input_file_ref idref="fl-2"/>
      </object_component>
      <object_component id="oc-122">
         <name>.debug_info</name>
         <load_address>0x1ad7</load_address>
         <run_address>0x1ad7</run_address>
         <size>0x2a4</size>
         <input_file_ref idref="fl-2"/>
      </object_component>
      <object_component id="oc-9c">
         <name>.debug_info</name>
         <load_address>0x1d7b</load_address>
         <run_address>0x1d7b</run_address>
         <size>0xbb</size>
         <input_file_ref idref="fl-2"/>
      </object_component>
      <object_component id="oc-90">
         <name>.debug_info</name>
         <load_address>0x1e36</load_address>
         <run_address>0x1e36</run_address>
         <size>0x53</size>
         <input_file_ref idref="fl-2"/>
      </object_component>
      <object_component id="oc-15d">
         <name>.debug_info</name>
         <load_address>0x1e89</load_address>
         <run_address>0x1e89</run_address>
         <size>0xcc</size>
         <input_file_ref idref="fl-2"/>
      </object_component>
      <object_component id="oc-263">
         <name>.debug_info</name>
         <load_address>0x1f55</load_address>
         <run_address>0x1f55</run_address>
         <size>0x2c</size>
         <input_file_ref idref="fl-2"/>
      </object_component>
      <object_component id="oc-111">
         <name>.debug_info</name>
         <load_address>0x1f81</load_address>
         <run_address>0x1f81</run_address>
         <size>0x14c</size>
         <input_file_ref idref="fl-2"/>
      </object_component>
      <object_component id="oc-3a">
         <name>.debug_info</name>
         <load_address>0x20cd</load_address>
         <run_address>0x20cd</run_address>
         <size>0x327</size>
         <input_file_ref idref="fl-3"/>
      </object_component>
      <object_component id="oc-13">
         <name>.debug_info</name>
         <load_address>0x23f4</load_address>
         <run_address>0x23f4</run_address>
         <size>0xe6</size>
         <input_file_ref idref="fl-3"/>
      </object_component>
      <object_component id="oc-28">
         <name>.debug_info</name>
         <load_address>0x24da</load_address>
         <run_address>0x24da</run_address>
         <size>0x265</size>
         <input_file_ref idref="fl-3"/>
      </object_component>
      <object_component id="oc-41">
         <name>.debug_info</name>
         <load_address>0x273f</load_address>
         <run_address>0x273f</run_address>
         <size>0x84</size>
         <input_file_ref idref="fl-3"/>
      </object_component>
      <object_component id="oc-231">
         <name>.debug_info</name>
         <load_address>0x27c3</load_address>
         <run_address>0x27c3</run_address>
         <size>0x53a</size>
         <input_file_ref idref="fl-4"/>
      </object_component>
      <object_component id="oc-22e">
         <name>.debug_info</name>
         <load_address>0x2cfd</load_address>
         <run_address>0x2cfd</run_address>
         <size>0xed</size>
         <input_file_ref idref="fl-4"/>
      </object_component>
      <object_component id="oc-13b">
         <name>.debug_info</name>
         <load_address>0x2dea</load_address>
         <run_address>0x2dea</run_address>
         <size>0xa15</size>
         <input_file_ref idref="fl-4"/>
      </object_component>
      <object_component id="oc-1d8">
         <name>.debug_info</name>
         <load_address>0x37ff</load_address>
         <run_address>0x37ff</run_address>
         <size>0x203</size>
         <input_file_ref idref="fl-5"/>
      </object_component>
      <object_component id="oc-116">
         <name>.debug_info</name>
         <load_address>0x3a02</load_address>
         <run_address>0x3a02</run_address>
         <size>0x461</size>
         <input_file_ref idref="fl-5"/>
      </object_component>
      <object_component id="oc-2c7">
         <name>.debug_info</name>
         <load_address>0x3e63</load_address>
         <run_address>0x3e63</run_address>
         <size>0xcc</size>
         <input_file_ref idref="fl-5"/>
      </object_component>
      <object_component id="oc-107">
         <name>.debug_info</name>
         <load_address>0x3f2f</load_address>
         <run_address>0x3f2f</run_address>
         <size>0x53</size>
         <input_file_ref idref="fl-5"/>
      </object_component>
      <object_component id="oc-2ae">
         <name>.debug_info</name>
         <load_address>0x3f82</load_address>
         <run_address>0x3f82</run_address>
         <size>0x653</size>
         <input_file_ref idref="fl-6"/>
      </object_component>
      <object_component id="oc-1a7">
         <name>.debug_info</name>
         <load_address>0x45d5</load_address>
         <run_address>0x45d5</run_address>
         <size>0x110</size>
         <input_file_ref idref="fl-6"/>
      </object_component>
      <object_component id="oc-1b6">
         <name>.debug_info</name>
         <load_address>0x46e5</load_address>
         <run_address>0x46e5</run_address>
         <size>0x461</size>
         <input_file_ref idref="fl-6"/>
      </object_component>
      <object_component id="oc-342">
         <name>.debug_info</name>
         <load_address>0x4b46</load_address>
         <run_address>0x4b46</run_address>
         <size>0x76</size>
         <input_file_ref idref="fl-6"/>
      </object_component>
      <object_component id="oc-347">
         <name>.debug_info</name>
         <load_address>0x4bbc</load_address>
         <run_address>0x4bbc</run_address>
         <size>0x39</size>
         <input_file_ref idref="fl-6"/>
      </object_component>
      <object_component id="oc-2be">
         <name>.debug_info</name>
         <load_address>0x4bf5</load_address>
         <run_address>0x4bf5</run_address>
         <size>0x109</size>
         <input_file_ref idref="fl-6"/>
      </object_component>
      <object_component id="oc-1a2">
         <name>.debug_info</name>
         <load_address>0x4cfe</load_address>
         <run_address>0x4cfe</run_address>
         <size>0x4f</size>
         <input_file_ref idref="fl-6"/>
      </object_component>
      <object_component id="oc-1c7">
         <name>.debug_info</name>
         <load_address>0x4d4d</load_address>
         <run_address>0x4d4d</run_address>
         <size>0x38a</size>
         <input_file_ref idref="fl-7"/>
      </object_component>
      <object_component id="oc-e5">
         <name>.debug_info</name>
         <load_address>0x50d7</load_address>
         <run_address>0x50d7</run_address>
         <size>0x572</size>
         <input_file_ref idref="fl-7"/>
      </object_component>
      <object_component id="oc-2af">
         <name>.debug_info</name>
         <load_address>0x5649</load_address>
         <run_address>0x5649</run_address>
         <size>0x85f</size>
         <input_file_ref idref="fl-8"/>
      </object_component>
      <object_component id="oc-34e">
         <name>.debug_info</name>
         <load_address>0x5ea8</load_address>
         <run_address>0x5ea8</run_address>
         <size>0x23f</size>
         <input_file_ref idref="fl-8"/>
      </object_component>
      <object_component id="oc-353">
         <name>.debug_info</name>
         <load_address>0x60e7</load_address>
         <run_address>0x60e7</run_address>
         <size>0x46</size>
         <input_file_ref idref="fl-8"/>
      </object_component>
      <object_component id="oc-1ac">
         <name>.debug_info</name>
         <load_address>0x612d</load_address>
         <run_address>0x612d</run_address>
         <size>0x35</size>
         <input_file_ref idref="fl-8"/>
      </object_component>
      <object_component id="oc-12e">
         <name>.debug_info</name>
         <load_address>0x6162</load_address>
         <run_address>0x6162</run_address>
         <size>0x2c</size>
         <input_file_ref idref="fl-9"/>
      </object_component>
      <object_component id="oc-d6">
         <name>.debug_info</name>
         <load_address>0x618e</load_address>
         <run_address>0x618e</run_address>
         <size>0x816</size>
         <input_file_ref idref="fl-a"/>
      </object_component>
      <object_component id="oc-7a">
         <name>.debug_info</name>
         <load_address>0x69a4</load_address>
         <run_address>0x69a4</run_address>
         <size>0x34f</size>
         <input_file_ref idref="fl-a"/>
      </object_component>
      <object_component id="oc-eb">
         <name>.debug_info</name>
         <load_address>0x6cf3</load_address>
         <run_address>0x6cf3</run_address>
         <size>0xf8</size>
         <input_file_ref idref="fl-a"/>
      </object_component>
      <object_component id="oc-fd">
         <name>.debug_info</name>
         <load_address>0x6deb</load_address>
         <run_address>0x6deb</run_address>
         <size>0xf8</size>
         <input_file_ref idref="fl-a"/>
      </object_component>
      <object_component id="oc-100">
         <name>.debug_info</name>
         <load_address>0x6ee3</load_address>
         <run_address>0x6ee3</run_address>
         <size>0xf8</size>
         <input_file_ref idref="fl-a"/>
      </object_component>
      <object_component id="oc-f1">
         <name>.debug_info</name>
         <load_address>0x6fdb</load_address>
         <run_address>0x6fdb</run_address>
         <size>0x13b</size>
         <input_file_ref idref="fl-a"/>
      </object_component>
      <object_component id="oc-f7">
         <name>.debug_info</name>
         <load_address>0x7116</load_address>
         <run_address>0x7116</run_address>
         <size>0xf8</size>
         <input_file_ref idref="fl-a"/>
      </object_component>
      <object_component id="oc-ee">
         <name>.debug_info</name>
         <load_address>0x720e</load_address>
         <run_address>0x720e</run_address>
         <size>0x106</size>
         <input_file_ref idref="fl-a"/>
      </object_component>
      <object_component id="oc-f4">
         <name>.debug_info</name>
         <load_address>0x7314</load_address>
         <run_address>0x7314</run_address>
         <size>0xfa</size>
         <input_file_ref idref="fl-a"/>
      </object_component>
      <object_component id="oc-fa">
         <name>.debug_info</name>
         <load_address>0x740e</load_address>
         <run_address>0x740e</run_address>
         <size>0xf9</size>
         <input_file_ref idref="fl-a"/>
      </object_component>
      <object_component id="oc-80">
         <name>.debug_info</name>
         <load_address>0x7507</load_address>
         <run_address>0x7507</run_address>
         <size>0x5a7f</size>
         <input_file_ref idref="fl-a"/>
      </object_component>
      <object_component id="oc-d7">
         <name>.debug_info</name>
         <load_address>0xcf86</load_address>
         <run_address>0xcf86</run_address>
         <size>0x30c</size>
         <input_file_ref idref="fl-a"/>
      </object_component>
      <object_component id="oc-1b1">
         <name>.debug_info</name>
         <load_address>0xd292</load_address>
         <run_address>0xd292</run_address>
         <size>0x145</size>
         <input_file_ref idref="fl-a"/>
      </object_component>
      <object_component id="oc-8a">
         <name>.debug_info</name>
         <load_address>0xd3d7</load_address>
         <run_address>0xd3d7</run_address>
         <size>0x420</size>
         <input_file_ref idref="fl-c"/>
      </object_component>
      <object_component id="oc-7d">
         <name>.debug_info</name>
         <load_address>0xd7f7</load_address>
         <run_address>0xd7f7</run_address>
         <size>0x125</size>
         <input_file_ref idref="fl-c"/>
      </object_component>
      <object_component id="oc-87">
         <name>.debug_info</name>
         <load_address>0xd91c</load_address>
         <run_address>0xd91c</run_address>
         <size>0x10c</size>
         <input_file_ref idref="fl-c"/>
      </object_component>
      <object_component id="oc-33">
         <name>.debug_info</name>
         <load_address>0xda28</load_address>
         <run_address>0xda28</run_address>
         <size>0x7ec</size>
         <input_file_ref idref="fl-c"/>
      </object_component>
      <object_component id="oc-2f">
         <name>.debug_info</name>
         <load_address>0xe214</load_address>
         <run_address>0xe214</run_address>
         <size>0x25a</size>
         <input_file_ref idref="fl-d"/>
      </object_component>
      <object_component id="oc-1c5">
         <name>.debug_info</name>
         <load_address>0xe46e</load_address>
         <run_address>0xe46e</run_address>
         <size>0x48b</size>
         <input_file_ref idref="fl-e"/>
      </object_component>
      <object_component id="oc-1c2">
         <name>.debug_info</name>
         <load_address>0xe8f9</load_address>
         <run_address>0xe8f9</run_address>
         <size>0xf3</size>
         <input_file_ref idref="fl-e"/>
      </object_component>
      <object_component id="oc-1bf">
         <name>.debug_info</name>
         <load_address>0xe9ec</load_address>
         <run_address>0xe9ec</run_address>
         <size>0xf3</size>
         <input_file_ref idref="fl-e"/>
      </object_component>
      <object_component id="oc-1bc">
         <name>.debug_info</name>
         <load_address>0xeadf</load_address>
         <run_address>0xeadf</run_address>
         <size>0x233</size>
         <input_file_ref idref="fl-e"/>
      </object_component>
      <object_component id="oc-e0">
         <name>.debug_info</name>
         <load_address>0xed12</load_address>
         <run_address>0xed12</run_address>
         <size>0xa65</size>
         <input_file_ref idref="fl-e"/>
      </object_component>
      <object_component id="oc-2b5">
         <name>.debug_info</name>
         <load_address>0xf777</load_address>
         <run_address>0xf777</run_address>
         <size>0x62</size>
         <input_file_ref idref="fl-e"/>
      </object_component>
      <object_component id="oc-262">
         <name>.debug_info</name>
         <load_address>0xf7d9</load_address>
         <run_address>0xf7d9</run_address>
         <size>0x3ff</size>
         <input_file_ref idref="fl-10"/>
      </object_component>
      <object_component id="oc-254">
         <name>.debug_info</name>
         <load_address>0xfbd8</load_address>
         <run_address>0xfbd8</run_address>
         <size>0xf6</size>
         <input_file_ref idref="fl-10"/>
      </object_component>
      <object_component id="oc-25f">
         <name>.debug_info</name>
         <load_address>0xfcce</load_address>
         <run_address>0xfcce</run_address>
         <size>0xf0</size>
         <input_file_ref idref="fl-10"/>
      </object_component>
      <object_component id="oc-257">
         <name>.debug_info</name>
         <load_address>0xfdbe</load_address>
         <run_address>0xfdbe</run_address>
         <size>0xfe</size>
         <input_file_ref idref="fl-10"/>
      </object_component>
      <object_component id="oc-251">
         <name>.debug_info</name>
         <load_address>0xfebc</load_address>
         <run_address>0xfebc</run_address>
         <size>0x102</size>
         <input_file_ref idref="fl-10"/>
      </object_component>
      <object_component id="oc-13e">
         <name>.debug_info</name>
         <load_address>0xffbe</load_address>
         <run_address>0xffbe</run_address>
         <size>0x95b</size>
         <input_file_ref idref="fl-10"/>
      </object_component>
      <object_component id="oc-48">
         <name>.debug_info</name>
         <load_address>0x10919</load_address>
         <run_address>0x10919</run_address>
         <size>0x119</size>
         <input_file_ref idref="fl-cc"/>
      </object_component>
      <object_component id="oc-b9">
         <name>.debug_info</name>
         <load_address>0x10a32</load_address>
         <run_address>0x10a32</run_address>
         <size>0x147</size>
         <input_file_ref idref="fl-cd"/>
      </object_component>
      <object_component id="oc-25c">
         <name>.debug_info</name>
         <load_address>0x10b79</load_address>
         <run_address>0x10b79</run_address>
         <size>0x142</size>
         <input_file_ref idref="fl-ce"/>
      </object_component>
      <object_component id="oc-b5">
         <name>.debug_info</name>
         <load_address>0x10cbb</load_address>
         <run_address>0x10cbb</run_address>
         <size>0x2d4</size>
         <input_file_ref idref="fl-cf"/>
      </object_component>
      <object_component id="oc-5a">
         <name>.debug_info</name>
         <load_address>0x10f8f</load_address>
         <run_address>0x10f8f</run_address>
         <size>0x1b5</size>
         <input_file_ref idref="fl-cf"/>
      </object_component>
      <object_component id="oc-b0">
         <name>.debug_info</name>
         <load_address>0x11144</load_address>
         <run_address>0x11144</run_address>
         <size>0x46</size>
         <input_file_ref idref="fl-cf"/>
      </object_component>
      <object_component id="oc-51">
         <name>.debug_info</name>
         <load_address>0x1118a</load_address>
         <run_address>0x1118a</run_address>
         <size>0x2a8</size>
         <input_file_ref idref="fl-d0"/>
      </object_component>
      <object_component id="oc-1c">
         <name>.debug_info</name>
         <load_address>0x11432</load_address>
         <run_address>0x11432</run_address>
         <size>0x1ea</size>
         <input_file_ref idref="fl-d0"/>
      </object_component>
      <object_component id="oc-4c">
         <name>.debug_info</name>
         <load_address>0x1161c</load_address>
         <run_address>0x1161c</run_address>
         <size>0x46</size>
         <input_file_ref idref="fl-d0"/>
      </object_component>
      <object_component id="oc-a8">
         <name>.debug_info</name>
         <load_address>0x11662</load_address>
         <run_address>0x11662</run_address>
         <size>0x2c</size>
         <input_file_ref idref="fl-d0"/>
      </object_component>
      <object_component id="oc-a6">
         <name>.debug_info</name>
         <load_address>0x1168e</load_address>
         <run_address>0x1168e</run_address>
         <size>0x29e</size>
         <input_file_ref idref="fl-d1"/>
      </object_component>
      <object_component id="oc-19">
         <name>.debug_info</name>
         <load_address>0x1192c</load_address>
         <run_address>0x1192c</run_address>
         <size>0x250</size>
         <input_file_ref idref="fl-d1"/>
      </object_component>
      <object_component id="oc-3c">
         <name>.debug_info</name>
         <load_address>0x11b7c</load_address>
         <run_address>0x11b7c</run_address>
         <size>0x60</size>
         <input_file_ref idref="fl-d1"/>
      </object_component>
      <object_component id="oc-127">
         <name>.debug_info</name>
         <load_address>0x11bdc</load_address>
         <run_address>0x11bdc</run_address>
         <size>0x46</size>
         <input_file_ref idref="fl-d1"/>
      </object_component>
      <object_component id="oc-a1">
         <name>.debug_info</name>
         <load_address>0x11c22</load_address>
         <run_address>0x11c22</run_address>
         <size>0x39</size>
         <input_file_ref idref="fl-d1"/>
      </object_component>
      <object_component id="oc-25">
         <name>.debug_info</name>
         <load_address>0x11c5b</load_address>
         <run_address>0x11c5b</run_address>
         <size>0x10b</size>
         <input_file_ref idref="fl-d5"/>
      </object_component>
      <object_component id="oc-66">
         <name>.debug_info</name>
         <load_address>0x11d66</load_address>
         <run_address>0x11d66</run_address>
         <size>0x1a9</size>
         <input_file_ref idref="fl-d5"/>
      </object_component>
      <object_component id="oc-2f3">
         <name>.debug_info</name>
         <load_address>0x11f0f</load_address>
         <run_address>0x11f0f</run_address>
         <size>0x115</size>
         <input_file_ref idref="fl-d6"/>
      </object_component>
      <object_component id="oc-299">
         <name>.debug_info</name>
         <load_address>0x12024</load_address>
         <run_address>0x12024</run_address>
         <size>0x4b3</size>
         <input_file_ref idref="fl-d7"/>
      </object_component>
      <object_component id="oc-170">
         <name>.debug_info</name>
         <load_address>0x124d7</load_address>
         <run_address>0x124d7</run_address>
         <size>0x1a6</size>
         <input_file_ref idref="fl-d7"/>
      </object_component>
      <object_component id="oc-32f">
         <name>.debug_info</name>
         <load_address>0x1267d</load_address>
         <run_address>0x1267d</run_address>
         <size>0x39</size>
         <input_file_ref idref="fl-d7"/>
      </object_component>
      <object_component id="oc-363">
         <name>.debug_info</name>
         <load_address>0x126b6</load_address>
         <run_address>0x126b6</run_address>
         <size>0x39</size>
         <input_file_ref idref="fl-d7"/>
      </object_component>
      <object_component id="oc-334">
         <name>.debug_info</name>
         <load_address>0x126ef</load_address>
         <run_address>0x126ef</run_address>
         <size>0x39</size>
         <input_file_ref idref="fl-d7"/>
      </object_component>
      <object_component id="oc-339">
         <name>.debug_info</name>
         <load_address>0x12728</load_address>
         <run_address>0x12728</run_address>
         <size>0xcd</size>
         <input_file_ref idref="fl-d7"/>
      </object_component>
      <object_component id="oc-bd">
         <name>.debug_info</name>
         <load_address>0x127f5</load_address>
         <run_address>0x127f5</run_address>
         <size>0x153</size>
         <input_file_ref idref="fl-d8"/>
      </object_component>
      <object_component id="oc-164">
         <name>.debug_info</name>
         <load_address>0x12948</load_address>
         <run_address>0x12948</run_address>
         <size>0x122</size>
         <input_file_ref idref="fl-da"/>
      </object_component>
      <object_component id="oc-2d1">
         <name>.debug_info</name>
         <load_address>0x12a6a</load_address>
         <run_address>0x12a6a</run_address>
         <size>0x3e4</size>
         <input_file_ref idref="fl-dd"/>
      </object_component>
      <object_component id="oc-2ce">
         <name>.debug_info</name>
         <load_address>0x12e4e</load_address>
         <run_address>0x12e4e</run_address>
         <size>0x164</size>
         <input_file_ref idref="fl-dd"/>
      </object_component>
      <object_component id="oc-21f">
         <name>.debug_info</name>
         <load_address>0x12fb2</load_address>
         <run_address>0x12fb2</run_address>
         <size>0x2ac</size>
         <input_file_ref idref="fl-dd"/>
      </object_component>
      <object_component id="oc-22b">
         <name>.debug_info</name>
         <load_address>0x1325e</load_address>
         <run_address>0x1325e</run_address>
         <size>0x2bc</size>
         <input_file_ref idref="fl-dd"/>
      </object_component>
      <object_component id="oc-20d">
         <name>.debug_info</name>
         <load_address>0x1351a</load_address>
         <run_address>0x1351a</run_address>
         <size>0x31f</size>
         <input_file_ref idref="fl-dd"/>
      </object_component>
      <object_component id="oc-201">
         <name>.debug_info</name>
         <load_address>0x13839</load_address>
         <run_address>0x13839</run_address>
         <size>0x2a7</size>
         <input_file_ref idref="fl-dd"/>
      </object_component>
      <object_component id="oc-1fb">
         <name>.debug_info</name>
         <load_address>0x13ae0</load_address>
         <run_address>0x13ae0</run_address>
         <size>0x2a5</size>
         <input_file_ref idref="fl-dd"/>
      </object_component>
      <object_component id="oc-1f5">
         <name>.debug_info</name>
         <load_address>0x13d85</load_address>
         <run_address>0x13d85</run_address>
         <size>0x29b</size>
         <input_file_ref idref="fl-dd"/>
      </object_component>
      <object_component id="oc-219">
         <name>.debug_info</name>
         <load_address>0x14020</load_address>
         <run_address>0x14020</run_address>
         <size>0x2c0</size>
         <input_file_ref idref="fl-dd"/>
      </object_component>
      <object_component id="oc-207">
         <name>.debug_info</name>
         <load_address>0x142e0</load_address>
         <run_address>0x142e0</run_address>
         <size>0x2a5</size>
         <input_file_ref idref="fl-dd"/>
      </object_component>
      <object_component id="oc-213">
         <name>.debug_info</name>
         <load_address>0x14585</load_address>
         <run_address>0x14585</run_address>
         <size>0x2a9</size>
         <input_file_ref idref="fl-dd"/>
      </object_component>
      <object_component id="oc-225">
         <name>.debug_info</name>
         <load_address>0x1482e</load_address>
         <run_address>0x1482e</run_address>
         <size>0x284</size>
         <input_file_ref idref="fl-dd"/>
      </object_component>
      <object_component id="oc-1ef">
         <name>.debug_info</name>
         <load_address>0x14ab2</load_address>
         <run_address>0x14ab2</run_address>
         <size>0x289</size>
         <input_file_ref idref="fl-dd"/>
      </object_component>
      <object_component id="oc-303">
         <name>.debug_info</name>
         <load_address>0x14d3b</load_address>
         <run_address>0x14d3b</run_address>
         <size>0x26b</size>
         <input_file_ref idref="fl-dd"/>
      </object_component>
      <object_component id="oc-2fc">
         <name>.debug_info</name>
         <load_address>0x14fa6</load_address>
         <run_address>0x14fa6</run_address>
         <size>0x297</size>
         <input_file_ref idref="fl-dd"/>
      </object_component>
      <object_component id="oc-30d">
         <name>.debug_info</name>
         <load_address>0x1523d</load_address>
         <run_address>0x1523d</run_address>
         <size>0xef</size>
         <input_file_ref idref="fl-dd"/>
      </object_component>
      <object_component id="oc-269">
         <name>.debug_info</name>
         <load_address>0x1532c</load_address>
         <run_address>0x1532c</run_address>
         <size>0xbb</size>
         <input_file_ref idref="fl-dd"/>
      </object_component>
      <object_component id="oc-157">
         <name>.debug_info</name>
         <load_address>0x153e7</load_address>
         <run_address>0x153e7</run_address>
         <size>0x249</size>
         <input_file_ref idref="fl-de"/>
      </object_component>
      <object_component id="oc-285">
         <name>.debug_info</name>
         <load_address>0x15630</load_address>
         <run_address>0x15630</run_address>
         <size>0x441</size>
         <input_file_ref idref="fl-df"/>
      </object_component>
      <object_component id="oc-27c">
         <name>.debug_info</name>
         <load_address>0x15a71</load_address>
         <run_address>0x15a71</run_address>
         <size>0x156</size>
         <input_file_ref idref="fl-df"/>
      </object_component>
      <object_component id="oc-27f">
         <name>.debug_info</name>
         <load_address>0x15bc7</load_address>
         <run_address>0x15bc7</run_address>
         <size>0x162</size>
         <input_file_ref idref="fl-df"/>
      </object_component>
      <object_component id="oc-309">
         <name>.debug_info</name>
         <load_address>0x15d29</load_address>
         <run_address>0x15d29</run_address>
         <size>0x15c</size>
         <input_file_ref idref="fl-df"/>
      </object_component>
      <object_component id="oc-282">
         <name>.debug_info</name>
         <load_address>0x15e85</load_address>
         <run_address>0x15e85</run_address>
         <size>0x169</size>
         <input_file_ref idref="fl-df"/>
      </object_component>
      <object_component id="oc-233">
         <name>.debug_info</name>
         <load_address>0x15fee</load_address>
         <run_address>0x15fee</run_address>
         <size>0x28c</size>
         <input_file_ref idref="fl-df"/>
      </object_component>
      <object_component id="oc-1e6">
         <name>.debug_info</name>
         <load_address>0x1627a</load_address>
         <run_address>0x1627a</run_address>
         <size>0x286</size>
         <input_file_ref idref="fl-df"/>
      </object_component>
      <object_component id="oc-151">
         <name>.debug_info</name>
         <load_address>0x16500</load_address>
         <run_address>0x16500</run_address>
         <size>0x2be</size>
         <input_file_ref idref="fl-df"/>
      </object_component>
      <object_component id="oc-271">
         <name>.debug_info</name>
         <load_address>0x167be</load_address>
         <run_address>0x167be</run_address>
         <size>0x279</size>
         <input_file_ref idref="fl-df"/>
      </object_component>
      <object_component id="oc-277">
         <name>.debug_info</name>
         <load_address>0x16a37</load_address>
         <run_address>0x16a37</run_address>
         <size>0x2c3</size>
         <input_file_ref idref="fl-df"/>
      </object_component>
      <object_component id="oc-14b">
         <name>.debug_info</name>
         <load_address>0x16cfa</load_address>
         <run_address>0x16cfa</run_address>
         <size>0x4a3</size>
         <input_file_ref idref="fl-df"/>
      </object_component>
      <object_component id="oc-31a">
         <name>.debug_info</name>
         <load_address>0x1719d</load_address>
         <run_address>0x1719d</run_address>
         <size>0x51</size>
         <input_file_ref idref="fl-df"/>
      </object_component>
      <object_component id="oc-26e">
         <name>.debug_info</name>
         <load_address>0x171ee</load_address>
         <run_address>0x171ee</run_address>
         <size>0x3cb</size>
         <input_file_ref idref="fl-e0"/>
      </object_component>
      <object_component id="oc-240">
         <name>.debug_info</name>
         <load_address>0x175b9</load_address>
         <run_address>0x175b9</run_address>
         <size>0x250</size>
         <input_file_ref idref="fl-e0"/>
      </object_component>
      <object_component id="oc-2e3">
         <name>.debug_info</name>
         <load_address>0x17809</load_address>
         <run_address>0x17809</run_address>
         <size>0x252</size>
         <input_file_ref idref="fl-e0"/>
      </object_component>
      <object_component id="oc-23a">
         <name>.debug_info</name>
         <load_address>0x17a5b</load_address>
         <run_address>0x17a5b</run_address>
         <size>0x32f</size>
         <input_file_ref idref="fl-e0"/>
      </object_component>
      <object_component id="oc-145">
         <name>.debug_info</name>
         <load_address>0x17d8a</load_address>
         <run_address>0x17d8a</run_address>
         <size>0x29a</size>
         <input_file_ref idref="fl-e0"/>
      </object_component>
      <object_component id="oc-246">
         <name>.debug_info</name>
         <load_address>0x18024</load_address>
         <run_address>0x18024</run_address>
         <size>0x27c</size>
         <input_file_ref idref="fl-e0"/>
      </object_component>
      <object_component id="oc-24c">
         <name>.debug_info</name>
         <load_address>0x182a0</load_address>
         <run_address>0x182a0</run_address>
         <size>0x256</size>
         <input_file_ref idref="fl-e0"/>
      </object_component>
      <object_component id="oc-28b">
         <name>.debug_info</name>
         <load_address>0x184f6</load_address>
         <run_address>0x184f6</run_address>
         <size>0x218</size>
         <input_file_ref idref="fl-e1"/>
      </object_component>
      <object_component id="oc-39e">
         <name>.debug_info</name>
         <load_address>0x1870e</load_address>
         <run_address>0x1870e</run_address>
         <size>0x98</size>
      </object_component>
      <object_component id="oc-1da">
         <name>.debug_line</name>
         <load_address>0x0</load_address>
         <run_address>0x0</run_address>
         <size>0x17f</size>
         <input_file_ref idref="fl-2"/>
      </object_component>
      <object_component id="oc-c6">
         <name>.debug_line</name>
         <load_address>0x17f</load_address>
         <run_address>0x17f</run_address>
         <size>0x1a5</size>
         <input_file_ref idref="fl-2"/>
      </object_component>
      <object_component id="oc-10f">
         <name>.debug_line</name>
         <load_address>0x324</load_address>
         <run_address>0x324</run_address>
         <size>0x72</size>
         <input_file_ref idref="fl-2"/>
      </object_component>
      <object_component id="oc-9a">
         <name>.debug_line</name>
         <load_address>0x396</load_address>
         <run_address>0x396</run_address>
         <size>0x6f</size>
         <input_file_ref idref="fl-2"/>
      </object_component>
      <object_component id="oc-1de">
         <name>.debug_line</name>
         <load_address>0x405</load_address>
         <run_address>0x405</run_address>
         <size>0x56</size>
         <input_file_ref idref="fl-2"/>
      </object_component>
      <object_component id="oc-1e3">
         <name>.debug_line</name>
         <load_address>0x45b</load_address>
         <run_address>0x45b</run_address>
         <size>0x76</size>
         <input_file_ref idref="fl-2"/>
      </object_component>
      <object_component id="oc-120">
         <name>.debug_line</name>
         <load_address>0x4d1</load_address>
         <run_address>0x4d1</run_address>
         <size>0x20</size>
         <input_file_ref idref="fl-2"/>
      </object_component>
      <object_component id="oc-8e">
         <name>.debug_line</name>
         <load_address>0x4f1</load_address>
         <run_address>0x4f1</run_address>
         <size>0x76</size>
         <input_file_ref idref="fl-2"/>
      </object_component>
      <object_component id="oc-125">
         <name>.debug_line</name>
         <load_address>0x567</load_address>
         <run_address>0x567</run_address>
         <size>0x73</size>
         <input_file_ref idref="fl-2"/>
      </object_component>
      <object_component id="oc-9f">
         <name>.debug_line</name>
         <load_address>0x5da</load_address>
         <run_address>0x5da</run_address>
         <size>0x70</size>
         <input_file_ref idref="fl-2"/>
      </object_component>
      <object_component id="oc-93">
         <name>.debug_line</name>
         <load_address>0x64a</load_address>
         <run_address>0x64a</run_address>
         <size>0x85</size>
         <input_file_ref idref="fl-2"/>
      </object_component>
      <object_component id="oc-160">
         <name>.debug_line</name>
         <load_address>0x6cf</load_address>
         <run_address>0x6cf</run_address>
         <size>0x6a</size>
         <input_file_ref idref="fl-2"/>
      </object_component>
      <object_component id="oc-266">
         <name>.debug_line</name>
         <load_address>0x739</load_address>
         <run_address>0x739</run_address>
         <size>0x6b</size>
         <input_file_ref idref="fl-2"/>
      </object_component>
      <object_component id="oc-114">
         <name>.debug_line</name>
         <load_address>0x7a4</load_address>
         <run_address>0x7a4</run_address>
         <size>0x72</size>
         <input_file_ref idref="fl-2"/>
      </object_component>
      <object_component id="oc-96">
         <name>.debug_line</name>
         <load_address>0x816</load_address>
         <run_address>0x816</run_address>
         <size>0x42</size>
         <input_file_ref idref="fl-3"/>
      </object_component>
      <object_component id="oc-39">
         <name>.debug_line</name>
         <load_address>0x858</load_address>
         <run_address>0x858</run_address>
         <size>0x42</size>
         <input_file_ref idref="fl-3"/>
      </object_component>
      <object_component id="oc-2b">
         <name>.debug_line</name>
         <load_address>0x89a</load_address>
         <run_address>0x89a</run_address>
         <size>0xa2</size>
         <input_file_ref idref="fl-3"/>
      </object_component>
      <object_component id="oc-44">
         <name>.debug_line</name>
         <load_address>0x93c</load_address>
         <run_address>0x93c</run_address>
         <size>0x20</size>
         <input_file_ref idref="fl-3"/>
      </object_component>
      <object_component id="oc-2df">
         <name>.debug_line</name>
         <load_address>0x95c</load_address>
         <run_address>0x95c</run_address>
         <size>0x8e</size>
         <input_file_ref idref="fl-4"/>
      </object_component>
      <object_component id="oc-2dd">
         <name>.debug_line</name>
         <load_address>0x9ea</load_address>
         <run_address>0x9ea</run_address>
         <size>0x40</size>
         <input_file_ref idref="fl-4"/>
      </object_component>
      <object_component id="oc-139">
         <name>.debug_line</name>
         <load_address>0xa2a</load_address>
         <run_address>0xa2a</run_address>
         <size>0x146</size>
         <input_file_ref idref="fl-4"/>
      </object_component>
      <object_component id="oc-2c6">
         <name>.debug_line</name>
         <load_address>0xb70</load_address>
         <run_address>0xb70</run_address>
         <size>0x20</size>
         <input_file_ref idref="fl-5"/>
      </object_component>
      <object_component id="oc-119">
         <name>.debug_line</name>
         <load_address>0xb90</load_address>
         <run_address>0xb90</run_address>
         <size>0x76</size>
         <input_file_ref idref="fl-5"/>
      </object_component>
      <object_component id="oc-2ca">
         <name>.debug_line</name>
         <load_address>0xc06</load_address>
         <run_address>0xc06</run_address>
         <size>0x76</size>
         <input_file_ref idref="fl-5"/>
      </object_component>
      <object_component id="oc-10a">
         <name>.debug_line</name>
         <load_address>0xc7c</load_address>
         <run_address>0xc7c</run_address>
         <size>0x6b</size>
         <input_file_ref idref="fl-5"/>
      </object_component>
      <object_component id="oc-341">
         <name>.debug_line</name>
         <load_address>0xce7</load_address>
         <run_address>0xce7</run_address>
         <size>0x17f</size>
         <input_file_ref idref="fl-6"/>
      </object_component>
      <object_component id="oc-1aa">
         <name>.debug_line</name>
         <load_address>0xe66</load_address>
         <run_address>0xe66</run_address>
         <size>0x6b</size>
         <input_file_ref idref="fl-6"/>
      </object_component>
      <object_component id="oc-1b9">
         <name>.debug_line</name>
         <load_address>0xed1</load_address>
         <run_address>0xed1</run_address>
         <size>0x76</size>
         <input_file_ref idref="fl-6"/>
      </object_component>
      <object_component id="oc-345">
         <name>.debug_line</name>
         <load_address>0xf47</load_address>
         <run_address>0xf47</run_address>
         <size>0x51</size>
         <input_file_ref idref="fl-6"/>
      </object_component>
      <object_component id="oc-34a">
         <name>.debug_line</name>
         <load_address>0xf98</load_address>
         <run_address>0xf98</run_address>
         <size>0x7a</size>
         <input_file_ref idref="fl-6"/>
      </object_component>
      <object_component id="oc-2c1">
         <name>.debug_line</name>
         <load_address>0x1012</load_address>
         <run_address>0x1012</run_address>
         <size>0x76</size>
         <input_file_ref idref="fl-6"/>
      </object_component>
      <object_component id="oc-1a5">
         <name>.debug_line</name>
         <load_address>0x1088</load_address>
         <run_address>0x1088</run_address>
         <size>0x74</size>
         <input_file_ref idref="fl-6"/>
      </object_component>
      <object_component id="oc-2c4">
         <name>.debug_line</name>
         <load_address>0x10fc</load_address>
         <run_address>0x10fc</run_address>
         <size>0x20</size>
         <input_file_ref idref="fl-7"/>
      </object_component>
      <object_component id="oc-e8">
         <name>.debug_line</name>
         <load_address>0x111c</load_address>
         <run_address>0x111c</run_address>
         <size>0xfc</size>
         <input_file_ref idref="fl-7"/>
      </object_component>
      <object_component id="oc-34d">
         <name>.debug_line</name>
         <load_address>0x1218</load_address>
         <run_address>0x1218</run_address>
         <size>0x1a9</size>
         <input_file_ref idref="fl-8"/>
      </object_component>
      <object_component id="oc-351">
         <name>.debug_line</name>
         <load_address>0x13c1</load_address>
         <run_address>0x13c1</run_address>
         <size>0x4a</size>
         <input_file_ref idref="fl-8"/>
      </object_component>
      <object_component id="oc-356">
         <name>.debug_line</name>
         <load_address>0x140b</load_address>
         <run_address>0x140b</run_address>
         <size>0x73</size>
         <input_file_ref idref="fl-8"/>
      </object_component>
      <object_component id="oc-1af">
         <name>.debug_line</name>
         <load_address>0x147e</load_address>
         <run_address>0x147e</run_address>
         <size>0x74</size>
         <input_file_ref idref="fl-8"/>
      </object_component>
      <object_component id="oc-131">
         <name>.debug_line</name>
         <load_address>0x14f2</load_address>
         <run_address>0x14f2</run_address>
         <size>0x6b</size>
         <input_file_ref idref="fl-9"/>
      </object_component>
      <object_component id="oc-1a1">
         <name>.debug_line</name>
         <load_address>0x155d</load_address>
         <run_address>0x155d</run_address>
         <size>0x1f4</size>
         <input_file_ref idref="fl-a"/>
      </object_component>
      <object_component id="oc-d5">
         <name>.debug_line</name>
         <load_address>0x1751</load_address>
         <run_address>0x1751</run_address>
         <size>0x4a</size>
         <input_file_ref idref="fl-a"/>
      </object_component>
      <object_component id="oc-1c9">
         <name>.debug_line</name>
         <load_address>0x179b</load_address>
         <run_address>0x179b</run_address>
         <size>0x4a</size>
         <input_file_ref idref="fl-a"/>
      </object_component>
      <object_component id="oc-1d5">
         <name>.debug_line</name>
         <load_address>0x17e5</load_address>
         <run_address>0x17e5</run_address>
         <size>0x4a</size>
         <input_file_ref idref="fl-a"/>
      </object_component>
      <object_component id="oc-1d7">
         <name>.debug_line</name>
         <load_address>0x182f</load_address>
         <run_address>0x182f</run_address>
         <size>0x4a</size>
         <input_file_ref idref="fl-a"/>
      </object_component>
      <object_component id="oc-1cd">
         <name>.debug_line</name>
         <load_address>0x1879</load_address>
         <run_address>0x1879</run_address>
         <size>0x4a</size>
         <input_file_ref idref="fl-a"/>
      </object_component>
      <object_component id="oc-1d1">
         <name>.debug_line</name>
         <load_address>0x18c3</load_address>
         <run_address>0x18c3</run_address>
         <size>0x4a</size>
         <input_file_ref idref="fl-a"/>
      </object_component>
      <object_component id="oc-1cb">
         <name>.debug_line</name>
         <load_address>0x190d</load_address>
         <run_address>0x190d</run_address>
         <size>0x4a</size>
         <input_file_ref idref="fl-a"/>
      </object_component>
      <object_component id="oc-1cf">
         <name>.debug_line</name>
         <load_address>0x1957</load_address>
         <run_address>0x1957</run_address>
         <size>0x4a</size>
         <input_file_ref idref="fl-a"/>
      </object_component>
      <object_component id="oc-1d3">
         <name>.debug_line</name>
         <load_address>0x19a1</load_address>
         <run_address>0x19a1</run_address>
         <size>0x4a</size>
         <input_file_ref idref="fl-a"/>
      </object_component>
      <object_component id="oc-83">
         <name>.debug_line</name>
         <load_address>0x19eb</load_address>
         <run_address>0x19eb</run_address>
         <size>0xd47</size>
         <input_file_ref idref="fl-a"/>
      </object_component>
      <object_component id="oc-da">
         <name>.debug_line</name>
         <load_address>0x2732</load_address>
         <run_address>0x2732</run_address>
         <size>0x72</size>
         <input_file_ref idref="fl-a"/>
      </object_component>
      <object_component id="oc-1b4">
         <name>.debug_line</name>
         <load_address>0x27a4</load_address>
         <run_address>0x27a4</run_address>
         <size>0x4a</size>
         <input_file_ref idref="fl-a"/>
      </object_component>
      <object_component id="oc-106">
         <name>.debug_line</name>
         <load_address>0x27ee</load_address>
         <run_address>0x27ee</run_address>
         <size>0xb1</size>
         <input_file_ref idref="fl-c"/>
      </object_component>
      <object_component id="oc-dd">
         <name>.debug_line</name>
         <load_address>0x289f</load_address>
         <run_address>0x289f</run_address>
         <size>0x5f</size>
         <input_file_ref idref="fl-c"/>
      </object_component>
      <object_component id="oc-104">
         <name>.debug_line</name>
         <load_address>0x28fe</load_address>
         <run_address>0x28fe</run_address>
         <size>0x5f</size>
         <input_file_ref idref="fl-c"/>
      </object_component>
      <object_component id="oc-36">
         <name>.debug_line</name>
         <load_address>0x295d</load_address>
         <run_address>0x295d</run_address>
         <size>0x161</size>
         <input_file_ref idref="fl-c"/>
      </object_component>
      <object_component id="oc-31">
         <name>.debug_line</name>
         <load_address>0x2abe</load_address>
         <run_address>0x2abe</run_address>
         <size>0xf4</size>
         <input_file_ref idref="fl-d"/>
      </object_component>
      <object_component id="oc-2bd">
         <name>.debug_line</name>
         <load_address>0x2bb2</load_address>
         <run_address>0x2bb2</run_address>
         <size>0xd7</size>
         <input_file_ref idref="fl-e"/>
      </object_component>
      <object_component id="oc-2bb">
         <name>.debug_line</name>
         <load_address>0x2c89</load_address>
         <run_address>0x2c89</run_address>
         <size>0x5c</size>
         <input_file_ref idref="fl-e"/>
      </object_component>
      <object_component id="oc-2b4">
         <name>.debug_line</name>
         <load_address>0x2ce5</load_address>
         <run_address>0x2ce5</run_address>
         <size>0x5c</size>
         <input_file_ref idref="fl-e"/>
      </object_component>
      <object_component id="oc-2b2">
         <name>.debug_line</name>
         <load_address>0x2d41</load_address>
         <run_address>0x2d41</run_address>
         <size>0x5c</size>
         <input_file_ref idref="fl-e"/>
      </object_component>
      <object_component id="oc-df">
         <name>.debug_line</name>
         <load_address>0x2d9d</load_address>
         <run_address>0x2d9d</run_address>
         <size>0x1f4</size>
         <input_file_ref idref="fl-e"/>
      </object_component>
      <object_component id="oc-2b8">
         <name>.debug_line</name>
         <load_address>0x2f91</load_address>
         <run_address>0x2f91</run_address>
         <size>0x5c</size>
         <input_file_ref idref="fl-e"/>
      </object_component>
      <object_component id="oc-2fb">
         <name>.debug_line</name>
         <load_address>0x2fed</load_address>
         <run_address>0x2fed</run_address>
         <size>0x8e</size>
         <input_file_ref idref="fl-10"/>
      </object_component>
      <object_component id="oc-2ee">
         <name>.debug_line</name>
         <load_address>0x307b</load_address>
         <run_address>0x307b</run_address>
         <size>0x57</size>
         <input_file_ref idref="fl-10"/>
      </object_component>
      <object_component id="oc-2f9">
         <name>.debug_line</name>
         <load_address>0x30d2</load_address>
         <run_address>0x30d2</run_address>
         <size>0x57</size>
         <input_file_ref idref="fl-10"/>
      </object_component>
      <object_component id="oc-2f0">
         <name>.debug_line</name>
         <load_address>0x3129</load_address>
         <run_address>0x3129</run_address>
         <size>0x57</size>
[...]
      </symbol>
      <symbol id="sm-3e0">
         <name>vTaskSuspendAll</name>
         <value>0xbb7</value>
         <object_component_ref idref="oc-7f"/>
      </symbol>
      <symbol id="sm-3e1">
         <name>vTaskPlaceOnEventList</name>
         <value>0x1147</value>
         <object_component_ref idref="oc-7f"/>
      </symbol>
      <symbol id="sm-3e2">
         <name>vTaskSetTaskNumber</name>
         <value>0x1539</value>
         <object_component_ref idref="oc-7f"/>
      </symbol>
      <symbol id="sm-3e3">
         <name>uxTaskPriorityGetFromISR</name>
         <value>0x6d9</value>
         <object_component_ref idref="oc-7f"/>
      </symbol>
      <symbol id="sm-3e4">
         <name>pcTaskGetName</name>
         <value>0xd95</value>
         <object_component_ref idref="oc-7f"/>
      </symbol>
      <symbol id="sm-3e5">
         <name>xTaskCheckForTimeOut</name>
         <value>0x148d</value>
         <object_component_ref idref="oc-7f"/>
      </symbol>
      <symbol id="sm-3e6">
         <name>vTaskGenericNotifyGiveFromISR</name>
         <value>0x2035</value>
         <object_component_ref idref="oc-7f"/>
      </symbol>
      <symbol id="sm-3e7">
         <name>vTaskRemoveFromUnorderedEventList</name>
         <value>0x1345</value>
         <object_component_ref idref="oc-7f"/>
      </symbol>
      <symbol id="sm-3e8">
         <name>vTaskPrioritySet</name>
         <value>0x721</value>
         <object_component_ref idref="oc-7f"/>
      </symbol>
      <symbol id="sm-3e9">
         <name>xTaskPriorityDisinherit</name>
         <value>0x1953</value>
         <object_component_ref idref="oc-7f"/>
      </symbol>
      <symbol id="sm-3ea">
         <name>vTaskStartScheduler</name>
         <value>0xb51</value>
         <object_component_ref idref="oc-7f"/>
      </symbol>
      <symbol id="sm-3eb">
         <name>vTaskInternalSetTimeOutState</name>
         <value>0x146d</value>
         <object_component_ref idref="oc-7f"/>
      </symbol>
      <symbol id="sm-3ec">
         <name>pvTaskIncrementMutexHeldCount</name>
         <value>0x1b4f</value>
         <object_component_ref idref="oc-7f"/>
      </symbol>
      <symbol id="sm-3ed">
         <name>uxTaskGetStackHighWaterMark</name>
         <value>0x179d</value>
         <object_component_ref idref="oc-7f"/>
      </symbol>
      <symbol id="sm-3ee">
         <name>xTaskGenericNotifyStateClear</name>
         <value>0x218d</value>
         <object_component_ref idref="oc-7f"/>
      </symbol>
      <symbol id="sm-3ef">
         <name>xTaskGenericNotify</name>
         <value>0x1cd7</value>
         <object_component_ref idref="oc-7f"/>
      </symbol>
      <symbol id="sm-3f0">
         <name>vTaskPriorityDisinheritAfterTimeout</name>
         <value>0x1a29</value>
         <object_component_ref idref="oc-7f"/>
      </symbol>
      <symbol id="sm-3f1">
         <name>xTaskCreate</name>
         <value>0x209</value>
         <object_component_ref idref="oc-7f"/>
      </symbol>
      <symbol id="sm-3f2">
         <name>xTaskDelayUntil</name>
         <value>0x50d</value>
         <object_component_ref idref="oc-7f"/>
      </symbol>
      <symbol id="sm-3f3">
         <name>uxTaskGetTaskNumber</name>
         <value>0x1519</value>
         <object_component_ref idref="oc-7f"/>
      </symbol>
      <symbol id="sm-3f4">
         <name>vTaskEndScheduler</name>
         <value>0xb9b</value>
         <object_component_ref idref="oc-7f"/>
      </symbol>
      <symbol id="sm-3f5">
         <name>vTaskMissedYield</name>
         <value>0x1511</value>
         <object_component_ref idref="oc-7f"/>
      </symbol>
      <symbol id="sm-3f6">
         <name>uxTaskGetNumberOfTasks</name>
         <value>0xd85</value>
         <object_component_ref idref="oc-7f"/>
      </symbol>
      <symbol id="sm-3f7">
         <name>xTaskCatchUpTicks</name>
         <value>0xea9</value>
         <object_component_ref idref="oc-7f"/>
      </symbol>
      <symbol id="sm-3f8">
         <name>xTaskGenericNotifyFromISR</name>
         <value>0x1e5d</value>
         <object_component_ref idref="oc-7f"/>
      </symbol>
      <symbol id="sm-3f9">
         <name>vTaskGetInfo</name>
         <value>0x160d</value>
         <object_component_ref idref="oc-7f"/>
      </symbol>
      <symbol id="sm-3fa">
         <name>uxTaskPriorityGet</name>
         <value>0x6af</value>
         <object_component_ref idref="oc-7f"/>
      </symbol>
      <symbol id="sm-3fb">
         <name>xTaskResumeAll</name>
         <value>0xbcd</value>
         <object_component_ref idref="oc-7f"/>
      </symbol>
      <symbol id="sm-3fc">
         <name>xTaskGetTickCount</name>
         <value>0xd59</value>
         <object_component_ref idref="oc-7f"/>
      </symbol>
      <symbol id="sm-3fd">
         <name>ulTaskGenericNotifyTake</name>
         <value>0x1b71</value>
         <object_component_ref idref="oc-7f"/>
      </symbol>
      <symbol id="sm-3fe">
         <name>uxTaskGetSystemState</name>
         <value>0xdd1</value>
         <object_component_ref idref="oc-7f"/>
      </symbol>
      <symbol id="sm-3ff">
         <name>vTaskDelete</name>
         <value>0x455</value>
         <object_component_ref idref="oc-7f"/>
      </symbol>
      <symbol id="sm-400">
         <name>ulTaskGenericNotifyValueClear</name>
         <value>0x21dd</value>
         <object_component_ref idref="oc-7f"/>
      </symbol>
      <symbol id="sm-401">
         <name>xTaskGenericNotifyWait</name>
         <value>0x1c15</value>
         <object_component_ref idref="oc-7f"/>
      </symbol>
      <symbol id="sm-402">
         <name>pxCurrentTCB</name>
         <value>0x200052c8</value>
         <object_component_ref idref="oc-79"/>
      </symbol>
      <symbol id="sm-403">
         <name>eTaskGetState</name>
         <value>0x5ed</value>
         <object_component_ref idref="oc-7f"/>
      </symbol>
      <symbol id="sm-404">
         <name>vTaskSuspend</name>
         <value>0x87d</value>
         <object_component_ref idref="oc-7f"/>
      </symbol>
      <symbol id="sm-405">
         <name>xTaskGetTickCountFromISR</name>
         <value>0xd6d</value>
         <object_component_ref idref="oc-7f"/>
      </symbol>
      <symbol id="sm-406">
         <name>vTaskResume</name>
         <value>0x9ad</value>
         <object_component_ref idref="oc-7f"/>
      </symbol>
      <symbol id="sm-407">
         <name>uxTopUsedPriority</name>
         <value>0x4478</value>
         <object_component_ref idref="oc-f9"/>
      </symbol>
      <symbol id="sm-408">
         <name>vTaskSetTimeOutState</name>
         <value>0x144f</value>
         <object_component_ref idref="oc-7f"/>
      </symbol>
      <symbol id="sm-409">
         <name>xTaskIncrementTick</name>
         <value>0xed9</value>
         <object_component_ref idref="oc-7f"/>
      </symbol>
      <symbol id="sm-40a">
         <name>vTaskSwitchContext</name>
         <value>0x10a5</value>
         <object_component_ref idref="oc-7f"/>
      </symbol>
      <symbol id="sm-40b">
         <name>uxTaskResetEventItemValue</name>
         <value>0x1b2d</value>
         <object_component_ref idref="oc-7f"/>
      </symbol>
      <symbol id="sm-40c">
         <name>xTaskResumeFromISR</name>
         <value>0xa79</value>
         <object_component_ref idref="oc-7f"/>
      </symbol>
      <symbol id="sm-40d">
         <name>xTaskGetCurrentTaskHandle</name>
         <value>0x1803</value>
         <object_component_ref idref="oc-7f"/>
      </symbol>
      <symbol id="sm-40e">
         <name>vTaskPlaceOnUnorderedEventList</name>
         <value>0x116d</value>
         <object_component_ref idref="oc-7f"/>
      </symbol>
      <symbol id="sm-40f">
         <name>xTaskRemoveFromEventList</name>
         <value>0x11d9</value>
         <object_component_ref idref="oc-7f"/>
      </symbol>
      <symbol id="sm-410">
         <name>xTaskPriorityInherit</name>
         <value>0x183d</value>
         <object_component_ref idref="oc-7f"/>
      </symbol>
      <symbol id="sm-441">
         <name>ulMaxSyscallInterruptPriority</name>
         <value>0x4474</value>
         <object_component_ref idref="oc-7c"/>
      </symbol>
      <symbol id="sm-442">
         <name>vPortSetupTimerInterrupt</name>
         <value>0x3913</value>
         <object_component_ref idref="oc-32"/>
      </symbol>
      <symbol id="sm-443">
         <name>vPortEndScheduler</name>
         <value>0x38b5</value>
         <object_component_ref idref="oc-32"/>
      </symbol>
      <symbol id="sm-444">
         <name>xPortSysTickHandler</name>
         <value>0x38ed</value>
         <object_component_ref idref="oc-32"/>
      </symbol>
      <symbol id="sm-445">
         <name>pxPortInitialiseStack</name>
         <value>0x3815</value>
         <object_component_ref idref="oc-32"/>
      </symbol>
      <symbol id="sm-446">
         <name>vPortExitCritical</name>
         <value>0x38d7</value>
         <object_component_ref idref="oc-32"/>
      </symbol>
      <symbol id="sm-447">
         <name>xPortStartScheduler</name>
         <value>0x387f</value>
         <object_component_ref idref="oc-32"/>
      </symbol>
      <symbol id="sm-448">
         <name>vPortEnterCritical</name>
         <value>0x38b7</value>
         <object_component_ref idref="oc-32"/>
      </symbol>
      <symbol id="sm-457">
         <name>vPortStartFirstTask</name>
         <value>0x3c3d</value>
         <object_component_ref idref="oc-2d"/>
      </symbol>
      <symbol id="sm-458">
         <name>ulPortGetIPSR</name>
         <value>0x3ba5</value>
         <object_component_ref idref="oc-2d"/>
      </symbol>
      <symbol id="sm-459">
         <name>vPortEnableVFP</name>
         <value>0x3c61</value>
         <object_component_ref idref="oc-2d"/>
      </symbol>
      <symbol id="sm-45a">
         <name>xPortPendSVHandler</name>
         <value>0x3bbd</value>
         <object_component_ref idref="oc-2d"/>
      </symbol>
      <symbol id="sm-45b">
         <name>vPortSVCHandler</name>
         <value>0x3c1d</value>
         <object_component_ref idref="oc-2d"/>
      </symbol>
      <symbol id="sm-4ba">
         <name>vPortInitialiseBlocks</name>
         <value>0x2f35</value>
         <object_component_ref idref="oc-de"/>
      </symbol>
      <symbol id="sm-4bb">
         <name>vPortGetHeapStats</name>
         <value>0x3081</value>
         <object_component_ref idref="oc-de"/>
      </symbol>
      <symbol id="sm-4bc">
         <name>xPortGetFreeHeapSize</name>
         <value>0x2f29</value>
         <object_component_ref idref="oc-de"/>
      </symbol>
      <symbol id="sm-4bd">
         <name>pvPortMalloc</name>
         <value>0x2da1</value>
         <object_component_ref idref="oc-de"/>
      </symbol>
      <symbol id="sm-4be">
         <name>vPortFree</name>
         <value>0x2ecf</value>
         <object_component_ref idref="oc-de"/>
      </symbol>
      <symbol id="sm-4bf">
         <name>xPortGetMinimumEverFreeHeapSize</name>
         <value>0x2f2f</value>
         <object_component_ref idref="oc-de"/>
      </symbol>
      <symbol id="sm-530">
         <name>UARTgetc</name>
         <value>0x2a49</value>
         <object_component_ref idref="oc-13d"/>
      </symbol>
      <symbol id="sm-531">
         <name>UARTgets</name>
         <value>0x298f</value>
         <object_component_ref idref="oc-13d"/>
      </symbol>
      <symbol id="sm-532">
         <name>UARTStdioConfig</name>
         <value>0x28f9</value>
         <object_component_ref idref="oc-13d"/>
      </symbol>
      <symbol id="sm-533">
         <name>UARTwrite</name>
         <value>0x293f</value>
         <object_component_ref idref="oc-13d"/>
      </symbol>
      <symbol id="sm-534">
         <name>UARTprintf</name>
         <value>0x2d6b</value>
         <object_component_ref idref="oc-13d"/>
      </symbol>
      <symbol id="sm-535">
         <name>UARTvprintf</name>
         <value>0x2a71</value>
         <object_component_ref idref="oc-13d"/>
      </symbol>
      <symbol id="sm-551">
         <name>memcpy</name>
         <value>0x3c6f</value>
         <object_component_ref idref="oc-46"/>
      </symbol>
      <symbol id="sm-552">
         <name>__aeabi_memcpy</name>
         <value>0x3c6f</value>
         <object_component_ref idref="oc-46"/>
      </symbol>
      <symbol id="sm-553">
         <name>__aeabi_memcpy8</name>
         <value>0x3c6f</value>
         <object_component_ref idref="oc-46"/>
      </symbol>
      <symbol id="sm-554">
         <name>__aeabi_memcpy4</name>
         <value>0x3c6f</value>
         <object_component_ref idref="oc-46"/>
      </symbol>
      <symbol id="sm-563">
         <name>__aeabi_memset</name>
         <value>0x3d0d</value>
         <object_component_ref idref="oc-b6"/>
      </symbol>
      <symbol id="sm-564">
         <name>memset</name>
         <value>0x3d13</value>
         <object_component_ref idref="oc-b6"/>
      </symbol>
      <symbol id="sm-565">
         <name>__aeabi_memset8</name>
         <value>0x3d0d</value>
         <object_component_ref idref="oc-b6"/>
      </symbol>
      <symbol id="sm-566">
         <name>__aeabi_memset4</name>
         <value>0x3d0d</value>
         <object_component_ref idref="oc-b6"/>
      </symbol>
      <symbol id="sm-567">
         <name>__aeabi_memclr8</name>
         <value>0x3d0b</value>
         <object_component_ref idref="oc-b6"/>
      </symbol>
      <symbol id="sm-568">
         <name>__aeabi_memclr4</name>
         <value>0x3d0b</value>
         <object_component_ref idref="oc-b6"/>
      </symbol>
      <symbol id="sm-569">
         <name>__aeabi_memclr</name>
         <value>0x3d0b</value>
         <object_component_ref idref="oc-b6"/>
      </symbol>
      <symbol id="sm-578">
         <name>__aeabi_uidivmod</name>
         <value>0x3f0d</value>
         <object_component_ref idref="oc-259"/>
      </symbol>
      <symbol id="sm-579">
         <name>__aeabi_uidiv</name>
         <value>0x3f0d</value>
         <object_component_ref idref="oc-259"/>
      </symbol>
      <symbol id="sm-58b">
         <name>__TI_zero_init</name>
         <value>0x411f</value>
         <object_component_ref idref="oc-58"/>
      </symbol>
      <symbol id="sm-5a2">
         <name>__TI_decompress_none</name>
         <value>0x4105</value>
         <object_component_ref idref="oc-1b"/>
      </symbol>
      <symbol id="sm-5c5">
         <name>__TI_decompress_lzss</name>
         <value>0x3d85</value>
         <object_component_ref idref="oc-15"/>
      </symbol>
      <symbol id="sm-5db">
         <name>__stack</name>
         <value>0x200050c8</value>
         <object_component_ref idref="oc-24"/>
      </symbol>
      <symbol id="sm-5dc">
         <name>_c_int00_noargs</name>
         <value>0x3fb9</value>
         <object_component_ref idref="oc-64"/>
      </symbol>
      <symbol id="sm-5e6">
         <name>__aeabi_idiv0</name>
         <value>0x3a7b</value>
         <object_component_ref idref="oc-2f1"/>
      </symbol>
      <symbol id="sm-5e7">
         <name>__aeabi_ldiv0</name>
         <value>0x3a7b</value>
         <object_component_ref idref="oc-2f1"/>
      </symbol>
      <symbol id="sm-60f">
         <name>__TI_auto_init_nobinit_nopinit</name>
         <value>0x3ec9</value>
         <object_component_ref idref="oc-16e"/>
      </symbol>
      <symbol id="sm-619">
         <name>_system_pre_init</name>
         <value>0x415d</value>
         <object_component_ref idref="oc-bc"/>
      </symbol>
      <symbol id="sm-625">
         <name>C$$EXIT</name>
         <value>0x4161</value>
         <object_component_ref idref="oc-162"/>
      </symbol>
      <symbol id="sm-626">
         <name>abort</name>
         <value>0x4161</value>
         <object_component_ref idref="oc-162"/>
      </symbol>
      <symbol id="sm-6ae">
         <name>GPIOPinConfigure</name>
         <value>0x3ded</value>
         <object_component_ref idref="oc-1eb"/>
      </symbol>
      <symbol id="sm-6af">
         <name>GPIOPinTypeUSBAnalog</name>
         <value>0x40b5</value>
         <object_component_ref idref="oc-1f7"/>
      </symbol>
      <symbol id="sm-6b0">
         <name>GPIOPinTypeUSBDigital</name>
         <value>0x40cb</value>
         <object_component_ref idref="oc-1fd"/>
      </symbol>
      <symbol id="sm-6b1">
         <name>GPIOPinTypeGPIOInput</name>
         <value>0x4089</value>
         <object_component_ref idref="oc-203"/>
      </symbol>
      <symbol id="sm-6b2">
         <name>GPIOPinTypeUART</name>
         <value>0x409f</value>
         <object_component_ref idref="oc-1f1"/>
      </symbol>
      <symbol id="sm-6b3">
         <name>GPIOPinTypeGPIOOutput</name>
         <value>0x4059</value>
         <object_component_ref idref="oc-215"/>
      </symbol>
      <symbol id="sm-6b4">
         <name>GPIOPinRead</name>
         <value>0x414b</value>
         <object_component_ref idref="oc-221"/>
      </symbol>
      <symbol id="sm-6b5">
         <name>GPIODirModeSet</name>
         <value>0x3fed</value>
         <object_component_ref idref="oc-227"/>
      </symbol>
      <symbol id="sm-6b6">
         <name>GPIOPinWrite</name>
         <value>0x4151</value>
         <object_component_ref idref="oc-21b"/>
      </symbol>
      <symbol id="sm-6b7">
         <name>GPIOPadConfigSet</name>
         <value>0x36a9</value>
         <object_component_ref idref="oc-209"/>
      </symbol>
      <symbol id="sm-6b8">
         <name>GPIOPinTypeEthernetLED</name>
         <value>0x4073</value>
         <object_component_ref idref="oc-20f"/>
      </symbol>
      <symbol id="sm-6c3">
         <name>IntMasterDisable</name>
         <value>0x40f5</value>
         <object_component_ref idref="oc-156"/>
      </symbol>
      <symbol id="sm-75d">
         <name>SysCtlPeripheralPresent</name>
         <value>0x3f4d</value>
         <object_component_ref idref="oc-232"/>
      </symbol>
      <symbol id="sm-75e">
         <name>SysCtlPeripheralEnable</name>
         <value>0x3f85</value>
         <object_component_ref idref="oc-1e5"/>
      </symbol>
      <symbol id="sm-75f">
         <name>SysCtlClockGet</name>
         <value>0x3a7d</value>
         <object_component_ref idref="oc-14f"/>
      </symbol>
      <symbol id="sm-760">
         <name>SysCtlClockFreqSet</name>
         <value>0x34a9</value>
         <object_component_ref idref="oc-149"/>
      </symbol>
      <symbol id="sm-79b">
         <name>UARTConfigSetExpClk</name>
         <value>0x3e81</value>
         <object_component_ref idref="oc-238"/>
      </symbol>
      <symbol id="sm-79c">
         <name>UARTDisable</name>
         <value>0x4019</value>
         <object_component_ref idref="oc-2e1"/>
      </symbol>
      <symbol id="sm-79d">
         <name>UARTClockSourceSet</name>
         <value>0x4157</value>
         <object_component_ref idref="oc-143"/>
      </symbol>
      <symbol id="sm-79e">
         <name>UARTCharPut</name>
         <value>0x4141</value>
         <object_component_ref idref="oc-244"/>
      </symbol>
      <symbol id="sm-79f">
         <name>UARTEnable</name>
         <value>0x40e1</value>
         <object_component_ref idref="oc-23e"/>
      </symbol>
      <symbol id="sm-7a0">
         <name>UARTCharGet</name>
         <value>0x4137</value>
         <object_component_ref idref="oc-24a"/>
      </symbol>
      <symbol id="sm-7aa">
         <name>CPUcpsid</name>
         <value>0x4113</value>
         <object_component_ref idref="oc-287"/>
      </symbol>
      <symbol id="sm-7ab">
         <name>__TI_static_base__</name>
         <value>0x0</value>
      </symbol>
      <symbol id="sm-7ae">
         <name>__mpu_init</name>
         <value>0x0</value>
      </symbol>
      <symbol id="sm-7af">
         <name>_system_post_cinit</name>
         <value>0x0</value>
      </symbol>
   </symbol_table>
   <title>Link successful</title>
</link_info>
