******************************************************************************
                  TI ARM Linker PC v20.2.7                     
******************************************************************************
>> Linked Wed Nov 16 17:28:09 2022

OUTPUT FILE NAME:   <Tivana.out>
ENTRY POINT SYMBOL: "_c_int00_noargs"  address: 000575f9


MEMORY CONFIGURATION

         name            origin    length      used     unused   attr    fill
----------------------  --------  ---------  --------  --------  ----  --------
  FLASH                 00000000   00100000  000661fe  00099e02  R  X
  SRAM                  20000000   00040000  000285c6  00017a3a  RW X


SEGMENT ALLOCATION MAP

run origin  load origin   length   init length attrs members
----------  ----------- ---------- ----------- ----- -------
00000000    00000000    00066200   00066200    r-x
  00000000    00000000    00000208   00000208    r-- .intvecs
  00000208    00000208    0005797e   0005797e    r-x .text
  00057b88    00057b88    0000e540   0000e540    r-- .const
  000660c8    000660c8    00000138   00000138    r-- .cinit
20000000    20000000    000285c8   00000000    rw-
  20000000    20000000    0002815c   00000000    rw- .bss
  2002815c    2002815c    0000025a   00000000    rw- .data
  200283b8    200283b8    00000200   00000000    rw- .stack
  200285b8    200285b8    00000010   00000000    rw- .sysmem


SECTION ALLOCATION MAP

 output                                  attributes/
section   page    origin      length       input sections
--------  ----  ----------  ----------   ----------------
.intvecs   0    00000000    00000208     
                  00000000    00000208     tm4c1294ncpdt_startup_ccs.obj (.intvecs)

.text      0    00000208    0005797e     
                  00000208    0000328e     lv_chart.obj (.text)
                  00003496    00000002     rtsv7M4_T_le_v4SPD16_eabi.lib : _lock.c.obj (.text:_nop)
                  00003498    00003178     lv_theme_default.obj (.text)
                  00006610    00002cf6     lv_draw_mask.obj (.text)
                  00009306    00000002     rtsv7M4_T_le_v4SPD16_eabi.lib : div0.asm.obj (.text)
                  00009308    00002904     lv_draw_sw_rect.obj (.text)
                  0000bc0c    000025f8     lv_obj_pos.obj (.text)
                  0000e204    00002124     tasks.obj (.text)
                  00010328    00001e54     FreeRTOS_Sockets.obj (.text)
                  0001217c    00001cc0     lv_obj_scroll.obj (.text)
                  00013e3c    00001c90     lv_btnmatrix.obj (.text)
                  00015acc    00001c80     lv_label.obj (.text)
                  0001774c    00001bf4     lv_draw_sw_blend.obj (.text)
                  00019340    00001bec     lv_textarea.obj (.text)
                  0001af2c    00001bc8     lv_table.obj (.text)
                  0001caf4    000019e8     lv_obj_style.obj (.text)
                  0001e4dc    000019d0     lv_refr.obj (.text)
                  0001feac    00001844     lv_indev.obj (.text)
                  000216f0    00001812     lv_dropdown.obj (.text)
                  00022f02    00000002     --HOLE-- [fill = 0]
                  00022f04    000017f8     lv_arc.obj (.text)
                  000246fc    00001672     lv_obj.obj (.text)
                  00025d6e    00000002     --HOLE-- [fill = 0]
                  00025d70    0000151e     lv_tlsf.obj (.text)
                  0002728e    00000002     --HOLE-- [fill = 0]
                  00027290    000014de     lv_grid.obj (.text)
                  0002876e    00000002     --HOLE-- [fill = 0]
                  00028770    000013e0     APDS9960.obj (.text)
                  00029b50    0000133e     lv_flex.obj (.text)
                  0002ae8e    00000002     --HOLE-- [fill = 0]
                  0002ae90    0000130e     lv_meter.obj (.text)
                  0002c19e    00000002     --HOLE-- [fill = 0]
                  0002c1a0    00001278     lv_img.obj (.text)
                  0002d418    00001272     lv_indev_scroll.obj (.text)
                  0002e68a    00001240     lv_draw_sw_arc.obj (.text)
                  0002f8ca    00000002     --HOLE-- [fill = 0]
                  0002f8cc    000011f0     lv_roller.obj (.text)
                  00030abc    000011e8     lv_colorwheel.obj (.text)
                  00031ca4    00000ef8     lv_bar.obj (.text)
                  00032b9c    00000e78     lv_img_buf.obj (.text)
                  00033a14    00000e72     lv_obj_draw.obj (.text)
                  00034886    00000002     --HOLE-- [fill = 0]
                  00034888    00000e60     lv_slider.obj (.text)
                  000356e8    00000e48     lv_img_decoder.obj (.text)
                  00036530    00000e46     lv_draw_sw_transform.obj (.text)
                  00037376    00000002     --HOLE-- [fill = 0]
                  00037378    00000e1c     lv_area.obj (.text)
                  00038194    00000d58     queue.obj (.text)
                  00038eec    00000c34     lv_txt.obj (.text)
                  00039b20    00000c30     lv_printf.obj (.text)
                  0003a750    00000c1a     lv_draw_sw_line.obj (.text)
                  0003b36a    00000002     --HOLE-- [fill = 0]
                  0003b36c    00000c02     lv_menu.obj (.text)
                  0003bf6e    00000bc0     lv_obj_style_gen.obj (.text)
                  0003cb2e    00000002     --HOLE-- [fill = 0]
                  0003cb30    00000b24     FreeRTOS_IP.obj (.text)
                  0003d654    00000a90     FreeRTOS_TCP_Transmission.obj (.text)
                  0003e0e4    00000a4e     rtsv7M4_T_le_v4SPD16_eabi.lib : _printfi.c.obj (.text:__TI_printfi)
                  0003eb32    00000002     --HOLE-- [fill = 0]
                  0003eb34    00000a10     FreeRTOS_TCP_State_Handling.obj (.text)
                  0003f544    000009fe     lv_event.obj (.text)
                  0003ff42    00000002     --HOLE-- [fill = 0]
                  0003ff44    00000970     lv_fs.obj (.text)
                  000408b4    0000091e     lv_disp.obj (.text)
                  000411d2    00000002     --HOLE-- [fill = 0]
                  000411d4    00000916     lv_group.obj (.text)
                  00041aea    00000002     --HOLE-- [fill = 0]
                  00041aec    000008f8     lv_spinbox.obj (.text)
                  000423e4    000008e0     lv_anim.obj (.text)
                  00042cc4    000008dc     FreeRTOS_IP_Utils.obj (.text)
                  000435a0    000008ba     lv_draw_label.obj (.text)
                  00043e5a    00000002     --HOLE-- [fill = 0]
                  00043e5c    000008a8     FreeRTOS_ARP.obj (.text)
                  00044704    000008a8     phyHandling.obj (.text)
                  00044fac    0000089c     lv_style.obj (.text)
                  00045848    00000888     FreeRTOS_DHCP.obj (.text)
                  000460d0    00000878     lv_style_gen.obj (.text)
                  00046948    00000858     lv_calendar.obj (.text)
                  000471a0    0000084c     lv_hal_disp.obj (.text)
                  000479ec    0000083a     lv_draw_sw_img.obj (.text)
                  00048226    00000002     --HOLE-- [fill = 0]
                  00048228    0000082e     lv_obj_tree.obj (.text)
                  00048a56    0000078c     lv_draw_arc.obj (.text)
                  000491e2    00000002     --HOLE-- [fill = 0]
                  000491e4    00000750     lv_tabview.obj (.text)
                  00049934    0000074c     NetworkInterface.obj (.text)
                  0004a080    000006fc     lv_color.obj (.text)
                  0004a77c    000006d8     lv_draw_sw_gradient.obj (.text)
                  0004ae54    00000678     lv_checkbox.obj (.text)
                  0004b4cc    00000634     lv_draw_img.obj (.text)
                  0004bb00    00000630     ui.obj (.text)
                  0004c130    00000612     lv_draw_sw_letter.obj (.text)
                  0004c742    00000002     --HOLE-- [fill = 0]
                  0004c744    00000610     lv_switch.obj (.text)
                  0004cd54    000005b8     FreeRTOS_TCP_IP.obj (.text)
                  0004d30c    000005a6     lv_memcpy_builtin.obj (.text)
                  0004d8b2    00000002     --HOLE-- [fill = 0]
                  0004d8b4    0000056c     lv_font_fmt_txt.obj (.text)
                  0004de20    00000538     lv_draw_sw_polygon.obj (.text)
                  0004e358    0000051c     lv_keyboard.obj (.text)
                  0004e874    000004a8     uartstdio.obj (.text)
                  0004ed1c    00000498     ST7735.obj (.text)
                  0004f1b4    00000480     lv_led.obj (.text)
                  0004f634    00000458     lv_ll.obj (.text)
                  0004fa8c    00000450     lv_math.obj (.text)
                  0004fedc    00000436     lv_draw_sw.obj (.text)
                  00050312    00000002     --HOLE-- [fill = 0]
                  00050314    0000040c     ui_helpers.obj (.text)
                  00050720    00000408     main.obj (.text)
                  00050b28    000003c8     event_groups.obj (.text)
                  00050ef0    000003a0     heap_4.obj (.text)
                  00051290    0000039e     lv_line.obj (.text)
                  0005162e    0000038e     FreeRTOS_TCP_Reception.obj (.text)
                  000519bc    0000036a     FreeRTOS_Stream_Buffer.obj (.text)
                  00051d26    00000002     --HOLE-- [fill = 0]
                  00051d28    00000368     rtos_hw_drivers.obj (.text)
                  00052090    00000354     lv_timer.obj (.text)
                  000523e4    0000034c     lv_tileview.obj (.text)
                  00052730    00000324     FreeRTOS_CLI.obj (.text)
                  00052a54    000002fa     lv_obj_class.obj (.text)
                  00052d4e    00000002     --HOLE-- [fill = 0]
                  00052d50    000002f8     FreeRTOS_Tiny_TCP.obj (.text)
                  00053048    000002bc     cli_commands.obj (.text)
                  00053304    0000028e     lv_draw_sw_layer.obj (.text)
                  00053592    00000002     --HOLE-- [fill = 0]
                  00053594    00000288     FreeRTOS_IP_Timers.obj (.text)
                  0005381c    00000272     i2c_master.obj (.text)
                  00053a8e    00000002     --HOLE-- [fill = 0]
                  00053a90    00000270     rtsv7M4_T_le_v4SPD16_eabi.lib : _printfi.c.obj (.text:_pconv_a)
                  00053d00    0000024c     lv_calendar_header_arrow.obj (.text)
                  00053f4c    00000238     BufferAllocation_1.obj (.text)
                  00054184    00000200     driverlib.lib : sysctl.obj (.text:SysCtlClockFreqSet)
                  00054384    000001e4     FreeRTOS_UDP_IP.obj (.text)
                  00054568    000001dc     lv_hal_indev.obj (.text)
                  00054744    000001d0     rtsv7M4_T_le_v4SPD16_eabi.lib : _printfi.c.obj (.text:_pconv_g)
                  00054914    000001b6                                   : fd_add_t2.asm.obj (.text)
                  00054aca    00000002     --HOLE-- [fill = 0]
                  00054acc    000001b0     lv_calendar_header_dropdown.obj (.text)
                  00054c7c    0000018c     lv_malloc_builtin.obj (.text)
                  00054e08    0000017c     lv_spinner.obj (.text)
                  00054f84    0000016c     driverlib.lib : gpio.obj (.text:GPIOPadConfigSet)
                  000550f0    00000168     lv_draw_rect.obj (.text)
                  00055258    0000014c     lv_win.obj (.text)
                  000553a4    00000148     lv_font.obj (.text)
                  000554ec    00000140     lv_theme.obj (.text)
                  0005562c    0000013c     rtsv7M4_T_le_v4SPD16_eabi.lib : _printfi.c.obj (.text:_pconv_e)
                  00055768    0000013c     port.obj (.text)
                  000558a4    0000013c     thread_display.obj (.text)
                  000559e0    00000136     rtsv7M4_T_le_v4SPD16_eabi.lib : fd_div_t2.asm.obj (.text)
                  00055b16    00000002     --HOLE-- [fill = 0]
                  00055b18    0000012c     FreeRTOS_TCP_WIN.obj (.text)
                  00055c44    0000012a     list.obj (.text)
                  00055d6e    00000002     --HOLE-- [fill = 0]
                  00055d70    00000124     rtsv7M4_T_le_v4SPD16_eabi.lib : _printfi.c.obj (.text:fcvt)
                  00055e94    00000124     lv_draw_layer.obj (.text)
                  00055fb8    00000118     driverlib.lib : sysctl.obj (.text:SysCtlClockGet)
                  000560d0    00000110     rtsv7M4_T_le_v4SPD16_eabi.lib : s_scalbn.c.obj (.text:scalbn)
                  000561e0    000000fc                                   : fd_mul_t2.asm.obj (.text)
                  000562dc    000000f0     lv_gc.obj (.text)
                  000563cc    000000f0     lv_mem.obj (.text)
                  000564bc    000000dc     lv_async.obj (.text)
                  00056598    000000da     portasm.obj (.text)
                  00056672    000000be     lv_draw_line.obj (.text)
                  00056730    000000b4     FreeRTOS_ICMP.obj (.text)
                  000567e4    000000b1     rtsv7M4_T_le_v4SPD16_eabi.lib : _printfi.c.obj (.text:_ltostr)
                  00056895    00000003     --HOLE-- [fill = 0]
                  00056898    0000009c     lv_img_cache.obj (.text)
                  00056934    0000009c     rtsv7M4_T_le_v4SPD16_eabi.lib : memcpy_t2.asm.obj (.text)
                  000569d0    00000096                                   : ull_div_t2.asm.obj (.text)
                  00056a66    00000086                                   : fd_cmp_t2.asm.obj (.text:__aeabi_cdcmple)
                  00056aec    00000086                                   : fd_cmp_t2.asm.obj (.text:__aeabi_cdrcmple)
                  00056b72    0000007a                                   : memset_t2.asm.obj (.text)
                  00056bec    00000078     driverlib.lib : emac.obj (.text:EMACInit)
                  00056c64    00000074     lv_hal_tick.obj (.text)
                  00056cd8    00000074     lv_utils.obj (.text)
                  00056d4c    0000006e     rtsv7M4_T_le_v4SPD16_eabi.lib : _printfi.c.obj (.text:_mcpy)
                  00056dba    00000002     --HOLE-- [fill = 0]
                  00056dbc    00000068     driverlib.lib : interrupt.obj (.text:IntEnable)
                  00056e24    00000068     rtsv7M4_T_le_v4SPD16_eabi.lib : copy_decompress_lzss.c.obj (.text:decompress:lzss:__TI_decompress_lzss)
                  00056e8c    00000064                                   : s_frexp.c.obj (.text:frexp)
                  00056ef0    00000060     FreeRTOS_TCP_Utils.obj (.text)
                  00056f50    0000005e     rtsv7M4_T_le_v4SPD16_eabi.lib : i_divt2.asm.obj (.text)
                  00056fae    00000056                                   : _printfi.c.obj (.text:_pconv_f)
                  00057004    00000054                                   : _ltoa.c.obj (.text:__TI_ltoa)
                  00057058    00000052                                   : _printfi.c.obj (.text:_ecpy)
                  000570aa    00000002     --HOLE-- [fill = 0]
                  000570ac    00000050     driverlib.lib : sysctl.obj (.text:SysCtlPeripheralReset)
                  000570fc    00000050     lv_draw_transform.obj (.text)
                  0005714c    0000004c     driverlib.lib : gpio.obj (.text:GPIOPinConfigure)
                  00057198    0000004c     rtsv7M4_T_le_v4SPD16_eabi.lib : atoi.c.obj (.text:atoi)
                  000571e4    0000004c                                   : snprintf.c.obj (.text:snprintf)
                  00057230    00000048     driverlib.lib : sysctl.obj (.text:_SysCtlFrequencyGet)
                  00057278    00000048     rtsv7M4_T_le_v4SPD16_eabi.lib : fd_toi_t2.asm.obj (.text)
                  000572c0    00000046     driverlib.lib : uart.obj (.text:UARTConfigSetExpClk)
                  00057306    00000002     --HOLE-- [fill = 0]
                  00057308    00000044     rtsv7M4_T_le_v4SPD16_eabi.lib : autoinit.c.obj (.text:__TI_auto_init_nobinit_nopinit:__TI_auto_init_nobinit_nopinit)
                  0005734c    00000040                                   : u_divt2.asm.obj (.text)
                  0005738c    00000040                                   : sprintf.c.obj (.text:sprintf)
                  000573cc    0000003e                                   : _printfi.c.obj (.text:_fcpy)
                  0005740a    0000003a     driverlib.lib : emac.obj (.text:EMACIntEnable)
                  00057444    00000038                   : emac.obj (.text:EMACConfigSet)
                  0005747c    00000038                   : sysctl.obj (.text:SysCtlPeripheralPresent)
                  000574b4    00000038                   : sysctl.obj (.text:SysCtlPeripheralReady)
                  000574ec    00000038     lv_btn.obj (.text)
                  00057524    00000036     rtsv7M4_T_le_v4SPD16_eabi.lib : strncpy.c.obj (.text:strncpy)
                  0005755a    00000002     --HOLE-- [fill = 0]
                  0005755c    00000034     driverlib.lib : emac.obj (.text:EMACConfigGet)
                  00057590    00000034                   : emac.obj (.text:EMACIntClear)
                  000575c4    00000034                   : sysctl.obj (.text:SysCtlPeripheralEnable)
                  000575f8    00000034     rtsv7M4_T_le_v4SPD16_eabi.lib : boot_cortex_m.c.obj (.text:_c_int00_noargs:_c_int00_noargs)
                  0005762c    00000034                                   : rand.c.obj (.text:rand)
                  00057660    00000030     driverlib.lib : emac.obj (.text:EMACAddrSet)
                  00057690    00000030     rtsv7M4_T_le_v4SPD16_eabi.lib : snprintf.c.obj (.text:_outs)
                  000576c0    00000030     thread_cli.obj (.text)
                  000576f0    0000002e     rtsv7M4_T_le_v4SPD16_eabi.lib : i_tofd_t2.asm.obj (.text)
                  0005771e    0000002c     driverlib.lib : emac.obj (.text:EMACIntStatus)
                  0005774a    0000002c                   : gpio.obj (.text:GPIODirModeSet)
                  00057776    0000002c     rtsv7M4_T_le_v4SPD16_eabi.lib : strncmp.c.obj (.text:strncmp)
                  000577a2    00000028                                   : memmov.c.obj (.text:memmove)
                  000577ca    00000026     driverlib.lib : emac.obj (.text:EMACPHYRead)
                  000577f0    00000026                   : emac.obj (.text:EMACPHYWrite)
                  00057816    00000002     --HOLE-- [fill = 0]
                  00057818    00000024                   : interrupt.obj (.text:IntPrioritySet)
                  0005783c    00000024     rtsv7M4_T_le_v4SPD16_eabi.lib : memcmp.c.obj (.text:memcmp)
                  00057860    00000020     driverlib.lib : uart.obj (.text:UARTDisable)
                  00057880    00000020                   : sysctl.obj (.text:_SysCtlMemTimingGet)
                  000578a0    0000001e     rtsv7M4_T_le_v4SPD16_eabi.lib : strcat.c.obj (.text:strcat)
                  000578be    0000001c                                   : memccpy.c.obj (.text:memccpy)
                  000578da    0000001a     driverlib.lib : gpio.obj (.text:GPIOPinTypeGPIOOutput)
                  000578f4    0000001a     rtsv7M4_T_le_v4SPD16_eabi.lib : s_copysign.c.obj (.text:copysign)
                  0005790e    00000018                                   : snprintf.c.obj (.text:_outc)
                  00057926    00000018                                   : sprintf.c.obj (.text:_outs)
                  0005793e    00000018     lv_draw.obj (.text)
                  00057956    00000018     rtsv7M4_T_le_v4SPD16_eabi.lib : ll_mul_t2.asm.obj (.text)
                  0005796e    00000018                                   : strcmp.c.obj (.text:strcmp)
                  00057986    00000016     driverlib.lib : emac.obj (.text:EMACRxEnable)
                  0005799c    00000016                   : emac.obj (.text:EMACTxEnable)
                  000579b2    00000016                   : gpio.obj (.text:GPIOPinTypeEthernetLED)
                  000579c8    00000016                   : gpio.obj (.text:GPIOPinTypeGPIOInput)
                  000579de    00000016                   : gpio.obj (.text:GPIOPinTypeUART)
                  000579f4    00000016                   : gpio.obj (.text:GPIOPinTypeUSBAnalog)
                  00057a0a    00000016                   : gpio.obj (.text:GPIOPinTypeUSBDigital)
                  00057a20    00000016     rtsv7M4_T_le_v4SPD16_eabi.lib : strchr.c.obj (.text:strchr)
                  00057a36    00000002     --HOLE-- [fill = 0]
                  00057a38    00000014     driverlib.lib : flash.obj (.text:FlashUserGet)
                  00057a4c    00000014                   : uart.obj (.text:UARTEnable)
                  00057a60    00000014     rtsv7M4_T_le_v4SPD16_eabi.lib : strcpy.c.obj (.text:strcpy)
                  00057a74    00000014                                   : strlen.c.obj (.text:strlen)
                  00057a88    00000012                                   : wcslen.c.obj (.text:wcslen)
                  00057a9a    00000002     --HOLE-- [fill = 0]
                  00057a9c    00000010     driverlib.lib : emac.obj (.text:EMACFrameFilterSet)
                  00057aac    00000010                   : interrupt.obj (.text:IntMasterDisable)
                  00057abc    0000000e     rtsv7M4_T_le_v4SPD16_eabi.lib : copy_decompress_none.c.obj (.text:decompress:none:__TI_decompress_none)
                  00057aca    0000000e     thread_modbus.obj (.text)
                  00057ad8    0000000c     driverlib.lib : cpu.obj (.text:CPUcpsid)
                  00057ae4    0000000c     rtsv7M4_T_le_v4SPD16_eabi.lib : copy_zero_init.c.obj (.text:decompress:ZI:__TI_zero_init)
                  00057af0    0000000c     tm4c1294ncpdt_startup_ccs.obj (.text)
                  00057afc    0000000a     driverlib.lib : ssi.obj (.text:SSIDataPut)
                  00057b06    0000000a                   : uart.obj (.text:UARTCharGet)
                  00057b10    0000000a                   : uart.obj (.text:UARTCharPut)
                  00057b1a    0000000a     rtsv7M4_T_le_v4SPD16_eabi.lib : sprintf.c.obj (.text:_outc)
                  00057b24    00000008     driverlib.lib : emac.obj (.text:EMACPowerManagementStatusGet)
                  00057b2c    00000008                   : emac.obj (.text:EMACTxDMAPollDemand)
                  00057b34    00000008                   : i2c.obj (.text:I2CMasterBusy)
                  00057b3c    00000008                   : i2c.obj (.text:I2CMasterSlaveAddrSet)
                  00057b44    00000008                   : ssi.obj (.text:SSIBusy)
                  00057b4c    00000008     rtsv7M4_T_le_v4SPD16_eabi.lib : errno.c.obj (.text:__aeabi_errno_addr)
                  00057b54    00000006     driverlib.lib : emac.obj (.text:EMACRxDMADescriptorListSet)
                  00057b5a    00000006                   : emac.obj (.text:EMACTxDMADescriptorListSet)
                  00057b60    00000006                   : gpio.obj (.text:GPIOPinRead)
                  00057b66    00000006                   : gpio.obj (.text:GPIOPinWrite)
                  00057b6c    00000006                   : uart.obj (.text:UARTClockSourceSet)
                  00057b72    00000004                   : i2c.obj (.text:I2CMasterControl)
                  00057b76    00000004                   : i2c.obj (.text:I2CMasterDataGet)
                  00057b7a    00000004                   : i2c.obj (.text:I2CMasterDataPut)
                  00057b7e    00000004     rtsv7M4_T_le_v4SPD16_eabi.lib : pre_init.c.obj (.text:_system_pre_init)
                  00057b82    00000004                                   : exit.c.obj (.text:abort:abort)

.const     0    00057b88    0000e540     
                  00057b88    00009600     ui_img_782468719.obj (.const:.string:ui_img_782468719_data)
                  00061188    00002280     lv_font_montserrat_14.obj (.const:.string:glyph_bitmap)
                  00063408    00000bad     lv_font_montserrat_14.obj (.const:.string:kern_class_values)
                  00063fb5    00000001     --HOLE-- [fill = 0]
                  00063fb6    00000002     lv_draw_sw_transform.obj (.const:$P$T0$1)
                  00063fb8    000004f0     lv_font_montserrat_14.obj (.const:glyph_dsc)
                  000644a8    0000028c     lv_calendar_header_dropdown.obj (.const:.string)
                  00064734    000001b0     driverlib.lib : sysctl.obj (.const:g_pppui32XTALtoVCO)
                  000648e4    00000198     lv_keyboard.obj (.const:.string)
                  00064a7c    0000017c     cli_commands.obj (.const:.string)
                  00064bf8    00000101     rtsv7M4_T_le_v4SPD16_eabi.lib : ctype.c.obj (.const:.string:_ctypes_)
                  00064cf9    00000100     lv_draw_sw_letter.obj (.const:.string:_lv_bpp8_opa_table)
                  00064df9    00000001     --HOLE-- [fill = 0]
                  00064dfa    000000be     lv_color.obj (.const:colors$2)
                  00064eb8    000000b6     lv_math.obj (.const:sin0_90_table)
                  00064f6e    00000002     lv_textarea.obj (.const:.string:$P$T0$1)
                  00064f70    000000b0     lv_keyboard.obj (.const:default_kb_map_lc)
                  00065020    000000b0     lv_keyboard.obj (.const:default_kb_map_spec)
                  000650d0    000000b0     lv_keyboard.obj (.const:default_kb_map_uc)
                  00065180    0000009e     lv_font_montserrat_14.obj (.const:.string:kern_left_class_mapping)
                  0006521e    0000009e     lv_font_montserrat_14.obj (.const:.string:kern_right_class_mapping)
                  000652bc    0000009c     driverlib.lib : interrupt.obj (.const:g_pui32Regs)
                  00065358    00000098     lv_color.obj (.const:colors$3)
                  000653f0    00000090     driverlib.lib : gpio.obj (.const:g_pui32GPIOBaseAddrs)
                  00065480    0000007c     lv_font_montserrat_14.obj (.const:unicode_list_1)
                  000654fc    00000070     lv_style.obj (.const:.string:_lv_style_builtin_prop_flag_lookup_table)
                  0006556c    0000006c     driverlib.lib : sysctl.obj (.const:g_pui32Xtals)
                  000655d8    0000006a     lv_calendar_header_arrow.obj (.const:.string)
                  00065642    00000002     lv_img_decoder.obj (.const:.string:$P$T1$1)
                  00065644    00000054     lv_keyboard.obj (.const:default_kb_map_num)
                  00065698    00000050     lv_keyboard.obj (.const:default_kb_ctrl_lc_map)
                  000656e8    00000050     lv_keyboard.obj (.const:default_kb_ctrl_spec_map)
                  00065738    00000050     lv_keyboard.obj (.const:default_kb_ctrl_uc_map)
                  00065788    0000003b     ST7735.obj (.const:.string:init_cmds1)
                  000657c3    00000001     --HOLE-- [fill = 0]
                  000657c4    00000038     FreeRTOS_CLI.obj (.const:.string)
                  000657fc    00000030     driverlib.lib : sysctl.obj (.const:g_sXTALtoMEMTIM)
                  0006582c    0000002e     lv_btnmatrix.obj (.const:.string)
                  0006585a    0000002b     ST7735.obj (.const:.string:init_cmds3)
                  00065885    00000002     lv_draw_sw_letter.obj (.const:.string:_lv_bpp1_opa_table)
                  00065887    00000001     --HOLE-- [fill = 0]
                  00065888    00000028     lv_font_montserrat_14.obj (.const:cmaps)
                  000658b0    00000026     FreeRTOS_ARP.obj (.const:.string:xDefaultPartARPPacketHeader$4)
                  000658d6    00000026     lv_color.obj (.const:colors$1)
                  000658fc    00000022     lv_keyboard.obj (.const:default_kb_ctrl_num_map)
                  0006591e    00000021     lv_draw_sw_line.obj (.const:.string:wcorr$1)
                  0006593f    00000020     FreeRTOS_Sockets.obj (.const:xPercTable$3)
                  0006595f    00000001     --HOLE-- [fill = 0]
                  00065960    0000001c     lv_draw_sw_rect.obj (.const:$P$T0$1)
                  0006597c    0000001c     lv_calendar.obj (.const:.string)
                  00065998    0000001c     lv_arc.obj (.const:lv_arc_class)
                  000659b4    0000001c     lv_bar.obj (.const:lv_bar_class)
                  000659d0    0000001c     lv_btn.obj (.const:lv_btn_class)
                  000659ec    0000001c     lv_btnmatrix.obj (.const:lv_btnmatrix_class)
                  00065a08    0000001c     lv_calendar.obj (.const:lv_calendar_class)
                  00065a24    0000001c     lv_calendar_header_arrow.obj (.const:lv_calendar_header_arrow_class)
                  00065a40    0000001c     lv_calendar_header_dropdown.obj (.const:lv_calendar_header_dropdown_class)
                  00065a5c    0000001c     lv_chart.obj (.const:lv_chart_class)
                  00065a78    0000001c     lv_checkbox.obj (.const:lv_checkbox_class)
                  00065a94    0000001c     lv_colorwheel.obj (.const:lv_colorwheel_class)
                  00065ab0    0000001c     lv_dropdown.obj (.const:lv_dropdown_class)
                  00065acc    0000001c     lv_dropdown.obj (.const:lv_dropdownlist_class)
                  00065ae8    0000001c     lv_font_montserrat_14.obj (.const:lv_font_montserrat_14)
                  00065b04    0000001c     lv_img.obj (.const:lv_img_class)
                  00065b20    0000001c     lv_keyboard.obj (.const:lv_keyboard_class)
                  00065b3c    0000001c     lv_label.obj (.const:lv_label_class)
                  00065b58    0000001c     lv_led.obj (.const:lv_led_class)
                  00065b74    0000001c     lv_line.obj (.const:lv_line_class)
                  00065b90    0000001c     lv_list.obj (.const:lv_list_btn_class)
                  00065bac    0000001c     lv_list.obj (.const:lv_list_class)
                  00065bc8    0000001c     lv_list.obj (.const:lv_list_text_class)
                  00065be4    0000001c     lv_menu.obj (.const:lv_menu_class)
                  00065c00    0000001c     lv_menu.obj (.const:lv_menu_cont_class)
                  00065c1c    0000001c     lv_menu.obj (.const:lv_menu_main_cont_class)
                  00065c38    0000001c     lv_menu.obj (.const:lv_menu_main_header_cont_class)
                  00065c54    0000001c     lv_menu.obj (.const:lv_menu_page_class)
                  00065c70    0000001c     lv_menu.obj (.const:lv_menu_section_class)
                  00065c8c    0000001c     lv_menu.obj (.const:lv_menu_separator_class)
                  00065ca8    0000001c     lv_menu.obj (.const:lv_menu_sidebar_cont_class)
                  00065cc4    0000001c     lv_menu.obj (.const:lv_menu_sidebar_header_cont_class)
                  00065ce0    0000001c     lv_meter.obj (.const:lv_meter_class)
                  00065cfc    0000001c     lv_msgbox.obj (.const:lv_msgbox_backdrop_class)
                  00065d18    0000001c     lv_msgbox.obj (.const:lv_msgbox_class)
                  00065d34    0000001c     lv_obj.obj (.const:lv_obj_class)
                  00065d50    0000001c     lv_roller.obj (.const:lv_roller_class)
                  00065d6c    0000001c     lv_roller.obj (.const:lv_roller_label_class)
                  00065d88    0000001c     lv_slider.obj (.const:lv_slider_class)
                  00065da4    0000001c     lv_spinbox.obj (.const:lv_spinbox_class)
                  00065dc0    0000001c     lv_spinner.obj (.const:lv_spinner_class)
                  00065ddc    0000001c     lv_switch.obj (.const:lv_switch_class)
                  00065df8    0000001c     lv_table.obj (.const:lv_table_class)
                  00065e14    0000001c     lv_tabview.obj (.const:lv_tabview_class)
                  00065e30    0000001c     lv_textarea.obj (.const:lv_textarea_class)
                  00065e4c    0000001c     lv_tileview.obj (.const:lv_tileview_class)
                  00065e68    0000001c     lv_tileview.obj (.const:lv_tileview_tile_class)
                  00065e84    0000001c     lv_win.obj (.const:lv_win_class)
                  00065ea0    00000019     FreeRTOS_DHCP.obj (.const:.string:ucDHCPRequestOptions$1)
                  00065eb9    00000018     FreeRTOS_DHCP.obj (.const:.string:ucDHCPDiscoverOptions$2)
                  00065ed1    00000003     --HOLE-- [fill = 0]
                  00065ed4    00000018     lv_font_montserrat_14.obj (.const:font_dsc)
                  00065eec    00000018     driverlib.lib : emac.obj (.const:g_pi16MIIClockDiv)
                  00065f04    00000016     lv_theme_default.obj (.const:trans_props$1)
                  00065f1a    00000002     --HOLE-- [fill = 0]
                  00065f1c    00000014     driverlib.lib : interrupt.obj (.const:g_pui32EnRegs)
                  00065f30    00000012     uartstdio.obj (.const:.string)
                  00065f42    00000010     lv_img_buf.obj (.const:$P$T3$3)
                  00065f52    00000010     lv_img_buf.obj (.const:.string:$P$T2$2)
                  00065f62    00000010     lv_img_decoder.obj (.const:.string:$P$T3$3)
                  00065f72    00000010     lv_draw_sw_letter.obj (.const:.string:_lv_bpp4_opa_table)
                  00065f82    00000002     --HOLE-- [fill = 0]
                  00065f84    00000010     lv_font_montserrat_14.obj (.const:kern_classes)
                  00065f94    00000010     cli_commands.obj (.const:xEightCommand)
                  00065fa4    00000010     cli_commands.obj (.const:xFiveCommand)
                  00065fb4    00000010     cli_commands.obj (.const:xFourCommand)
                  00065fc4    00000010     FreeRTOS_CLI.obj (.const:xHelpCommand)
                  00065fd4    00000010     cli_commands.obj (.const:xLedOffCommand)
                  00065fe4    00000010     cli_commands.obj (.const:xLedOnCommand)
                  00065ff4    00000010     cli_commands.obj (.const:xSevenCommand)
                  00066004    00000010     cli_commands.obj (.const:xSixCommand)
                  00066014    00000010     cli_commands.obj (.const:xThreeCommand)
                  00066024    0000000f     ST7735.obj (.const:.string:init_cmds2)
                  00066033    00000001     --HOLE-- [fill = 0]
                  00066034    0000000c     uartstdio.obj (.const:g_ui32UARTBase)
                  00066040    0000000c     uartstdio.obj (.const:g_ui32UARTPeriph)
                  0006604c    0000000c     ui_img_782468719.obj (.const:ui_img_782468719)
                  00066058    00000008     lv_draw_sw_polygon.obj (.const:$P$T0$1)
                  00066060    00000008     lv_tlsf.obj (.const:$P$T0$1)
                  00066068    00000008     thread_display.obj (.const:btn_points$1)
                  00066070    00000008     driverlib.lib : sysctl.obj (.const:g_pui32VCOFrequencies)
                  00066078    00000006     FreeRTOS_IP.obj (.const:xBroadcastMACAddress)
                  0006607e    00000005     FreeRTOS_Sockets.obj (.const:$P$T0$1)
                  00066083    00000005     FreeRTOS_IP.obj (.const:xNetworkDownEvent$1)
                  00066088    00000005     FreeRTOS_IP.obj (.const:xNetworkDownEvent$2)
                  0006608d    00000001     --HOLE-- [fill = 0]
                  0006608e    00000004     lv_obj_scroll.obj (.const:$P$T0$1)
                  00066092    00000002     --HOLE-- [fill = 0]
                  00066094    00000004     lv_obj_style.obj (.const:$P$T0$1)
                  00066098    00000004     lv_obj_pos.obj (.const:$P$T0$2)
                  0006609c    00000004     lv_obj_scroll.obj (.const:$P$T1$2)
                  000660a0    00000004     lv_obj_pos.obj (.const:$P$T1$3)
                  000660a4    00000004     lv_img_buf.obj (.const:.string:$P$T1$1)
                  000660a8    00000004     lv_img_decoder.obj (.const:.string:$P$T2$2)
                  000660ac    00000004     lv_draw_sw_letter.obj (.const:.string:_lv_bpp2_opa_table)
                  000660b0    00000004     BufferAllocation_1.obj (.const)
                  000660b4    00000004     lv_style.obj (.const:null_style_value)
                  000660b8    00000004     port.obj (.const)
                  000660bc    00000004     tasks.obj (.const)
                  000660c0    00000004     uartstdio.obj (.const)
                  000660c4    00000004     NetworkInterface.obj (.const:xPHYProperties)

.cinit     0    000660c8    00000138     
                  000660c8    00000112     (.cinit..data.load) [load image, compression = lzss]
                  000661da    00000002     --HOLE-- [fill = 0]
                  000661dc    0000000c     (__TI_handler_table)
                  000661e8    00000008     (.cinit..bss.load) [load image, compression = zero_init]
                  000661f0    00000010     (__TI_cinit_table)

.init_array 
*          0    00000000    00000000     UNINITIALIZED

.bss       0    20000000    0002815c     UNINITIALIZED
                  20000000    00020000     lv_malloc_builtin.obj (.bss:work_mem_int$1)
                  20020000    00004f10     heap_4.obj (.bss:ucHeap)
                  20024f10    00001900     thread_display.obj (.bss:buf_1)
                  20026810    000009c0     NetworkInterface.obj (.bss:_network_buffers)
                  200271d0    00000400     thread_cli.obj (.bss:cOutputString$2)
                  200275d0    00000140     tasks.obj (.bss:pxReadyTasksLists)
                  20027710    00000100     NetworkInterface.obj (.bss:_rx_descriptors)
                  20027810    00000100     NetworkInterface.obj (.bss:_tx_descriptors)
                  20027910    00000100     lv_draw_sw_letter.obj (.bss:opa_table$1)
                  20027a10    00000090     BufferAllocation_1.obj (.bss:xNetworkBuffers)
                  20027aa0    00000084     (.common:gesture_data_)
                  20027b24    00000080     (.common:_lv_draw_mask_list)
                  20027ba4    00000080     (.common:fifo_data)
                  20027c24    00000078     FreeRTOS_ARP.obj (.bss:xARPCache)
                  20027c9c    00000070     (.common:_lv_circle_cache)
                  20027d0c    00000050     (.common:xQueueRegistry)
                  20027d5c    0000004c     thread_display.obj (.bss:disp_drv)
                  20027da8    00000040     NetworkInterface.obj (.bss:xPhyObject)
                  20027de8    0000003c     thread_cli.obj (.bss:cInputString$1)
                  20027e24    0000002c     (.common:_lv_img_cache_single)
                  20027e50    00000024     lv_theme_default.obj (.bss:theme)
                  20027e74    00000021     FreeRTOS_DHCP.obj (.bss:xDHCPData)
                  20027e95    00000001     lv_colorwheel.obj (.bss)
                  20027e96    00000002     lv_theme_default.obj (.bss:color_card)
                  20027e98    0000001c     thread_display.obj (.bss:disp_buf)
                  20027eb4    00000014     lv_theme_default.obj (.bss:trans_delayed$2)
                  20027ec8    00000014     lv_theme_default.obj (.bss:trans_normal$3)
                  20027edc    00000014     tasks.obj (.bss:xDelayedTaskList1)
                  20027ef0    00000014     tasks.obj (.bss:xDelayedTaskList2)
                  20027f04    00000014     BufferAllocation_1.obj (.bss:xFreeBuffersList)
                  20027f18    00000014     tasks.obj (.bss:xPendingReadyList)
                  20027f2c    00000014     tasks.obj (.bss:xSuspendedTaskList)
                  20027f40    00000014     tasks.obj (.bss:xTasksWaitingTermination)
                  20027f54    00000014     (.common:xBoundTCPSocketsList)
                  20027f68    00000014     (.common:xBoundUDPSocketsList)
                  20027f7c    00000011     FreeRTOS_IP_Timers.obj (.bss:xARPResolutionTimer)
                  20027f8d    00000011     FreeRTOS_IP_Timers.obj (.bss:xARPTimer)
                  20027f9e    00000011     FreeRTOS_IP_Timers.obj (.bss:xDHCPTimer)
                  20027faf    00000011     FreeRTOS_IP_Timers.obj (.bss:xTCPTimer)
                  20027fc0    0000000c     lv_malloc_builtin.obj (.bss)
                  20027fcc    0000000c     lv_tileview.obj (.bss)
                  20027fd8    0000000c     (.common:_lv_anim_ll)
                  20027fe4    0000000c     (.common:_lv_disp_ll)
                  20027ff0    0000000c     (.common:_lv_fsdrv_ll)
                  20027ffc    0000000c     (.common:_lv_group_ll)
                  20028008    0000000c     (.common:_lv_img_decoder_ll)
                  20028014    0000000c     (.common:_lv_indev_ll)
                  20028020    0000000c     (.common:_lv_obj_style_trans_ll)
                  2002802c    0000000c     (.common:_lv_timer_ll)
                  20028038    0000000c     (.common:_subs_ll)
                  20028044    00000008     lv_font_montserrat_14.obj (.bss:cache)
                  2002804c    00000008     lv_theme_default.obj (.bss:dark_filter$4)
                  20028054    00000008     lv_theme_default.obj (.bss:grey_filter$5)
                  2002805c    00000008     lv_anim.obj (.bss)
                  20028064    00000008     lv_area.obj (.bss)
                  2002806c    00000008     lv_refr.obj (.bss)
                  20028074    00000008     lv_spinner.obj (.bss)
                  2002807c    00000008     tasks.obj (.bss)
                  20028084    00000008     FreeRTOS_ARP.obj (.bss:xARPClashTimeOut$3)
                  2002808c    00000008     heap_4.obj (.bss:xStart)
                  20028094    00000005     lv_theme_default.obj (.bss)
                  20028099    00000001     lv_hal_tick.obj (.bss)
                  2002809a    00000002     lv_theme_default.obj (.bss:color_grey)
                  2002809c    00000004     APDS9960.obj (.bss)
                  200280a0    00000004     FreeRTOS_DHCP.obj (.bss)
                  200280a4    00000004     FreeRTOS_CLI.obj (.bss:cOutputBuffer)
                  200280a8    00000004     lv_event.obj (.bss)
                  200280ac    00000004     lv_group.obj (.bss)
                  200280b0    00000004     lv_hal_disp.obj (.bss)
                  200280b4    00000004     lv_indev.obj (.bss)
                  200280b8    00000004     lv_obj_pos.obj (.bss)
                  200280bc    00000004     lv_tabview.obj (.bss)
                  200280c0    00000004     lv_textarea.obj (.bss)
                  200280c4    00000004     (.common:_lv_grad_cache_mem)
                  200280c8    00000004     (.common:_lv_layout_list)
                  200280cc    00000004     (.common:_lv_style_custom_prop_flag_lookup_table)
                  200280d0    00000004     (.common:_lv_theme_basic_styles)
                  200280d4    00000004     (.common:_lv_theme_default_styles)
                  200280d8    00000004     (.common:_lv_timer_act)
                  200280dc    00000004     (.common:g_ui32SysClock)
                  200280e0    00000004     (.common:gesture_far_count_)
                  200280e4    00000004     (.common:gesture_lr_count_)
                  200280e8    00000004     (.common:gesture_lr_delta_)
                  200280ec    00000004     (.common:gesture_motion_)
                  200280f0    00000004     (.common:gesture_near_count_)
                  200280f4    00000004     (.common:gesture_state_)
                  200280f8    00000004     (.common:gesture_ud_count_)
                  200280fc    00000004     (.common:gesture_ud_delta_)
                  20028100    00000004     (.common:ui_Screen1)
                  20028104    00000004     (.common:ui_Screen2)
                  20028108    00000004     (.common:ui_Screen2_Arc2)
                  2002810c    00000004     (.common:ui_Screen2_Switch1)
                  20028110    00000004     (.common:ui_Screen3)
                  20028114    00000004     (.common:ui_Screen3_TextArea1)
                  20028118    00000004     (.common:ui_Screen4)
                  2002811c    00000004     (.common:ui_Screen4_Colorwheel1)
                  20028120    00000004     (.common:ui_Screen5)
                  20028124    00000004     (.common:ui_Screen5_Spinner1)
                  20028128    00000004     (.common:xProcessedTCPMessage)
                  2002812c    00000002     lv_theme_default.obj (.bss:color_scr)
                  2002812e    00000002     lv_theme_default.obj (.bss:color_text)
                  20028130    00000002     lv_draw_sw_blend.obj (.bss:last_dest_color$7)
                  20028132    00000002     lv_draw_sw_blend.obj (.bss:last_res_color$9)
                  20028134    00000002     lv_draw_sw_blend.obj (.bss:last_src_color$8)
                  20028136    00000002     lv_timer.obj (.bss)
                  20028138    00000002     lv_win.obj (.bss)
                  2002813a    00000002     (.common:LV_LAYOUT_FLEX)
                  2002813c    00000002     (.common:LV_LAYOUT_GRID)
                  2002813e    00000002     (.common:LV_STYLE_FLEX_CROSS_PLACE)
                  20028140    00000002     (.common:LV_STYLE_FLEX_FLOW)
                  20028142    00000002     (.common:LV_STYLE_FLEX_GROW)
                  20028144    00000002     (.common:LV_STYLE_FLEX_MAIN_PLACE)
                  20028146    00000002     (.common:LV_STYLE_FLEX_TRACK_PLACE)
                  20028148    00000002     (.common:LV_STYLE_GRID_CELL_COLUMN_POS)
                  2002814a    00000002     (.common:LV_STYLE_GRID_CELL_COLUMN_SPAN)
                  2002814c    00000002     (.common:LV_STYLE_GRID_CELL_ROW_POS)
                  2002814e    00000002     (.common:LV_STYLE_GRID_CELL_ROW_SPAN)
                  20028150    00000002     (.common:LV_STYLE_GRID_CELL_X_ALIGN)
                  20028152    00000002     (.common:LV_STYLE_GRID_CELL_Y_ALIGN)
                  20028154    00000002     (.common:LV_STYLE_GRID_COLUMN_ALIGN)
                  20028156    00000002     (.common:LV_STYLE_GRID_COLUMN_DSC_ARRAY)
                  20028158    00000002     (.common:LV_STYLE_GRID_ROW_ALIGN)
                  2002815a    00000002     (.common:LV_STYLE_GRID_ROW_DSC_ARRAY)

.data      0    2002815c    0000025a     UNINITIALIZED
                  2002815c    00000034     tasks.obj (.data)
                  20028190    00000030     lv_calendar_header_arrow.obj (.data:month_names_def)
                  200281c0    00000024     lv_keyboard.obj (.data:kb_ctrl)
                  200281e4    00000024     lv_keyboard.obj (.data:kb_map)
                  20028208    00000020     lv_txt.obj (.data)
                  20028228    0000001c     FreeRTOS_IP.obj (.data)
                  20028244    0000001c     lv_calendar.obj (.data:day_names_def)
                  20028260    0000001c     lv_btnmatrix.obj (.data:lv_btnmatrix_def_map)
                  2002827c    00000018     heap_4.obj (.data)
                  20028294    00000018     FreeRTOS_UDP_IP.obj (.data:xDefaultPartUDPPacketHeader)
                  200282ac    00000014     FreeRTOS_IP.obj (.data:xDefaultAddressing)
                  200282c0    00000014     FreeRTOS_IP.obj (.data:xNetworkAddressing)
                  200282d4    00000010     lv_timer.obj (.data)
                  200282e4    0000000c     FreeRTOS_ARP.obj (.data)
                  200282f0    0000000c     FreeRTOS_CLI.obj (.data)
                  200282fc    0000000c     NetworkInterface.obj (.data:_rx_descriptor_list)
                  20028308    0000000c     NetworkInterface.obj (.data:_tx_descriptor_list)
                  20028314    00000009     lv_draw_sw_gradient.obj (.data)
                  2002831d    00000003     rtos_hw_drivers.obj (.data)
                  20028320    00000008     rtsv7M4_T_le_v4SPD16_eabi.lib : _lock.c.obj (.data:$O1$$)
                  20028328    00000008     BufferAllocation_1.obj (.data)
                  20028330    00000008     NetworkInterface.obj (.data)
                  20028338    00000008     lv_calendar_header_dropdown.obj (.data)
                  20028340    00000008     lv_colorwheel.obj (.data)
                  20028348    00000008     lv_draw_sw_blend.obj (.data)
                  20028350    00000008     lv_draw_sw_letter.obj (.data)
                  20028358    00000008     lv_obj.obj (.data)
                  20028360    00000008     FreeRTOS_CLI.obj (.data:xRegisteredCommands)
                  20028368    00000006     lv_style.obj (.data)
                  2002836e    00000002     lv_draw_sw_blend.obj (.data:bg_color_save$4)
                  20028370    00000005     lv_indev.obj (.data)
                  20028375    00000001     lv_obj_pos.obj (.data)
                  20028376    00000002     lv_draw_sw_blend.obj (.data:fg_color_save$3)
                  20028378    00000005     uartstdio.obj (.data)
                  2002837d    00000001     lv_obj_style.obj (.data)
                  2002837e    00000002     lv_draw_sw_blend.obj (.data:res_color_saved$5)
                  20028380    00000004     FreeRTOS_IP_Utils.obj (.data)
                  20028384    00000004     FreeRTOS_Sockets.obj (.data)
                  20028388    00000004     FreeRTOS_TCP_IP.obj (.data)
                  2002838c    00000004     FreeRTOS_Tiny_TCP.obj (.data)
                  20028390    00000004     lv_area.obj (.data)
                  20028394    00000004     lv_event.obj (.data)
                  20028398    00000004     lv_hal_tick.obj (.data)
                  2002839c    00000004     lv_math.obj (.data)
                  200283a0    00000004     lv_mem.obj (.data)
                  200283a4    00000004     main.obj (.data)
                  200283a8    00000004     port.obj (.data)
                  200283ac    00000004     rtsv7M4_T_le_v4SPD16_eabi.lib : errno.c.obj (.data)
                  200283b0    00000004                                   : rand.c.obj (.data)
                  200283b4    00000001     lv_theme_default.obj (.data)
                  200283b5    00000001     thread_display.obj (.data)

.stack     0    200283b8    00000200     UNINITIALIZED
                  200283b8    00000004     rtsv7M4_T_le_v4SPD16_eabi.lib : boot_cortex_m.c.obj (.stack)
                  200283bc    000001fc     --HOLE--

.sysmem    0    200285b8    00000010     UNINITIALIZED
                  200285b8    00000010     rtsv7M4_T_le_v4SPD16_eabi.lib : memory.c.obj (.sysmem)

__llvm_prf_cnts 
*          0    20000000    00000000     UNINITIALIZED

MODULE SUMMARY

       Module                            code     ro data   rw data
       ------                            ----     -------   -------
    .\
       main.obj                          1032     0         8      
       tm4c1294ncpdt_startup_ccs.obj     12       520       0      
    +--+---------------------------------+--------+---------+---------+
       Total:                            1044     520       8      
                                                                   
    .\drivers\
       rtos_hw_drivers.obj               872      0         3      
       i2c_master.obj                    626      0         0      
    +--+---------------------------------+--------+---------+---------+
       Total:                            1498     0         3      
                                                                   
    .\drivers\display\
       ST7735.obj                        1176     117       0      
    +--+---------------------------------+--------+---------+---------+
       Total:                            1176     117       0      
                                                                   
    .\drivers\sensors\
       APDS9960.obj                      5088     0         296    
    +--+---------------------------------+--------+---------+---------+
       Total:                            5088     0         296    
                                                                   
    .\middlewares\FreeRTOS-Plus-CLI\
       FreeRTOS_CLI.obj                  804      72        24     
    +--+---------------------------------+--------+---------+---------+
       Total:                            804      72        24     
                                                                   
    .\middlewares\FreeRTOS-Plus-TCP\source\
       FreeRTOS_Sockets.obj              7764     37        44     
       FreeRTOS_IP.obj                   2852     16        72     
       FreeRTOS_TCP_Transmission.obj     2704     0         0      
       FreeRTOS_TCP_State_Handling.obj   2576     0         0      
       FreeRTOS_ARP.obj                  2216     38        140    
       FreeRTOS_IP_Utils.obj             2268     0         4      
       FreeRTOS_DHCP.obj                 2184     49        37     
       FreeRTOS_TCP_IP.obj               1464     0         4      
       FreeRTOS_TCP_Reception.obj        910      0         0      
       FreeRTOS_Stream_Buffer.obj        874      0         0      
       FreeRTOS_Tiny_TCP.obj             760      0         4      
       FreeRTOS_IP_Timers.obj            648      0         68     
       FreeRTOS_UDP_IP.obj               484      0         24     
       FreeRTOS_TCP_WIN.obj              300      0         0      
       FreeRTOS_ICMP.obj                 180      0         0      
       FreeRTOS_TCP_Utils.obj            96       0         0      
    +--+---------------------------------+--------+---------+---------+
       Total:                            28280    140       397    
                                                                   
    .\middlewares\FreeRTOS-Plus-TCP\source\portable\BufferManagement\
       BufferAllocation_1.obj            568      4         172    
    +--+---------------------------------+--------+---------+---------+
       Total:                            568      4         172    
                                                                   
    .\middlewares\FreeRTOS-Plus-TCP\source\portable\NetworkInterface\Common\
       phyHandling.obj                   2216     0         0      
    +--+---------------------------------+--------+---------+---------+
       Total:                            2216     0         0      
                                                                   
    .\middlewares\FreeRTOS-Plus-TCP\source\portable\NetworkInterface\TM4C\
       NetworkInterface.obj              1868     4         3104   
    +--+---------------------------------+--------+---------+---------+
       Total:                            1868     4         3104   
                                                                   
    .\middlewares\FreeRTOS\Source\
       tasks.obj                         8484     4         480    
       queue.obj                         3416     0         80     
       event_groups.obj                  968      0         0      
       list.obj                          298      0         0      
    +--+---------------------------------+--------+---------+---------+
       Total:                            13166    4         560    
                                                                   
    .\middlewares\FreeRTOS\Source\portable\CCS\ARM_CM4F\
       port.obj                          316      4         4      
       portasm.obj                       218      0         0      
    +--+---------------------------------+--------+---------+---------+
       Total:                            534      4         4      
                                                                   
    .\middlewares\FreeRTOS\Source\portable\MemMang\
       heap_4.obj                        928      0         20272  
    +--+---------------------------------+--------+---------+---------+
       Total:                            928      0         20272  
                                                                   
    .\middlewares\lvgl\src\core\
       lv_obj_pos.obj                    9720     8         5      
       lv_obj_scroll.obj                 7360     8         0      
       lv_obj_style.obj                  6632     4         1      
       lv_refr.obj                       6608     0         8      
       lv_indev.obj                      6212     0         9      
       lv_obj.obj                        5746     28        8      
       lv_indev_scroll.obj               4722     0         0      
       lv_obj_draw.obj                   3698     0         0      
       lv_obj_style_gen.obj              3008     0         0      
       lv_event.obj                      2558     0         8      
       lv_disp.obj                       2334     0         0      
       lv_group.obj                      2326     0         4      
       lv_obj_tree.obj                   2094     0         0      
       lv_obj_class.obj                  762      0         0      
       lv_theme.obj                      320      0         0      
    +--+---------------------------------+--------+---------+---------+
       Total:                            64100    48        43     
                                                                   
    .\middlewares\lvgl\src\draw\
       lv_draw_mask.obj                  11510    0         0      
       lv_img_buf.obj                    3704     36        0      
       lv_img_decoder.obj                3656     22        0      
       lv_draw_label.obj                 2234     0         0      
       lv_draw_arc.obj                   1932     0         0      
       lv_draw_img.obj                   1588     0         0      
       lv_draw_rect.obj                  360      0         0      
       lv_draw_layer.obj                 292      0         0      
       lv_draw_line.obj                  190      0         0      
       lv_img_cache.obj                  156      0         0      
       lv_draw_transform.obj             80       0         0      
       lv_draw.obj                       24       0         0      
    +--+---------------------------------+--------+---------+---------+
       Total:                            25726    58        0      
                                                                   
    .\middlewares\lvgl\src\draw\sw\
       lv_draw_sw_rect.obj               10500    28        0      
       lv_draw_sw_blend.obj              7156     0         20     
       lv_draw_sw_arc.obj                4672     0         0      
       lv_draw_sw_transform.obj          3654     2         0      
       lv_draw_sw_line.obj               3098     33        0      
       lv_draw_sw_img.obj                2106     0         0      
       lv_draw_sw_letter.obj             1554     278       264    
       lv_draw_sw_gradient.obj           1752     0         9      
       lv_draw_sw_polygon.obj            1336     8         0      
       lv_draw_sw.obj                    1078     0         0      
       lv_draw_sw_layer.obj              654      0         0      
    +--+---------------------------------+--------+---------+---------+
       Total:                            37560    349       293    
                                                                   
    .\middlewares\lvgl\src\font\
       lv_font_montserrat_14.obj         0        13633     8      
       lv_font_fmt_txt.obj               1388     0         0      
       lv_font.obj                       328      0         0      
    +--+---------------------------------+--------+---------+---------+
       Total:                            1716     13633     8      
                                                                   
    .\middlewares\lvgl\src\hal\
       lv_hal_disp.obj                   2124     0         4      
       lv_hal_indev.obj                  476      0         0      
       lv_hal_tick.obj                   116      0         5      
    +--+---------------------------------+--------+---------+---------+
       Total:                            2716     0         9      
                                                                   
    .\middlewares\lvgl\src\layouts\flex\
       lv_flex.obj                       4926     0         12     
    +--+---------------------------------+--------+---------+---------+
       Total:                            4926     0         12     
                                                                   
    .\middlewares\lvgl\src\layouts\grid\
       lv_grid.obj                       5342     0         22     
    +--+---------------------------------+--------+---------+---------+
       Total:                            5342     0         22     
                                                                   
    .\middlewares\lvgl\src\misc\
       lv_malloc_builtin.obj             396      0         131084 
       lv_tlsf.obj                       5406     8         0      
       lv_area.obj                       3612     0         12     
       lv_txt.obj                        3124     0         32     
       lv_printf.obj                     3120     0         0      
       lv_fs.obj                         2416     0         0      
       lv_style.obj                      2204     116       6      
       lv_anim.obj                       2272     0         8      
       lv_color.obj                      1788     380       0      
       lv_style_gen.obj                  2168     0         0      
       lv_memcpy_builtin.obj             1446     0         0      
       lv_math.obj                       1104     182       4      
       lv_ll.obj                         1112     0         0      
       lv_timer.obj                      852      0         18     
       lv_gc.obj                         240      0         416    
       lv_mem.obj                        240      0         4      
       lv_async.obj                      220      0         0      
       lv_utils.obj                      116      0         0      
    +--+---------------------------------+--------+---------+---------+
       Total:                            31836    686       131584 
                                                                   
    .\middlewares\lvgl\src\themes\default\
       lv_theme_default.obj              12664    22        106    
    +--+---------------------------------+--------+---------+---------+
       Total:                            12664    22        106    
                                                                   
    .\middlewares\lvgl\src\widgets\arc\
       lv_arc.obj                        6136     28        0      
    +--+---------------------------------+--------+---------+---------+
       Total:                            6136     28        0      
                                                                   
    .\middlewares\lvgl\src\widgets\bar\
       lv_bar.obj                        3832     28        0      
    +--+---------------------------------+--------+---------+---------+
       Total:                            3832     28        0      
                                                                   
    .\middlewares\lvgl\src\widgets\btn\
       lv_btn.obj                        56       28        0      
    +--+---------------------------------+--------+---------+---------+
       Total:                            56       28        0      
                                                                   
    .\middlewares\lvgl\src\widgets\btnmatrix\
       lv_btnmatrix.obj                  7312     74        28     
    +--+---------------------------------+--------+---------+---------+
       Total:                            7312     74        28     
                                                                   
    .\middlewares\lvgl\src\widgets\calendar\
       lv_calendar.obj                   2136     56        28     
       lv_calendar_header_dropdown.obj   432      680       8      
       lv_calendar_header_arrow.obj      588      134       48     
    +--+---------------------------------+--------+---------+---------+
       Total:                            3156     870       84     
                                                                   
    .\middlewares\lvgl\src\widgets\chart\
       lv_chart.obj                      12942    28        0      
    +--+---------------------------------+--------+---------+---------+
       Total:                            12942    28        0      
                                                                   
    .\middlewares\lvgl\src\widgets\checkbox\
       lv_checkbox.obj                   1656     28        0      
    +--+---------------------------------+--------+---------+---------+
       Total:                            1656     28        0      
                                                                   
    .\middlewares\lvgl\src\widgets\colorwheel\
       lv_colorwheel.obj                 4584     28        9      
    +--+---------------------------------+--------+---------+---------+
       Total:                            4584     28        9      
                                                                   
    .\middlewares\lvgl\src\widgets\dropdown\
       lv_dropdown.obj                   6162     56        0      
    +--+---------------------------------+--------+---------+---------+
       Total:                            6162     56        0      
                                                                   
    .\middlewares\lvgl\src\widgets\img\
       lv_img.obj                        4728     28        0      
    +--+---------------------------------+--------+---------+---------+
       Total:                            4728     28        0      
                                                                   
    .\middlewares\lvgl\src\widgets\keyboard\
       lv_keyboard.obj                   1308     1322      72     
    +--+---------------------------------+--------+---------+---------+
       Total:                            1308     1322      72     
                                                                   
    .\middlewares\lvgl\src\widgets\label\
       lv_label.obj                      7296     28        0      
    +--+---------------------------------+--------+---------+---------+
       Total:                            7296     28        0      
                                                                   
    .\middlewares\lvgl\src\widgets\led\
       lv_led.obj                        1152     28        0      
    +--+---------------------------------+--------+---------+---------+
       Total:                            1152     28        0      
                                                                   
    .\middlewares\lvgl\src\widgets\line\
       lv_line.obj                       926      28        0      
    +--+---------------------------------+--------+---------+---------+
       Total:                            926      28        0      
                                                                   
    .\middlewares\lvgl\src\widgets\list\
       lv_list.obj                       0        84        0      
    +--+---------------------------------+--------+---------+---------+
       Total:                            0        84        0      
                                                                   
    .\middlewares\lvgl\src\widgets\menu\
       lv_menu.obj                       3074     252       0      
    +--+---------------------------------+--------+---------+---------+
       Total:                            3074     252       0      
                                                                   
    .\middlewares\lvgl\src\widgets\meter\
       lv_meter.obj                      4878     28        0      
    +--+---------------------------------+--------+---------+---------+
       Total:                            4878     28        0      
                                                                   
    .\middlewares\lvgl\src\widgets\msgbox\
       lv_msgbox.obj                     0        56        0      
    +--+---------------------------------+--------+---------+---------+
       Total:                            0        56        0      
                                                                   
    .\middlewares\lvgl\src\widgets\roller\
       lv_roller.obj                     4592     56        0      
    +--+---------------------------------+--------+---------+---------+
       Total:                            4592     56        0      
                                                                   
    .\middlewares\lvgl\src\widgets\slider\
       lv_slider.obj                     3680     28        0      
    +--+---------------------------------+--------+---------+---------+
       Total:                            3680     28        0      
                                                                   
    .\middlewares\lvgl\src\widgets\spinbox\
       lv_spinbox.obj                    2296     28        0      
    +--+---------------------------------+--------+---------+---------+
       Total:                            2296     28        0      
                                                                   
    .\middlewares\lvgl\src\widgets\spinner\
       lv_spinner.obj                    380      28        8      
    +--+---------------------------------+--------+---------+---------+
       Total:                            380      28        8      
                                                                   
    .\middlewares\lvgl\src\widgets\switch\
       lv_switch.obj                     1552     28        0      
    +--+---------------------------------+--------+---------+---------+
       Total:                            1552     28        0      
                                                                   
    .\middlewares\lvgl\src\widgets\table\
       lv_table.obj                      7112     28        0      
    +--+---------------------------------+--------+---------+---------+
       Total:                            7112     28        0      
                                                                   
    .\middlewares\lvgl\src\widgets\tabview\
       lv_tabview.obj                    1872     28        4      
    +--+---------------------------------+--------+---------+---------+
       Total:                            1872     28        4      
                                                                   
    .\middlewares\lvgl\src\widgets\textarea\
       lv_textarea.obj                   7148     30        4      
    +--+---------------------------------+--------+---------+---------+
       Total:                            7148     30        4      
                                                                   
    .\middlewares\lvgl\src\widgets\tileview\
       lv_tileview.obj                   844      56        12     
    +--+---------------------------------+--------+---------+---------+
       Total:                            844      56        12     
                                                                   
    .\middlewares\lvgl\src\widgets\win\
       lv_win.obj                        332      28        2      
    +--+---------------------------------+--------+---------+---------+
       Total:                            332      28        2      
                                                                   
    .\thread\
       thread_display.obj                316      8         6505   
       thread_cli.obj                    48       0         1084   
       thread_modbus.obj                 14       0         0      
    +--+---------------------------------+--------+---------+---------+
       Total:                            378      8         7589   
                                                                   
    .\ui\
       ui_img_782468719.obj              0        38412     0      
       ui.obj                            1584     0         40     
       ui_helpers.obj                    1036     0         0      
    +--+---------------------------------+--------+---------+---------+
       Total:                            2620     38412     40     
                                                                   
    .\utils\
       uartstdio.obj                     1192     46        5      
       cli_commands.obj                  700      508       0      
    +--+---------------------------------+--------+---------+---------+
       Total:                            1892     554       5      
                                                                   
    C:/ti/TivaWare_C_Series-2.2.0.295/driverlib/ccs/Debug/driverlib.lib
       sysctl.obj                        1140     596       0      
       gpio.obj                          632      144       0      
       emac.obj                          594      24        0      
       interrupt.obj                     156      176       0      
       uart.obj                          148      0         0      
       i2c.obj                           28       0         0      
       flash.obj                         20       0         0      
       ssi.obj                           18       0         0      
       cpu.obj                           12       0         0      
    +--+---------------------------------+--------+---------+---------+
       Total:                            2748     940       0      
                                                                   
    C:\ti\ccs1200\ccs\tools\compiler\ti-cgt-arm_20.2.7.LTS\lib\rtsv7M4_T_le_v4SPD16_eabi.lib
       _printfi.c.obj                    4851     0         0      
       fd_add_t2.asm.obj                 438      0         0      
       fd_div_t2.asm.obj                 310      0         0      
       s_scalbn.c.obj                    272      0         0      
       fd_cmp_t2.asm.obj                 268      0         0      
       ctype.c.obj                       0        257       0      
       fd_mul_t2.asm.obj                 252      0         0      
       memcpy_t2.asm.obj                 156      0         0      
       ull_div_t2.asm.obj                150      0         0      
       snprintf.c.obj                    148      0         0      
       memset_t2.asm.obj                 122      0         0      
       copy_decompress_lzss.c.obj        104      0         0      
       s_frexp.c.obj                     100      0         0      
       sprintf.c.obj                     98       0         0      
       i_divt2.asm.obj                   94       0         0      
       _ltoa.c.obj                       84       0         0      
       atoi.c.obj                        76       0         0      
       fd_toi_t2.asm.obj                 72       0         0      
       autoinit.c.obj                    68       0         0      
       u_divt2.asm.obj                   64       0         0      
       rand.c.obj                        52       0         4      
       strncpy.c.obj                     54       0         0      
       boot_cortex_m.c.obj               52       0         0      
       i_tofd_t2.asm.obj                 46       0         0      
       strncmp.c.obj                     44       0         0      
       memmov.c.obj                      40       0         0      
       memcmp.c.obj                      36       0         0      
       strcat.c.obj                      30       0         0      
       memccpy.c.obj                     28       0         0      
       s_copysign.c.obj                  26       0         0      
       ll_mul_t2.asm.obj                 24       0         0      
       strcmp.c.obj                      24       0         0      
       strchr.c.obj                      22       0         0      
       strcpy.c.obj                      20       0         0      
       strlen.c.obj                      20       0         0      
       wcslen.c.obj                      18       0         0      
       copy_decompress_none.c.obj        14       0         0      
       copy_zero_init.c.obj              12       0         0      
       errno.c.obj                       8        0         4      
       _lock.c.obj                       2        0         8      
       exit.c.obj                        4        0         0      
       pre_init.c.obj                    4        0         0      
       div0.asm.obj                      2        0         0      
    +--+---------------------------------+--------+---------+---------+
       Total:                            8309     257       16     
                                                                   
       Heap:                             0        0         16     
       Stack:                            0        0         512    
       Linker Generated:                 0        310       0      
    +--+---------------------------------+--------+---------+---------+
       Grand Total:                      358709   59502     165318 


LINKER GENERATED COPY TABLES

__TI_cinit_table @ 000661f0 records: 2, size/record: 8, table size: 16
	.data: load addr=000660c8, load size=00000112 bytes, run addr=2002815c, run size=0000025a bytes, compression=lzss
	.bss: load addr=000661e8, load size=00000008 bytes, run addr=20000000, run size=0002815c bytes, compression=zero_init


LINKER GENERATED HANDLER TABLE

__TI_handler_table @ 000661dc records: 3, size/record: 4, table size: 12
	index: 0, handler: __TI_decompress_lzss
	index: 1, handler: __TI_decompress_none
	index: 2, handler: __TI_zero_init


GLOBAL SYMBOLS: SORTED ALPHABETICALLY BY Name 

address   name                                        
-------   ----                                        
00028771  APDS9960Init                                
00051fed  ButtonsInit                                 
00051f4d  ButtonsPoll                                 
00057b83  C$$EXIT                                     
00057ad9  CPUcpsid                                    
00057661  EMACAddrSet                                 
0005755d  EMACConfigGet                               
00057445  EMACConfigSet                               
00057a9d  EMACFrameFilterSet                          
00056bed  EMACInit                                    
00057591  EMACIntClear                                
0005740b  EMACIntEnable                               
0005771f  EMACIntStatus                               
000577cb  EMACPHYRead                                 
000577f1  EMACPHYWrite                                
00057b25  EMACPowerManagementStatusGet                
00057b55  EMACRxDMADescriptorListSet                  
00057987  EMACRxEnable                                
00057b5b  EMACTxDMADescriptorListSet                  
00057b2d  EMACTxDMAPollDemand                         
0005799d  EMACTxEnable                                
00057a39  FlashUserGet                                
00052855  FreeRTOS_CLIGetOutputBuffer                 
00052859  FreeRTOS_CLIGetParameter                    
0005276f  FreeRTOS_CLIProcessCommand                  
00052731  FreeRTOS_CLIRegisterCommand                 
0004466f  FreeRTOS_ClearARP                           
0001108b  FreeRTOS_EUI48_ntop                         
00011161  FreeRTOS_EUI48_pton                         
0003ce8f  FreeRTOS_GetAddressConfiguration            
0003d5e1  FreeRTOS_GetDNSServerAddress                
0003d5db  FreeRTOS_GetGatewayAddress                  
0003d5c5  FreeRTOS_GetIPAddress                       
0003cc9b  FreeRTOS_GetIPTaskHandle                    
0001135b  FreeRTOS_GetLocalAddress                    
[...]
00054103  vReleaseNetworkBufferAndDescriptor          
0005414d  uxGetMinimumFreeNetworkBuffers              
00054153  uxGetNumberOfFreeNetworkBuffers             
00054159  pxResizeNetworkBufferWithDescriptor         
00054185  SysCtlClockFreqSet                          
00054385  vProcessGeneratedUDPPacket                  
000544c7  xProcessReceivedUDPPacket                   
0005457b  lv_indev_drv_init                           
000545b5  lv_indev_drv_register                       
00054613  lv_indev_drv_update                         
00054683  lv_indev_delete                             
000546b9  lv_indev_get_next                           
000546d3  _lv_indev_read                              
00054915  __aeabi_dsub                                
0005491f  __aeabi_dadd                                
00054acd  lv_calendar_header_dropdown_create          
00054c7d  lv_mem_init_builtin                         
00054c8f  lv_mem_deinit_builtin                       
00054c9f  lv_mem_monitor_builtin                      
00054d15  lv_malloc_builtin                           
00054d49  lv_realloc_builtin                          
00054d5d  lv_free_builtin                             
00054d8b  lv_mem_test_builtin                         
00054e89  lv_spinner_create                           
00054f85  GPIOPadConfigSet                            
000551a5  lv_draw_rect_dsc_init                       
00055225  lv_draw_rect                                
00055259  lv_win_create                               
0005527d  lv_win_add_title                            
000552b5  lv_win_add_btn                              
00055303  lv_win_get_header                           
00055311  lv_win_get_content                          
000553a5  lv_font_get_glyph_bitmap                    
000553bf  lv_font_get_glyph_dsc                       
000554c7  lv_font_get_glyph_width                     
000554fd  lv_theme_get_from_obj                       
0005551b  lv_theme_apply                              
0005553b  lv_theme_set_parent                         
0005554d  lv_theme_set_apply_cb                       
0005555f  lv_theme_get_font_small                     
00055579  lv_theme_get_font_normal                    
00055593  lv_theme_get_font_large                     
000555ad  lv_theme_get_color_primary                  
000555d3  lv_theme_get_color_secondary                
00055769  pxPortInitialiseStack                       
000557d3  xPortStartScheduler                         
00055809  vPortEndScheduler                           
0005580b  vPortEnterCritical                          
0005582b  vPortExitCritical                           
00055841  xPortSysTickHandler                         
00055867  vPortSetupTimerInterrupt                    
000558a5  prvDisplayTask                              
000559e1  __aeabi_ddiv                                
00055b19  xSequenceLessThan                           
00055b3b  xSequenceGreaterThan                        
00055b5d  vTCPWindowCreate                            
00055b8f  vTCPWindowInit                              
00055c45  vListInitialise                             
00055c75  vListInitialiseItem                         
00055c85  vListInsertEnd                              
00055cc1  vListInsert                                 
00055d27  uxListRemove                                
00055ea7  lv_draw_layer_create                        
00055f31  lv_draw_layer_adjust                        
00055f53  lv_draw_layer_blend                         
00055f71  lv_draw_layer_destroy                       
00055fb9  SysCtlClockGet                              
000560d1  ldexp                                       
000560d1  ldexpl                                      
000560d1  scalbn                                      
000560d1  scalbnl                                     
000561e1  __aeabi_dmul                                
000562ef  _lv_gc_clear_roots                          
000563cd  lv_malloc                                   
000563eb  lv_free                                     
00056403  lv_realloc                                  
0005643d  lv_memcpy                                   
00056451  lv_memset                                   
00056469  lv_strlen                                   
00056475  lv_strncpy                                  
00056489  lv_mem_test                                 
0005649f  lv_mem_monitor                              
000564bd  lv_async_call                               
0005650b  lv_async_call_cancel                        
000565a9  ulPortGetIPSR                               
000565c1  xPortPendSVHandler                          
00056621  vPortSVCHandler                             
00056641  vPortStartFirstTask                         
00056665  vPortEnableVFP                              
000566e1  lv_draw_line_dsc_init                       
00056703  lv_draw_line                                
00056731  ProcessICMPPacket                           
000568ab  _lv_img_cache_open                          
0005691b  lv_img_cache_set_size                       
00056927  lv_img_cache_invalidate_src                 
00056935  __aeabi_memcpy                              
00056935  __aeabi_memcpy4                             
00056935  __aeabi_memcpy8                             
00056935  memcpy                                      
000569d1  __aeabi_uldivmod                            
00056a67  __aeabi_cdcmpeq                             
00056a67  __aeabi_cdcmple                             
00056aed  __aeabi_cdrcmple                            
00056b73  __aeabi_memclr                              
00056b73  __aeabi_memclr4                             
00056b73  __aeabi_memclr8                             
00056b75  __aeabi_memset                              
00056b75  __aeabi_memset4                             
00056b75  __aeabi_memset8                             
00056b7b  memset                                      
00056bed  EMACInit                                    
00056c65  lv_tick_inc                                 
00056c7f  lv_tick_get                                 
00056c9d  lv_tick_elaps                               
00056cd9  _lv_utils_bsearch                           
00056dbd  IntEnable                                   
00056e25  __TI_decompress_lzss                        
00056e8d  frexp                                       
00056e8d  frexpl                                      
00056ef1  prvSocketSetMSS                             
00056f51  __aeabi_idiv                                
00056f51  __aeabi_idivmod                             
00057005  __TI_ltoa                                   
000570ad  SysCtlPeripheralReset                       
000570fd  lv_draw_transform                           
0005714d  GPIOPinConfigure                            
00057199  atoi                                        
000571e5  snprintf                                    
00057279  __aeabi_d2iz                                
000572c1  UARTConfigSetExpClk                         
00057309  __TI_auto_init_nobinit_nopinit              
0005734d  __aeabi_uidiv                               
0005734d  __aeabi_uidivmod                            
0005738d  sprintf                                     
0005740b  EMACIntEnable                               
00057445  EMACConfigSet                               
0005747d  SysCtlPeripheralPresent                     
000574b5  SysCtlPeripheralReady                       
000574ed  lv_btn_create                               
00057525  strncpy                                     
0005755d  EMACConfigGet                               
00057591  EMACIntClear                                
000575c5  SysCtlPeripheralEnable                      
000575f9  _c_int00_noargs                             
0005762d  rand                                        
00057661  EMACAddrSet                                 
000576c1  prvCommandInterpreterTask                   
000576f1  __aeabi_i2d                                 
0005771f  EMACIntStatus                               
0005774b  GPIODirModeSet                              
00057777  strncmp                                     
000577a3  memmove                                     
000577cb  EMACPHYRead                                 
000577f1  EMACPHYWrite                                
00057819  IntPrioritySet                              
0005783d  memcmp                                      
00057861  UARTDisable                                 
000578a1  strcat                                      
000578bf  memccpy                                     
000578db  GPIOPinTypeGPIOOutput                       
000578f5  copysign                                    
000578f5  copysignl                                   
0005793f  lv_draw_init                                
00057941  lv_draw_wait_for_finish                     
00057957  __aeabi_lmul                                
0005796f  strcmp                                      
00057987  EMACRxEnable                                
0005799d  EMACTxEnable                                
000579b3  GPIOPinTypeEthernetLED                      
000579c9  GPIOPinTypeGPIOInput                        
000579df  GPIOPinTypeUART                             
000579f5  GPIOPinTypeUSBAnalog                        
00057a0b  GPIOPinTypeUSBDigital                       
00057a21  strchr                                      
00057a39  FlashUserGet                                
00057a4d  UARTEnable                                  
00057a61  strcpy                                      
00057a75  strlen                                      
00057a89  wcslen                                      
00057a9d  EMACFrameFilterSet                          
00057aad  IntMasterDisable                            
00057abd  __TI_decompress_none                        
00057acb  prvModbusTask                               
00057ad9  CPUcpsid                                    
00057ae5  __TI_zero_init                              
00057af1  ResetISR                                    
00057afd  SSIDataPut                                  
00057b07  UARTCharGet                                 
00057b11  UARTCharPut                                 
00057b25  EMACPowerManagementStatusGet                
00057b2d  EMACTxDMAPollDemand                         
00057b35  I2CMasterBusy                               
00057b3d  I2CMasterSlaveAddrSet                       
00057b45  SSIBusy                                     
00057b4d  __aeabi_errno_addr                          
00057b55  EMACRxDMADescriptorListSet                  
00057b5b  EMACTxDMADescriptorListSet                  
00057b61  GPIOPinRead                                 
00057b67  GPIOPinWrite                                
00057b6d  UARTClockSourceSet                          
00057b73  I2CMasterControl                            
00057b77  I2CMasterDataGet                            
00057b7b  I2CMasterDataPut                            
00057b7f  _system_pre_init                            
00057b83  C$$EXIT                                     
00057b83  abort                                       
00057b88  ui_img_782468719_data                       
00064bf8  _ctypes_                                    
00064cf9  _lv_bpp8_opa_table                          
000654fc  _lv_style_builtin_prop_flag_lookup_table    
00065885  _lv_bpp1_opa_table                          
00065998  lv_arc_class                                
000659b4  lv_bar_class                                
000659d0  lv_btn_class                                
000659ec  lv_btnmatrix_class                          
00065a08  lv_calendar_class                           
00065a24  lv_calendar_header_arrow_class              
00065a40  lv_calendar_header_dropdown_class           
00065a5c  lv_chart_class                              
00065a78  lv_checkbox_class                           
00065a94  lv_colorwheel_class                         
00065ab0  lv_dropdown_class                           
00065acc  lv_dropdownlist_class                       
00065ae8  lv_font_montserrat_14                       
00065b04  lv_img_class                                
00065b20  lv_keyboard_class                           
00065b3c  lv_label_class                              
00065b58  lv_led_class                                
00065b74  lv_line_class                               
00065b90  lv_list_btn_class                           
00065bac  lv_list_class                               
00065bc8  lv_list_text_class                          
00065be4  lv_menu_class                               
00065c00  lv_menu_cont_class                          
00065c1c  lv_menu_main_cont_class                     
00065c38  lv_menu_main_header_cont_class              
00065c54  lv_menu_page_class                          
00065c70  lv_menu_section_class                       
00065c8c  lv_menu_separator_class                     
00065ca8  lv_menu_sidebar_cont_class                  
00065cc4  lv_menu_sidebar_header_cont_class           
00065ce0  lv_meter_class                              
00065cfc  lv_msgbox_backdrop_class                    
00065d18  lv_msgbox_class                             
00065d34  lv_obj_class                                
00065d50  lv_roller_class                             
00065d6c  lv_roller_label_class                       
00065d88  lv_slider_class                             
00065da4  lv_spinbox_class                            
00065dc0  lv_spinner_class                            
00065ddc  lv_switch_class                             
00065df8  lv_table_class                              
00065e14  lv_tabview_class                            
00065e30  lv_textarea_class                           
00065e4c  lv_tileview_class                           
00065e68  lv_tileview_tile_class                      
00065e84  lv_win_class                                
00065f72  _lv_bpp4_opa_table                          
0006604c  ui_img_782468719                            
00066078  xBroadcastMACAddress                        
000660ac  _lv_bpp2_opa_table                          
000660b0  xBufferAllocFixedSize                       
000660b8  ulMaxSyscallInterruptPriority               
000660bc  uxTopUsedPriority                           
000660c4  xPHYProperties                              
000661dc  __TI_Handler_Table_Base                     
000661e8  __TI_Handler_Table_Limit                    
000661f0  __TI_CINIT_Base                             
00066200  __TI_CINIT_Limit                            
20000000  __start___llvm_prf_cnts                     
20000000  __stop___llvm_prf_cnts                      
20027aa0  gesture_data_                               
20027b24  _lv_draw_mask_list                          
20027ba4  fifo_data                                   
20027c9c  _lv_circle_cache                            
20027d0c  xQueueRegistry                              
20027e24  _lv_img_cache_single                        
20027f54  xBoundTCPSocketsList                        
20027f68  xBoundUDPSocketsList                        
20027fd8  _lv_anim_ll                                 
20027fe4  _lv_disp_ll                                 
20027ff0  _lv_fsdrv_ll                                
20027ffc  _lv_group_ll                                
20028008  _lv_img_decoder_ll                          
20028014  _lv_indev_ll                                
20028020  _lv_obj_style_trans_ll                      
2002802c  _lv_timer_ll                                
20028038  _subs_ll                                    
200280c4  _lv_grad_cache_mem                          
200280c8  _lv_layout_list                             
200280cc  _lv_style_custom_prop_flag_lookup_table     
200280d0  _lv_theme_basic_styles                      
200280d4  _lv_theme_default_styles                    
200280d8  _lv_timer_act                               
200280dc  g_ui32SysClock                              
200280e0  gesture_far_count_                          
200280e4  gesture_lr_count_                           
200280e8  gesture_lr_delta_                           
200280ec  gesture_motion_                             
200280f0  gesture_near_count_                         
200280f4  gesture_state_                              
200280f8  gesture_ud_count_                           
200280fc  gesture_ud_delta_                           
20028100  ui_Screen1                                  
20028104  ui_Screen2                                  
20028108  ui_Screen2_Arc2                             
2002810c  ui_Screen2_Switch1                          
20028110  ui_Screen3                                  
20028114  ui_Screen3_TextArea1                        
20028118  ui_Screen4                                  
2002811c  ui_Screen4_Colorwheel1                      
20028120  ui_Screen5                                  
20028124  ui_Screen5_Spinner1                         
20028128  xProcessedTCPMessage                        
2002813a  LV_LAYOUT_FLEX                              
2002813c  LV_LAYOUT_GRID                              
2002813e  LV_STYLE_FLEX_CROSS_PLACE                   
20028140  LV_STYLE_FLEX_FLOW                          
20028142  LV_STYLE_FLEX_GROW                          
20028144  LV_STYLE_FLEX_MAIN_PLACE                    
20028146  LV_STYLE_FLEX_TRACK_PLACE                   
20028148  LV_STYLE_GRID_CELL_COLUMN_POS               
2002814a  LV_STYLE_GRID_CELL_COLUMN_SPAN              
2002814c  LV_STYLE_GRID_CELL_ROW_POS                  
2002814e  LV_STYLE_GRID_CELL_ROW_SPAN                 
20028150  LV_STYLE_GRID_CELL_X_ALIGN                  
20028152  LV_STYLE_GRID_CELL_Y_ALIGN                  
20028154  LV_STYLE_GRID_COLUMN_ALIGN                  
20028156  LV_STYLE_GRID_COLUMN_DSC_ARRAY              
20028158  LV_STYLE_GRID_ROW_ALIGN                     
2002815a  LV_STYLE_GRID_ROW_DSC_ARRAY                 
2002815c  pxCurrentTCB                                
20028208  _lv_txt_encoded_size                        
2002820c  _lv_txt_unicode_to_encoded                  
20028210  _lv_txt_encoded_conv_wc                     
20028214  _lv_txt_encoded_next                        
20028218  _lv_txt_encoded_prev                        
2002821c  _lv_txt_encoded_get_byte_id                 
20028220  _lv_txt_encoded_get_char_id                 
20028224  _lv_txt_get_encoded_length                  
20028228  pxARPWaitingNetworkBuffer                   
2002822c  xNetworkEventQueue                          
20028230  usPacketIdentifier                          
20028294  xDefaultPartUDPPacketHeader                 
200282ac  xDefaultAddressing                          
200282c0  xNetworkAddressing                          
20028320  _lock                                       
20028324  _unlock                                     
20028368  _lv_style_custom_prop_flag_lookup_table_size
2002838c  xTCPWindowLoggingLevel                      
200283ac  errno                                       
200283b8  __stack                                     
200285b8  __STACK_END                                 
200285b8  _sys_memory                                 
200293b8  __STACK_TOP                                 
ffffffff  __TI_pprof_out_hndl                         
ffffffff  __TI_prof_data_size                         
ffffffff  __TI_prof_data_start                        
ffffffff  __binit__                                   
ffffffff  __c_args__                                  
ffffffff  binit                                       
UNDEFED   __mpu_init                                  
UNDEFED   _system_post_cinit                          

[1777 symbols]
