******************************************************************************
                  TI ARM Linker PC v20.2.7                     
******************************************************************************
>> Linked Sat Sep 17 18:35:32 2022

OUTPUT FILE NAME:   <Tivana.out>
ENTRY POINT SYMBOL: "_c_int00_noargs"  address: 00053e15


MEMORY CONFIGURATION

         name            origin    length      used     unused   attr    fill
----------------------  --------  ---------  --------  --------  ----  --------
  FLASH                 00000000   00100000  000593b6  000a6c4a  R  X
  SRAM                  20000000   00040000  000071a1  00038e5f  RW X


SEGMENT ALLOCATION MAP

run origin  load origin   length   init length attrs members
----------  ----------- ---------- ----------- ----- -------
00000000    00000000    000593b8   000593b8    r-x
  00000000    00000000    00000208   00000208    r-- .intvecs
  00000208    00000208    000541ca   000541ca    r-x .text
  000543d4    000543d4    00004eac   00004eac    r-- .const
  00059280    00059280    00000138   00000138    r-- .cinit
20000000    20000000    000071a8   00000000    rw-
  20000000    20000000    00006d30   00000000    rw- .bss
  20006d30    20006d30    00000261   00000000    rw- .data
  20006f98    20006f98    00000200   00000000    rw- .stack
  20007198    20007198    00000010   00000000    rw- .sysmem


SECTION ALLOCATION MAP

 output                                  attributes/
section   page    origin      length       input sections
--------  ----  ----------  ----------   ----------------
.intvecs   0    00000000    00000208     
                  00000000    00000208     tm4c1294ncpdt_startup_ccs.obj (.intvecs)

.text      0    00000208    000541ca     
                  00000208    0000328e     lv_chart.obj (.text)
                  00003496    00000002     rtsv7M4_T_le_v4SPD16_eabi.lib : _lock.c.obj (.text:_nop)
                  00003498    00003178     lv_theme_default.obj (.text)
                  00006610    00002cf6     lv_draw_mask.obj (.text)
                  00009306    00000002     rtsv7M4_T_le_v4SPD16_eabi.lib : div0.asm.obj (.text)
                  00009308    00002904     lv_draw_sw_rect.obj (.text)
                  0000bc0c    000025f8     lv_obj_pos.obj (.text)
                  0000e204    00002124     tasks.obj (.text)
                  00010328    00001e54     FreeRTOS_Sockets.obj (.text)
                  0001217c    00001cc0     lv_obj_scroll.obj (.text)
                  00013e3c    00001c90     lv_btnmatrix.obj (.text)
                  00015acc    00001c80     lv_label.obj (.text)
                  0001774c    00001bf4     lv_draw_sw_blend.obj (.text)
                  00019340    00001bec     lv_textarea.obj (.text)
                  0001af2c    00001bc8     lv_table.obj (.text)
                  0001caf4    000019e8     lv_obj_style.obj (.text)
                  0001e4dc    000019d0     lv_refr.obj (.text)
                  0001feac    00001844     lv_indev.obj (.text)
                  000216f0    00001812     lv_dropdown.obj (.text)
                  00022f02    00000002     --HOLE-- [fill = 0]
                  00022f04    000017f8     lv_arc.obj (.text)
                  000246fc    0000165a     lv_obj.obj (.text)
                  00025d56    00000002     --HOLE-- [fill = 0]
                  00025d58    000014de     lv_grid.obj (.text)
                  00027236    00000002     --HOLE-- [fill = 0]
                  00027238    0000133e     lv_flex.obj (.text)
                  00028576    00000002     --HOLE-- [fill = 0]
                  00028578    0000130e     lv_meter.obj (.text)
                  00029886    00000002     --HOLE-- [fill = 0]
                  00029888    00001278     lv_img.obj (.text)
                  0002ab00    00001272     lv_indev_scroll.obj (.text)
                  0002bd72    00001240     lv_draw_sw_arc.obj (.text)
                  0002cfb2    00000002     --HOLE-- [fill = 0]
                  0002cfb4    000011f0     lv_roller.obj (.text)
                  0002e1a4    000011e8     lv_colorwheel.obj (.text)
                  0002f38c    00000ef8     lv_bar.obj (.text)
                  00030284    00000e78     lv_img_buf.obj (.text)
                  000310fc    00000e72     lv_obj_draw.obj (.text)
                  00031f6e    00000002     --HOLE-- [fill = 0]
                  00031f70    00000e60     lv_slider.obj (.text)
                  00032dd0    00000e48     lv_img_decoder.obj (.text)
                  00033c18    00000e46     lv_draw_sw_transform.obj (.text)
                  00034a5e    00000002     --HOLE-- [fill = 0]
                  00034a60    00000e1c     lv_area.obj (.text)
                  0003587c    00000d58     queue.obj (.text)
                  000365d4    00000c34     lv_txt.obj (.text)
                  00037208    00000c30     lv_printf.obj (.text)
                  00037e38    00000c1a     lv_draw_sw_line.obj (.text)
                  00038a52    00000002     --HOLE-- [fill = 0]
                  00038a54    00000c02     lv_menu.obj (.text)
                  00039656    00000bc0     lv_obj_style_gen.obj (.text)
                  0003a216    00000002     --HOLE-- [fill = 0]
                  0003a218    00000b24     FreeRTOS_IP.obj (.text)
                  0003ad3c    00000a90     FreeRTOS_TCP_Transmission.obj (.text)
                  0003b7cc    00000a4e     rtsv7M4_T_le_v4SPD16_eabi.lib : _printfi.c.obj (.text:__TI_printfi)
                  0003c21a    00000002     --HOLE-- [fill = 0]
                  0003c21c    00000a10     FreeRTOS_TCP_State_Handling.obj (.text)
                  0003cc2c    000009fe     lv_event.obj (.text)
                  0003d62a    00000002     --HOLE-- [fill = 0]
                  0003d62c    00000970     lv_fs.obj (.text)
                  0003df9c    0000091e     lv_disp.obj (.text)
                  0003e8ba    00000002     --HOLE-- [fill = 0]
                  0003e8bc    00000916     lv_group.obj (.text)
                  0003f1d2    00000002     --HOLE-- [fill = 0]
                  0003f1d4    000008f8     lv_spinbox.obj (.text)
                  0003facc    000008e0     lv_anim.obj (.text)
                  000403ac    000008dc     FreeRTOS_IP_Utils.obj (.text)
                  00040c88    000008ba     lv_draw_label.obj (.text)
                  00041542    00000002     --HOLE-- [fill = 0]
                  00041544    000008a8     FreeRTOS_ARP.obj (.text)
                  00041dec    000008a8     phyHandling.obj (.text)
                  00042694    0000089c     lv_style.obj (.text)
                  00042f30    00000888     FreeRTOS_DHCP.obj (.text)
                  000437b8    00000878     lv_style_gen.obj (.text)
                  00044030    00000858     lv_calendar.obj (.text)
                  00044888    0000084c     lv_hal_disp.obj (.text)
                  000450d4    0000083a     lv_draw_sw_img.obj (.text)
                  0004590e    00000002     --HOLE-- [fill = 0]
                  00045910    0000082e     lv_obj_tree.obj (.text)
                  0004613e    0000078c     lv_draw_arc.obj (.text)
                  000468ca    00000002     --HOLE-- [fill = 0]
                  000468cc    00000750     lv_tabview.obj (.text)
                  0004701c    0000074c     NetworkInterface.obj (.text)
                  00047768    000006fc     lv_color.obj (.text)
                  00047e64    000006d8     lv_draw_sw_gradient.obj (.text)
                  0004853c    000006a0     main.obj (.text)
                  00048bdc    00000678     lv_checkbox.obj (.text)
                  00049254    00000634     lv_draw_img.obj (.text)
                  00049888    00000612     lv_draw_sw_letter.obj (.text)
                  00049e9a    00000002     --HOLE-- [fill = 0]
                  00049e9c    00000610     lv_switch.obj (.text)
                  0004a4ac    000005b8     FreeRTOS_TCP_IP.obj (.text)
                  0004aa64    000005a6     lv_memcpy_builtin.obj (.text)
                  0004b00a    00000002     --HOLE-- [fill = 0]
                  0004b00c    0000056c     lv_font_fmt_txt.obj (.text)
                  0004b578    00000538     lv_draw_sw_polygon.obj (.text)
                  0004bab0    0000051c     lv_keyboard.obj (.text)
                  0004bfcc    000004a8     uartstdio.obj (.text)
                  0004c474    00000480     lv_led.obj (.text)
                  0004c8f4    00000458     lv_ll.obj (.text)
                  0004cd4c    00000450     lv_math.obj (.text)
                  0004d19c    00000436     lv_draw_sw.obj (.text)
                  0004d5d2    00000002     --HOLE-- [fill = 0]
                  0004d5d4    000003c8     event_groups.obj (.text)
                  0004d99c    000003a0     heap_4.obj (.text)
                  0004dd3c    0000039e     lv_line.obj (.text)
                  0004e0da    0000038e     FreeRTOS_TCP_Reception.obj (.text)
                  0004e468    0000036a     FreeRTOS_Stream_Buffer.obj (.text)
                  0004e7d2    00000002     --HOLE-- [fill = 0]
                  0004e7d4    00000368     rtos_hw_drivers.obj (.text)
                  0004eb3c    00000354     lv_timer.obj (.text)
                  0004ee90    0000034c     lv_tileview.obj (.text)
                  0004f1dc    00000324     FreeRTOS_CLI.obj (.text)
                  0004f500    000002fa     lv_obj_class.obj (.text)
                  0004f7fa    00000002     --HOLE-- [fill = 0]
                  0004f7fc    000002f8     FreeRTOS_Tiny_TCP.obj (.text)
                  0004faf4    000002bc     cli_commands.obj (.text)
                  0004fdb0    0000028e     lv_draw_sw_layer.obj (.text)
                  0005003e    00000002     --HOLE-- [fill = 0]
                  00050040    00000288     FreeRTOS_IP_Timers.obj (.text)
                  000502c8    00000270     rtsv7M4_T_le_v4SPD16_eabi.lib : _printfi.c.obj (.text:_pconv_a)
                  00050538    0000024c     lv_calendar_header_arrow.obj (.text)
                  00050784    00000238     BufferAllocation_1.obj (.text)
                  000509bc    00000200     driverlib.lib : sysctl.obj (.text:SysCtlClockFreqSet)
                  00050bbc    000001e4     FreeRTOS_UDP_IP.obj (.text)
                  00050da0    000001dc     lv_hal_indev.obj (.text)
                  00050f7c    000001d0     rtsv7M4_T_le_v4SPD16_eabi.lib : _printfi.c.obj (.text:_pconv_g)
                  0005114c    000001b6                                   : fd_add_t2.asm.obj (.text)
                  00051302    00000002     --HOLE-- [fill = 0]
                  00051304    000001b0     lv_calendar_header_dropdown.obj (.text)
                  000514b4    0000017c     lv_spinner.obj (.text)
                  00051630    0000016c     driverlib.lib : gpio.obj (.text:GPIOPadConfigSet)
                  0005179c    00000168     lv_draw_rect.obj (.text)
                  00051904    0000014c     lv_win.obj (.text)
                  00051a50    00000148     lv_font.obj (.text)
                  00051b98    00000140     lv_theme.obj (.text)
                  00051cd8    0000013c     rtsv7M4_T_le_v4SPD16_eabi.lib : _printfi.c.obj (.text:_pconv_e)
                  00051e14    0000013c     port.obj (.text)
                  00051f50    00000136     rtsv7M4_T_le_v4SPD16_eabi.lib : fd_div_t2.asm.obj (.text)
                  00052086    00000002     --HOLE-- [fill = 0]
                  00052088    0000012c     FreeRTOS_TCP_WIN.obj (.text)
                  000521b4    0000012a     list.obj (.text)
                  000522de    00000002     --HOLE-- [fill = 0]
                  000522e0    00000124     rtsv7M4_T_le_v4SPD16_eabi.lib : _printfi.c.obj (.text:fcvt)
                  00052404    00000124     lv_draw_layer.obj (.text)
                  00052528    00000118     driverlib.lib : sysctl.obj (.text:SysCtlClockGet)
                  00052640    00000110     rtsv7M4_T_le_v4SPD16_eabi.lib : s_scalbn.c.obj (.text:scalbn)
                  00052750    00000100                                   : memory.c.obj (.text:aligned_alloc)
                  00052850    000000fc                                   : fd_mul_t2.asm.obj (.text)
                  0005294c    000000e8     lv_mem.obj (.text)
                  00052a34    000000e4     rtsv7M4_T_le_v4SPD16_eabi.lib : memory.c.obj (.text:free)
                  00052b18    000000e4                                   : memory.c.obj (.text:realloc)
                  00052bfc    000000dc     lv_async.obj (.text)
                  00052cd8    000000da     portasm.obj (.text)
                  00052db2    000000be     lv_draw_line.obj (.text)
                  00052e70    000000b4     FreeRTOS_ICMP.obj (.text)
                  00052f24    000000b1     rtsv7M4_T_le_v4SPD16_eabi.lib : _printfi.c.obj (.text:_ltostr)
                  00052fd5    00000003     --HOLE-- [fill = 0]
                  00052fd8    0000009c     lv_img_cache.obj (.text)
                  00053074    0000009c     rtsv7M4_T_le_v4SPD16_eabi.lib : memcpy_t2.asm.obj (.text)
                  00053110    00000096                                   : ull_div_t2.asm.obj (.text)
                  000531a6    00000086                                   : fd_cmp_t2.asm.obj (.text:__aeabi_cdcmple)
                  0005322c    00000086                                   : fd_cmp_t2.asm.obj (.text:__aeabi_cdrcmple)
                  000532b2    0000007a                                   : memset_t2.asm.obj (.text)
                  0005332c    00000078     driverlib.lib : emac.obj (.text:EMACInit)
                  000533a4    00000074     lv_hal_tick.obj (.text)
                  00053418    00000074     lv_utils.obj (.text)
                  0005348c    00000070     rtsv7M4_T_le_v4SPD16_eabi.lib : memory.c.obj (.text:split)
                  000534fc    0000006e                                   : _printfi.c.obj (.text:_mcpy)
                  0005356a    00000002     --HOLE-- [fill = 0]
                  0005356c    0000006c     thread_display.obj (.text)
                  000535d8    00000068     driverlib.lib : interrupt.obj (.text:IntEnable)
                  00053640    00000068     rtsv7M4_T_le_v4SPD16_eabi.lib : copy_decompress_lzss.c.obj (.text:decompress:lzss:__TI_decompress_lzss)
                  000536a8    00000064                                   : s_frexp.c.obj (.text:frexp)
                  0005370c    00000060     FreeRTOS_TCP_Utils.obj (.text)
                  0005376c    0000005e     rtsv7M4_T_le_v4SPD16_eabi.lib : i_divt2.asm.obj (.text)
                  000537ca    00000056                                   : _printfi.c.obj (.text:_pconv_f)
                  00053820    00000054                                   : _ltoa.c.obj (.text:__TI_ltoa)
                  00053874    00000052                                   : _printfi.c.obj (.text:_ecpy)
                  000538c6    00000002     --HOLE-- [fill = 0]
                  000538c8    00000050     driverlib.lib : sysctl.obj (.text:SysCtlPeripheralReset)
                  00053918    00000050     lv_draw_transform.obj (.text)
                  00053968    0000004c     driverlib.lib : gpio.obj (.text:GPIOPinConfigure)
                  000539b4    0000004c     rtsv7M4_T_le_v4SPD16_eabi.lib : atoi.c.obj (.text:atoi)
                  00053a00    0000004c                                   : snprintf.c.obj (.text:snprintf)
                  00053a4c    00000048     driverlib.lib : sysctl.obj (.text:_SysCtlFrequencyGet)
                  00053a94    00000048     rtsv7M4_T_le_v4SPD16_eabi.lib : fd_toi_t2.asm.obj (.text)
                  00053adc    00000046     driverlib.lib : uart.obj (.text:UARTConfigSetExpClk)
                  00053b22    00000002     --HOLE-- [fill = 0]
                  00053b24    00000044     rtsv7M4_T_le_v4SPD16_eabi.lib : autoinit.c.obj (.text:__TI_auto_init_nobinit_nopinit:__TI_auto_init_nobinit_nopinit)
                  00053b68    00000040                                   : u_divt2.asm.obj (.text)
                  00053ba8    00000040                                   : sprintf.c.obj (.text:sprintf)
                  00053be8    0000003e                                   : _printfi.c.obj (.text:_fcpy)
                  00053c26    0000003a     driverlib.lib : emac.obj (.text:EMACIntEnable)
                  00053c60    00000038                   : emac.obj (.text:EMACConfigSet)
                  00053c98    00000038                   : sysctl.obj (.text:SysCtlPeripheralPresent)
                  00053cd0    00000038                   : sysctl.obj (.text:SysCtlPeripheralReady)
                  00053d08    00000038     lv_btn.obj (.text)
                  00053d40    00000036     rtsv7M4_T_le_v4SPD16_eabi.lib : strncpy.c.obj (.text:strncpy)
                  00053d76    00000002     --HOLE-- [fill = 0]
                  00053d78    00000034     driverlib.lib : emac.obj (.text:EMACConfigGet)
                  00053dac    00000034                   : emac.obj (.text:EMACIntClear)
                  00053de0    00000034                   : sysctl.obj (.text:SysCtlPeripheralEnable)
                  00053e14    00000034     rtsv7M4_T_le_v4SPD16_eabi.lib : boot_cortex_m.c.obj (.text:_c_int00_noargs:_c_int00_noargs)
                  00053e48    00000034                                   : rand.c.obj (.text:rand)
                  00053e7c    00000030     driverlib.lib : emac.obj (.text:EMACAddrSet)
                  00053eac    00000030     rtsv7M4_T_le_v4SPD16_eabi.lib : snprintf.c.obj (.text:_outs)
                  00053edc    00000030     thread_cli.obj (.text)
                  00053f0c    0000002e     rtsv7M4_T_le_v4SPD16_eabi.lib : i_tofd_t2.asm.obj (.text)
                  00053f3a    0000002c     driverlib.lib : emac.obj (.text:EMACIntStatus)
                  00053f66    0000002c                   : gpio.obj (.text:GPIODirModeSet)
                  00053f92    0000002c     rtsv7M4_T_le_v4SPD16_eabi.lib : strncmp.c.obj (.text:strncmp)
                  00053fbe    00000002     --HOLE-- [fill = 0]
                  00053fc0    00000028                                   : memory.c.obj (.text:free_list_insert)
                  00053fe8    00000028                                   : memmov.c.obj (.text:memmove)
                  00054010    00000026     driverlib.lib : emac.obj (.text:EMACPHYRead)
                  00054036    00000026                   : emac.obj (.text:EMACPHYWrite)
                  0005405c    00000024                   : interrupt.obj (.text:IntPrioritySet)
                  00054080    00000024     rtsv7M4_T_le_v4SPD16_eabi.lib : memcmp.c.obj (.text:memcmp)
                  000540a4    00000020     driverlib.lib : uart.obj (.text:UARTDisable)
                  000540c4    00000020                   : sysctl.obj (.text:_SysCtlMemTimingGet)
                  000540e4    0000001e     rtsv7M4_T_le_v4SPD16_eabi.lib : strcat.c.obj (.text:strcat)
                  00054102    00000002     --HOLE-- [fill = 0]
                  00054104    0000001c                                   : memory.c.obj (.text:free_list_remove)
                  00054120    0000001c                                   : memccpy.c.obj (.text:memccpy)
                  0005413c    0000001a     driverlib.lib : gpio.obj (.text:GPIOPinTypeGPIOOutput)
                  00054156    0000001a     rtsv7M4_T_le_v4SPD16_eabi.lib : s_copysign.c.obj (.text:copysign)
                  00054170    00000018                                   : snprintf.c.obj (.text:_outc)
                  00054188    00000018                                   : sprintf.c.obj (.text:_outs)
                  000541a0    00000018     lv_draw.obj (.text)
                  000541b8    00000018     rtsv7M4_T_le_v4SPD16_eabi.lib : ll_mul_t2.asm.obj (.text)
                  000541d0    00000018                                   : strcmp.c.obj (.text:strcmp)
                  000541e8    00000016     driverlib.lib : emac.obj (.text:EMACRxEnable)
                  000541fe    00000016                   : emac.obj (.text:EMACTxEnable)
                  00054214    00000016                   : gpio.obj (.text:GPIOPinTypeEthernetLED)
                  0005422a    00000016                   : gpio.obj (.text:GPIOPinTypeGPIOInput)
                  00054240    00000016                   : gpio.obj (.text:GPIOPinTypeUART)
                  00054256    00000016                   : gpio.obj (.text:GPIOPinTypeUSBAnalog)
                  0005426c    00000016                   : gpio.obj (.text:GPIOPinTypeUSBDigital)
                  00054282    00000016     rtsv7M4_T_le_v4SPD16_eabi.lib : strchr.c.obj (.text:strchr)
                  00054298    00000014     driverlib.lib : flash.obj (.text:FlashUserGet)
                  000542ac    00000014                   : uart.obj (.text:UARTEnable)
                  000542c0    00000014     rtsv7M4_T_le_v4SPD16_eabi.lib : strcpy.c.obj (.text:strcpy)
                  000542d4    00000014                                   : strlen.c.obj (.text:strlen)
                  000542e8    00000012     ST7735.obj (.text)
                  000542fa    00000012     rtsv7M4_T_le_v4SPD16_eabi.lib : wcslen.c.obj (.text:wcslen)
                  0005430c    00000010     driverlib.lib : emac.obj (.text:EMACFrameFilterSet)
                  0005431c    00000010                   : interrupt.obj (.text:IntMasterDisable)
                  0005432c    0000000e     rtsv7M4_T_le_v4SPD16_eabi.lib : copy_decompress_none.c.obj (.text:decompress:none:__TI_decompress_none)
                  0005433a    0000000e     thread_modbus.obj (.text)
                  00054348    0000000c     driverlib.lib : cpu.obj (.text:CPUcpsid)
                  00054354    0000000c     rtsv7M4_T_le_v4SPD16_eabi.lib : copy_zero_init.c.obj (.text:decompress:ZI:__TI_zero_init)
                  00054360    0000000c     tm4c1294ncpdt_startup_ccs.obj (.text)
                  0005436c    0000000a     driverlib.lib : uart.obj (.text:UARTCharGet)
                  00054376    0000000a                   : uart.obj (.text:UARTCharPut)
                  00054380    0000000a     rtsv7M4_T_le_v4SPD16_eabi.lib : sprintf.c.obj (.text:_outc)
                  0005438a    00000008     driverlib.lib : emac.obj (.text:EMACPowerManagementStatusGet)
                  00054392    00000008                   : emac.obj (.text:EMACTxDMAPollDemand)
                  0005439a    00000002     --HOLE-- [fill = 0]
                  0005439c    00000008     rtsv7M4_T_le_v4SPD16_eabi.lib : errno.c.obj (.text:__aeabi_errno_addr)
                  000543a4    00000008                                   : memory.c.obj (.text:malloc)
                  000543ac    00000006     driverlib.lib : emac.obj (.text:EMACRxDMADescriptorListSet)
                  000543b2    00000006                   : emac.obj (.text:EMACTxDMADescriptorListSet)
                  000543b8    00000006                   : gpio.obj (.text:GPIOPinRead)
                  000543be    00000006                   : gpio.obj (.text:GPIOPinWrite)
                  000543c4    00000006                   : uart.obj (.text:UARTClockSourceSet)
                  000543ca    00000004     rtsv7M4_T_le_v4SPD16_eabi.lib : pre_init.c.obj (.text:_system_pre_init)
                  000543ce    00000004                                   : exit.c.obj (.text:abort:abort)

.const     0    000543d4    00004eac     
                  000543d4    00002280     lv_font_montserrat_14.obj (.const:.string:glyph_bitmap)
                  00056654    00000bad     lv_font_montserrat_14.obj (.const:.string:kern_class_values)
                  00057201    00000001     --HOLE-- [fill = 0]
                  00057202    00000002     lv_draw_sw_transform.obj (.const:$P$T0$1)
                  00057204    000004f0     lv_font_montserrat_14.obj (.const:glyph_dsc)
                  000576f4    0000028c     lv_calendar_header_dropdown.obj (.const:.string)
                  00057980    000001b0     driverlib.lib : sysctl.obj (.const:g_pppui32XTALtoVCO)
                  00057b30    00000198     lv_keyboard.obj (.const:.string)
                  00057cc8    0000017c     cli_commands.obj (.const:.string)
                  00057e44    00000101     rtsv7M4_T_le_v4SPD16_eabi.lib : ctype.c.obj (.const:.string:_ctypes_)
                  00057f45    00000100     lv_draw_sw_letter.obj (.const:.string:_lv_bpp8_opa_table)
                  00058045    00000001     --HOLE-- [fill = 0]
                  00058046    000000be     lv_color.obj (.const:colors$2)
                  00058104    000000b6     lv_math.obj (.const:sin0_90_table)
                  000581ba    00000002     lv_textarea.obj (.const:.string:$P$T0$1)
                  000581bc    000000b0     lv_keyboard.obj (.const:default_kb_map_lc)
                  0005826c    000000b0     lv_keyboard.obj (.const:default_kb_map_spec)
                  0005831c    000000b0     lv_keyboard.obj (.const:default_kb_map_uc)
                  000583cc    0000009e     lv_font_montserrat_14.obj (.const:.string:kern_left_class_mapping)
                  0005846a    0000009e     lv_font_montserrat_14.obj (.const:.string:kern_right_class_mapping)
                  00058508    0000009c     driverlib.lib : interrupt.obj (.const:g_pui32Regs)
                  000585a4    00000098     lv_color.obj (.const:colors$3)
                  0005863c    00000090     driverlib.lib : gpio.obj (.const:g_pui32GPIOBaseAddrs)
                  000586cc    0000007c     lv_font_montserrat_14.obj (.const:unicode_list_1)
                  00058748    00000070     lv_style.obj (.const:.string:_lv_style_builtin_prop_flag_lookup_table)
                  000587b8    0000006c     driverlib.lib : sysctl.obj (.const:g_pui32Xtals)
                  00058824    0000006a     lv_calendar_header_arrow.obj (.const:.string)
                  0005888e    00000002     lv_img_decoder.obj (.const:.string:$P$T1$1)
                  00058890    00000054     lv_keyboard.obj (.const:default_kb_map_num)
                  000588e4    00000050     lv_keyboard.obj (.const:default_kb_ctrl_lc_map)
                  00058934    00000050     lv_keyboard.obj (.const:default_kb_ctrl_spec_map)
                  00058984    00000050     lv_keyboard.obj (.const:default_kb_ctrl_uc_map)
                  000589d4    00000038     FreeRTOS_CLI.obj (.const:.string)
                  00058a0c    00000030     driverlib.lib : sysctl.obj (.const:g_sXTALtoMEMTIM)
                  00058a3c    0000002e     lv_btnmatrix.obj (.const:.string)
                  00058a6a    00000002     lv_draw_sw_letter.obj (.const:.string:_lv_bpp1_opa_table)
                  00058a6c    00000028     lv_font_montserrat_14.obj (.const:cmaps)
                  00058a94    00000026     FreeRTOS_ARP.obj (.const:.string:xDefaultPartARPPacketHeader$4)
                  00058aba    00000026     lv_color.obj (.const:colors$1)
                  00058ae0    00000022     lv_keyboard.obj (.const:default_kb_ctrl_num_map)
                  00058b02    00000021     lv_draw_sw_line.obj (.const:.string:wcorr$1)
                  00058b23    00000020     FreeRTOS_Sockets.obj (.const:xPercTable$3)
                  00058b43    00000001     --HOLE-- [fill = 0]
                  00058b44    0000001c     lv_draw_sw_rect.obj (.const:$P$T0$1)
                  00058b60    0000001c     lv_calendar.obj (.const:.string)
                  00058b7c    0000001c     lv_arc.obj (.const:lv_arc_class)
                  00058b98    0000001c     lv_bar.obj (.const:lv_bar_class)
                  00058bb4    0000001c     lv_btn.obj (.const:lv_btn_class)
                  00058bd0    0000001c     lv_btnmatrix.obj (.const:lv_btnmatrix_class)
                  00058bec    0000001c     lv_calendar.obj (.const:lv_calendar_class)
                  00058c08    0000001c     lv_calendar_header_arrow.obj (.const:lv_calendar_header_arrow_class)
                  00058c24    0000001c     lv_calendar_header_dropdown.obj (.const:lv_calendar_header_dropdown_class)
                  00058c40    0000001c     lv_chart.obj (.const:lv_chart_class)
                  00058c5c    0000001c     lv_checkbox.obj (.const:lv_checkbox_class)
                  00058c78    0000001c     lv_colorwheel.obj (.const:lv_colorwheel_class)
                  00058c94    0000001c     lv_dropdown.obj (.const:lv_dropdown_class)
                  00058cb0    0000001c     lv_dropdown.obj (.const:lv_dropdownlist_class)
                  00058ccc    0000001c     lv_font_montserrat_14.obj (.const:lv_font_montserrat_14)
                  00058ce8    0000001c     lv_img.obj (.const:lv_img_class)
                  00058d04    0000001c     lv_keyboard.obj (.const:lv_keyboard_class)
                  00058d20    0000001c     lv_label.obj (.const:lv_label_class)
                  00058d3c    0000001c     lv_led.obj (.const:lv_led_class)
                  00058d58    0000001c     lv_line.obj (.const:lv_line_class)
                  00058d74    0000001c     lv_list.obj (.const:lv_list_btn_class)
                  00058d90    0000001c     lv_list.obj (.const:lv_list_class)
                  00058dac    0000001c     lv_list.obj (.const:lv_list_text_class)
                  00058dc8    0000001c     lv_menu.obj (.const:lv_menu_class)
                  00058de4    0000001c     lv_menu.obj (.const:lv_menu_cont_class)
                  00058e00    0000001c     lv_menu.obj (.const:lv_menu_main_cont_class)
                  00058e1c    0000001c     lv_menu.obj (.const:lv_menu_main_header_cont_class)
                  00058e38    0000001c     lv_menu.obj (.const:lv_menu_page_class)
                  00058e54    0000001c     lv_menu.obj (.const:lv_menu_section_class)
                  00058e70    0000001c     lv_menu.obj (.const:lv_menu_separator_class)
                  00058e8c    0000001c     lv_menu.obj (.const:lv_menu_sidebar_cont_class)
                  00058ea8    0000001c     lv_menu.obj (.const:lv_menu_sidebar_header_cont_class)
                  00058ec4    0000001c     lv_meter.obj (.const:lv_meter_class)
                  00058ee0    0000001c     lv_msgbox.obj (.const:lv_msgbox_backdrop_class)
                  00058efc    0000001c     lv_msgbox.obj (.const:lv_msgbox_class)
                  00058f18    0000001c     lv_obj.obj (.const:lv_obj_class)
                  00058f34    0000001c     lv_roller.obj (.const:lv_roller_class)
                  00058f50    0000001c     lv_roller.obj (.const:lv_roller_label_class)
                  00058f6c    0000001c     lv_slider.obj (.const:lv_slider_class)
                  00058f88    0000001c     lv_spinbox.obj (.const:lv_spinbox_class)
                  00058fa4    0000001c     lv_spinner.obj (.const:lv_spinner_class)
                  00058fc0    0000001c     lv_switch.obj (.const:lv_switch_class)
                  00058fdc    0000001c     lv_table.obj (.const:lv_table_class)
                  00058ff8    0000001c     lv_tabview.obj (.const:lv_tabview_class)
                  00059014    0000001c     lv_textarea.obj (.const:lv_textarea_class)
                  00059030    0000001c     lv_tileview.obj (.const:lv_tileview_class)
                  0005904c    0000001c     lv_tileview.obj (.const:lv_tileview_tile_class)
                  00059068    0000001c     lv_win.obj (.const:lv_win_class)
                  00059084    00000019     FreeRTOS_DHCP.obj (.const:.string:ucDHCPRequestOptions$1)
                  0005909d    00000018     FreeRTOS_DHCP.obj (.const:.string:ucDHCPDiscoverOptions$2)
                  000590b5    00000003     --HOLE-- [fill = 0]
                  000590b8    00000018     lv_font_montserrat_14.obj (.const:font_dsc)
                  000590d0    00000018     driverlib.lib : emac.obj (.const:g_pi16MIIClockDiv)
                  000590e8    00000016     lv_theme_default.obj (.const:trans_props$1)
                  000590fe    00000002     --HOLE-- [fill = 0]
                  00059100    00000014     driverlib.lib : interrupt.obj (.const:g_pui32EnRegs)
                  00059114    00000012     uartstdio.obj (.const:.string)
                  00059126    00000010     lv_img_buf.obj (.const:$P$T3$3)
                  00059136    00000010     lv_img_buf.obj (.const:.string:$P$T2$2)
                  00059146    00000010     lv_img_decoder.obj (.const:.string:$P$T3$3)
                  00059156    00000010     lv_draw_sw_letter.obj (.const:.string:_lv_bpp4_opa_table)
                  00059166    00000002     --HOLE-- [fill = 0]
                  00059168    00000010     lv_font_montserrat_14.obj (.const:kern_classes)
                  00059178    00000010     cli_commands.obj (.const:xEightCommand)
                  00059188    00000010     cli_commands.obj (.const:xFiveCommand)
                  00059198    00000010     cli_commands.obj (.const:xFourCommand)
                  000591a8    00000010     FreeRTOS_CLI.obj (.const:xHelpCommand)
                  000591b8    00000010     cli_commands.obj (.const:xLedOffCommand)
                  000591c8    00000010     cli_commands.obj (.const:xLedOnCommand)
                  000591d8    00000010     cli_commands.obj (.const:xSevenCommand)
                  000591e8    00000010     cli_commands.obj (.const:xSixCommand)
                  000591f8    00000010     cli_commands.obj (.const:xThreeCommand)
                  00059208    0000000c     uartstdio.obj (.const:g_ui32UARTBase)
                  00059214    0000000c     uartstdio.obj (.const:g_ui32UARTPeriph)
                  00059220    00000008     lv_draw_sw_polygon.obj (.const:$P$T0$1)
                  00059228    00000008     driverlib.lib : sysctl.obj (.const:g_pui32VCOFrequencies)
                  00059230    00000006     FreeRTOS_IP.obj (.const:xBroadcastMACAddress)
                  00059236    00000005     FreeRTOS_Sockets.obj (.const:$P$T0$1)
                  0005923b    00000005     FreeRTOS_IP.obj (.const:xNetworkDownEvent$1)
                  00059240    00000005     FreeRTOS_IP.obj (.const:xNetworkDownEvent$2)
                  00059245    00000001     --HOLE-- [fill = 0]
                  00059246    00000004     lv_obj_scroll.obj (.const:$P$T0$1)
                  0005924a    00000002     --HOLE-- [fill = 0]
                  0005924c    00000004     lv_obj_style.obj (.const:$P$T0$1)
                  00059250    00000004     lv_obj_pos.obj (.const:$P$T0$2)
                  00059254    00000004     lv_obj_scroll.obj (.const:$P$T1$2)
                  00059258    00000004     lv_obj_pos.obj (.const:$P$T1$3)
                  0005925c    00000004     lv_img_buf.obj (.const:.string:$P$T1$1)
                  00059260    00000004     lv_img_decoder.obj (.const:.string:$P$T2$2)
                  00059264    00000004     lv_draw_sw_letter.obj (.const:.string:_lv_bpp2_opa_table)
                  00059268    00000004     BufferAllocation_1.obj (.const)
                  0005926c    00000004     lv_style.obj (.const:null_style_value)
                  00059270    00000004     port.obj (.const)
                  00059274    00000004     tasks.obj (.const)
                  00059278    00000004     uartstdio.obj (.const)
                  0005927c    00000004     NetworkInterface.obj (.const:xPHYProperties)

.cinit     0    00059280    00000138     
                  00059280    00000112     (.cinit..data.load) [load image, compression = lzss]
                  00059392    00000002     --HOLE-- [fill = 0]
                  00059394    0000000c     (__TI_handler_table)
                  000593a0    00000008     (.cinit..bss.load) [load image, compression = zero_init]
                  000593a8    00000010     (__TI_cinit_table)

.init_array 
*          0    00000000    00000000     UNINITIALIZED

.bss       0    20000000    00006d30     UNINITIALIZED
                  20000000    00004f10     heap_4.obj (.bss:ucHeap)
                  20004f10    000009c0     NetworkInterface.obj (.bss:_network_buffers)
                  200058d0    00000640     thread_display.obj (.bss:buf_1)
                  20005f10    00000400     thread_cli.obj (.bss:cOutputString$2)
                  20006310    00000140     tasks.obj (.bss:pxReadyTasksLists)
                  20006450    00000100     NetworkInterface.obj (.bss:_rx_descriptors)
                  20006550    00000100     NetworkInterface.obj (.bss:_tx_descriptors)
                  20006650    00000100     lv_draw_sw_letter.obj (.bss:opa_table$1)
                  20006750    00000090     BufferAllocation_1.obj (.bss:xNetworkBuffers)
                  200067e0    00000080     (.common:_lv_draw_mask_list)
                  20006860    00000078     FreeRTOS_ARP.obj (.bss:xARPCache)
                  200068d8    00000070     (.common:_lv_circle_cache)
                  20006948    00000050     (.common:xQueueRegistry)
                  20006998    0000004c     thread_display.obj (.bss:disp_drv)
                  200069e4    00000040     NetworkInterface.obj (.bss:xPhyObject)
                  20006a24    0000003c     thread_cli.obj (.bss:cInputString$1)
                  20006a60    0000002c     (.common:_lv_img_cache_single)
                  20006a8c    00000024     lv_theme_default.obj (.bss:theme)
                  20006ab0    00000021     FreeRTOS_DHCP.obj (.bss:xDHCPData)
                  20006ad1    00000001     lv_colorwheel.obj (.bss)
                  20006ad2    00000002     lv_theme_default.obj (.bss:color_card)
                  20006ad4    0000001c     thread_display.obj (.bss:disp_buf)
                  20006af0    00000014     lv_theme_default.obj (.bss:trans_delayed$2)
                  20006b04    00000014     lv_theme_default.obj (.bss:trans_normal$3)
                  20006b18    00000014     tasks.obj (.bss:xDelayedTaskList1)
                  20006b2c    00000014     tasks.obj (.bss:xDelayedTaskList2)
                  20006b40    00000014     BufferAllocation_1.obj (.bss:xFreeBuffersList)
                  20006b54    00000014     tasks.obj (.bss:xPendingReadyList)
                  20006b68    00000014     tasks.obj (.bss:xSuspendedTaskList)
                  20006b7c    00000014     tasks.obj (.bss:xTasksWaitingTermination)
                  20006b90    00000014     (.common:xBoundTCPSocketsList)
                  20006ba4    00000014     (.common:xBoundUDPSocketsList)
                  20006bb8    00000011     FreeRTOS_IP_Timers.obj (.bss:xARPResolutionTimer)
                  20006bc9    00000011     FreeRTOS_IP_Timers.obj (.bss:xARPTimer)
                  20006bda    00000011     FreeRTOS_IP_Timers.obj (.bss:xDHCPTimer)
                  20006beb    00000011     FreeRTOS_IP_Timers.obj (.bss:xTCPTimer)
                  20006bfc    0000000c     lv_tileview.obj (.bss)
                  20006c08    0000000c     (.common:_lv_anim_ll)
                  20006c14    0000000c     (.common:_lv_disp_ll)
                  20006c20    0000000c     (.common:_lv_fsdrv_ll)
                  20006c2c    0000000c     (.common:_lv_group_ll)
                  20006c38    0000000c     (.common:_lv_img_decoder_ll)
                  20006c44    0000000c     (.common:_lv_indev_ll)
                  20006c50    0000000c     (.common:_lv_obj_style_trans_ll)
                  20006c5c    0000000c     (.common:_lv_timer_ll)
                  20006c68    00000008     lv_font_montserrat_14.obj (.bss:cache)
                  20006c70    00000008     lv_theme_default.obj (.bss:dark_filter$4)
                  20006c78    00000008     lv_theme_default.obj (.bss:grey_filter$5)
                  20006c80    00000008     lv_anim.obj (.bss)
                  20006c88    00000008     lv_area.obj (.bss)
                  20006c90    00000008     lv_refr.obj (.bss)
                  20006c98    00000008     lv_spinner.obj (.bss)
                  20006ca0    00000008     tasks.obj (.bss)
                  20006ca8    00000008     FreeRTOS_ARP.obj (.bss:xARPClashTimeOut$3)
                  20006cb0    00000008     heap_4.obj (.bss:xStart)
                  20006cb8    00000005     lv_theme_default.obj (.bss)
                  20006cbd    00000001     lv_hal_tick.obj (.bss)
                  20006cbe    00000002     lv_theme_default.obj (.bss:color_grey)
                  20006cc0    00000004     FreeRTOS_DHCP.obj (.bss)
                  20006cc4    00000004     FreeRTOS_CLI.obj (.bss:cOutputBuffer)
                  20006cc8    00000004     lv_event.obj (.bss)
                  20006ccc    00000004     lv_group.obj (.bss)
                  20006cd0    00000004     lv_hal_disp.obj (.bss)
                  20006cd4    00000004     lv_indev.obj (.bss)
                  20006cd8    00000004     lv_obj_pos.obj (.bss)
                  20006cdc    00000004     lv_tabview.obj (.bss)
                  20006ce0    00000004     lv_textarea.obj (.bss)
                  20006ce4    00000004     (.common:_lv_grad_cache_mem)
                  20006ce8    00000004     (.common:_lv_layout_list)
                  20006cec    00000004     (.common:_lv_style_custom_prop_flag_lookup_table)
                  20006cf0    00000004     (.common:_lv_theme_default_styles)
                  20006cf4    00000004     (.common:_lv_timer_act)
                  20006cf8    00000004     (.common:g_ui32SysClock)
                  20006cfc    00000004     (.common:xProcessedTCPMessage)
                  20006d00    00000002     lv_theme_default.obj (.bss:color_scr)
                  20006d02    00000002     lv_theme_default.obj (.bss:color_text)
                  20006d04    00000002     lv_draw_sw_blend.obj (.bss:last_dest_color$7)
                  20006d06    00000002     lv_draw_sw_blend.obj (.bss:last_res_color$9)
                  20006d08    00000002     lv_draw_sw_blend.obj (.bss:last_src_color$8)
                  20006d0a    00000002     lv_timer.obj (.bss)
                  20006d0c    00000002     lv_win.obj (.bss)
                  20006d0e    00000002     (.common:LV_LAYOUT_FLEX)
                  20006d10    00000002     (.common:LV_LAYOUT_GRID)
                  20006d12    00000002     (.common:LV_STYLE_FLEX_CROSS_PLACE)
                  20006d14    00000002     (.common:LV_STYLE_FLEX_FLOW)
                  20006d16    00000002     (.common:LV_STYLE_FLEX_GROW)
                  20006d18    00000002     (.common:LV_STYLE_FLEX_MAIN_PLACE)
                  20006d1a    00000002     (.common:LV_STYLE_FLEX_TRACK_PLACE)
                  20006d1c    00000002     (.common:LV_STYLE_GRID_CELL_COLUMN_POS)
                  20006d1e    00000002     (.common:LV_STYLE_GRID_CELL_COLUMN_SPAN)
                  20006d20    00000002     (.common:LV_STYLE_GRID_CELL_ROW_POS)
                  20006d22    00000002     (.common:LV_STYLE_GRID_CELL_ROW_SPAN)
                  20006d24    00000002     (.common:LV_STYLE_GRID_CELL_X_ALIGN)
                  20006d26    00000002     (.common:LV_STYLE_GRID_CELL_Y_ALIGN)
                  20006d28    00000002     (.common:LV_STYLE_GRID_COLUMN_ALIGN)
                  20006d2a    00000002     (.common:LV_STYLE_GRID_COLUMN_DSC_ARRAY)
                  20006d2c    00000002     (.common:LV_STYLE_GRID_ROW_ALIGN)
                  20006d2e    00000002     (.common:LV_STYLE_GRID_ROW_DSC_ARRAY)

.data      0    20006d30    00000261     UNINITIALIZED
                  20006d30    00000034     tasks.obj (.data)
                  20006d64    00000030     lv_calendar_header_arrow.obj (.data:month_names_def)
                  20006d94    00000024     lv_keyboard.obj (.data:kb_ctrl)
                  20006db8    00000024     lv_keyboard.obj (.data:kb_map)
                  20006ddc    00000020     lv_txt.obj (.data)
                  20006dfc    0000001c     FreeRTOS_IP.obj (.data)
                  20006e18    0000001c     lv_calendar.obj (.data:day_names_def)
                  20006e34    0000001c     lv_btnmatrix.obj (.data:lv_btnmatrix_def_map)
                  20006e50    00000018     heap_4.obj (.data)
                  20006e68    00000018     FreeRTOS_UDP_IP.obj (.data:xDefaultPartUDPPacketHeader)
                  20006e80    00000014     FreeRTOS_IP.obj (.data:xDefaultAddressing)
                  20006e94    00000014     FreeRTOS_IP.obj (.data:xNetworkAddressing)
                  20006ea8    00000010     lv_timer.obj (.data)
                  20006eb8    0000000c     FreeRTOS_ARP.obj (.data)
                  20006ec4    0000000c     FreeRTOS_CLI.obj (.data)
                  20006ed0    0000000c     NetworkInterface.obj (.data:_rx_descriptor_list)
                  20006edc    0000000c     NetworkInterface.obj (.data:_tx_descriptor_list)
                  20006ee8    00000009     lv_draw_sw_gradient.obj (.data)
                  20006ef1    00000003     rtos_hw_drivers.obj (.data)
                  20006ef4    00000008     rtsv7M4_T_le_v4SPD16_eabi.lib : _lock.c.obj (.data:$O1$$)
                  20006efc    00000008                                   : memory.c.obj (.data:$O1$$)
                  20006f04    00000008     BufferAllocation_1.obj (.data)
                  20006f0c    00000008     NetworkInterface.obj (.data)
                  20006f14    00000008     lv_calendar_header_dropdown.obj (.data)
                  20006f1c    00000008     lv_colorwheel.obj (.data)
                  20006f24    00000008     lv_draw_sw_blend.obj (.data)
                  20006f2c    00000008     lv_draw_sw_letter.obj (.data)
                  20006f34    00000008     lv_obj.obj (.data)
                  20006f3c    00000008     FreeRTOS_CLI.obj (.data:xRegisteredCommands)
                  20006f44    00000006     lv_style.obj (.data)
                  20006f4a    00000002     lv_draw_sw_blend.obj (.data:bg_color_save$4)
                  20006f4c    00000005     lv_indev.obj (.data)
                  20006f51    00000001     lv_obj_pos.obj (.data)
                  20006f52    00000002     lv_draw_sw_blend.obj (.data:fg_color_save$3)
                  20006f54    00000005     uartstdio.obj (.data)
                  20006f59    00000001     lv_obj_style.obj (.data)
                  20006f5a    00000002     lv_draw_sw_blend.obj (.data:res_color_saved$5)
                  20006f5c    00000004     FreeRTOS_IP_Utils.obj (.data)
                  20006f60    00000004     FreeRTOS_Sockets.obj (.data)
                  20006f64    00000004     FreeRTOS_TCP_IP.obj (.data)
                  20006f68    00000004     FreeRTOS_Tiny_TCP.obj (.data)
                  20006f6c    00000004     lv_area.obj (.data)
                  20006f70    00000004     lv_event.obj (.data)
                  20006f74    00000004     lv_hal_tick.obj (.data)
                  20006f78    00000004     lv_math.obj (.data)
                  20006f7c    00000004     lv_mem.obj (.data)
                  20006f80    00000004     main.obj (.data)
                  20006f84    00000004     port.obj (.data)
                  20006f88    00000004     rtsv7M4_T_le_v4SPD16_eabi.lib : errno.c.obj (.data)
                  20006f8c    00000004                                   : rand.c.obj (.data)
                  20006f90    00000001     lv_theme_default.obj (.data)

.stack     0    20006f98    00000200     UNINITIALIZED
                  20006f98    00000004     rtsv7M4_T_le_v4SPD16_eabi.lib : boot_cortex_m.c.obj (.stack)
                  20006f9c    000001fc     --HOLE--

.sysmem    0    20007198    00000010     UNINITIALIZED
                  20007198    00000010     rtsv7M4_T_le_v4SPD16_eabi.lib : memory.c.obj (.sysmem)

__llvm_prf_cnts 
*          0    20000000    00000000     UNINITIALIZED

MODULE SUMMARY

       Module                            code     ro data   rw data
       ------                            ----     -------   -------
    .\
       main.obj                          1696     0         8      
       tm4c1294ncpdt_startup_ccs.obj     12       520       0      
    +--+---------------------------------+--------+---------+---------+
       Total:                            1708     520       8      
                                                                   
    .\drivers\
       rtos_hw_drivers.obj               872      0         3      
    +--+---------------------------------+--------+---------+---------+
       Total:                            872      0         3      
                                                                   
    .\drivers\display\
       ST7735.obj                        18       0         0      
    +--+---------------------------------+--------+---------+---------+
       Total:                            18       0         0      
                                                                   
    .\middlewares\FreeRTOS-Plus-CLI\
       FreeRTOS_CLI.obj                  804      72        24     
    +--+---------------------------------+--------+---------+---------+
       Total:                            804      72        24     
                                                                   
    .\middlewares\FreeRTOS-Plus-TCP\source\
       FreeRTOS_Sockets.obj              7764     37        44     
       FreeRTOS_IP.obj                   2852     16        72     
       FreeRTOS_TCP_Transmission.obj     2704     0         0      
       FreeRTOS_TCP_State_Handling.obj   2576     0         0      
       FreeRTOS_ARP.obj                  2216     38        140    
       FreeRTOS_IP_Utils.obj             2268     0         4      
       FreeRTOS_DHCP.obj                 2184     49        37     
       FreeRTOS_TCP_IP.obj               1464     0         4      
       FreeRTOS_TCP_Reception.obj        910      0         0      
       FreeRTOS_Stream_Buffer.obj        874      0         0      
       FreeRTOS_Tiny_TCP.obj             760      0         4      
       FreeRTOS_IP_Timers.obj            648      0         68     
       FreeRTOS_UDP_IP.obj               484      0         24     
       FreeRTOS_TCP_WIN.obj              300      0         0      
       FreeRTOS_ICMP.obj                 180      0         0      
       FreeRTOS_TCP_Utils.obj            96       0         0      
    +--+---------------------------------+--------+---------+---------+
       Total:                            28280    140       397    
                                                                   
    .\middlewares\FreeRTOS-Plus-TCP\source\portable\BufferManagement\
       BufferAllocation_1.obj            568      4         172    
    +--+---------------------------------+--------+---------+---------+
       Total:                            568      4         172    
                                                                   
    .\middlewares\FreeRTOS-Plus-TCP\source\portable\NetworkInterface\Common\
       phyHandling.obj                   2216     0         0      
    +--+---------------------------------+--------+---------+---------+
       Total:                            2216     0         0      
                                                                   
    .\middlewares\FreeRTOS-Plus-TCP\source\portable\NetworkInterface\TM4C\
       NetworkInterface.obj              1868     4         3104   
    +--+---------------------------------+--------+---------+---------+
       Total:                            1868     4         3104   
                                                                   
    .\middlewares\FreeRTOS\Source\
       tasks.obj                         8484     4         480    
       queue.obj                         3416     0         80     
       event_groups.obj                  968      0         0      
       list.obj                          298      0         0      
    +--+---------------------------------+--------+---------+---------+
       Total:                            13166    4         560    
                                                                   
    .\middlewares\FreeRTOS\Source\portable\CCS\ARM_CM4F\
       port.obj                          316      4         4      
       portasm.obj                       218      0         0      
    +--+---------------------------------+--------+---------+---------+
       Total:                            534      4         4      
                                                                   
    .\middlewares\FreeRTOS\Source\portable\MemMang\
       heap_4.obj                        928      0         20272  
    +--+---------------------------------+--------+---------+---------+
       Total:                            928      0         20272  
                                                                   
    .\middlewares\lvgl\src\core\
       lv_obj_pos.obj                    9720     8         5      
       lv_obj_scroll.obj                 7360     8         0      
       lv_obj_style.obj                  6632     4         1      
       lv_refr.obj                       6608     0         8      
       lv_indev.obj                      6212     0         9      
       lv_obj.obj                        5722     28        8      
       lv_indev_scroll.obj               4722     0         0      
       lv_obj_draw.obj                   3698     0         0      
       lv_obj_style_gen.obj              3008     0         0      
       lv_event.obj                      2558     0         8      
       lv_disp.obj                       2334     0         0      
       lv_group.obj                      2326     0         4      
       lv_obj_tree.obj                   2094     0         0      
       lv_obj_class.obj                  762      0         0      
       lv_theme.obj                      320      0         0      
    +--+---------------------------------+--------+---------+---------+
       Total:                            64076    48        43     
                                                                   
    .\middlewares\lvgl\src\draw\
       lv_draw_mask.obj                  11510    0         0      
       lv_img_buf.obj                    3704     36        0      
       lv_img_decoder.obj                3656     22        0      
       lv_draw_label.obj                 2234     0         0      
       lv_draw_arc.obj                   1932     0         0      
       lv_draw_img.obj                   1588     0         0      
       lv_draw_rect.obj                  360      0         0      
       lv_draw_layer.obj                 292      0         0      
       lv_draw_line.obj                  190      0         0      
       lv_img_cache.obj                  156      0         0      
       lv_draw_transform.obj             80       0         0      
       lv_draw.obj                       24       0         0      
    +--+---------------------------------+--------+---------+---------+
       Total:                            25726    58        0      
                                                                   
    .\middlewares\lvgl\src\draw\sw\
       lv_draw_sw_rect.obj               10500    28        0      
       lv_draw_sw_blend.obj              7156     0         20     
       lv_draw_sw_arc.obj                4672     0         0      
       lv_draw_sw_transform.obj          3654     2         0      
       lv_draw_sw_line.obj               3098     33        0      
       lv_draw_sw_img.obj                2106     0         0      
       lv_draw_sw_letter.obj             1554     278       264    
       lv_draw_sw_gradient.obj           1752     0         9      
       lv_draw_sw_polygon.obj            1336     8         0      
       lv_draw_sw.obj                    1078     0         0      
       lv_draw_sw_layer.obj              654      0         0      
    +--+---------------------------------+--------+---------+---------+
       Total:                            37560    349       293    
                                                                   
    .\middlewares\lvgl\src\font\
       lv_font_montserrat_14.obj         0        13633     8      
       lv_font_fmt_txt.obj               1388     0         0      
       lv_font.obj                       328      0         0      
    +--+---------------------------------+--------+---------+---------+
       Total:                            1716     13633     8      
                                                                   
    .\middlewares\lvgl\src\hal\
       lv_hal_disp.obj                   2124     0         4      
       lv_hal_indev.obj                  476      0         0      
       lv_hal_tick.obj                   116      0         5      
    +--+---------------------------------+--------+---------+---------+
       Total:                            2716     0         9      
                                                                   
    .\middlewares\lvgl\src\layouts\flex\
       lv_flex.obj                       4926     0         12     
    +--+---------------------------------+--------+---------+---------+
       Total:                            4926     0         12     
                                                                   
    .\middlewares\lvgl\src\layouts\grid\
       lv_grid.obj                       5342     0         22     
    +--+---------------------------------+--------+---------+---------+
       Total:                            5342     0         22     
                                                                   
    .\middlewares\lvgl\src\misc\
       lv_area.obj                       3612     0         12     
       lv_txt.obj                        3124     0         32     
       lv_printf.obj                     3120     0         0      
       lv_fs.obj                         2416     0         0      
       lv_style.obj                      2204     116       6      
       lv_anim.obj                       2272     0         8      
       lv_color.obj                      1788     380       0      
       lv_style_gen.obj                  2168     0         0      
       lv_memcpy_builtin.obj             1446     0         0      
       lv_math.obj                       1104     182       4      
       lv_ll.obj                         1112     0         0      
       lv_timer.obj                      852      0         18     
       lv_gc.obj                         0        0         400    
       lv_mem.obj                        232      0         4      
       lv_async.obj                      220      0         0      
       lv_utils.obj                      116      0         0      
    +--+---------------------------------+--------+---------+---------+
       Total:                            25786    678       484    
                                                                   
    .\middlewares\lvgl\src\themes\default\
       lv_theme_default.obj              12664    22        106    
    +--+---------------------------------+--------+---------+---------+
       Total:                            12664    22        106    
                                                                   
    .\middlewares\lvgl\src\widgets\arc\
       lv_arc.obj                        6136     28        0      
    +--+---------------------------------+--------+---------+---------+
       Total:                            6136     28        0      
                                                                   
    .\middlewares\lvgl\src\widgets\bar\
       lv_bar.obj                        3832     28        0      
    +--+---------------------------------+--------+---------+---------+
       Total:                            3832     28        0      
                                                                   
    .\middlewares\lvgl\src\widgets\btn\
       lv_btn.obj                        56       28        0      
    +--+---------------------------------+--------+---------+---------+
       Total:                            56       28        0      
                                                                   
    .\middlewares\lvgl\src\widgets\btnmatrix\
       lv_btnmatrix.obj                  7312     74        28     
    +--+---------------------------------+--------+---------+---------+
       Total:                            7312     74        28     
                                                                   
    .\middlewares\lvgl\src\widgets\calendar\
       lv_calendar.obj                   2136     56        28     
       lv_calendar_header_dropdown.obj   432      680       8      
       lv_calendar_header_arrow.obj      588      134       48     
    +--+---------------------------------+--------+---------+---------+
       Total:                            3156     870       84     
                                                                   
    .\middlewares\lvgl\src\widgets\chart\
       lv_chart.obj                      12942    28        0      
    +--+---------------------------------+--------+---------+---------+
       Total:                            12942    28        0      
                                                                   
    .\middlewares\lvgl\src\widgets\checkbox\
       lv_checkbox.obj                   1656     28        0      
    +--+---------------------------------+--------+---------+---------+
       Total:                            1656     28        0      
                                                                   
    .\middlewares\lvgl\src\widgets\colorwheel\
       lv_colorwheel.obj                 4584     28        9      
    +--+---------------------------------+--------+---------+---------+
       Total:                            4584     28        9      
                                                                   
    .\middlewares\lvgl\src\widgets\dropdown\
       lv_dropdown.obj                   6162     56        0      
    +--+---------------------------------+--------+---------+---------+
       Total:                            6162     56        0      
                                                                   
    .\middlewares\lvgl\src\widgets\img\
       lv_img.obj                        4728     28        0      
    +--+---------------------------------+--------+---------+---------+
       Total:                            4728     28        0      
                                                                   
    .\middlewares\lvgl\src\widgets\keyboard\
       lv_keyboard.obj                   1308     1322      72     
    +--+---------------------------------+--------+---------+---------+
       Total:                            1308     1322      72     
                                                                   
    .\middlewares\lvgl\src\widgets\label\
       lv_label.obj                      7296     28        0      
    +--+---------------------------------+--------+---------+---------+
       Total:                            7296     28        0      
                                                                   
    .\middlewares\lvgl\src\widgets\led\
       lv_led.obj                        1152     28        0      
    +--+---------------------------------+--------+---------+---------+
       Total:                            1152     28        0      
                                                                   
    .\middlewares\lvgl\src\widgets\line\
       lv_line.obj                       926      28        0      
    +--+---------------------------------+--------+---------+---------+
       Total:                            926      28        0      
                                                                   
    .\middlewares\lvgl\src\widgets\list\
       lv_list.obj                       0        84        0      
    +--+---------------------------------+--------+---------+---------+
       Total:                            0        84        0      
                                                                   
    .\middlewares\lvgl\src\widgets\menu\
       lv_menu.obj                       3074     252       0      
    +--+---------------------------------+--------+---------+---------+
       Total:                            3074     252       0      
                                                                   
    .\middlewares\lvgl\src\widgets\meter\
       lv_meter.obj                      4878     28        0      
    +--+---------------------------------+--------+---------+---------+
       Total:                            4878     28        0      
                                                                   
    .\middlewares\lvgl\src\widgets\msgbox\
       lv_msgbox.obj                     0        56        0      
    +--+---------------------------------+--------+---------+---------+
       Total:                            0        56        0      
                                                                   
    .\middlewares\lvgl\src\widgets\roller\
       lv_roller.obj                     4592     56        0      
    +--+---------------------------------+--------+---------+---------+
       Total:                            4592     56        0      
                                                                   
    .\middlewares\lvgl\src\widgets\slider\
       lv_slider.obj                     3680     28        0      
    +--+---------------------------------+--------+---------+---------+
       Total:                            3680     28        0      
                                                                   
    .\middlewares\lvgl\src\widgets\spinbox\
       lv_spinbox.obj                    2296     28        0      
    +--+---------------------------------+--------+---------+---------+
       Total:                            2296     28        0      
                                                                   
    .\middlewares\lvgl\src\widgets\spinner\
       lv_spinner.obj                    380      28        8      
    +--+---------------------------------+--------+---------+---------+
       Total:                            380      28        8      
                                                                   
    .\middlewares\lvgl\src\widgets\switch\
       lv_switch.obj                     1552     28        0      
    +--+---------------------------------+--------+---------+---------+
       Total:                            1552     28        0      
                                                                   
    .\middlewares\lvgl\src\widgets\table\
       lv_table.obj                      7112     28        0      
    +--+---------------------------------+--------+---------+---------+
       Total:                            7112     28        0      
                                                                   
    .\middlewares\lvgl\src\widgets\tabview\
       lv_tabview.obj                    1872     28        4      
    +--+---------------------------------+--------+---------+---------+
       Total:                            1872     28        4      
                                                                   
    .\middlewares\lvgl\src\widgets\textarea\
       lv_textarea.obj                   7148     30        4      
    +--+---------------------------------+--------+---------+---------+
       Total:                            7148     30        4      
                                                                   
    .\middlewares\lvgl\src\widgets\tileview\
       lv_tileview.obj                   844      56        12     
    +--+---------------------------------+--------+---------+---------+
       Total:                            844      56        12     
                                                                   
    .\middlewares\lvgl\src\widgets\win\
       lv_win.obj                        332      28        2      
    +--+---------------------------------+--------+---------+---------+
       Total:                            332      28        2      
                                                                   
    .\thread\
       thread_display.obj                108      0         1704   
       thread_cli.obj                    48       0         1084   
       thread_modbus.obj                 14       0         0      
    +--+---------------------------------+--------+---------+---------+
       Total:                            170      0         2788   
                                                                   
    .\utils\
       uartstdio.obj                     1192     46        5      
       cli_commands.obj                  700      508       0      
    +--+---------------------------------+--------+---------+---------+
       Total:                            1892     554       5      
                                                                   
    C:/ti/TivaWare_C_Series-2.2.0.295/driverlib/ccs/Debug/driverlib.lib
       sysctl.obj                        1140     596       0      
       gpio.obj                          632      144       0      
       emac.obj                          594      24        0      
       interrupt.obj                     156      176       0      
       uart.obj                          148      0         0      
       flash.obj                         20       0         0      
       cpu.obj                           12       0         0      
    +--+---------------------------------+--------+---------+---------+
       Total:                            2702     940       0      
                                                                   
    C:\ti\ccs1200\ccs\tools\compiler\ti-cgt-arm_20.2.7.LTS\lib\rtsv7M4_T_le_v4SPD16_eabi.lib
       _printfi.c.obj                    4851     0         0      
       memory.c.obj                      900      0         8      
       fd_add_t2.asm.obj                 438      0         0      
       fd_div_t2.asm.obj                 310      0         0      
       s_scalbn.c.obj                    272      0         0      
       fd_cmp_t2.asm.obj                 268      0         0      
       ctype.c.obj                       0        257       0      
       fd_mul_t2.asm.obj                 252      0         0      
       memcpy_t2.asm.obj                 156      0         0      
       ull_div_t2.asm.obj                150      0         0      
       snprintf.c.obj                    148      0         0      
       memset_t2.asm.obj                 122      0         0      
       copy_decompress_lzss.c.obj        104      0         0      
       s_frexp.c.obj                     100      0         0      
       sprintf.c.obj                     98       0         0      
       i_divt2.asm.obj                   94       0         0      
       _ltoa.c.obj                       84       0         0      
       atoi.c.obj                        76       0         0      
       fd_toi_t2.asm.obj                 72       0         0      
       autoinit.c.obj                    68       0         0      
       u_divt2.asm.obj                   64       0         0      
       rand.c.obj                        52       0         4      
       strncpy.c.obj                     54       0         0      
       boot_cortex_m.c.obj               52       0         0      
       i_tofd_t2.asm.obj                 46       0         0      
       strncmp.c.obj                     44       0         0      
       memmov.c.obj                      40       0         0      
       memcmp.c.obj                      36       0         0      
       strcat.c.obj                      30       0         0      
       memccpy.c.obj                     28       0         0      
       s_copysign.c.obj                  26       0         0      
       ll_mul_t2.asm.obj                 24       0         0      
       strcmp.c.obj                      24       0         0      
       strchr.c.obj                      22       0         0      
       strcpy.c.obj                      20       0         0      
       strlen.c.obj                      20       0         0      
       wcslen.c.obj                      18       0         0      
       copy_decompress_none.c.obj        14       0         0      
       copy_zero_init.c.obj              12       0         0      
       errno.c.obj                       8        0         4      
       _lock.c.obj                       2        0         8      
       exit.c.obj                        4        0         0      
       pre_init.c.obj                    4        0         0      
       div0.asm.obj                      2        0         0      
    +--+---------------------------------+--------+---------+---------+
       Total:                            9209     257       24     
                                                                   
       Heap:                             0        0         16     
       Stack:                            0        0         512    
       Linker Generated:                 0        310       0      
    +--+---------------------------------+--------+---------+---------+
       Grand Total:                      344453   20957     29089  


LINKER GENERATED COPY TABLES

__TI_cinit_table @ 000593a8 records: 2, size/record: 8, table size: 16
	.data: load addr=00059280, load size=00000112 bytes, run addr=20006d30, run size=00000261 bytes, compression=lzss
	.bss: load addr=000593a0, load size=00000008 bytes, run addr=20000000, run size=00006d30 bytes, compression=zero_init


LINKER GENERATED HANDLER TABLE

__TI_handler_table @ 00059394 records: 3, size/record: 4, table size: 12
	index: 0, handler: __TI_decompress_lzss
	index: 1, handler: __TI_decompress_none
	index: 2, handler: __TI_zero_init


GLOBAL SYMBOLS: SORTED ALPHABETICALLY BY Name 

address   name                                        
-------   ----                                        
0004ea99  ButtonsInit                                 
0004e9f9  ButtonsPoll                                 
000543cf  C$$EXIT                                     
00054349  CPUcpsid                                    
00053e7d  EMACAddrSet                                 
00053d79  EMACConfigGet                               
00053c61  EMACConfigSet                               
0005430d  EMACFrameFilterSet                          
0005332d  EMACInit                                    
00053dad  EMACIntClear                                
00053c27  EMACIntEnable                               
00053f3b  EMACIntStatus                               
00054011  EMACPHYRead                                 
00054037  EMACPHYWrite                                
0005438b  EMACPowerManagementStatusGet                
000543ad  EMACRxDMADescriptorListSet                  
000541e9  EMACRxEnable                                
000543b3  EMACTxDMADescriptorListSet                  
00054393  EMACTxDMAPollDemand                         
000541ff  EMACTxEnable                                
00054299  FlashUserGet                                
0004f301  FreeRTOS_CLIGetOutputBuffer                 
0004f305  FreeRTOS_CLIGetParameter                    
0004f21b  FreeRTOS_CLIProcessCommand                  
0004f1dd  FreeRTOS_CLIRegisterCommand                 
00041d57  FreeRTOS_ClearARP                           
0001108b  FreeRTOS_EUI48_ntop                         
00011161  FreeRTOS_EUI48_pton                         
0003a577  FreeRTOS_GetAddressConfiguration            
0003acc9  FreeRTOS_GetDNSServerAddress                
0003acc3  FreeRTOS_GetGatewayAddress                  
0003acad  FreeRTOS_GetIPAddress                       
0003a383  FreeRTOS_GetIPTaskHandle                    
0001135b  FreeRTOS_GetLocalAddress                    
0003aceb  FreeRTOS_GetMACAddress                      
0003accf  FreeRTOS_GetNetmask                         
00011f2d  FreeRTOS_GetRemoteAddress                   
0003a3ff  FreeRTOS_GetUDPPayloadBuffer                
0003a44d  FreeRTOS_IPInit                             
0003ad15  FreeRTOS_IsNetworkUp                        
0003a3b3  FreeRTOS_NetworkDown                        
0003a3d5  FreeRTOS_NetworkDownFromISR                 
00041bf7  FreeRTOS_OutputARPRequest                   
0003a615  FreeRTOS_ReleaseTCPPayloadBuffer            
0003a5fd  FreeRTOS_ReleaseUDPPayloadBuffer            
0003a5b7  FreeRTOS_SetAddressConfiguration            
0003acff  FreeRTOS_SetGatewayAddress                  
0003acb3  FreeRTOS_SetIPAddress                       
0003acef  FreeRTOS_SetNetmask                         
0003acd5  FreeRTOS_UpdateMACAddress                   
00011585  FreeRTOS_accept                             
00010729  FreeRTOS_bind                               
00010869  FreeRTOS_closesocket                        
000114f5  FreeRTOS_connect                            
000120e1  FreeRTOS_connstatus                         
00011d4d  FreeRTOS_get_rx_buf                         
00011931  FreeRTOS_get_tx_head                        
00011341  FreeRTOS_inet_addr                          
00010e73  FreeRTOS_inet_ntoa                          
00010f7b  FreeRTOS_inet_ntop                          
00010fad  FreeRTOS_inet_ntop4                         
00010f4b  FreeRTOS_inet_pton                          
00011219  FreeRTOS_inet_pton4                         
00012075  FreeRTOS_issocketconnected                  
00011aeb  FreeRTOS_listen                             
00040ab1  FreeRTOS_max_int32                          
00040ae5  FreeRTOS_max_size_t                         
00040acb  FreeRTOS_max_uint32                         
00011f8f  FreeRTOS_maywrite                           
00040aff  FreeRTOS_min_int32                          
00040b33  FreeRTOS_min_size_t                         
00040b19  FreeRTOS_min_uint32                         
000120b3  FreeRTOS_mss                                
00012163  FreeRTOS_netstat                            
000116db  FreeRTOS_recv                               
000104f1  FreeRTOS_recvfrom                           
00040b77  FreeRTOS_round_down                         
00040b4d  FreeRTOS_round_up                           
0001210b  FreeRTOS_rx_size                            
000119a3  FreeRTOS_send                               
00010637  FreeRTOS_sendto                             
00010a85  FreeRTOS_setsockopt                         
00011bab  FreeRTOS_shutdown                           
000103e1  FreeRTOS_socket                             
000409cd  FreeRTOS_strerror_r                         
0001203d  FreeRTOS_tx_size                            
00011ff7  FreeRTOS_tx_space                           
00053f67  GPIODirModeSet                              
00051631  GPIOPadConfigSet                            
00053969  GPIOPinConfigure                            
000543b9  GPIOPinRead                                 
00054215  GPIOPinTypeEthernetLED                      
0005422b  GPIOPinTypeGPIOInput                        
0005413d  GPIOPinTypeGPIOOutput                       
00054241  GPIOPinTypeUART                             
00054257  GPIOPinTypeUSBAnalog                        
0005426d  GPIOPinTypeUSBDigital                       
000543bf  GPIOPinWrite                                
000535d9  IntEnable                                   
0005431d  IntMasterDisable                            
0005405d  IntPrioritySet                              
0004e99d  LEDRead                                     
0004e90d  LEDWrite                                    
20006d0e  LV_LAYOUT_FLEX                              
20006d10  LV_LAYOUT_GRID                              
20006d12  LV_STYLE_FLEX_CROSS_PLACE                   
20006d14  LV_STYLE_FLEX_FLOW                          
[...]
0004f643  lv_obj_class_init_obj                       
0004f6bb  _lv_obj_destruct                            
0004f6f1  lv_obj_is_editable                          
0004f739  lv_obj_is_group_def                         
0004f843  lTCPWindowRxCheck                           
0004f889  lTCPWindowTxAdd                             
0004f925  ulTCPWindowTxGet                            
0004f9a7  xTCPWindowTxDone                            
0004f9e9  xTCPWindowTxHasData                         
0004fa61  ulTCPWindowTxAck                            
0004fad3  xTCPWindowRxEmpty                           
0004fae5  vTCPWindowDestroy                           
0004faf5  vRegisterCLICommands                        
0004fdfb  lv_draw_sw_layer_create                     
0004ff41  lv_draw_sw_layer_adjust                     
0004ff91  lv_draw_sw_layer_blend                      
0005002f  lv_draw_sw_layer_destroy                    
00050041  xCalculateSleepTime                         
00050099  vCheckNetworkTimers                         
0005015f  vIPTimerStartARPResolution                  
00050185  vTCPTimerReload                             
00050193  vARPTimerReload                             
000501a1  vDHCPTimerReload                            
00050207  vIPSetTCPTimerExpiredState                  
00050235  vIPSetARPTimerEnableState                   
00050259  vIPSetARPResolutionTimerEnableState         
0005027d  vIPSetDHCPTimerEnableState                  
00050565  lv_calendar_header_arrow_create             
00050793  xNetworkBuffersInitialise                   
00050827  pxGetNetworkBufferWithDescriptor            
000508b3  pxNetworkBufferGetFromISR                   
00050903  vNetworkBufferReleaseFromISR                
0005093b  vReleaseNetworkBufferAndDescriptor          
00050985  uxGetMinimumFreeNetworkBuffers              
0005098b  uxGetNumberOfFreeNetworkBuffers             
00050991  pxResizeNetworkBufferWithDescriptor         
000509bd  SysCtlClockFreqSet                          
00050bbd  vProcessGeneratedUDPPacket                  
00050cff  xProcessReceivedUDPPacket                   
00050db3  lv_indev_drv_init                           
00050ded  lv_indev_drv_register                       
00050e4b  lv_indev_drv_update                         
00050ebb  lv_indev_delete                             
00050ef1  lv_indev_get_next                           
00050f0b  _lv_indev_read                              
0005114d  __aeabi_dsub                                
00051157  __aeabi_dadd                                
00051305  lv_calendar_header_dropdown_create          
00051535  lv_spinner_create                           
00051631  GPIOPadConfigSet                            
00051851  lv_draw_rect_dsc_init                       
000518d1  lv_draw_rect                                
00051905  lv_win_create                               
00051929  lv_win_add_title                            
00051961  lv_win_add_btn                              
000519af  lv_win_get_header                           
000519bd  lv_win_get_content                          
00051a51  lv_font_get_glyph_bitmap                    
00051a6b  lv_font_get_glyph_dsc                       
00051b73  lv_font_get_glyph_width                     
00051ba9  lv_theme_get_from_obj                       
00051bc7  lv_theme_apply                              
00051be7  lv_theme_set_parent                         
00051bf9  lv_theme_set_apply_cb                       
00051c0b  lv_theme_get_font_small                     
00051c25  lv_theme_get_font_normal                    
00051c3f  lv_theme_get_font_large                     
00051c59  lv_theme_get_color_primary                  
00051c7f  lv_theme_get_color_secondary                
00051e15  pxPortInitialiseStack                       
00051e7f  xPortStartScheduler                         
00051eb5  vPortEndScheduler                           
00051eb7  vPortEnterCritical                          
00051ed7  vPortExitCritical                           
00051eed  xPortSysTickHandler                         
00051f13  vPortSetupTimerInterrupt                    
00051f51  __aeabi_ddiv                                
00052089  xSequenceLessThan                           
000520ab  xSequenceGreaterThan                        
000520cd  vTCPWindowCreate                            
000520ff  vTCPWindowInit                              
000521b5  vListInitialise                             
000521e5  vListInitialiseItem                         
000521f5  vListInsertEnd                              
00052231  vListInsert                                 
00052297  uxListRemove                                
00052417  lv_draw_layer_create                        
000524a1  lv_draw_layer_adjust                        
000524c3  lv_draw_layer_blend                         
000524e1  lv_draw_layer_destroy                       
00052529  SysCtlClockGet                              
00052641  ldexp                                       
00052641  ldexpl                                      
00052641  scalbn                                      
00052641  scalbnl                                     
00052751  aligned_alloc                               
00052751  memalign                                    
00052851  __aeabi_dmul                                
0005294d  lv_malloc                                   
0005296b  lv_free                                     
00052983  lv_realloc                                  
000529bd  lv_memcpy                                   
000529d1  lv_memset                                   
000529e9  lv_strlen                                   
000529f5  lv_strncpy                                  
00052a09  lv_mem_test                                 
00052a1b  lv_mem_monitor                              
00052a35  free                                        
00052b19  realloc                                     
00052bfd  lv_async_call                               
00052c4b  lv_async_call_cancel                        
00052ce9  ulPortGetIPSR                               
00052d01  xPortPendSVHandler                          
00052d61  vPortSVCHandler                             
00052d81  vPortStartFirstTask                         
00052da5  vPortEnableVFP                              
00052e21  lv_draw_line_dsc_init                       
00052e43  lv_draw_line                                
00052e71  ProcessICMPPacket                           
00052feb  _lv_img_cache_open                          
0005305b  lv_img_cache_set_size                       
00053067  lv_img_cache_invalidate_src                 
00053075  __aeabi_memcpy                              
00053075  __aeabi_memcpy4                             
00053075  __aeabi_memcpy8                             
00053075  memcpy                                      
00053111  __aeabi_uldivmod                            
000531a7  __aeabi_cdcmpeq                             
000531a7  __aeabi_cdcmple                             
0005322d  __aeabi_cdrcmple                            
000532b3  __aeabi_memclr                              
000532b3  __aeabi_memclr4                             
000532b3  __aeabi_memclr8                             
000532b5  __aeabi_memset                              
000532b5  __aeabi_memset4                             
000532b5  __aeabi_memset8                             
000532bb  memset                                      
0005332d  EMACInit                                    
000533a5  lv_tick_inc                                 
000533bf  lv_tick_get                                 
000533dd  lv_tick_elaps                               
00053419  _lv_utils_bsearch                           
00053575  prvDisplayTask                              
000535d9  IntEnable                                   
00053641  __TI_decompress_lzss                        
000536a9  frexp                                       
000536a9  frexpl                                      
0005370d  prvSocketSetMSS                             
0005376d  __aeabi_idiv                                
0005376d  __aeabi_idivmod                             
00053821  __TI_ltoa                                   
000538c9  SysCtlPeripheralReset                       
00053919  lv_draw_transform                           
00053969  GPIOPinConfigure                            
000539b5  atoi                                        
00053a01  snprintf                                    
00053a95  __aeabi_d2iz                                
00053add  UARTConfigSetExpClk                         
00053b25  __TI_auto_init_nobinit_nopinit              
00053b69  __aeabi_uidiv                               
00053b69  __aeabi_uidivmod                            
00053ba9  sprintf                                     
00053c27  EMACIntEnable                               
00053c61  EMACConfigSet                               
00053c99  SysCtlPeripheralPresent                     
00053cd1  SysCtlPeripheralReady                       
00053d09  lv_btn_create                               
00053d41  strncpy                                     
00053d79  EMACConfigGet                               
00053dad  EMACIntClear                                
00053de1  SysCtlPeripheralEnable                      
00053e15  _c_int00_noargs                             
00053e49  rand                                        
00053e7d  EMACAddrSet                                 
00053edd  prvCommandInterpreterTask                   
00053f0d  __aeabi_i2d                                 
00053f3b  EMACIntStatus                               
00053f67  GPIODirModeSet                              
00053f93  strncmp                                     
00053fe9  memmove                                     
00054011  EMACPHYRead                                 
00054037  EMACPHYWrite                                
0005405d  IntPrioritySet                              
00054081  memcmp                                      
000540a5  UARTDisable                                 
000540e5  strcat                                      
00054121  memccpy                                     
0005413d  GPIOPinTypeGPIOOutput                       
00054157  copysign                                    
00054157  copysignl                                   
000541a1  lv_draw_init                                
000541a3  lv_draw_wait_for_finish                     
000541b9  __aeabi_lmul                                
000541d1  strcmp                                      
000541e9  EMACRxEnable                                
000541ff  EMACTxEnable                                
00054215  GPIOPinTypeEthernetLED                      
0005422b  GPIOPinTypeGPIOInput                        
00054241  GPIOPinTypeUART                             
00054257  GPIOPinTypeUSBAnalog                        
0005426d  GPIOPinTypeUSBDigital                       
00054283  strchr                                      
00054299  FlashUserGet                                
000542ad  UARTEnable                                  
000542c1  strcpy                                      
000542d5  strlen                                      
000542e9  ST7735_init                                 
000542eb  ST7735_flush                                
000542fb  wcslen                                      
0005430d  EMACFrameFilterSet                          
0005431d  IntMasterDisable                            
0005432d  __TI_decompress_none                        
0005433b  prvModbusTask                               
00054349  CPUcpsid                                    
00054355  __TI_zero_init                              
00054361  ResetISR                                    
0005436d  UARTCharGet                                 
00054377  UARTCharPut                                 
0005438b  EMACPowerManagementStatusGet                
00054393  EMACTxDMAPollDemand                         
0005439d  __aeabi_errno_addr                          
000543a5  malloc                                      
000543ad  EMACRxDMADescriptorListSet                  
000543b3  EMACTxDMADescriptorListSet                  
000543b9  GPIOPinRead                                 
000543bf  GPIOPinWrite                                
000543c5  UARTClockSourceSet                          
000543cb  _system_pre_init                            
000543cf  C$$EXIT                                     
000543cf  abort                                       
00057e44  _ctypes_                                    
00057f45  _lv_bpp8_opa_table                          
00058748  _lv_style_builtin_prop_flag_lookup_table    
00058a6a  _lv_bpp1_opa_table                          
00058b7c  lv_arc_class                                
00058b98  lv_bar_class                                
00058bb4  lv_btn_class                                
00058bd0  lv_btnmatrix_class                          
00058bec  lv_calendar_class                           
00058c08  lv_calendar_header_arrow_class              
00058c24  lv_calendar_header_dropdown_class           
00058c40  lv_chart_class                              
00058c5c  lv_checkbox_class                           
00058c78  lv_colorwheel_class                         
00058c94  lv_dropdown_class                           
00058cb0  lv_dropdownlist_class                       
00058ccc  lv_font_montserrat_14                       
00058ce8  lv_img_class                                
00058d04  lv_keyboard_class                           
00058d20  lv_label_class                              
00058d3c  lv_led_class                                
00058d58  lv_line_class                               
00058d74  lv_list_btn_class                           
00058d90  lv_list_class                               
00058dac  lv_list_text_class                          
00058dc8  lv_menu_class                               
00058de4  lv_menu_cont_class                          
00058e00  lv_menu_main_cont_class                     
00058e1c  lv_menu_main_header_cont_class              
00058e38  lv_menu_page_class                          
00058e54  lv_menu_section_class                       
00058e70  lv_menu_separator_class                     
00058e8c  lv_menu_sidebar_cont_class                  
00058ea8  lv_menu_sidebar_header_cont_class           
00058ec4  lv_meter_class                              
00058ee0  lv_msgbox_backdrop_class                    
00058efc  lv_msgbox_class                             
00058f18  lv_obj_class                                
00058f34  lv_roller_class                             
00058f50  lv_roller_label_class                       
00058f6c  lv_slider_class                             
00058f88  lv_spinbox_class                            
00058fa4  lv_spinner_class                            
00058fc0  lv_switch_class                             
00058fdc  lv_table_class                              
00058ff8  lv_tabview_class                            
00059014  lv_textarea_class                           
00059030  lv_tileview_class                           
0005904c  lv_tileview_tile_class                      
00059068  lv_win_class                                
00059156  _lv_bpp4_opa_table                          
00059230  xBroadcastMACAddress                        
00059264  _lv_bpp2_opa_table                          
00059268  xBufferAllocFixedSize                       
00059270  ulMaxSyscallInterruptPriority               
00059274  uxTopUsedPriority                           
0005927c  xPHYProperties                              
00059394  __TI_Handler_Table_Base                     
000593a0  __TI_Handler_Table_Limit                    
000593a8  __TI_CINIT_Base                             
000593b8  __TI_CINIT_Limit                            
20000000  __start___llvm_prf_cnts                     
20000000  __stop___llvm_prf_cnts                      
200067e0  _lv_draw_mask_list                          
200068d8  _lv_circle_cache                            
20006948  xQueueRegistry                              
20006a60  _lv_img_cache_single                        
20006b90  xBoundTCPSocketsList                        
20006ba4  xBoundUDPSocketsList                        
20006c08  _lv_anim_ll                                 
20006c14  _lv_disp_ll                                 
20006c20  _lv_fsdrv_ll                                
20006c2c  _lv_group_ll                                
20006c38  _lv_img_decoder_ll                          
20006c44  _lv_indev_ll                                
20006c50  _lv_obj_style_trans_ll                      
20006c5c  _lv_timer_ll                                
20006ce4  _lv_grad_cache_mem                          
20006ce8  _lv_layout_list                             
20006cec  _lv_style_custom_prop_flag_lookup_table     
20006cf0  _lv_theme_default_styles                    
20006cf4  _lv_timer_act                               
20006cf8  g_ui32SysClock                              
20006cfc  xProcessedTCPMessage                        
20006d0e  LV_LAYOUT_FLEX                              
20006d10  LV_LAYOUT_GRID                              
20006d12  LV_STYLE_FLEX_CROSS_PLACE                   
20006d14  LV_STYLE_FLEX_FLOW                          
20006d16  LV_STYLE_FLEX_GROW                          
20006d18  LV_STYLE_FLEX_MAIN_PLACE                    
20006d1a  LV_STYLE_FLEX_TRACK_PLACE                   
20006d1c  LV_STYLE_GRID_CELL_COLUMN_POS               
20006d1e  LV_STYLE_GRID_CELL_COLUMN_SPAN              
20006d20  LV_STYLE_GRID_CELL_ROW_POS                  
20006d22  LV_STYLE_GRID_CELL_ROW_SPAN                 
20006d24  LV_STYLE_GRID_CELL_X_ALIGN                  
20006d26  LV_STYLE_GRID_CELL_Y_ALIGN                  
20006d28  LV_STYLE_GRID_COLUMN_ALIGN                  
20006d2a  LV_STYLE_GRID_COLUMN_DSC_ARRAY              
20006d2c  LV_STYLE_GRID_ROW_ALIGN                     
20006d2e  LV_STYLE_GRID_ROW_DSC_ARRAY                 
20006d30  pxCurrentTCB                                
20006ddc  _lv_txt_encoded_size                        
20006de0  _lv_txt_unicode_to_encoded                  
20006de4  _lv_txt_encoded_conv_wc                     
20006de8  _lv_txt_encoded_next                        
20006dec  _lv_txt_encoded_prev                        
20006df0  _lv_txt_encoded_get_byte_id                 
20006df4  _lv_txt_encoded_get_char_id                 
20006df8  _lv_txt_get_encoded_length                  
20006dfc  pxARPWaitingNetworkBuffer                   
20006e00  xNetworkEventQueue                          
20006e04  usPacketIdentifier                          
20006e68  xDefaultPartUDPPacketHeader                 
20006e80  xDefaultAddressing                          
20006e94  xNetworkAddressing                          
20006ef4  _lock                                       
20006ef8  _unlock                                     
20006f44  _lv_style_custom_prop_flag_lookup_table_size
20006f68  xTCPWindowLoggingLevel                      
20006f88  errno                                       
20006f98  __stack                                     
20007198  __STACK_END                                 
20007198  _sys_memory                                 
20007f98  __STACK_TOP                                 
ffffffff  __TI_pprof_out_hndl                         
ffffffff  __TI_prof_data_size                         
ffffffff  __TI_prof_data_start                        
ffffffff  __binit__                                   
ffffffff  __c_args__                                  
ffffffff  binit                                       
UNDEFED   __mpu_init                                  
UNDEFED   _system_post_cinit                          

[1615 symbols]
