******************************************************************************
                  TI ARM Linker PC v20.2.7                     
******************************************************************************
>> Linked Thu Aug 25 17:48:28 2022

OUTPUT FILE NAME:   <Tivana.out>
ENTRY POINT SYMBOL: "_c_int00_noargs"  address: 00003fb9


MEMORY CONFIGURATION

         name            origin    length      used     unused   attr    fill
----------------------  --------  ---------  --------  --------  ----  --------
  FLASH                 00000000   00100000  000044b8  000fbb48  R  X
  SRAM                  20000000   00040000  00005320  0003ace0  RW X


SEGMENT ALLOCATION MAP

run origin  load origin   length   init length attrs members
----------  ----------- ---------- ----------- ----- -------
00000000    00000000    000044b8   000044b8    r-x
  00000000    00000000    00000208   00000208    r-- .intvecs
  00000208    00000208    00003f5c   00003f5c    r-x .text
  00004164    00004164    0000031c   0000031c    r-- .const
  00004480    00004480    00000038   00000038    r-- .cinit
20000000    20000000    00005320   00000000    rw-
  20000000    20000000    000050c8   00000000    rw- .bss
  200050c8    200050c8    00000200   00000000    rw- .stack
  200052c8    200052c8    00000058   00000000    rw- .data


SECTION ALLOCATION MAP

 output                                  attributes/
section   page    origin      length       input sections
--------  ----  ----------  ----------   ----------------
.intvecs   0    00000000    00000208     
                  00000000    00000208     tm4c1294ncpdt_startup_ccs.obj (.intvecs)

.text      0    00000208    00003f5c     
                  00000208    00002118     tasks.obj (.text)
                  00002320    000005d8     main.obj (.text)
                  000028f8    000004a8     uartstdio.obj (.text)
                  00002da0    000003a0     heap_4.obj (.text)
                  00003140    00000368     rtos_hw_drivers.obj (.text)
                  000034a8    00000200     driverlib.lib : sysctl.obj (.text:SysCtlClockFreqSet)
                  000036a8    0000016c                   : gpio.obj (.text:GPIOPadConfigSet)
                  00003814    0000013c     port.obj (.text)
                  00003950    0000012a     list.obj (.text)
                  00003a7a    00000002     rtsv7M4_T_le_v4SPD16_eabi.lib : div0.asm.obj (.text)
                  00003a7c    00000118     driverlib.lib : sysctl.obj (.text:SysCtlClockGet)
                  00003b94    000000da     portasm.obj (.text)
                  00003c6e    0000009c     rtsv7M4_T_le_v4SPD16_eabi.lib : memcpy_t2.asm.obj (.text)
                  00003d0a    0000007a                                   : memset_t2.asm.obj (.text)
                  00003d84    00000068                                   : copy_decompress_lzss.c.obj (.text:decompress:lzss:__TI_decompress_lzss)
                  00003dec    0000004c     driverlib.lib : gpio.obj (.text:GPIOPinConfigure)
                  00003e38    00000048                   : sysctl.obj (.text:_SysCtlFrequencyGet)
                  00003e80    00000046                   : uart.obj (.text:UARTConfigSetExpClk)
                  00003ec6    00000002     --HOLE-- [fill = 0]
                  00003ec8    00000044     rtsv7M4_T_le_v4SPD16_eabi.lib : autoinit.c.obj (.text:__TI_auto_init_nobinit_nopinit:__TI_auto_init_nobinit_nopinit)
                  00003f0c    00000040                                   : u_divt2.asm.obj (.text)
                  00003f4c    00000038     driverlib.lib : sysctl.obj (.text:SysCtlPeripheralPresent)
                  00003f84    00000034                   : sysctl.obj (.text:SysCtlPeripheralEnable)
                  00003fb8    00000034     rtsv7M4_T_le_v4SPD16_eabi.lib : boot_cortex_m.c.obj (.text:_c_int00_noargs:_c_int00_noargs)
                  00003fec    0000002c     driverlib.lib : gpio.obj (.text:GPIODirModeSet)
                  00004018    00000020                   : uart.obj (.text:UARTDisable)
                  00004038    00000020                   : sysctl.obj (.text:_SysCtlMemTimingGet)
                  00004058    0000001a                   : gpio.obj (.text:GPIOPinTypeGPIOOutput)
                  00004072    00000016                   : gpio.obj (.text:GPIOPinTypeEthernetLED)
                  00004088    00000016                   : gpio.obj (.text:GPIOPinTypeGPIOInput)
                  0000409e    00000016                   : gpio.obj (.text:GPIOPinTypeUART)
                  000040b4    00000016                   : gpio.obj (.text:GPIOPinTypeUSBAnalog)
                  000040ca    00000016                   : gpio.obj (.text:GPIOPinTypeUSBDigital)
                  000040e0    00000014                   : uart.obj (.text:UARTEnable)
                  000040f4    00000010                   : interrupt.obj (.text:IntMasterDisable)
                  00004104    0000000e     rtsv7M4_T_le_v4SPD16_eabi.lib : copy_decompress_none.c.obj (.text:decompress:none:__TI_decompress_none)
                  00004112    0000000c     driverlib.lib : cpu.obj (.text:CPUcpsid)
                  0000411e    0000000c     rtsv7M4_T_le_v4SPD16_eabi.lib : copy_zero_init.c.obj (.text:decompress:ZI:__TI_zero_init)
                  0000412a    0000000c     tm4c1294ncpdt_startup_ccs.obj (.text)
                  00004136    0000000a     driverlib.lib : uart.obj (.text:UARTCharGet)
                  00004140    0000000a                   : uart.obj (.text:UARTCharPut)
                  0000414a    00000006                   : gpio.obj (.text:GPIOPinRead)
                  00004150    00000006                   : gpio.obj (.text:GPIOPinWrite)
                  00004156    00000006                   : uart.obj (.text:UARTClockSourceSet)
                  0000415c    00000004     rtsv7M4_T_le_v4SPD16_eabi.lib : pre_init.c.obj (.text:_system_pre_init)
                  00004160    00000004                                   : exit.c.obj (.text:abort:abort)

.const     0    00004164    0000031c     
                  00004164    000001b0     driverlib.lib : sysctl.obj (.const:g_pppui32XTALtoVCO)
                  00004314    00000090                   : gpio.obj (.const:g_pui32GPIOBaseAddrs)
                  000043a4    0000006c                   : sysctl.obj (.const:g_pui32Xtals)
                  00004410    00000030                   : sysctl.obj (.const:g_sXTALtoMEMTIM)
                  00004440    00000012     uartstdio.obj (.const:.string)
                  00004452    00000002     --HOLE-- [fill = 0]
                  00004454    0000000c     uartstdio.obj (.const:g_ui32UARTBase)
                  00004460    0000000c     uartstdio.obj (.const:g_ui32UARTPeriph)
                  0000446c    00000008     driverlib.lib : sysctl.obj (.const:g_pui32VCOFrequencies)
                  00004474    00000004     port.obj (.const)
                  00004478    00000004     tasks.obj (.const)
                  0000447c    00000004     uartstdio.obj (.const)

.cinit     0    00004480    00000038     
                  00004480    0000000e     (.cinit..data.load) [load image, compression = lzss]
                  0000448e    00000002     --HOLE-- [fill = 0]
                  00004490    0000000c     (__TI_handler_table)
                  0000449c    00000004     --HOLE-- [fill = 0]
                  000044a0    00000008     (.cinit..bss.load) [load image, compression = zero_init]
                  000044a8    00000010     (__TI_cinit_table)

.init_array 
*          0    00000000    00000000     UNINITIALIZED

.bss       0    20000000    000050c8     UNINITIALIZED
                  20000000    00004f10     heap_4.obj (.bss:ucHeap)
                  20004f10    00000140     tasks.obj (.bss:pxReadyTasksLists)
                  20005050    00000014     tasks.obj (.bss:xDelayedTaskList1)
                  20005064    00000014     tasks.obj (.bss:xDelayedTaskList2)
                  20005078    00000014     tasks.obj (.bss:xPendingReadyList)
                  2000508c    00000014     tasks.obj (.bss:xSuspendedTaskList)
                  200050a0    00000014     tasks.obj (.bss:xTasksWaitingTermination)
                  200050b4    00000008     tasks.obj (.bss)
                  200050bc    00000008     heap_4.obj (.bss:xStart)
                  200050c4    00000004     (.common:g_ui32SysClock)

.data      0    200052c8    00000058     UNINITIALIZED
                  200052c8    00000034     tasks.obj (.data)
                  200052fc    00000018     heap_4.obj (.data)
                  20005314    00000005     uartstdio.obj (.data)
                  20005319    00000003     rtos_hw_drivers.obj (.data)
                  2000531c    00000004     port.obj (.data)

.stack     0    200050c8    00000200     UNINITIALIZED
                  200050c8    00000004     rtsv7M4_T_le_v4SPD16_eabi.lib : boot_cortex_m.c.obj (.stack)
                  200050cc    000001fc     --HOLE--

__llvm_prf_cnts 
*          0    20000000    00000000     UNINITIALIZED

MODULE SUMMARY

       Module                          code    ro data   rw data
       ------                          ----    -------   -------
    .\
       main.obj                        1496    0         4      
       tm4c1294ncpdt_startup_ccs.obj   12      520       0      
    +--+-------------------------------+-------+---------+---------+
       Total:                          1508    520       4      
                                                                
    .\drivers\
       rtos_hw_drivers.obj             872     0         3      
    +--+-------------------------------+-------+---------+---------+
       Total:                          872     0         3      
                                                                
    .\middlewares\FreeRTOS\Source\
       tasks.obj                       8472    4         480    
       list.obj                        298     0         0      
    +--+-------------------------------+-------+---------+---------+
       Total:                          8770    4         480    
                                                                
    .\middlewares\FreeRTOS\Source\portable\CCS\ARM_CM4F\
       port.obj                        316     4         4      
       portasm.obj                     218     0         0      
    +--+-------------------------------+-------+---------+---------+
       Total:                          534     4         4      
                                                                
    .\middlewares\FreeRTOS\Source\portable\MemMang\
       heap_4.obj                      928     0         20272  
    +--+-------------------------------+-------+---------+---------+
       Total:                          928     0         20272  
                                                                
    .\utils\
       uartstdio.obj                   1192    46        5      
    +--+-------------------------------+-------+---------+---------+
       Total:                          1192    46        5      
                                                                
    C:/ti/TivaWare_C_Series-2.2.0.295/driverlib/ccs/Debug/driverlib.lib
       sysctl.obj                      1004    596       0      
       gpio.obj                        632     144       0      
       uart.obj                        148     0         0      
       interrupt.obj                   16      0         0      
       cpu.obj                         12      0         0      
    +--+-------------------------------+-------+---------+---------+
       Total:                          1812    740       0      
                                                                
    C:\ti\ccs1200\ccs\tools\compiler\ti-cgt-arm_20.2.7.LTS\lib\rtsv7M4_T_le_v4SPD16_eabi.lib
       memcpy_t2.asm.obj               156     0         0      
       memset_t2.asm.obj               122     0         0      
       copy_decompress_lzss.c.obj      104     0         0      
       autoinit.c.obj                  68      0         0      
       u_divt2.asm.obj                 64      0         0      
       boot_cortex_m.c.obj             52      0         0      
       copy_decompress_none.c.obj      14      0         0      
       copy_zero_init.c.obj            12      0         0      
       exit.c.obj                      4       0         0      
       pre_init.c.obj                  4       0         0      
       div0.asm.obj                    2       0         0      
    +--+-------------------------------+-------+---------+---------+
       Total:                          602     0         0      
                                                                
       Stack:                          0       0         512    
       Linker Generated:               0       50        0      
    +--+-------------------------------+-------+---------+---------+
       Grand Total:                    16218   1364      21280  


LINKER GENERATED COPY TABLES

__TI_cinit_table @ 000044a8 records: 2, size/record: 8, table size: 16
	.data: load addr=00004480, load size=0000000e bytes, run addr=200052c8, run size=00000058 bytes, compression=lzss
	.bss: load addr=000044a0, load size=00000008 bytes, run addr=20000000, run size=000050c8 bytes, compression=zero_init


LINKER GENERATED HANDLER TABLE

__TI_handler_table @ 00004490 records: 3, size/record: 4, table size: 12
	index: 0, handler: __TI_decompress_lzss
	index: 1, handler: __TI_decompress_none
	index: 2, handler: __TI_zero_init


GLOBAL SYMBOLS: SORTED ALPHABETICALLY BY Name 

address   name                               
-------   ----                               
00003405  ButtonsInit                        
00003365  ButtonsPoll                        
00004161  C$$EXIT                            
00004113  CPUcpsid                           
00003fed  GPIODirModeSet                     
000036a9  GPIOPadConfigSet                   
00003ded  GPIOPinConfigure                   
0000414b  GPIOPinRead                        
00004073  GPIOPinTypeEthernetLED             
00004089  GPIOPinTypeGPIOInput               
00004059  GPIOPinTypeGPIOOutput              
0000409f  GPIOPinTypeUART                    
000040b5  GPIOPinTypeUSBAnalog               
000040cb  GPIOPinTypeUSBDigital              
00004151  GPIOPinWrite                       
000040f5  IntMasterDisable                   
00003309  LEDRead                            
00003279  LEDWrite                           
00003141  PinoutSet                          
0000412b  ResetISR                           
000034a9  SysCtlClockFreqSet                 
00003a7d  SysCtlClockGet                     
00003f85  SysCtlPeripheralEnable             
00003f4d  SysCtlPeripheralPresent            
00004137  UARTCharGet                        
00004141  UARTCharPut                        
00004157  UARTClockSourceSet                 
00003e81  UARTConfigSetExpClk                
00004019  UARTDisable                        
000040e1  UARTEnable                         
000028f9  UARTStdioConfig                    
00002a49  UARTgetc                           
0000298f  UARTgets                           
00002d6b  UARTprintf                         
00002a71  UARTvprintf                        
0000293f  UARTwrite                          
200052c8  __STACK_END                        
00000200  __STACK_SIZE                       
200060c8  __STACK_TOP                        
000044a8  __TI_CINIT_Base                    
000044b8  __TI_CINIT_Limit                   
00004490  __TI_Handler_Table_Base            
0000449c  __TI_Handler_Table_Limit           
00003ec9  __TI_auto_init_nobinit_nopinit     
00003d85  __TI_decompress_lzss               
00004105  __TI_decompress_none               
ffffffff  __TI_pprof_out_hndl                
ffffffff  __TI_prof_data_size                
ffffffff  __TI_prof_data_start               
00000000  __TI_static_base__                 
0000411f  __TI_zero_init                     
00003a7b  __aeabi_idiv0                      
00003a7b  __aeabi_ldiv0                      
00003d0b  __aeabi_memclr                     
00003d0b  __aeabi_memclr4                    
00003d0b  __aeabi_memclr8                    
00003c6f  __aeabi_memcpy                     
00003c6f  __aeabi_memcpy4                    
00003c6f  __aeabi_memcpy8                    
00003d0d  __aeabi_memset                     
00003d0d  __aeabi_memset4                    
00003d0d  __aeabi_memset8                    
00003f0d  __aeabi_uidiv                      
00003f0d  __aeabi_uidivmod                   
ffffffff  __binit__                          
ffffffff  __c_args__                         
UNDEFED   __mpu_init                         
200050c8  __stack                            
20000000  __start___llvm_prf_cnts            
20000000  __stop___llvm_prf_cnts             
00003fb9  _c_int00_noargs                    
UNDEFED   _system_post_cinit                 
0000415d  _system_pre_init                   
00004161  abort                              
ffffffff  binit                              
000005ed  eTaskGetState                      
00000000  g_pfnVectors                       
200050c4  g_ui32SysClock                     
00002321  main                               
00002855  malloc                             
00003c6f  memcpy                             
00003d13  memset                             
00000d95  pcTaskGetName                      
00002da1  pvPortMalloc                       
00001b4f  pvTaskIncrementMutexHeldCount      
200052c8  pxCurrentTCB                       
00003815  pxPortInitialiseStack              
00004474  ulMaxSyscallInterruptPriority      
00003ba5  ulPortGetIPSR                      
00001b71  ulTaskGenericNotifyTake            
000021dd  ulTaskGenericNotifyValueClear      
00003a33  uxListRemove                       
00000d85  uxTaskGetNumberOfTasks             
0000179d  uxTaskGetStackHighWaterMark        
00000dd1  uxTaskGetSystemState               
00001519  uxTaskGetTaskNumber                
000006af  uxTaskPriorityGet                  
000006d9  uxTaskPriorityGetFromISR           
00001b2d  uxTaskResetEventItemValue          
00004478  uxTopUsedPriority                  
00002839  vApplicationIdleHook               
00002831  vApplicationMallocFailedHook       
00002849  vApplicationStackOverflowHook      
0000285f  vApplicationTickHook               
00003951  vListInitialise                    
00003981  vListInitialiseItem                
000039cd  vListInsert                        
00003991  vListInsertEnd                     
00003c61  vPortEnableVFP                     
000038b5  vPortEndScheduler                  
000038b7  vPortEnterCritical                 
000038d7  vPortExitCritical                  
00002ecf  vPortFree                          
00003081  vPortGetHeapStats                  
00002f35  vPortInitialiseBlocks              
00003c1d  vPortSVCHandler                    
00003913  vPortSetupTimerInterrupt           
00003c3d  vPortStartFirstTask                
0000059d  vTaskDelay                         
00000455  vTaskDelete                        
00000b9b  vTaskEndScheduler                  
00002035  vTaskGenericNotifyGiveFromISR      
0000160d  vTaskGetInfo                       
0000146d  vTaskInternalSetTimeOutState       
00001511  vTaskMissedYield                   
00001147  vTaskPlaceOnEventList              
0000116d  vTaskPlaceOnUnorderedEventList     
00001a29  vTaskPriorityDisinheritAfterTimeout
00000721  vTaskPrioritySet                   
00001345  vTaskRemoveFromUnorderedEventList  
000009ad  vTaskResume                        
00001539  vTaskSetTaskNumber                 
0000144f  vTaskSetTimeOutState               
00000b51  vTaskStartScheduler                
0000087d  vTaskSuspend                       
00000bb7  vTaskSuspendAll                    
000010a5  vTaskSwitchContext                 
00002f29  xPortGetFreeHeapSize               
00002f2f  xPortGetMinimumEverFreeHeapSize    
00003bbd  xPortPendSVHandler                 
0000387f  xPortStartScheduler                
000038ed  xPortSysTickHandler                
00000ea9  xTaskCatchUpTicks                  
0000148d  xTaskCheckForTimeOut               
00000209  xTaskCreate                        
0000050d  xTaskDelayUntil                    
00001cd7  xTaskGenericNotify                 
00001e5d  xTaskGenericNotifyFromISR          
0000218d  xTaskGenericNotifyStateClear       
00001c15  xTaskGenericNotifyWait             
00001803  xTaskGetCurrentTaskHandle          
00000d59  xTaskGetTickCount                  
00000d6d  xTaskGetTickCountFromISR           
00000ed9  xTaskIncrementTick                 
00001953  xTaskPriorityDisinherit            
0000183d  xTaskPriorityInherit               
000011d9  xTaskRemoveFromEventList           
00000bcd  xTaskResumeAll                     
00000a79  xTaskResumeFromISR                 


GLOBAL SYMBOLS: SORTED BY Symbol Address 

address   name                               
-------   ----                               
00000000  __TI_static_base__                 
00000000  g_pfnVectors                       
00000200  __STACK_SIZE                       
00000209  xTaskCreate                        
00000455  vTaskDelete                        
0000050d  xTaskDelayUntil                    
0000059d  vTaskDelay                         
000005ed  eTaskGetState                      
000006af  uxTaskPriorityGet                  
000006d9  uxTaskPriorityGetFromISR           
00000721  vTaskPrioritySet                   
0000087d  vTaskSuspend                       
000009ad  vTaskResume                        
00000a79  xTaskResumeFromISR                 
00000b51  vTaskStartScheduler                
00000b9b  vTaskEndScheduler                  
00000bb7  vTaskSuspendAll                    
00000bcd  xTaskResumeAll                     
00000d59  xTaskGetTickCount                  
00000d6d  xTaskGetTickCountFromISR           
00000d85  uxTaskGetNumberOfTasks             
00000d95  pcTaskGetName                      
00000dd1  uxTaskGetSystemState               
00000ea9  xTaskCatchUpTicks                  
00000ed9  xTaskIncrementTick                 
000010a5  vTaskSwitchContext                 
00001147  vTaskPlaceOnEventList              
0000116d  vTaskPlaceOnUnorderedEventList     
000011d9  xTaskRemoveFromEventList           
00001345  vTaskRemoveFromUnorderedEventList  
0000144f  vTaskSetTimeOutState               
0000146d  vTaskInternalSetTimeOutState       
0000148d  xTaskCheckForTimeOut               
00001511  vTaskMissedYield                   
00001519  uxTaskGetTaskNumber                
00001539  vTaskSetTaskNumber                 
0000160d  vTaskGetInfo                       
0000179d  uxTaskGetStackHighWaterMark        
00001803  xTaskGetCurrentTaskHandle          
0000183d  xTaskPriorityInherit               
00001953  xTaskPriorityDisinherit            
00001a29  vTaskPriorityDisinheritAfterTimeout
00001b2d  uxTaskResetEventItemValue          
00001b4f  pvTaskIncrementMutexHeldCount      
00001b71  ulTaskGenericNotifyTake            
00001c15  xTaskGenericNotifyWait             
00001cd7  xTaskGenericNotify                 
00001e5d  xTaskGenericNotifyFromISR          
00002035  vTaskGenericNotifyGiveFromISR      
0000218d  xTaskGenericNotifyStateClear       
000021dd  ulTaskGenericNotifyValueClear      
00002321  main                               
00002831  vApplicationMallocFailedHook       
00002839  vApplicationIdleHook               
00002849  vApplicationStackOverflowHook      
00002855  malloc                             
0000285f  vApplicationTickHook               
000028f9  UARTStdioConfig                    
0000293f  UARTwrite                          
0000298f  UARTgets                           
00002a49  UARTgetc                           
00002a71  UARTvprintf                        
00002d6b  UARTprintf                         
00002da1  pvPortMalloc                       
00002ecf  vPortFree                          
00002f29  xPortGetFreeHeapSize               
00002f2f  xPortGetMinimumEverFreeHeapSize    
00002f35  vPortInitialiseBlocks              
00003081  vPortGetHeapStats                  
00003141  PinoutSet                          
00003279  LEDWrite                           
00003309  LEDRead                            
00003365  ButtonsPoll                        
00003405  ButtonsInit                        
000034a9  SysCtlClockFreqSet                 
000036a9  GPIOPadConfigSet                   
00003815  pxPortInitialiseStack              
0000387f  xPortStartScheduler                
000038b5  vPortEndScheduler                  
000038b7  vPortEnterCritical                 
000038d7  vPortExitCritical                  
000038ed  xPortSysTickHandler                
00003913  vPortSetupTimerInterrupt           
00003951  vListInitialise                    
00003981  vListInitialiseItem                
00003991  vListInsertEnd                     
000039cd  vListInsert                        
00003a33  uxListRemove                       
00003a7b  __aeabi_idiv0                      
00003a7b  __aeabi_ldiv0                      
00003a7d  SysCtlClockGet                     
00003ba5  ulPortGetIPSR                      
00003bbd  xPortPendSVHandler                 
00003c1d  vPortSVCHandler                    
00003c3d  vPortStartFirstTask                
00003c61  vPortEnableVFP                     
00003c6f  __aeabi_memcpy                     
00003c6f  __aeabi_memcpy4                    
00003c6f  __aeabi_memcpy8                    
00003c6f  memcpy                             
00003d0b  __aeabi_memclr                     
00003d0b  __aeabi_memclr4                    
00003d0b  __aeabi_memclr8                    
00003d0d  __aeabi_memset                     
00003d0d  __aeabi_memset4                    
00003d0d  __aeabi_memset8                    
00003d13  memset                             
00003d85  __TI_decompress_lzss               
00003ded  GPIOPinConfigure                   
00003e81  UARTConfigSetExpClk                
00003ec9  __TI_auto_init_nobinit_nopinit     
00003f0d  __aeabi_uidiv                      
00003f0d  __aeabi_uidivmod                   
00003f4d  SysCtlPeripheralPresent            
00003f85  SysCtlPeripheralEnable             
00003fb9  _c_int00_noargs                    
00003fed  GPIODirModeSet                     
00004019  UARTDisable                        
00004059  GPIOPinTypeGPIOOutput              
00004073  GPIOPinTypeEthernetLED             
00004089  GPIOPinTypeGPIOInput               
0000409f  GPIOPinTypeUART                    
000040b5  GPIOPinTypeUSBAnalog               
000040cb  GPIOPinTypeUSBDigital              
000040e1  UARTEnable                         
000040f5  IntMasterDisable                   
00004105  __TI_decompress_none               
00004113  CPUcpsid                           
0000411f  __TI_zero_init                     
0000412b  ResetISR                           
00004137  UARTCharGet                        
00004141  UARTCharPut                        
0000414b  GPIOPinRead                        
00004151  GPIOPinWrite                       
00004157  UARTClockSourceSet                 
0000415d  _system_pre_init                   
00004161  C$$EXIT                            
00004161  abort                              
00004474  ulMaxSyscallInterruptPriority      
00004478  uxTopUsedPriority                  
00004490  __TI_Handler_Table_Base            
0000449c  __TI_Handler_Table_Limit           
000044a8  __TI_CINIT_Base                    
000044b8  __TI_CINIT_Limit                   
20000000  __start___llvm_prf_cnts            
20000000  __stop___llvm_prf_cnts             
200050c4  g_ui32SysClock                     
200050c8  __stack                            
200052c8  __STACK_END                        
200052c8  pxCurrentTCB                       
200060c8  __STACK_TOP                        
ffffffff  __TI_pprof_out_hndl                
ffffffff  __TI_prof_data_size                
ffffffff  __TI_prof_data_start               
ffffffff  __binit__                          
ffffffff  __c_args__                         
ffffffff  binit                              
UNDEFED   __mpu_init                         
UNDEFED   _system_post_cinit                 

[159 symbols]
