******************************************************************************
                  TI ARM Linker PC v20.2.7                     
******************************************************************************
>> Linked Sat Aug 27 15:28:37 2022

OUTPUT FILE NAME:   <Tivana.out>
ENTRY POINT SYMBOL: "_c_int00_noargs"  address: 00005b69


MEMORY CONFIGURATION

         name            origin    length      used     unused   attr    fill
----------------------  --------  ---------  --------  --------  ----  --------
  FLASH                 00000000   00100000  000064b2  000f9b4e  R  X
  SRAM                  20000000   00040000  00005778  0003a888  RW X


SEGMENT ALLOCATION MAP

run origin  load origin   length   init length attrs members
----------  ----------- ---------- ----------- ----- -------
00000000    00000000    000064b8   000064b8    r-x
  00000000    00000000    00000208   00000208    r-- .intvecs
  00000208    00000208    00005c06   00005c06    r-x .text
  00005e10    00005e10    00000664   00000664    r-- .const
  00006478    00006478    00000040   00000040    r-- .cinit
20000000    20000000    00005778   00000000    rw-
  20000000    20000000    00005508   00000000    rw- .bss
  20005508    20005508    00000200   00000000    rw- .stack
  20005708    20005708    00000070   00000000    rw- .data


SECTION ALLOCATION MAP

 output                                  attributes/
section   page    origin      length       input sections
--------  ----  ----------  ----------   ----------------
.intvecs   0    00000000    00000208     
                  00000000    00000208     tm4c1294ncpdt_startup_ccs.obj (.intvecs)

.text      0    00000208    00005c06     
                  00000208    00002118     tasks.obj (.text)
                  00002320    00000a4e     rtsv7M4_T_le_v4SPD16_eabi.lib : _printfi.c.obj (.text:__TI_printfi)
                  00002d6e    00000002                                   : div0.asm.obj (.text)
                  00002d70    000004a8     uartstdio.obj (.text)
                  00003218    00000424     main.obj (.text)
                  0000363c    000003a0     heap_4.obj (.text)
                  000039dc    00000368     rtos_hw_drivers.obj (.text)
                  00003d44    00000324     FreeRTOS_CLI.obj (.text)
                  00004068    00000270     rtsv7M4_T_le_v4SPD16_eabi.lib : _printfi.c.obj (.text:_pconv_a)
                  000042d8    00000200     driverlib.lib : sysctl.obj (.text:SysCtlClockFreqSet)
                  000044d8    000001d0     rtsv7M4_T_le_v4SPD16_eabi.lib : _printfi.c.obj (.text:_pconv_g)
                  000046a8    000001b6                                   : fd_add_t2.asm.obj (.text)
                  0000485e    00000002     --HOLE-- [fill = 0]
                  00004860    0000016c     driverlib.lib : gpio.obj (.text:GPIOPadConfigSet)
                  000049cc    0000013c     rtsv7M4_T_le_v4SPD16_eabi.lib : _printfi.c.obj (.text:_pconv_e)
                  00004b08    0000013c     port.obj (.text)
                  00004c44    00000136     rtsv7M4_T_le_v4SPD16_eabi.lib : fd_div_t2.asm.obj (.text)
                  00004d7a    0000012a     list.obj (.text)
                  00004ea4    00000124     rtsv7M4_T_le_v4SPD16_eabi.lib : _printfi.c.obj (.text:fcvt)
                  00004fc8    00000110                                   : s_scalbn.c.obj (.text:scalbn)
                  000050d8    000000fc                                   : fd_mul_t2.asm.obj (.text)
                  000051d4    000000da     portasm.obj (.text)
                  000052ae    00000002     --HOLE-- [fill = 0]
                  000052b0    000000b1     rtsv7M4_T_le_v4SPD16_eabi.lib : _printfi.c.obj (.text:_ltostr)
                  00005361    00000001     --HOLE-- [fill = 0]
                  00005362    0000009c                                   : memcpy_t2.asm.obj (.text)
                  000053fe    00000096                                   : ull_div_t2.asm.obj (.text)
                  00005494    00000086                                   : fd_cmp_t2.asm.obj (.text:__aeabi_cdcmple)
                  0000551a    00000086                                   : fd_cmp_t2.asm.obj (.text:__aeabi_cdrcmple)
                  000055a0    0000007a                                   : memset_t2.asm.obj (.text)
                  0000561a    0000006e                                   : _printfi.c.obj (.text:_mcpy)
                  00005688    00000068                                   : copy_decompress_lzss.c.obj (.text:decompress:lzss:__TI_decompress_lzss)
                  000056f0    00000064                                   : s_frexp.c.obj (.text:frexp)
                  00005754    00000056                                   : _printfi.c.obj (.text:_pconv_f)
                  000057aa    00000054                                   : _ltoa.c.obj (.text:__TI_ltoa)
                  000057fe    00000052                                   : _printfi.c.obj (.text:_ecpy)
                  00005850    0000004c     driverlib.lib : gpio.obj (.text:GPIOPinConfigure)
                  0000589c    0000004c     rtsv7M4_T_le_v4SPD16_eabi.lib : atoi.c.obj (.text:atoi)
                  000058e8    00000048     driverlib.lib : sysctl.obj (.text:_SysCtlFrequencyGet)
                  00005930    00000048     rtsv7M4_T_le_v4SPD16_eabi.lib : fd_toi_t2.asm.obj (.text)
                  00005978    00000046     driverlib.lib : uart.obj (.text:UARTConfigSetExpClk)
                  000059be    00000002     --HOLE-- [fill = 0]
                  000059c0    00000044     rtsv7M4_T_le_v4SPD16_eabi.lib : autoinit.c.obj (.text:__TI_auto_init_nobinit_nopinit:__TI_auto_init_nobinit_nopinit)
                  00005a04    00000040                                   : u_divt2.asm.obj (.text)
                  00005a44    00000040                                   : sprintf.c.obj (.text:sprintf)
                  00005a84    0000003e                                   : _printfi.c.obj (.text:_fcpy)
                  00005ac2    00000002     --HOLE-- [fill = 0]
                  00005ac4    00000038     driverlib.lib : sysctl.obj (.text:SysCtlPeripheralPresent)
                  00005afc    00000036     rtsv7M4_T_le_v4SPD16_eabi.lib : strncpy.c.obj (.text:strncpy)
                  00005b32    00000002     --HOLE-- [fill = 0]
                  00005b34    00000034     driverlib.lib : sysctl.obj (.text:SysCtlPeripheralEnable)
                  00005b68    00000034     rtsv7M4_T_le_v4SPD16_eabi.lib : boot_cortex_m.c.obj (.text:_c_int00_noargs:_c_int00_noargs)
                  00005b9c    0000002e                                   : i_tofd_t2.asm.obj (.text)
                  00005bca    0000002c     driverlib.lib : gpio.obj (.text:GPIODirModeSet)
                  00005bf6    0000002c     rtsv7M4_T_le_v4SPD16_eabi.lib : strncmp.c.obj (.text:strncmp)
                  00005c22    00000002     --HOLE-- [fill = 0]
                  00005c24    00000020     driverlib.lib : uart.obj (.text:UARTDisable)
                  00005c44    00000020                   : sysctl.obj (.text:_SysCtlMemTimingGet)
                  00005c64    0000001c     rtsv7M4_T_le_v4SPD16_eabi.lib : memccpy.c.obj (.text:memccpy)
                  00005c80    0000001a     driverlib.lib : gpio.obj (.text:GPIOPinTypeGPIOOutput)
                  00005c9a    0000001a     rtsv7M4_T_le_v4SPD16_eabi.lib : s_copysign.c.obj (.text:copysign)
                  00005cb4    00000018                                   : sprintf.c.obj (.text:_outs)
                  00005ccc    00000016     driverlib.lib : gpio.obj (.text:GPIOPinTypeEthernetLED)
                  00005ce2    00000016                   : gpio.obj (.text:GPIOPinTypeGPIOInput)
                  00005cf8    00000016                   : gpio.obj (.text:GPIOPinTypeUART)
                  00005d0e    00000016                   : gpio.obj (.text:GPIOPinTypeUSBAnalog)
                  00005d24    00000016                   : gpio.obj (.text:GPIOPinTypeUSBDigital)
                  00005d3a    00000016     rtsv7M4_T_le_v4SPD16_eabi.lib : strchr.c.obj (.text:strchr)
                  00005d50    00000014     driverlib.lib : uart.obj (.text:UARTEnable)
                  00005d64    00000014     rtsv7M4_T_le_v4SPD16_eabi.lib : strlen.c.obj (.text:strlen)
                  00005d78    00000012                                   : wcslen.c.obj (.text:wcslen)
                  00005d8a    00000010     driverlib.lib : interrupt.obj (.text:IntMasterDisable)
                  00005d9a    0000000e     rtsv7M4_T_le_v4SPD16_eabi.lib : copy_decompress_none.c.obj (.text:decompress:none:__TI_decompress_none)
                  00005da8    0000000c     driverlib.lib : cpu.obj (.text:CPUcpsid)
                  00005db4    0000000c     rtsv7M4_T_le_v4SPD16_eabi.lib : copy_zero_init.c.obj (.text:decompress:ZI:__TI_zero_init)
                  00005dc0    0000000c     tm4c1294ncpdt_startup_ccs.obj (.text)
                  00005dcc    0000000a     driverlib.lib : uart.obj (.text:UARTCharGet)
                  00005dd6    0000000a                   : uart.obj (.text:UARTCharPut)
                  00005de0    0000000a     rtsv7M4_T_le_v4SPD16_eabi.lib : sprintf.c.obj (.text:_outc)
                  00005dea    00000002     --HOLE-- [fill = 0]
                  00005dec    00000008                                   : errno.c.obj (.text:__aeabi_errno_addr)
                  00005df4    00000006     driverlib.lib : gpio.obj (.text:GPIOPinRead)
                  00005dfa    00000006                   : gpio.obj (.text:GPIOPinWrite)
                  00005e00    00000006                   : uart.obj (.text:UARTClockSourceSet)
                  00005e06    00000004     rtsv7M4_T_le_v4SPD16_eabi.lib : pre_init.c.obj (.text:_system_pre_init)
                  00005e0a    00000004                                   : exit.c.obj (.text:abort:abort)

.const     0    00005e10    00000664     
                  00005e10    000001b0     driverlib.lib : sysctl.obj (.const:g_pppui32XTALtoVCO)
                  00005fc0    0000017c     main.obj (.const:.string)
                  0000613c    00000101     rtsv7M4_T_le_v4SPD16_eabi.lib : ctype.c.obj (.const:.string:_ctypes_)
                  0000623d    00000003     --HOLE-- [fill = 0]
                  00006240    00000090     driverlib.lib : gpio.obj (.const:g_pui32GPIOBaseAddrs)
                  000062d0    0000006c                   : sysctl.obj (.const:g_pui32Xtals)
                  0000633c    00000038     FreeRTOS_CLI.obj (.const:.string)
                  00006374    00000030     driverlib.lib : sysctl.obj (.const:g_sXTALtoMEMTIM)
                  000063a4    00000012     uartstdio.obj (.const:.string)
                  000063b6    00000002     --HOLE-- [fill = 0]
                  000063b8    00000010     main.obj (.const:xEightCommand)
                  000063c8    00000010     main.obj (.const:xFiveCommand)
                  000063d8    00000010     main.obj (.const:xFourCommand)
                  000063e8    00000010     FreeRTOS_CLI.obj (.const:xHelpCommand)
                  000063f8    00000010     main.obj (.const:xLedOffCommand)
                  00006408    00000010     main.obj (.const:xLedOnCommand)
                  00006418    00000010     main.obj (.const:xSevenCommand)
                  00006428    00000010     main.obj (.const:xSixCommand)
                  00006438    00000010     main.obj (.const:xThreeCommand)
                  00006448    0000000c     uartstdio.obj (.const:g_ui32UARTBase)
                  00006454    0000000c     uartstdio.obj (.const:g_ui32UARTPeriph)
                  00006460    00000008     driverlib.lib : sysctl.obj (.const:g_pui32VCOFrequencies)
                  00006468    00000004     port.obj (.const)
                  0000646c    00000004     tasks.obj (.const)
                  00006470    00000004     uartstdio.obj (.const)

.cinit     0    00006478    00000040     
                  00006478    0000001c     (.cinit..data.load) [load image, compression = lzss]
                  00006494    0000000c     (__TI_handler_table)
                  000064a0    00000008     (.cinit..bss.load) [load image, compression = zero_init]
                  000064a8    00000010     (__TI_cinit_table)

.init_array 
*          0    00000000    00000000     UNINITIALIZED

.bss       0    20000000    00005508     UNINITIALIZED
                  20000000    00004f10     heap_4.obj (.bss:ucHeap)
                  20004f10    00000400     main.obj (.bss:cOutputString$2)
                  20005310    00000140     tasks.obj (.bss:pxReadyTasksLists)
                  20005450    0000003c     main.obj (.bss:cInputString$1)
                  2000548c    00000014     tasks.obj (.bss:xDelayedTaskList1)
                  200054a0    00000014     tasks.obj (.bss:xDelayedTaskList2)
                  200054b4    00000014     tasks.obj (.bss:xPendingReadyList)
                  200054c8    00000014     tasks.obj (.bss:xSuspendedTaskList)
                  200054dc    00000014     tasks.obj (.bss:xTasksWaitingTermination)
                  200054f0    00000008     tasks.obj (.bss)
                  200054f8    00000008     heap_4.obj (.bss:xStart)
                  20005500    00000004     FreeRTOS_CLI.obj (.bss:cOutputBuffer)
                  20005504    00000004     (.common:g_ui32SysClock)

.data      0    20005708    00000070     UNINITIALIZED
                  20005708    00000034     tasks.obj (.data)
                  2000573c    00000018     heap_4.obj (.data)
                  20005754    0000000c     FreeRTOS_CLI.obj (.data)
                  20005760    00000008     FreeRTOS_CLI.obj (.data:xRegisteredCommands)
                  20005768    00000005     uartstdio.obj (.data)
                  2000576d    00000003     rtos_hw_drivers.obj (.data)
                  20005770    00000004     port.obj (.data)
                  20005774    00000004     rtsv7M4_T_le_v4SPD16_eabi.lib : errno.c.obj (.data)

.stack     0    20005508    00000200     UNINITIALIZED
                  20005508    00000004     rtsv7M4_T_le_v4SPD16_eabi.lib : boot_cortex_m.c.obj (.stack)
                  2000550c    000001fc     --HOLE--

__llvm_prf_cnts 
*          0    20000000    00000000     UNINITIALIZED

MODULE SUMMARY

       Module                          code    ro data   rw data
       ------                          ----    -------   -------
    .\
       main.obj                        1060    508       1088   
       tm4c1294ncpdt_startup_ccs.obj   12      520       0      
    +--+-------------------------------+-------+---------+---------+
       Total:                          1072    1028      1088   
                                                                
    .\drivers\
       rtos_hw_drivers.obj             872     0         3      
    +--+-------------------------------+-------+---------+---------+
       Total:                          872     0         3      
                                                                
    .\middlewares\FreeRTOS-Plus-CLI\
       FreeRTOS_CLI.obj                804     72        24     
    +--+-------------------------------+-------+---------+---------+
       Total:                          804     72        24     
                                                                
    .\middlewares\FreeRTOS\Source\
       tasks.obj                       8472    4         480    
       list.obj                        298     0         0      
    +--+-------------------------------+-------+---------+---------+
       Total:                          8770    4         480    
                                                                
    .\middlewares\FreeRTOS\Source\portable\CCS\ARM_CM4F\
       port.obj                        316     4         4      
       portasm.obj                     218     0         0      
    +--+-------------------------------+-------+---------+---------+
       Total:                          534     4         4      
                                                                
    .\middlewares\FreeRTOS\Source\portable\MemMang\
       heap_4.obj                      928     0         20272  
    +--+-------------------------------+-------+---------+---------+
       Total:                          928     0         20272  
                                                                
    .\utils\
       uartstdio.obj                   1192    46        5      
    +--+-------------------------------+-------+---------+---------+
       Total:                          1192    46        5      
                                                                
    C:/ti/TivaWare_C_Series-2.2.0.295/driverlib/ccs/Debug/driverlib.lib
       sysctl.obj                      724     596       0      
       gpio.obj                        632     144       0      
       uart.obj                        148     0         0      
       interrupt.obj                   16      0         0      
       cpu.obj                         12      0         0      
    +--+-------------------------------+-------+---------+---------+
       Total:                          1532    740       0      
                                                                
    C:\ti\ccs1200\ccs\tools\compiler\ti-cgt-arm_20.2.7.LTS\lib\rtsv7M4_T_le_v4SPD16_eabi.lib
       _printfi.c.obj                  4851    0         0      
       fd_add_t2.asm.obj               438     0         0      
       fd_div_t2.asm.obj               310     0         0      
       s_scalbn.c.obj                  272     0         0      
       fd_cmp_t2.asm.obj               268     0         0      
       ctype.c.obj                     0       257       0      
       fd_mul_t2.asm.obj               252     0         0      
       memcpy_t2.asm.obj               156     0         0      
       ull_div_t2.asm.obj              150     0         0      
       memset_t2.asm.obj               122     0         0      
       copy_decompress_lzss.c.obj      104     0         0      
       s_frexp.c.obj                   100     0         0      
       sprintf.c.obj                   98      0         0      
       _ltoa.c.obj                     84      0         0      
       atoi.c.obj                      76      0         0      
       fd_toi_t2.asm.obj               72      0         0      
       autoinit.c.obj                  68      0         0      
       u_divt2.asm.obj                 64      0         0      
       strncpy.c.obj                   54      0         0      
       boot_cortex_m.c.obj             52      0         0      
       i_tofd_t2.asm.obj               46      0         0      
       strncmp.c.obj                   44      0         0      
       memccpy.c.obj                   28      0         0      
       s_copysign.c.obj                26      0         0      
       strchr.c.obj                    22      0         0      
       strlen.c.obj                    20      0         0      
       wcslen.c.obj                    18      0         0      
       copy_decompress_none.c.obj      14      0         0      
       copy_zero_init.c.obj            12      0         0      
       errno.c.obj                     8       0         4      
       exit.c.obj                      4       0         0      
       pre_init.c.obj                  4       0         0      
       div0.asm.obj                    2       0         0      
    +--+-------------------------------+-------+---------+---------+
       Total:                          7839    257       4      
                                                                
       Stack:                          0       0         512    
       Linker Generated:               0       64        0      
    +--+-------------------------------+-------+---------+---------+
       Grand Total:                    23543   2215      22392  


LINKER GENERATED COPY TABLES

__TI_cinit_table @ 000064a8 records: 2, size/record: 8, table size: 16
	.data: load addr=00006478, load size=0000001c bytes, run addr=20005708, run size=00000070 bytes, compression=lzss
	.bss: load addr=000064a0, load size=00000008 bytes, run addr=20000000, run size=00005508 bytes, compression=zero_init


LINKER GENERATED HANDLER TABLE

__TI_handler_table @ 00006494 records: 3, size/record: 4, table size: 12
	index: 0, handler: __TI_decompress_lzss
	index: 1, handler: __TI_decompress_none
	index: 2, handler: __TI_zero_init


GLOBAL SYMBOLS: SORTED ALPHABETICALLY BY Name 

address   name                               
-------   ----                               
00003ca1  ButtonsInit                        
00003c01  ButtonsPoll                        
00005e0b  C$$EXIT                            
00005da9  CPUcpsid                           
00003e69  FreeRTOS_CLIGetOutputBuffer        
00003e6d  FreeRTOS_CLIGetParameter           
00003d83  FreeRTOS_CLIProcessCommand         
00003d45  FreeRTOS_CLIRegisterCommand        
00005bcb  GPIODirModeSet                     
00004861  GPIOPadConfigSet                   
00005851  GPIOPinConfigure                   
00005df5  GPIOPinRead                        
00005ccd  GPIOPinTypeEthernetLED             
00005ce3  GPIOPinTypeGPIOInput               
00005c81  GPIOPinTypeGPIOOutput              
00005cf9  GPIOPinTypeUART                    
00005d0f  GPIOPinTypeUSBAnalog               
00005d25  GPIOPinTypeUSBDigital              
00005dfb  GPIOPinWrite                       
00005d8b  IntMasterDisable                   
00003ba5  LEDRead                            
00003b15  LEDWrite                           
000039dd  PinoutSet                          
00005dc1  ResetISR                           
000042d9  SysCtlClockFreqSet                 
00005b35  SysCtlPeripheralEnable             
00005ac5  SysCtlPeripheralPresent            
00005dcd  UARTCharGet                        
00005dd7  UARTCharPut                        
00005e01  UARTClockSourceSet                 
00005979  UARTConfigSetExpClk                
00005c25  UARTDisable                        
00005d51  UARTEnable                         
00002d71  UARTStdioConfig                    
00002ec1  UARTgetc                           
00002e07  UARTgets                           
000031e3  UARTprintf                         
00002ee9  UARTvprintf                        
00002db7  UARTwrite                          
20005708  __STACK_END                        
00000200  __STACK_SIZE                       
20006508  __STACK_TOP                        
000064a8  __TI_CINIT_Base                    
000064b8  __TI_CINIT_Limit                   
00006494  __TI_Handler_Table_Base            
000064a0  __TI_Handler_Table_Limit           
000059c1  __TI_auto_init_nobinit_nopinit     
00005689  __TI_decompress_lzss               
00005d9b  __TI_decompress_none               
000057ab  __TI_ltoa                          
ffffffff  __TI_pprof_out_hndl                
00002321  __TI_printfi                       
ffffffff  __TI_prof_data_size                
ffffffff  __TI_prof_data_start               
00000000  __TI_static_base__                 
00005db5  __TI_zero_init                     
00005495  __aeabi_cdcmpeq                    
00005495  __aeabi_cdcmple                    
0000551b  __aeabi_cdrcmple                   
00005931  __aeabi_d2iz                       
000046b3  __aeabi_dadd                       
00004c45  __aeabi_ddiv                       
000050d9  __aeabi_dmul                       
000046a9  __aeabi_dsub                       
00005ded  __aeabi_errno_addr                 
00005b9d  __aeabi_i2d                        
00002d6f  __aeabi_idiv0                      
00002d6f  __aeabi_ldiv0                      
000055a1  __aeabi_memclr                     
000055a1  __aeabi_memclr4                    
000055a1  __aeabi_memclr8                    
00005363  __aeabi_memcpy                     
00005363  __aeabi_memcpy4                    
00005363  __aeabi_memcpy8                    
000055a3  __aeabi_memset                     
000055a3  __aeabi_memset4                    
000055a3  __aeabi_memset8                    
00005a05  __aeabi_uidiv                      
00005a05  __aeabi_uidivmod                   
000053ff  __aeabi_uldivmod                   
ffffffff  __binit__                          
ffffffff  __c_args__                         
UNDEFED   __mpu_init                         
20005508  __stack                            
20000000  __start___llvm_prf_cnts            
20000000  __stop___llvm_prf_cnts             
00005b69  _c_int00_noargs                    
0000613c  _ctypes_                           
UNDEFED   _system_post_cinit                 
00005e07  _system_pre_init                   
00005e0b  abort                              
0000589d  atoi                               
ffffffff  binit                              
00005c9b  copysign                           
00005c9b  copysignl                          
000005ed  eTaskGetState                      
20005774  errno                              
000056f1  frexp                              
000056f1  frexpl                             
00000000  g_pfnVectors                       
20005504  g_ui32SysClock                     
00004fc9  ldexp                              
00004fc9  ldexpl                             
00003219  main                               
00003557  malloc                             
00005c65  memccpy                            
00005363  memcpy                             
000055a9  memset                             
00000d95  pcTaskGetName                      
0000363d  pvPortMalloc                       
00001b4f  pvTaskIncrementMutexHeldCount      
20005708  pxCurrentTCB                       
00004b09  pxPortInitialiseStack              
00004fc9  scalbn                             
00004fc9  scalbnl                            
00005a45  sprintf                            
00005d3b  strchr                             
00005d65  strlen                             
00005bf7  strncmp                            
00005afd  strncpy                            
00006468  ulMaxSyscallInterruptPriority      
000051e5  ulPortGetIPSR                      
00001b71  ulTaskGenericNotifyTake            
000021dd  ulTaskGenericNotifyValueClear      
00004e5d  uxListRemove                       
00000d85  uxTaskGetNumberOfTasks             
0000179d  uxTaskGetStackHighWaterMark        
00000dd1  uxTaskGetSystemState               
00001519  uxTaskGetTaskNumber                
000006af  uxTaskPriorityGet                  
000006d9  uxTaskPriorityGetFromISR           
00001b2d  uxTaskResetEventItemValue          
0000646c  uxTopUsedPriority                  
00003549  vApplicationIdleHook               
00003541  vApplicationMallocFailedHook       
0000354b  vApplicationStackOverflowHook      
00003561  vApplicationTickHook               
00004d7b  vListInitialise                    
00004dab  vListInitialiseItem                
00004df7  vListInsert                        
00004dbb  vListInsertEnd                     
000052a1  vPortEnableVFP                     
00004ba9  vPortEndScheduler                  
00004bab  vPortEnterCritical                 
00004bcb  vPortExitCritical                  
0000376b  vPortFree                          
0000391d  vPortGetHeapStats                  
000037d1  vPortInitialiseBlocks              
0000525d  vPortSVCHandler                    
00004c07  vPortSetupTimerInterrupt           
0000527d  vPortStartFirstTask                
00003285  vRegisterCLICommands               
0000059d  vTaskDelay                         
00000455  vTaskDelete                        
00000b9b  vTaskEndScheduler                  
00002035  vTaskGenericNotifyGiveFromISR      
0000160d  vTaskGetInfo                       
0000146d  vTaskInternalSetTimeOutState       
00001511  vTaskMissedYield                   
00001147  vTaskPlaceOnEventList              
0000116d  vTaskPlaceOnUnorderedEventList     
00001a29  vTaskPriorityDisinheritAfterTimeout
00000721  vTaskPrioritySet                   
00001345  vTaskRemoveFromUnorderedEventList  
000009ad  vTaskResume                        
00001539  vTaskSetTaskNumber                 
0000144f  vTaskSetTimeOutState               
00000b51  vTaskStartScheduler                
0000087d  vTaskSuspend                       
00000bb7  vTaskSuspendAll                    
000010a5  vTaskSwitchContext                 
00005d79  wcslen                             
000037c5  xPortGetFreeHeapSize               
000037cb  xPortGetMinimumEverFreeHeapSize    
000051fd  xPortPendSVHandler                 
00004b73  xPortStartScheduler                
00004be1  xPortSysTickHandler                
00000ea9  xTaskCatchUpTicks                  
0000148d  xTaskCheckForTimeOut               
00000209  xTaskCreate                        
0000050d  xTaskDelayUntil                    
00001cd7  xTaskGenericNotify                 
00001e5d  xTaskGenericNotifyFromISR          
0000218d  xTaskGenericNotifyStateClear       
00001c15  xTaskGenericNotifyWait             
00001803  xTaskGetCurrentTaskHandle          
00000d59  xTaskGetTickCount                  
00000d6d  xTaskGetTickCountFromISR           
00000ed9  xTaskIncrementTick                 
00001953  xTaskPriorityDisinherit            
0000183d  xTaskPriorityInherit               
000011d9  xTaskRemoveFromEventList           
00000bcd  xTaskResumeAll                     
00000a79  xTaskResumeFromISR                 


GLOBAL SYMBOLS: SORTED BY Symbol Address 

address   name                               
-------   ----                               
00000000  __TI_static_base__                 
00000000  g_pfnVectors                       
00000200  __STACK_SIZE                       
00000209  xTaskCreate                        
00000455  vTaskDelete                        
0000050d  xTaskDelayUntil                    
0000059d  vTaskDelay                         
000005ed  eTaskGetState                      
000006af  uxTaskPriorityGet                  
000006d9  uxTaskPriorityGetFromISR           
00000721  vTaskPrioritySet                   
0000087d  vTaskSuspend                       
000009ad  vTaskResume                        
00000a79  xTaskResumeFromISR                 
00000b51  vTaskStartScheduler                
00000b9b  vTaskEndScheduler                  
00000bb7  vTaskSuspendAll                    
00000bcd  xTaskResumeAll                     
00000d59  xTaskGetTickCount                  
00000d6d  xTaskGetTickCountFromISR           
00000d85  uxTaskGetNumberOfTasks             
00000d95  pcTaskGetName                      
00000dd1  uxTaskGetSystemState               
00000ea9  xTaskCatchUpTicks                  
00000ed9  xTaskIncrementTick                 
000010a5  vTaskSwitchContext                 
00001147  vTaskPlaceOnEventList              
0000116d  vTaskPlaceOnUnorderedEventList     
000011d9  xTaskRemoveFromEventList           
00001345  vTaskRemoveFromUnorderedEventList  
0000144f  vTaskSetTimeOutState               
0000146d  vTaskInternalSetTimeOutState       
0000148d  xTaskCheckForTimeOut               
00001511  vTaskMissedYield                   
00001519  uxTaskGetTaskNumber                
00001539  vTaskSetTaskNumber                 
0000160d  vTaskGetInfo                       
0000179d  uxTaskGetStackHighWaterMark        
00001803  xTaskGetCurrentTaskHandle          
0000183d  xTaskPriorityInherit               
00001953  xTaskPriorityDisinherit            
00001a29  vTaskPriorityDisinheritAfterTimeout
00001b2d  uxTaskResetEventItemValue          
00001b4f  pvTaskIncrementMutexHeldCount      
00001b71  ulTaskGenericNotifyTake            
00001c15  xTaskGenericNotifyWait             
00001cd7  xTaskGenericNotify                 
00001e5d  xTaskGenericNotifyFromISR          
00002035  vTaskGenericNotifyGiveFromISR      
0000218d  xTaskGenericNotifyStateClear       
000021dd  ulTaskGenericNotifyValueClear      
00002321  __TI_printfi                       
00002d6f  __aeabi_idiv0                      
00002d6f  __aeabi_ldiv0                      
00002d71  UARTStdioConfig                    
00002db7  UARTwrite                          
00002e07  UARTgets                           
00002ec1  UARTgetc                           
00002ee9  UARTvprintf                        
000031e3  UARTprintf                         
00003219  main                               
00003285  vRegisterCLICommands               
00003541  vApplicationMallocFailedHook       
00003549  vApplicationIdleHook               
0000354b  vApplicationStackOverflowHook      
00003557  malloc                             
00003561  vApplicationTickHook               
0000363d  pvPortMalloc                       
0000376b  vPortFree                          
000037c5  xPortGetFreeHeapSize               
000037cb  xPortGetMinimumEverFreeHeapSize    
000037d1  vPortInitialiseBlocks              
0000391d  vPortGetHeapStats                  
000039dd  PinoutSet                          
00003b15  LEDWrite                           
00003ba5  LEDRead                            
00003c01  ButtonsPoll                        
00003ca1  ButtonsInit                        
00003d45  FreeRTOS_CLIRegisterCommand        
00003d83  FreeRTOS_CLIProcessCommand         
00003e69  FreeRTOS_CLIGetOutputBuffer        
00003e6d  FreeRTOS_CLIGetParameter           
000042d9  SysCtlClockFreqSet                 
000046a9  __aeabi_dsub                       
000046b3  __aeabi_dadd                       
00004861  GPIOPadConfigSet                   
00004b09  pxPortInitialiseStack              
00004b73  xPortStartScheduler                
00004ba9  vPortEndScheduler                  
00004bab  vPortEnterCritical                 
00004bcb  vPortExitCritical                  
00004be1  xPortSysTickHandler                
00004c07  vPortSetupTimerInterrupt           
00004c45  __aeabi_ddiv                       
00004d7b  vListInitialise                    
00004dab  vListInitialiseItem                
00004dbb  vListInsertEnd                     
00004df7  vListInsert                        
00004e5d  uxListRemove                       
00004fc9  ldexp                              
00004fc9  ldexpl                             
00004fc9  scalbn                             
00004fc9  scalbnl                            
000050d9  __aeabi_dmul                       
000051e5  ulPortGetIPSR                      
000051fd  xPortPendSVHandler                 
0000525d  vPortSVCHandler                    
0000527d  vPortStartFirstTask                
000052a1  vPortEnableVFP                     
00005363  __aeabi_memcpy                     
00005363  __aeabi_memcpy4                    
00005363  __aeabi_memcpy8                    
00005363  memcpy                             
000053ff  __aeabi_uldivmod                   
00005495  __aeabi_cdcmpeq                    
00005495  __aeabi_cdcmple                    
0000551b  __aeabi_cdrcmple                   
000055a1  __aeabi_memclr                     
000055a1  __aeabi_memclr4                    
000055a1  __aeabi_memclr8                    
000055a3  __aeabi_memset                     
000055a3  __aeabi_memset4                    
000055a3  __aeabi_memset8                    
000055a9  memset                             
00005689  __TI_decompress_lzss               
000056f1  frexp                              
000056f1  frexpl                             
000057ab  __TI_ltoa                          
00005851  GPIOPinConfigure                   
0000589d  atoi                               
00005931  __aeabi_d2iz                       
00005979  UARTConfigSetExpClk                
000059c1  __TI_auto_init_nobinit_nopinit     
00005a05  __aeabi_uidiv                      
00005a05  __aeabi_uidivmod                   
00005a45  sprintf                            
00005ac5  SysCtlPeripheralPresent            
00005afd  strncpy                            
00005b35  SysCtlPeripheralEnable             
00005b69  _c_int00_noargs                    
00005b9d  __aeabi_i2d                        
00005bcb  GPIODirModeSet                     
00005bf7  strncmp                            
00005c25  UARTDisable                        
00005c65  memccpy                            
00005c81  GPIOPinTypeGPIOOutput              
00005c9b  copysign                           
00005c9b  copysignl                          
00005ccd  GPIOPinTypeEthernetLED             
00005ce3  GPIOPinTypeGPIOInput               
00005cf9  GPIOPinTypeUART                    
00005d0f  GPIOPinTypeUSBAnalog               
00005d25  GPIOPinTypeUSBDigital              
00005d3b  strchr                             
00005d51  UARTEnable                         
00005d65  strlen                             
00005d79  wcslen                             
00005d8b  IntMasterDisable                   
00005d9b  __TI_decompress_none               
00005da9  CPUcpsid                           
00005db5  __TI_zero_init                     
00005dc1  ResetISR                           
00005dcd  UARTCharGet                        
00005dd7  UARTCharPut                        
00005ded  __aeabi_errno_addr                 
00005df5  GPIOPinRead                        
00005dfb  GPIOPinWrite                       
00005e01  UARTClockSourceSet                 
00005e07  _system_pre_init                   
00005e0b  C$$EXIT                            
00005e0b  abort                              
0000613c  _ctypes_                           
00006468  ulMaxSyscallInterruptPriority      
0000646c  uxTopUsedPriority                  
00006494  __TI_Handler_Table_Base            
000064a0  __TI_Handler_Table_Limit           
000064a8  __TI_CINIT_Base                    
000064b8  __TI_CINIT_Limit                   
20000000  __start___llvm_prf_cnts            
20000000  __stop___llvm_prf_cnts             
20005504  g_ui32SysClock                     
20005508  __stack                            
20005708  __STACK_END                        
20005708  pxCurrentTCB                       
20005774  errno                              
20006508  __STACK_TOP                        
ffffffff  __TI_pprof_out_hndl                
ffffffff  __TI_prof_data_size                
ffffffff  __TI_prof_data_start               
ffffffff  __binit__                          
ffffffff  __c_args__                         
ffffffff  binit                              
UNDEFED   __mpu_init                         
UNDEFED   _system_post_cinit                 

[194 symbols]
