******************************************************************************
                  TI ARM Linker PC v20.2.7                     
******************************************************************************
>> Linked Wed Nov  9 15:57:58 2022

OUTPUT FILE NAME:   <Tivana.out>
ENTRY POINT SYMBOL: "_c_int00_noargs"  address: 00055439


MEMORY CONFIGURATION

         name            origin    length      used     unused   attr    fill
----------------------  --------  ---------  --------  --------  ----  --------
  FLASH                 00000000   00100000  0005aa0e  000a55f2  R  X
  SRAM                  20000000   00040000  000271b6  00018e4a  RW X


SEGMENT ALLOCATION MAP

run origin  load origin   length   init length attrs members
----------  ----------- ---------- ----------- ----- -------
00000000    00000000    0005aa10   0005aa10    r-x
  00000000    00000000    00000208   00000208    r-- .intvecs
  00000208    00000208    000557a2   000557a2    r-x .text
  000559ac    000559ac    00004f2c   00004f2c    r-- .const
  0005a8d8    0005a8d8    00000138   00000138    r-- .cinit
20000000    20000000    000271b8   00000000    rw-
  20000000    20000000    00026d4c   00000000    rw- .bss
  20026d4c    20026d4c    0000025a   00000000    rw- .data
  20026fa8    20026fa8    00000200   00000000    rw- .stack
  200271a8    200271a8    00000010   00000000    rw- .sysmem


SECTION ALLOCATION MAP

 output                                  attributes/
section   page    origin      length       input sections
--------  ----  ----------  ----------   ----------------
.intvecs   0    00000000    00000208     
                  00000000    00000208     tm4c1294ncpdt_startup_ccs.obj (.intvecs)

.text      0    00000208    000557a2     
                  00000208    0000328e     lv_chart.obj (.text)
                  00003496    00000002     rtsv7M4_T_le_v4SPD16_eabi.lib : _lock.c.obj (.text:_nop)
                  00003498    00003178     lv_theme_default.obj (.text)
                  00006610    00002cf6     lv_draw_mask.obj (.text)
                  00009306    00000002     rtsv7M4_T_le_v4SPD16_eabi.lib : div0.asm.obj (.text)
                  00009308    00002904     lv_draw_sw_rect.obj (.text)
                  0000bc0c    000025f8     lv_obj_pos.obj (.text)
                  0000e204    00002124     tasks.obj (.text)
                  00010328    00001e54     FreeRTOS_Sockets.obj (.text)
                  0001217c    00001cc0     lv_obj_scroll.obj (.text)
                  00013e3c    00001c90     lv_btnmatrix.obj (.text)
                  00015acc    00001c80     lv_label.obj (.text)
                  0001774c    00001bf4     lv_draw_sw_blend.obj (.text)
                  00019340    00001bec     lv_textarea.obj (.text)
                  0001af2c    00001bc8     lv_table.obj (.text)
                  0001caf4    000019e8     lv_obj_style.obj (.text)
                  0001e4dc    000019d0     lv_refr.obj (.text)
                  0001feac    00001844     lv_indev.obj (.text)
                  000216f0    00001812     lv_dropdown.obj (.text)
                  00022f02    00000002     --HOLE-- [fill = 0]
                  00022f04    000017f8     lv_arc.obj (.text)
                  000246fc    00001672     lv_obj.obj (.text)
                  00025d6e    00000002     --HOLE-- [fill = 0]
                  00025d70    0000151e     lv_tlsf.obj (.text)
                  0002728e    00000002     --HOLE-- [fill = 0]
                  00027290    000014de     lv_grid.obj (.text)
                  0002876e    00000002     --HOLE-- [fill = 0]
                  00028770    0000133e     lv_flex.obj (.text)
                  00029aae    00000002     --HOLE-- [fill = 0]
                  00029ab0    0000130e     lv_meter.obj (.text)
                  0002adbe    00000002     --HOLE-- [fill = 0]
                  0002adc0    00001278     lv_img.obj (.text)
                  0002c038    00001272     lv_indev_scroll.obj (.text)
                  0002d2aa    00001240     lv_draw_sw_arc.obj (.text)
                  0002e4ea    00000002     --HOLE-- [fill = 0]
                  0002e4ec    000011f0     lv_roller.obj (.text)
                  0002f6dc    000011e8     lv_colorwheel.obj (.text)
                  000308c4    00000ef8     lv_bar.obj (.text)
                  000317bc    00000e78     lv_img_buf.obj (.text)
                  00032634    00000e72     lv_obj_draw.obj (.text)
                  000334a6    00000002     --HOLE-- [fill = 0]
                  000334a8    00000e60     lv_slider.obj (.text)
                  00034308    00000e48     lv_img_decoder.obj (.text)
                  00035150    00000e46     lv_draw_sw_transform.obj (.text)
                  00035f96    00000002     --HOLE-- [fill = 0]
                  00035f98    00000e1c     lv_area.obj (.text)
                  00036db4    00000d58     queue.obj (.text)
                  00037b0c    00000c34     lv_txt.obj (.text)
                  00038740    00000c30     lv_printf.obj (.text)
                  00039370    00000c1a     lv_draw_sw_line.obj (.text)
                  00039f8a    00000002     --HOLE-- [fill = 0]
                  00039f8c    00000c02     lv_menu.obj (.text)
                  0003ab8e    00000bc0     lv_obj_style_gen.obj (.text)
                  0003b74e    00000002     --HOLE-- [fill = 0]
                  0003b750    00000b24     FreeRTOS_IP.obj (.text)
                  0003c274    00000a90     FreeRTOS_TCP_Transmission.obj (.text)
                  0003cd04    00000a4e     rtsv7M4_T_le_v4SPD16_eabi.lib : _printfi.c.obj (.text:__TI_printfi)
                  0003d752    00000002     --HOLE-- [fill = 0]
                  0003d754    00000a10     FreeRTOS_TCP_State_Handling.obj (.text)
                  0003e164    000009fe     lv_event.obj (.text)
                  0003eb62    00000002     --HOLE-- [fill = 0]
                  0003eb64    00000970     lv_fs.obj (.text)
                  0003f4d4    0000091e     lv_disp.obj (.text)
                  0003fdf2    00000002     --HOLE-- [fill = 0]
                  0003fdf4    00000916     lv_group.obj (.text)
                  0004070a    00000002     --HOLE-- [fill = 0]
                  0004070c    000008f8     lv_spinbox.obj (.text)
                  00041004    000008e0     lv_anim.obj (.text)
                  000418e4    000008dc     FreeRTOS_IP_Utils.obj (.text)
                  000421c0    000008ba     lv_draw_label.obj (.text)
                  00042a7a    00000002     --HOLE-- [fill = 0]
                  00042a7c    000008a8     FreeRTOS_ARP.obj (.text)
                  00043324    000008a8     phyHandling.obj (.text)
                  00043bcc    0000089c     lv_style.obj (.text)
                  00044468    00000888     FreeRTOS_DHCP.obj (.text)
                  00044cf0    00000878     lv_style_gen.obj (.text)
                  00045568    00000858     lv_calendar.obj (.text)
                  00045dc0    0000084c     lv_hal_disp.obj (.text)
                  0004660c    0000083a     lv_draw_sw_img.obj (.text)
                  00046e46    00000002     --HOLE-- [fill = 0]
                  00046e48    0000082e     lv_obj_tree.obj (.text)
                  00047676    0000078c     lv_draw_arc.obj (.text)
                  00047e02    00000002     --HOLE-- [fill = 0]
                  00047e04    00000750     lv_tabview.obj (.text)
                  00048554    0000074c     NetworkInterface.obj (.text)
                  00048ca0    000006fc     lv_color.obj (.text)
                  0004939c    000006d8     lv_draw_sw_gradient.obj (.text)
                  00049a74    00000678     lv_checkbox.obj (.text)
                  0004a0ec    00000634     lv_draw_img.obj (.text)
                  0004a720    00000612     lv_draw_sw_letter.obj (.text)
                  0004ad32    00000002     --HOLE-- [fill = 0]
                  0004ad34    00000610     lv_switch.obj (.text)
                  0004b344    000005b8     FreeRTOS_TCP_IP.obj (.text)
                  0004b8fc    000005a6     lv_memcpy_builtin.obj (.text)
                  0004bea2    00000002     --HOLE-- [fill = 0]
                  0004bea4    0000056c     lv_font_fmt_txt.obj (.text)
                  0004c410    00000538     lv_draw_sw_polygon.obj (.text)
                  0004c948    0000051c     lv_keyboard.obj (.text)
                  0004ce64    000004a8     uartstdio.obj (.text)
                  0004d30c    00000498     ST7735.obj (.text)
                  0004d7a4    00000480     lv_led.obj (.text)
                  0004dc24    00000458     lv_ll.obj (.text)
                  0004e07c    00000450     lv_math.obj (.text)
                  0004e4cc    00000436     lv_draw_sw.obj (.text)
                  0004e902    00000002     --HOLE-- [fill = 0]
                  0004e904    000003c8     event_groups.obj (.text)
                  0004eccc    000003a0     heap_4.obj (.text)
                  0004f06c    0000039e     lv_line.obj (.text)
                  0004f40a    0000038e     FreeRTOS_TCP_Reception.obj (.text)
                  0004f798    0000036a     FreeRTOS_Stream_Buffer.obj (.text)
                  0004fb02    00000002     --HOLE-- [fill = 0]
                  0004fb04    00000368     rtos_hw_drivers.obj (.text)
                  0004fe6c    00000354     lv_timer.obj (.text)
                  000501c0    0000034c     lv_tileview.obj (.text)
                  0005050c    00000324     FreeRTOS_CLI.obj (.text)
                  00050830    000002fa     lv_obj_class.obj (.text)
                  00050b2a    00000002     --HOLE-- [fill = 0]
                  00050b2c    000002f8     FreeRTOS_Tiny_TCP.obj (.text)
                  00050e24    000002c8     main.obj (.text)
                  000510ec    000002bc     cli_commands.obj (.text)
                  000513a8    0000028e     lv_draw_sw_layer.obj (.text)
                  00051636    00000002     --HOLE-- [fill = 0]
                  00051638    00000288     FreeRTOS_IP_Timers.obj (.text)
                  000518c0    00000270     rtsv7M4_T_le_v4SPD16_eabi.lib : _printfi.c.obj (.text:_pconv_a)
                  00051b30    0000024c     lv_calendar_header_arrow.obj (.text)
                  00051d7c    00000238     BufferAllocation_1.obj (.text)
                  00051fb4    00000200     driverlib.lib : sysctl.obj (.text:SysCtlClockFreqSet)
                  000521b4    000001e4     FreeRTOS_UDP_IP.obj (.text)
                  00052398    000001dc     lv_hal_indev.obj (.text)
                  00052574    000001d0     rtsv7M4_T_le_v4SPD16_eabi.lib : _printfi.c.obj (.text:_pconv_g)
                  00052744    000001b6                                   : fd_add_t2.asm.obj (.text)
                  000528fa    00000002     --HOLE-- [fill = 0]
                  000528fc    000001b0     lv_calendar_header_dropdown.obj (.text)
                  00052aac    0000018c     lv_malloc_builtin.obj (.text)
                  00052c38    0000017c     lv_spinner.obj (.text)
                  00052db4    0000016c     driverlib.lib : gpio.obj (.text:GPIOPadConfigSet)
                  00052f20    00000168     lv_draw_rect.obj (.text)
                  00053088    0000014c     lv_win.obj (.text)
                  000531d4    0000014c     thread_display.obj (.text)
                  00053320    00000148     lv_font.obj (.text)
                  00053468    00000140     lv_theme.obj (.text)
                  000535a8    0000013c     rtsv7M4_T_le_v4SPD16_eabi.lib : _printfi.c.obj (.text:_pconv_e)
                  000536e4    0000013c     port.obj (.text)
                  00053820    00000136     rtsv7M4_T_le_v4SPD16_eabi.lib : fd_div_t2.asm.obj (.text)
                  00053956    00000002     --HOLE-- [fill = 0]
                  00053958    0000012c     FreeRTOS_TCP_WIN.obj (.text)
                  00053a84    0000012a     list.obj (.text)
                  00053bae    00000002     --HOLE-- [fill = 0]
                  00053bb0    00000124     rtsv7M4_T_le_v4SPD16_eabi.lib : _printfi.c.obj (.text:fcvt)
                  00053cd4    00000124     lv_draw_layer.obj (.text)
                  00053df8    00000118     driverlib.lib : sysctl.obj (.text:SysCtlClockGet)
                  00053f10    00000110     rtsv7M4_T_le_v4SPD16_eabi.lib : s_scalbn.c.obj (.text:scalbn)
                  00054020    000000fc                                   : fd_mul_t2.asm.obj (.text)
                  0005411c    000000f0     lv_gc.obj (.text)
                  0005420c    000000f0     lv_mem.obj (.text)
                  000542fc    000000dc     lv_async.obj (.text)
                  000543d8    000000da     portasm.obj (.text)
                  000544b2    000000be     lv_draw_line.obj (.text)
                  00054570    000000b4     FreeRTOS_ICMP.obj (.text)
                  00054624    000000b1     rtsv7M4_T_le_v4SPD16_eabi.lib : _printfi.c.obj (.text:_ltostr)
                  000546d5    00000003     --HOLE-- [fill = 0]
                  000546d8    0000009c     lv_img_cache.obj (.text)
                  00054774    0000009c     rtsv7M4_T_le_v4SPD16_eabi.lib : memcpy_t2.asm.obj (.text)
                  00054810    00000096                                   : ull_div_t2.asm.obj (.text)
                  000548a6    00000086                                   : fd_cmp_t2.asm.obj (.text:__aeabi_cdcmple)
                  0005492c    00000086                                   : fd_cmp_t2.asm.obj (.text:__aeabi_cdrcmple)
                  000549b2    0000007a                                   : memset_t2.asm.obj (.text)
                  00054a2c    00000078     driverlib.lib : emac.obj (.text:EMACInit)
                  00054aa4    00000074     lv_hal_tick.obj (.text)
                  00054b18    00000074     lv_utils.obj (.text)
                  00054b8c    0000006e     rtsv7M4_T_le_v4SPD16_eabi.lib : _printfi.c.obj (.text:_mcpy)
                  00054bfa    00000002     --HOLE-- [fill = 0]
                  00054bfc    00000068     driverlib.lib : interrupt.obj (.text:IntEnable)
                  00054c64    00000068     rtsv7M4_T_le_v4SPD16_eabi.lib : copy_decompress_lzss.c.obj (.text:decompress:lzss:__TI_decompress_lzss)
                  00054ccc    00000064                                   : s_frexp.c.obj (.text:frexp)
                  00054d30    00000060     FreeRTOS_TCP_Utils.obj (.text)
                  00054d90    0000005e     rtsv7M4_T_le_v4SPD16_eabi.lib : i_divt2.asm.obj (.text)
                  00054dee    00000056                                   : _printfi.c.obj (.text:_pconv_f)
                  00054e44    00000054                                   : _ltoa.c.obj (.text:__TI_ltoa)
                  00054e98    00000052                                   : _printfi.c.obj (.text:_ecpy)
                  00054eea    00000002     --HOLE-- [fill = 0]
                  00054eec    00000050     driverlib.lib : sysctl.obj (.text:SysCtlPeripheralReset)
                  00054f3c    00000050     lv_draw_transform.obj (.text)
                  00054f8c    0000004c     driverlib.lib : gpio.obj (.text:GPIOPinConfigure)
                  00054fd8    0000004c     rtsv7M4_T_le_v4SPD16_eabi.lib : atoi.c.obj (.text:atoi)
                  00055024    0000004c                                   : snprintf.c.obj (.text:snprintf)
                  00055070    00000048     driverlib.lib : sysctl.obj (.text:_SysCtlFrequencyGet)
                  000550b8    00000048     rtsv7M4_T_le_v4SPD16_eabi.lib : fd_toi_t2.asm.obj (.text)
                  00055100    00000046     driverlib.lib : uart.obj (.text:UARTConfigSetExpClk)
                  00055146    00000002     --HOLE-- [fill = 0]
                  00055148    00000044     rtsv7M4_T_le_v4SPD16_eabi.lib : autoinit.c.obj (.text:__TI_auto_init_nobinit_nopinit:__TI_auto_init_nobinit_nopinit)
                  0005518c    00000040                                   : u_divt2.asm.obj (.text)
                  000551cc    00000040                                   : sprintf.c.obj (.text:sprintf)
                  0005520c    0000003e                                   : _printfi.c.obj (.text:_fcpy)
                  0005524a    0000003a     driverlib.lib : emac.obj (.text:EMACIntEnable)
                  00055284    00000038                   : emac.obj (.text:EMACConfigSet)
                  000552bc    00000038                   : sysctl.obj (.text:SysCtlPeripheralPresent)
                  000552f4    00000038                   : sysctl.obj (.text:SysCtlPeripheralReady)
                  0005532c    00000038     lv_btn.obj (.text)
                  00055364    00000036     rtsv7M4_T_le_v4SPD16_eabi.lib : strncpy.c.obj (.text:strncpy)
                  0005539a    00000002     --HOLE-- [fill = 0]
                  0005539c    00000034     driverlib.lib : emac.obj (.text:EMACConfigGet)
                  000553d0    00000034                   : emac.obj (.text:EMACIntClear)
                  00055404    00000034                   : sysctl.obj (.text:SysCtlPeripheralEnable)
                  00055438    00000034     rtsv7M4_T_le_v4SPD16_eabi.lib : boot_cortex_m.c.obj (.text:_c_int00_noargs:_c_int00_noargs)
                  0005546c    00000034                                   : rand.c.obj (.text:rand)
                  000554a0    00000030     driverlib.lib : emac.obj (.text:EMACAddrSet)
                  000554d0    00000030     rtsv7M4_T_le_v4SPD16_eabi.lib : snprintf.c.obj (.text:_outs)
                  00055500    00000030     thread_cli.obj (.text)
                  00055530    0000002e     rtsv7M4_T_le_v4SPD16_eabi.lib : i_tofd_t2.asm.obj (.text)
                  0005555e    0000002c     driverlib.lib : emac.obj (.text:EMACIntStatus)
                  0005558a    0000002c                   : gpio.obj (.text:GPIODirModeSet)
                  000555b6    0000002c     rtsv7M4_T_le_v4SPD16_eabi.lib : strncmp.c.obj (.text:strncmp)
                  000555e2    00000028                                   : memmov.c.obj (.text:memmove)
                  0005560a    00000026     driverlib.lib : emac.obj (.text:EMACPHYRead)
                  00055630    00000026                   : emac.obj (.text:EMACPHYWrite)
                  00055656    00000002     --HOLE-- [fill = 0]
                  00055658    00000024                   : interrupt.obj (.text:IntPrioritySet)
                  0005567c    00000024     rtsv7M4_T_le_v4SPD16_eabi.lib : memcmp.c.obj (.text:memcmp)
                  000556a0    00000020     driverlib.lib : uart.obj (.text:UARTDisable)
                  000556c0    00000020                   : sysctl.obj (.text:_SysCtlMemTimingGet)
                  000556e0    0000001e     rtsv7M4_T_le_v4SPD16_eabi.lib : strcat.c.obj (.text:strcat)
                  000556fe    0000001c                                   : memccpy.c.obj (.text:memccpy)
                  0005571a    0000001a     driverlib.lib : gpio.obj (.text:GPIOPinTypeGPIOOutput)
                  00055734    0000001a     rtsv7M4_T_le_v4SPD16_eabi.lib : s_copysign.c.obj (.text:copysign)
                  0005574e    00000018                                   : snprintf.c.obj (.text:_outc)
                  00055766    00000018                                   : sprintf.c.obj (.text:_outs)
                  0005577e    00000018     lv_draw.obj (.text)
                  00055796    00000018     rtsv7M4_T_le_v4SPD16_eabi.lib : ll_mul_t2.asm.obj (.text)
                  000557ae    00000018                                   : strcmp.c.obj (.text:strcmp)
                  000557c6    00000016     driverlib.lib : emac.obj (.text:EMACRxEnable)
                  000557dc    00000016                   : emac.obj (.text:EMACTxEnable)
                  000557f2    00000016                   : gpio.obj (.text:GPIOPinTypeEthernetLED)
                  00055808    00000016                   : gpio.obj (.text:GPIOPinTypeGPIOInput)
                  0005581e    00000016                   : gpio.obj (.text:GPIOPinTypeUART)
                  00055834    00000016                   : gpio.obj (.text:GPIOPinTypeUSBAnalog)
                  0005584a    00000016                   : gpio.obj (.text:GPIOPinTypeUSBDigital)
                  00055860    00000016     rtsv7M4_T_le_v4SPD16_eabi.lib : strchr.c.obj (.text:strchr)
                  00055876    00000002     --HOLE-- [fill = 0]
                  00055878    00000014     driverlib.lib : flash.obj (.text:FlashUserGet)
                  0005588c    00000014                   : uart.obj (.text:UARTEnable)
                  000558a0    00000014     rtsv7M4_T_le_v4SPD16_eabi.lib : strcpy.c.obj (.text:strcpy)
                  000558b4    00000014                                   : strlen.c.obj (.text:strlen)
                  000558c8    00000012                                   : wcslen.c.obj (.text:wcslen)
                  000558da    00000002     --HOLE-- [fill = 0]
                  000558dc    00000010     driverlib.lib : emac.obj (.text:EMACFrameFilterSet)
                  000558ec    00000010                   : interrupt.obj (.text:IntMasterDisable)
                  000558fc    0000000e     rtsv7M4_T_le_v4SPD16_eabi.lib : copy_decompress_none.c.obj (.text:decompress:none:__TI_decompress_none)
                  0005590a    0000000e     thread_modbus.obj (.text)
                  00055918    0000000c     driverlib.lib : cpu.obj (.text:CPUcpsid)
                  00055924    0000000c     rtsv7M4_T_le_v4SPD16_eabi.lib : copy_zero_init.c.obj (.text:decompress:ZI:__TI_zero_init)
                  00055930    0000000c     tm4c1294ncpdt_startup_ccs.obj (.text)
                  0005593c    0000000a     driverlib.lib : ssi.obj (.text:SSIDataPut)
                  00055946    0000000a                   : uart.obj (.text:UARTCharGet)
                  00055950    0000000a                   : uart.obj (.text:UARTCharPut)
                  0005595a    0000000a     rtsv7M4_T_le_v4SPD16_eabi.lib : sprintf.c.obj (.text:_outc)
                  00055964    00000008     driverlib.lib : emac.obj (.text:EMACPowerManagementStatusGet)
                  0005596c    00000008                   : emac.obj (.text:EMACTxDMAPollDemand)
                  00055974    00000008                   : ssi.obj (.text:SSIBusy)
                  0005597c    00000008     rtsv7M4_T_le_v4SPD16_eabi.lib : errno.c.obj (.text:__aeabi_errno_addr)
                  00055984    00000006     driverlib.lib : emac.obj (.text:EMACRxDMADescriptorListSet)
                  0005598a    00000006                   : emac.obj (.text:EMACTxDMADescriptorListSet)
                  00055990    00000006                   : gpio.obj (.text:GPIOPinRead)
                  00055996    00000006                   : gpio.obj (.text:GPIOPinWrite)
                  0005599c    00000006                   : uart.obj (.text:UARTClockSourceSet)
                  000559a2    00000004     rtsv7M4_T_le_v4SPD16_eabi.lib : pre_init.c.obj (.text:_system_pre_init)
                  000559a6    00000004                                   : exit.c.obj (.text:abort:abort)

.const     0    000559ac    00004f2c     
                  000559ac    00002280     lv_font_montserrat_14.obj (.const:.string:glyph_bitmap)
                  00057c2c    00000bad     lv_font_montserrat_14.obj (.const:.string:kern_class_values)
                  000587d9    00000001     --HOLE-- [fill = 0]
                  000587da    00000002     lv_draw_sw_transform.obj (.const:$P$T0$1)
                  000587dc    000004f0     lv_font_montserrat_14.obj (.const:glyph_dsc)
                  00058ccc    0000028c     lv_calendar_header_dropdown.obj (.const:.string)
                  00058f58    000001b0     driverlib.lib : sysctl.obj (.const:g_pppui32XTALtoVCO)
                  00059108    00000198     lv_keyboard.obj (.const:.string)
                  000592a0    0000017c     cli_commands.obj (.const:.string)
                  0005941c    00000101     rtsv7M4_T_le_v4SPD16_eabi.lib : ctype.c.obj (.const:.string:_ctypes_)
                  0005951d    00000100     lv_draw_sw_letter.obj (.const:.string:_lv_bpp8_opa_table)
                  0005961d    00000001     --HOLE-- [fill = 0]
                  0005961e    000000be     lv_color.obj (.const:colors$2)
                  000596dc    000000b6     lv_math.obj (.const:sin0_90_table)
                  00059792    00000002     lv_textarea.obj (.const:.string:$P$T0$1)
                  00059794    000000b0     lv_keyboard.obj (.const:default_kb_map_lc)
                  00059844    000000b0     lv_keyboard.obj (.const:default_kb_map_spec)
                  000598f4    000000b0     lv_keyboard.obj (.const:default_kb_map_uc)
                  000599a4    0000009e     lv_font_montserrat_14.obj (.const:.string:kern_left_class_mapping)
                  00059a42    0000009e     lv_font_montserrat_14.obj (.const:.string:kern_right_class_mapping)
                  00059ae0    0000009c     driverlib.lib : interrupt.obj (.const:g_pui32Regs)
                  00059b7c    00000098     lv_color.obj (.const:colors$3)
                  00059c14    00000090     driverlib.lib : gpio.obj (.const:g_pui32GPIOBaseAddrs)
                  00059ca4    0000007c     lv_font_montserrat_14.obj (.const:unicode_list_1)
                  00059d20    00000070     lv_style.obj (.const:.string:_lv_style_builtin_prop_flag_lookup_table)
                  00059d90    0000006c     driverlib.lib : sysctl.obj (.const:g_pui32Xtals)
                  00059dfc    0000006a     lv_calendar_header_arrow.obj (.const:.string)
                  00059e66    00000002     lv_img_decoder.obj (.const:.string:$P$T1$1)
                  00059e68    00000054     lv_keyboard.obj (.const:default_kb_map_num)
                  00059ebc    00000050     lv_keyboard.obj (.const:default_kb_ctrl_lc_map)
                  00059f0c    00000050     lv_keyboard.obj (.const:default_kb_ctrl_spec_map)
                  00059f5c    00000050     lv_keyboard.obj (.const:default_kb_ctrl_uc_map)
                  00059fac    0000003b     ST7735.obj (.const:.string:init_cmds1)
                  00059fe7    00000001     --HOLE-- [fill = 0]
                  00059fe8    00000038     FreeRTOS_CLI.obj (.const:.string)
                  0005a020    00000030     driverlib.lib : sysctl.obj (.const:g_sXTALtoMEMTIM)
                  0005a050    0000002e     lv_btnmatrix.obj (.const:.string)
                  0005a07e    0000002b     ST7735.obj (.const:.string:init_cmds3)
                  0005a0a9    00000002     lv_draw_sw_letter.obj (.const:.string:_lv_bpp1_opa_table)
                  0005a0ab    00000001     --HOLE-- [fill = 0]
                  0005a0ac    00000028     lv_font_montserrat_14.obj (.const:cmaps)
                  0005a0d4    00000026     FreeRTOS_ARP.obj (.const:.string:xDefaultPartARPPacketHeader$4)
                  0005a0fa    00000026     lv_color.obj (.const:colors$1)
                  0005a120    00000022     lv_keyboard.obj (.const:default_kb_ctrl_num_map)
                  0005a142    00000021     lv_draw_sw_line.obj (.const:.string:wcorr$1)
                  0005a163    00000020     FreeRTOS_Sockets.obj (.const:xPercTable$3)
                  0005a183    00000001     --HOLE-- [fill = 0]
                  0005a184    0000001c     lv_draw_sw_rect.obj (.const:$P$T0$1)
                  0005a1a0    0000001c     lv_calendar.obj (.const:.string)
                  0005a1bc    0000001c     lv_arc.obj (.const:lv_arc_class)
                  0005a1d8    0000001c     lv_bar.obj (.const:lv_bar_class)
                  0005a1f4    0000001c     lv_btn.obj (.const:lv_btn_class)
                  0005a210    0000001c     lv_btnmatrix.obj (.const:lv_btnmatrix_class)
                  0005a22c    0000001c     lv_calendar.obj (.const:lv_calendar_class)
                  0005a248    0000001c     lv_calendar_header_arrow.obj (.const:lv_calendar_header_arrow_class)
                  0005a264    0000001c     lv_calendar_header_dropdown.obj (.const:lv_calendar_header_dropdown_class)
                  0005a280    0000001c     lv_chart.obj (.const:lv_chart_class)
                  0005a29c    0000001c     lv_checkbox.obj (.const:lv_checkbox_class)
                  0005a2b8    0000001c     lv_colorwheel.obj (.const:lv_colorwheel_class)
                  0005a2d4    0000001c     lv_dropdown.obj (.const:lv_dropdown_class)
                  0005a2f0    0000001c     lv_dropdown.obj (.const:lv_dropdownlist_class)
                  0005a30c    0000001c     lv_font_montserrat_14.obj (.const:lv_font_montserrat_14)
                  0005a328    0000001c     lv_img.obj (.const:lv_img_class)
                  0005a344    0000001c     lv_keyboard.obj (.const:lv_keyboard_class)
                  0005a360    0000001c     lv_label.obj (.const:lv_label_class)
                  0005a37c    0000001c     lv_led.obj (.const:lv_led_class)
                  0005a398    0000001c     lv_line.obj (.const:lv_line_class)
                  0005a3b4    0000001c     lv_list.obj (.const:lv_list_btn_class)
                  0005a3d0    0000001c     lv_list.obj (.const:lv_list_class)
                  0005a3ec    0000001c     lv_list.obj (.const:lv_list_text_class)
                  0005a408    0000001c     lv_menu.obj (.const:lv_menu_class)
                  0005a424    0000001c     lv_menu.obj (.const:lv_menu_cont_class)
                  0005a440    0000001c     lv_menu.obj (.const:lv_menu_main_cont_class)
                  0005a45c    0000001c     lv_menu.obj (.const:lv_menu_main_header_cont_class)
                  0005a478    0000001c     lv_menu.obj (.const:lv_menu_page_class)
                  0005a494    0000001c     lv_menu.obj (.const:lv_menu_section_class)
                  0005a4b0    0000001c     lv_menu.obj (.const:lv_menu_separator_class)
                  0005a4cc    0000001c     lv_menu.obj (.const:lv_menu_sidebar_cont_class)
                  0005a4e8    0000001c     lv_menu.obj (.const:lv_menu_sidebar_header_cont_class)
                  0005a504    0000001c     lv_meter.obj (.const:lv_meter_class)
                  0005a520    0000001c     lv_msgbox.obj (.const:lv_msgbox_backdrop_class)
                  0005a53c    0000001c     lv_msgbox.obj (.const:lv_msgbox_class)
                  0005a558    0000001c     lv_obj.obj (.const:lv_obj_class)
                  0005a574    0000001c     lv_roller.obj (.const:lv_roller_class)
                  0005a590    0000001c     lv_roller.obj (.const:lv_roller_label_class)
                  0005a5ac    0000001c     lv_slider.obj (.const:lv_slider_class)
                  0005a5c8    0000001c     lv_spinbox.obj (.const:lv_spinbox_class)
                  0005a5e4    0000001c     lv_spinner.obj (.const:lv_spinner_class)
                  0005a600    0000001c     lv_switch.obj (.const:lv_switch_class)
                  0005a61c    0000001c     lv_table.obj (.const:lv_table_class)
                  0005a638    0000001c     lv_tabview.obj (.const:lv_tabview_class)
                  0005a654    0000001c     lv_textarea.obj (.const:lv_textarea_class)
                  0005a670    0000001c     lv_tileview.obj (.const:lv_tileview_class)
                  0005a68c    0000001c     lv_tileview.obj (.const:lv_tileview_tile_class)
                  0005a6a8    0000001c     lv_win.obj (.const:lv_win_class)
                  0005a6c4    00000019     FreeRTOS_DHCP.obj (.const:.string:ucDHCPRequestOptions$1)
                  0005a6dd    00000018     FreeRTOS_DHCP.obj (.const:.string:ucDHCPDiscoverOptions$2)
                  0005a6f5    00000003     --HOLE-- [fill = 0]
                  0005a6f8    00000018     lv_font_montserrat_14.obj (.const:font_dsc)
                  0005a710    00000018     driverlib.lib : emac.obj (.const:g_pi16MIIClockDiv)
                  0005a728    00000016     lv_theme_default.obj (.const:trans_props$1)
                  0005a73e    00000002     --HOLE-- [fill = 0]
                  0005a740    00000014     driverlib.lib : interrupt.obj (.const:g_pui32EnRegs)
                  0005a754    00000012     uartstdio.obj (.const:.string)
                  0005a766    00000010     lv_img_buf.obj (.const:$P$T3$3)
                  0005a776    00000010     lv_img_buf.obj (.const:.string:$P$T2$2)
                  0005a786    00000010     lv_img_decoder.obj (.const:.string:$P$T3$3)
                  0005a796    00000010     lv_draw_sw_letter.obj (.const:.string:_lv_bpp4_opa_table)
                  0005a7a6    00000002     --HOLE-- [fill = 0]
                  0005a7a8    00000010     lv_font_montserrat_14.obj (.const:kern_classes)
                  0005a7b8    00000010     cli_commands.obj (.const:xEightCommand)
                  0005a7c8    00000010     cli_commands.obj (.const:xFiveCommand)
                  0005a7d8    00000010     cli_commands.obj (.const:xFourCommand)
                  0005a7e8    00000010     FreeRTOS_CLI.obj (.const:xHelpCommand)
                  0005a7f8    00000010     cli_commands.obj (.const:xLedOffCommand)
                  0005a808    00000010     cli_commands.obj (.const:xLedOnCommand)
                  0005a818    00000010     cli_commands.obj (.const:xSevenCommand)
                  0005a828    00000010     cli_commands.obj (.const:xSixCommand)
                  0005a838    00000010     cli_commands.obj (.const:xThreeCommand)
                  0005a848    0000000f     ST7735.obj (.const:.string:init_cmds2)
                  0005a857    00000001     --HOLE-- [fill = 0]
                  0005a858    0000000c     uartstdio.obj (.const:g_ui32UARTBase)
                  0005a864    0000000c     uartstdio.obj (.const:g_ui32UARTPeriph)
                  0005a870    00000008     lv_draw_sw_polygon.obj (.const:$P$T0$1)
                  0005a878    00000008     lv_tlsf.obj (.const:$P$T0$1)
                  0005a880    00000008     driverlib.lib : sysctl.obj (.const:g_pui32VCOFrequencies)
                  0005a888    00000006     FreeRTOS_IP.obj (.const:xBroadcastMACAddress)
                  0005a88e    00000005     FreeRTOS_Sockets.obj (.const:$P$T0$1)
                  0005a893    00000005     FreeRTOS_IP.obj (.const:xNetworkDownEvent$1)
                  0005a898    00000005     FreeRTOS_IP.obj (.const:xNetworkDownEvent$2)
                  0005a89d    00000001     --HOLE-- [fill = 0]
                  0005a89e    00000004     lv_obj_scroll.obj (.const:$P$T0$1)
                  0005a8a2    00000002     --HOLE-- [fill = 0]
                  0005a8a4    00000004     lv_obj_style.obj (.const:$P$T0$1)
                  0005a8a8    00000004     lv_obj_pos.obj (.const:$P$T0$2)
                  0005a8ac    00000004     lv_obj_scroll.obj (.const:$P$T1$2)
                  0005a8b0    00000004     lv_obj_pos.obj (.const:$P$T1$3)
                  0005a8b4    00000004     lv_img_buf.obj (.const:.string:$P$T1$1)
                  0005a8b8    00000004     lv_img_decoder.obj (.const:.string:$P$T2$2)
                  0005a8bc    00000004     lv_draw_sw_letter.obj (.const:.string:_lv_bpp2_opa_table)
                  0005a8c0    00000004     BufferAllocation_1.obj (.const)
                  0005a8c4    00000004     lv_style.obj (.const:null_style_value)
                  0005a8c8    00000004     port.obj (.const)
                  0005a8cc    00000004     tasks.obj (.const)
                  0005a8d0    00000004     uartstdio.obj (.const)
                  0005a8d4    00000004     NetworkInterface.obj (.const:xPHYProperties)

.cinit     0    0005a8d8    00000138     
                  0005a8d8    00000112     (.cinit..data.load) [load image, compression = lzss]
                  0005a9ea    00000002     --HOLE-- [fill = 0]
                  0005a9ec    0000000c     (__TI_handler_table)
                  0005a9f8    00000008     (.cinit..bss.load) [load image, compression = zero_init]
                  0005aa00    00000010     (__TI_cinit_table)

.init_array 
*          0    00000000    00000000     UNINITIALIZED

.bss       0    20000000    00026d4c     UNINITIALIZED
                  20000000    00020000     lv_malloc_builtin.obj (.bss:work_mem_int$1)
                  20020000    00004f10     heap_4.obj (.bss:ucHeap)
                  20024f10    000009c0     NetworkInterface.obj (.bss:_network_buffers)
                  200258d0    00000640     thread_display.obj (.bss:buf_1)
                  20025f10    00000400     thread_cli.obj (.bss:cOutputString$2)
                  20026310    00000140     tasks.obj (.bss:pxReadyTasksLists)
                  20026450    00000100     NetworkInterface.obj (.bss:_rx_descriptors)
                  20026550    00000100     NetworkInterface.obj (.bss:_tx_descriptors)
                  20026650    00000100     lv_draw_sw_letter.obj (.bss:opa_table$1)
                  20026750    00000090     BufferAllocation_1.obj (.bss:xNetworkBuffers)
                  200267e0    00000080     (.common:_lv_draw_mask_list)
                  20026860    00000078     FreeRTOS_ARP.obj (.bss:xARPCache)
                  200268d8    00000070     (.common:_lv_circle_cache)
                  20026948    00000050     (.common:xQueueRegistry)
                  20026998    0000004c     thread_display.obj (.bss:disp_drv)
                  200269e4    00000040     NetworkInterface.obj (.bss:xPhyObject)
                  20026a24    0000003c     thread_cli.obj (.bss:cInputString$1)
                  20026a60    0000002c     (.common:_lv_img_cache_single)
                  20026a8c    00000024     lv_theme_default.obj (.bss:theme)
                  20026ab0    00000021     FreeRTOS_DHCP.obj (.bss:xDHCPData)
                  20026ad1    00000001     lv_colorwheel.obj (.bss)
                  20026ad2    00000002     lv_theme_default.obj (.bss:color_card)
                  20026ad4    0000001c     thread_display.obj (.bss:disp_buf)
                  20026af0    00000014     lv_theme_default.obj (.bss:trans_delayed$2)
                  20026b04    00000014     lv_theme_default.obj (.bss:trans_normal$3)
                  20026b18    00000014     tasks.obj (.bss:xDelayedTaskList1)
                  20026b2c    00000014     tasks.obj (.bss:xDelayedTaskList2)
                  20026b40    00000014     BufferAllocation_1.obj (.bss:xFreeBuffersList)
                  20026b54    00000014     tasks.obj (.bss:xPendingReadyList)
                  20026b68    00000014     tasks.obj (.bss:xSuspendedTaskList)
                  20026b7c    00000014     tasks.obj (.bss:xTasksWaitingTermination)
                  20026b90    00000014     (.common:xBoundTCPSocketsList)
                  20026ba4    00000014     (.common:xBoundUDPSocketsList)
                  20026bb8    00000011     FreeRTOS_IP_Timers.obj (.bss:xARPResolutionTimer)
                  20026bc9    00000011     FreeRTOS_IP_Timers.obj (.bss:xARPTimer)
                  20026bda    00000011     FreeRTOS_IP_Timers.obj (.bss:xDHCPTimer)
                  20026beb    00000011     FreeRTOS_IP_Timers.obj (.bss:xTCPTimer)
                  20026bfc    0000000c     lv_malloc_builtin.obj (.bss)
                  20026c08    0000000c     lv_tileview.obj (.bss)
                  20026c14    0000000c     (.common:_lv_anim_ll)
                  20026c20    0000000c     (.common:_lv_disp_ll)
                  20026c2c    0000000c     (.common:_lv_fsdrv_ll)
                  20026c38    0000000c     (.common:_lv_group_ll)
                  20026c44    0000000c     (.common:_lv_img_decoder_ll)
                  20026c50    0000000c     (.common:_lv_indev_ll)
                  20026c5c    0000000c     (.common:_lv_obj_style_trans_ll)
                  20026c68    0000000c     (.common:_lv_timer_ll)
                  20026c74    0000000c     (.common:_subs_ll)
                  20026c80    00000008     lv_font_montserrat_14.obj (.bss:cache)
                  20026c88    00000008     lv_theme_default.obj (.bss:dark_filter$4)
                  20026c90    00000008     lv_theme_default.obj (.bss:grey_filter$5)
                  20026c98    00000008     lv_anim.obj (.bss)
                  20026ca0    00000008     lv_area.obj (.bss)
                  20026ca8    00000008     lv_refr.obj (.bss)
                  20026cb0    00000008     lv_spinner.obj (.bss)
                  20026cb8    00000008     tasks.obj (.bss)
                  20026cc0    00000008     FreeRTOS_ARP.obj (.bss:xARPClashTimeOut$3)
                  20026cc8    00000008     heap_4.obj (.bss:xStart)
                  20026cd0    00000005     lv_theme_default.obj (.bss)
                  20026cd5    00000001     lv_hal_tick.obj (.bss)
                  20026cd6    00000002     lv_theme_default.obj (.bss:color_grey)
                  20026cd8    00000004     FreeRTOS_DHCP.obj (.bss)
                  20026cdc    00000004     FreeRTOS_CLI.obj (.bss:cOutputBuffer)
                  20026ce0    00000004     lv_event.obj (.bss)
                  20026ce4    00000004     lv_group.obj (.bss)
                  20026ce8    00000004     lv_hal_disp.obj (.bss)
                  20026cec    00000004     lv_indev.obj (.bss)
                  20026cf0    00000004     lv_obj_pos.obj (.bss)
                  20026cf4    00000004     lv_tabview.obj (.bss)
                  20026cf8    00000004     lv_textarea.obj (.bss)
                  20026cfc    00000004     (.common:_lv_grad_cache_mem)
                  20026d00    00000004     (.common:_lv_layout_list)
                  20026d04    00000004     (.common:_lv_style_custom_prop_flag_lookup_table)
                  20026d08    00000004     (.common:_lv_theme_basic_styles)
                  20026d0c    00000004     (.common:_lv_theme_default_styles)
                  20026d10    00000004     (.common:_lv_timer_act)
                  20026d14    00000004     (.common:g_ui32SysClock)
                  20026d18    00000004     (.common:xProcessedTCPMessage)
                  20026d1c    00000002     lv_theme_default.obj (.bss:color_scr)
                  20026d1e    00000002     lv_theme_default.obj (.bss:color_text)
                  20026d20    00000002     lv_draw_sw_blend.obj (.bss:last_dest_color$7)
                  20026d22    00000002     lv_draw_sw_blend.obj (.bss:last_res_color$9)
                  20026d24    00000002     lv_draw_sw_blend.obj (.bss:last_src_color$8)
                  20026d26    00000002     lv_timer.obj (.bss)
                  20026d28    00000002     lv_win.obj (.bss)
                  20026d2a    00000002     (.common:LV_LAYOUT_FLEX)
                  20026d2c    00000002     (.common:LV_LAYOUT_GRID)
                  20026d2e    00000002     (.common:LV_STYLE_FLEX_CROSS_PLACE)
                  20026d30    00000002     (.common:LV_STYLE_FLEX_FLOW)
                  20026d32    00000002     (.common:LV_STYLE_FLEX_GROW)
                  20026d34    00000002     (.common:LV_STYLE_FLEX_MAIN_PLACE)
                  20026d36    00000002     (.common:LV_STYLE_FLEX_TRACK_PLACE)
                  20026d38    00000002     (.common:LV_STYLE_GRID_CELL_COLUMN_POS)
                  20026d3a    00000002     (.common:LV_STYLE_GRID_CELL_COLUMN_SPAN)
                  20026d3c    00000002     (.common:LV_STYLE_GRID_CELL_ROW_POS)
                  20026d3e    00000002     (.common:LV_STYLE_GRID_CELL_ROW_SPAN)
                  20026d40    00000002     (.common:LV_STYLE_GRID_CELL_X_ALIGN)
                  20026d42    00000002     (.common:LV_STYLE_GRID_CELL_Y_ALIGN)
                  20026d44    00000002     (.common:LV_STYLE_GRID_COLUMN_ALIGN)
                  20026d46    00000002     (.common:LV_STYLE_GRID_COLUMN_DSC_ARRAY)
                  20026d48    00000002     (.common:LV_STYLE_GRID_ROW_ALIGN)
                  20026d4a    00000002     (.common:LV_STYLE_GRID_ROW_DSC_ARRAY)

.data      0    20026d4c    0000025a     UNINITIALIZED
                  20026d4c    00000034     tasks.obj (.data)
                  20026d80    00000030     lv_calendar_header_arrow.obj (.data:month_names_def)
                  20026db0    00000024     lv_keyboard.obj (.data:kb_ctrl)
                  20026dd4    00000024     lv_keyboard.obj (.data:kb_map)
                  20026df8    00000020     lv_txt.obj (.data)
                  20026e18    0000001c     FreeRTOS_IP.obj (.data)
                  20026e34    0000001c     lv_calendar.obj (.data:day_names_def)
                  20026e50    0000001c     lv_btnmatrix.obj (.data:lv_btnmatrix_def_map)
                  20026e6c    00000018     heap_4.obj (.data)
                  20026e84    00000018     FreeRTOS_UDP_IP.obj (.data:xDefaultPartUDPPacketHeader)
                  20026e9c    00000014     FreeRTOS_IP.obj (.data:xDefaultAddressing)
                  20026eb0    00000014     FreeRTOS_IP.obj (.data:xNetworkAddressing)
                  20026ec4    00000010     lv_timer.obj (.data)
                  20026ed4    0000000c     FreeRTOS_ARP.obj (.data)
                  20026ee0    0000000c     FreeRTOS_CLI.obj (.data)
                  20026eec    0000000c     NetworkInterface.obj (.data:_rx_descriptor_list)
                  20026ef8    0000000c     NetworkInterface.obj (.data:_tx_descriptor_list)
                  20026f04    00000009     lv_draw_sw_gradient.obj (.data)
                  20026f0d    00000003     rtos_hw_drivers.obj (.data)
                  20026f10    00000008     rtsv7M4_T_le_v4SPD16_eabi.lib : _lock.c.obj (.data:$O1$$)
                  20026f18    00000008     BufferAllocation_1.obj (.data)
                  20026f20    00000008     NetworkInterface.obj (.data)
                  20026f28    00000008     lv_calendar_header_dropdown.obj (.data)
                  20026f30    00000008     lv_colorwheel.obj (.data)
                  20026f38    00000008     lv_draw_sw_blend.obj (.data)
                  20026f40    00000008     lv_draw_sw_letter.obj (.data)
                  20026f48    00000008     lv_obj.obj (.data)
                  20026f50    00000008     FreeRTOS_CLI.obj (.data:xRegisteredCommands)
                  20026f58    00000006     lv_style.obj (.data)
                  20026f5e    00000002     lv_draw_sw_blend.obj (.data:bg_color_save$4)
                  20026f60    00000005     lv_indev.obj (.data)
                  20026f65    00000001     lv_obj_pos.obj (.data)
                  20026f66    00000002     lv_draw_sw_blend.obj (.data:fg_color_save$3)
                  20026f68    00000005     uartstdio.obj (.data)
                  20026f6d    00000001     lv_obj_style.obj (.data)
                  20026f6e    00000002     lv_draw_sw_blend.obj (.data:res_color_saved$5)
                  20026f70    00000004     FreeRTOS_IP_Utils.obj (.data)
                  20026f74    00000004     FreeRTOS_Sockets.obj (.data)
                  20026f78    00000004     FreeRTOS_TCP_IP.obj (.data)
                  20026f7c    00000004     FreeRTOS_Tiny_TCP.obj (.data)
                  20026f80    00000004     lv_area.obj (.data)
                  20026f84    00000004     lv_event.obj (.data)
                  20026f88    00000004     lv_hal_tick.obj (.data)
                  20026f8c    00000004     lv_math.obj (.data)
                  20026f90    00000004     lv_mem.obj (.data)
                  20026f94    00000004     main.obj (.data)
                  20026f98    00000004     port.obj (.data)
                  20026f9c    00000004     rtsv7M4_T_le_v4SPD16_eabi.lib : errno.c.obj (.data)
                  20026fa0    00000004                                   : rand.c.obj (.data)
                  20026fa4    00000001     lv_theme_default.obj (.data)
                  20026fa5    00000001     thread_display.obj (.data)

.stack     0    20026fa8    00000200     UNINITIALIZED
                  20026fa8    00000004     rtsv7M4_T_le_v4SPD16_eabi.lib : boot_cortex_m.c.obj (.stack)
                  20026fac    000001fc     --HOLE--

.sysmem    0    200271a8    00000010     UNINITIALIZED
                  200271a8    00000010     rtsv7M4_T_le_v4SPD16_eabi.lib : memory.c.obj (.sysmem)

__llvm_prf_cnts 
*          0    20000000    00000000     UNINITIALIZED

MODULE SUMMARY

       Module                            code     ro data   rw data
       ------                            ----     -------   -------
    .\
       main.obj                          712      0         8      
       tm4c1294ncpdt_startup_ccs.obj     12       520       0      
    +--+---------------------------------+--------+---------+---------+
       Total:                            724      520       8      
                                                                   
    .\drivers\
       rtos_hw_drivers.obj               872      0         3      
    +--+---------------------------------+--------+---------+---------+
       Total:                            872      0         3      
                                                                   
    .\drivers\display\
       ST7735.obj                        1176     117       0      
    +--+---------------------------------+--------+---------+---------+
       Total:                            1176     117       0      
                                                                   
    .\middlewares\FreeRTOS-Plus-CLI\
       FreeRTOS_CLI.obj                  804      72        24     
    +--+---------------------------------+--------+---------+---------+
       Total:                            804      72        24     
                                                                   
    .\middlewares\FreeRTOS-Plus-TCP\source\
       FreeRTOS_Sockets.obj              7764     37        44     
       FreeRTOS_IP.obj                   2852     16        72     
       FreeRTOS_TCP_Transmission.obj     2704     0         0      
       FreeRTOS_TCP_State_Handling.obj   2576     0         0      
       FreeRTOS_ARP.obj                  2216     38        140    
       FreeRTOS_IP_Utils.obj             2268     0         4      
       FreeRTOS_DHCP.obj                 2184     49        37     
       FreeRTOS_TCP_IP.obj               1464     0         4      
       FreeRTOS_TCP_Reception.obj        910      0         0      
       FreeRTOS_Stream_Buffer.obj        874      0         0      
       FreeRTOS_Tiny_TCP.obj             760      0         4      
       FreeRTOS_IP_Timers.obj            648      0         68     
       FreeRTOS_UDP_IP.obj               484      0         24     
       FreeRTOS_TCP_WIN.obj              300      0         0      
       FreeRTOS_ICMP.obj                 180      0         0      
       FreeRTOS_TCP_Utils.obj            96       0         0      
    +--+---------------------------------+--------+---------+---------+
       Total:                            28280    140       397    
                                                                   
    .\middlewares\FreeRTOS-Plus-TCP\source\portable\BufferManagement\
       BufferAllocation_1.obj            568      4         172    
    +--+---------------------------------+--------+---------+---------+
       Total:                            568      4         172    
                                                                   
    .\middlewares\FreeRTOS-Plus-TCP\source\portable\NetworkInterface\Common\
       phyHandling.obj                   2216     0         0      
    +--+---------------------------------+--------+---------+---------+
       Total:                            2216     0         0      
                                                                   
    .\middlewares\FreeRTOS-Plus-TCP\source\portable\NetworkInterface\TM4C\
       NetworkInterface.obj              1868     4         3104   
    +--+---------------------------------+--------+---------+---------+
       Total:                            1868     4         3104   
                                                                   
    .\middlewares\FreeRTOS\Source\
       tasks.obj                         8484     4         480    
       queue.obj                         3416     0         80     
       event_groups.obj                  968      0         0      
       list.obj                          298      0         0      
    +--+---------------------------------+--------+---------+---------+
       Total:                            13166    4         560    
                                                                   
    .\middlewares\FreeRTOS\Source\portable\CCS\ARM_CM4F\
       port.obj                          316      4         4      
       portasm.obj                       218      0         0      
    +--+---------------------------------+--------+---------+---------+
       Total:                            534      4         4      
                                                                   
    .\middlewares\FreeRTOS\Source\portable\MemMang\
       heap_4.obj                        928      0         20272  
    +--+---------------------------------+--------+---------+---------+
       Total:                            928      0         20272  
                                                                   
    .\middlewares\lvgl\src\core\
       lv_obj_pos.obj                    9720     8         5      
       lv_obj_scroll.obj                 7360     8         0      
       lv_obj_style.obj                  6632     4         1      
       lv_refr.obj                       6608     0         8      
       lv_indev.obj                      6212     0         9      
       lv_obj.obj                        5746     28        8      
       lv_indev_scroll.obj               4722     0         0      
       lv_obj_draw.obj                   3698     0         0      
       lv_obj_style_gen.obj              3008     0         0      
       lv_event.obj                      2558     0         8      
       lv_disp.obj                       2334     0         0      
       lv_group.obj                      2326     0         4      
       lv_obj_tree.obj                   2094     0         0      
       lv_obj_class.obj                  762      0         0      
       lv_theme.obj                      320      0         0      
    +--+---------------------------------+--------+---------+---------+
       Total:                            64100    48        43     
                                                                   
    .\middlewares\lvgl\src\draw\
       lv_draw_mask.obj                  11510    0         0      
       lv_img_buf.obj                    3704     36        0      
       lv_img_decoder.obj                3656     22        0      
       lv_draw_label.obj                 2234     0         0      
       lv_draw_arc.obj                   1932     0         0      
       lv_draw_img.obj                   1588     0         0      
       lv_draw_rect.obj                  360      0         0      
       lv_draw_layer.obj                 292      0         0      
       lv_draw_line.obj                  190      0         0      
       lv_img_cache.obj                  156      0         0      
       lv_draw_transform.obj             80       0         0      
       lv_draw.obj                       24       0         0      
    +--+---------------------------------+--------+---------+---------+
       Total:                            25726    58        0      
                                                                   
    .\middlewares\lvgl\src\draw\sw\
       lv_draw_sw_rect.obj               10500    28        0      
       lv_draw_sw_blend.obj              7156     0         20     
       lv_draw_sw_arc.obj                4672     0         0      
       lv_draw_sw_transform.obj          3654     2         0      
       lv_draw_sw_line.obj               3098     33        0      
       lv_draw_sw_img.obj                2106     0         0      
       lv_draw_sw_letter.obj             1554     278       264    
       lv_draw_sw_gradient.obj           1752     0         9      
       lv_draw_sw_polygon.obj            1336     8         0      
       lv_draw_sw.obj                    1078     0         0      
       lv_draw_sw_layer.obj              654      0         0      
    +--+---------------------------------+--------+---------+---------+
       Total:                            37560    349       293    
                                                                   
    .\middlewares\lvgl\src\font\
       lv_font_montserrat_14.obj         0        13633     8      
       lv_font_fmt_txt.obj               1388     0         0      
       lv_font.obj                       328      0         0      
    +--+---------------------------------+--------+---------+---------+
       Total:                            1716     13633     8      
                                                                   
    .\middlewares\lvgl\src\hal\
       lv_hal_disp.obj                   2124     0         4      
       lv_hal_indev.obj                  476      0         0      
       lv_hal_tick.obj                   116      0         5      
    +--+---------------------------------+--------+---------+---------+
       Total:                            2716     0         9      
                                                                   
    .\middlewares\lvgl\src\layouts\flex\
       lv_flex.obj                       4926     0         12     
    +--+---------------------------------+--------+---------+---------+
       Total:                            4926     0         12     
                                                                   
    .\middlewares\lvgl\src\layouts\grid\
       lv_grid.obj                       5342     0         22     
    +--+---------------------------------+--------+---------+---------+
       Total:                            5342     0         22     
                                                                   
    .\middlewares\lvgl\src\misc\
       lv_malloc_builtin.obj             396      0         131084 
       lv_tlsf.obj                       5406     8         0      
       lv_area.obj                       3612     0         12     
       lv_txt.obj                        3124     0         32     
       lv_printf.obj                     3120     0         0      
       lv_fs.obj                         2416     0         0      
       lv_style.obj                      2204     116       6      
       lv_anim.obj                       2272     0         8      
       lv_color.obj                      1788     380       0      
       lv_style_gen.obj                  2168     0         0      
       lv_memcpy_builtin.obj             1446     0         0      
       lv_math.obj                       1104     182       4      
       lv_ll.obj                         1112     0         0      
       lv_timer.obj                      852      0         18     
       lv_gc.obj                         240      0         416    
       lv_mem.obj                        240      0         4      
       lv_async.obj                      220      0         0      
       lv_utils.obj                      116      0         0      
    +--+---------------------------------+--------+---------+---------+
       Total:                            31836    686       131584 
                                                                   
    .\middlewares\lvgl\src\themes\default\
       lv_theme_default.obj              12664    22        106    
    +--+---------------------------------+--------+---------+---------+
       Total:                            12664    22        106    
                                                                   
    .\middlewares\lvgl\src\widgets\arc\
       lv_arc.obj                        6136     28        0      
    +--+---------------------------------+--------+---------+---------+
       Total:                            6136     28        0      
                                                                   
    .\middlewares\lvgl\src\widgets\bar\
       lv_bar.obj                        3832     28        0      
    +--+---------------------------------+--------+---------+---------+
       Total:                            3832     28        0      
                                                                   
    .\middlewares\lvgl\src\widgets\btn\
       lv_btn.obj                        56       28        0      
    +--+---------------------------------+--------+---------+---------+
       Total:                            56       28        0      
                                                                   
    .\middlewares\lvgl\src\widgets\btnmatrix\
       lv_btnmatrix.obj                  7312     74        28     
    +--+---------------------------------+--------+---------+---------+
       Total:                            7312     74        28     
                                                                   
    .\middlewares\lvgl\src\widgets\calendar\
       lv_calendar.obj                   2136     56        28     
       lv_calendar_header_dropdown.obj   432      680       8      
       lv_calendar_header_arrow.obj      588      134       48     
    +--+---------------------------------+--------+---------+---------+
       Total:                            3156     870       84     
                                                                   
    .\middlewares\lvgl\src\widgets\chart\
       lv_chart.obj                      12942    28        0      
    +--+---------------------------------+--------+---------+---------+
       Total:                            12942    28        0      
                                                                   
    .\middlewares\lvgl\src\widgets\checkbox\
       lv_checkbox.obj                   1656     28        0      
    +--+---------------------------------+--------+---------+---------+
       Total:                            1656     28        0      
                                                                   
    .\middlewares\lvgl\src\widgets\colorwheel\
       lv_colorwheel.obj                 4584     28        9      
    +--+---------------------------------+--------+---------+---------+
       Total:                            4584     28        9      
                                                                   
    .\middlewares\lvgl\src\widgets\dropdown\
       lv_dropdown.obj                   6162     56        0      
    +--+---------------------------------+--------+---------+---------+
       Total:                            6162     56        0      
                                                                   
    .\middlewares\lvgl\src\widgets\img\
       lv_img.obj                        4728     28        0      
    +--+---------------------------------+--------+---------+---------+
       Total:                            4728     28        0      
                                                                   
    .\middlewares\lvgl\src\widgets\keyboard\
       lv_keyboard.obj                   1308     1322      72     
    +--+---------------------------------+--------+---------+---------+
       Total:                            1308     1322      72     
                                                                   
    .\middlewares\lvgl\src\widgets\label\
       lv_label.obj                      7296     28        0      
    +--+---------------------------------+--------+---------+---------+
       Total:                            7296     28        0      
                                                                   
    .\middlewares\lvgl\src\widgets\led\
       lv_led.obj                        1152     28        0      
    +--+---------------------------------+--------+---------+---------+
       Total:                            1152     28        0      
                                                                   
    .\middlewares\lvgl\src\widgets\line\
       lv_line.obj                       926      28        0      
    +--+---------------------------------+--------+---------+---------+
       Total:                            926      28        0      
                                                                   
    .\middlewares\lvgl\src\widgets\list\
       lv_list.obj                       0        84        0      
    +--+---------------------------------+--------+---------+---------+
       Total:                            0        84        0      
                                                                   
    .\middlewares\lvgl\src\widgets\menu\
       lv_menu.obj                       3074     252       0      
    +--+---------------------------------+--------+---------+---------+
       Total:                            3074     252       0      
                                                                   
    .\middlewares\lvgl\src\widgets\meter\
       lv_meter.obj                      4878     28        0      
    +--+---------------------------------+--------+---------+---------+
       Total:                            4878     28        0      
                                                                   
    .\middlewares\lvgl\src\widgets\msgbox\
       lv_msgbox.obj                     0        56        0      
    +--+---------------------------------+--------+---------+---------+
       Total:                            0        56        0      
                                                                   
    .\middlewares\lvgl\src\widgets\roller\
       lv_roller.obj                     4592     56        0      
    +--+---------------------------------+--------+---------+---------+
       Total:                            4592     56        0      
                                                                   
    .\middlewares\lvgl\src\widgets\slider\
       lv_slider.obj                     3680     28        0      
    +--+---------------------------------+--------+---------+---------+
       Total:                            3680     28        0      
                                                                   
    .\middlewares\lvgl\src\widgets\spinbox\
       lv_spinbox.obj                    2296     28        0      
    +--+---------------------------------+--------+---------+---------+
       Total:                            2296     28        0      
                                                                   
    .\middlewares\lvgl\src\widgets\spinner\
       lv_spinner.obj                    380      28        8      
    +--+---------------------------------+--------+---------+---------+
       Total:                            380      28        8      
                                                                   
    .\middlewares\lvgl\src\widgets\switch\
       lv_switch.obj                     1552     28        0      
    +--+---------------------------------+--------+---------+---------+
       Total:                            1552     28        0      
                                                                   
    .\middlewares\lvgl\src\widgets\table\
       lv_table.obj                      7112     28        0      
    +--+---------------------------------+--------+---------+---------+
       Total:                            7112     28        0      
                                                                   
    .\middlewares\lvgl\src\widgets\tabview\
       lv_tabview.obj                    1872     28        4      
    +--+---------------------------------+--------+---------+---------+
       Total:                            1872     28        4      
                                                                   
    .\middlewares\lvgl\src\widgets\textarea\
       lv_textarea.obj                   7148     30        4      
    +--+---------------------------------+--------+---------+---------+
       Total:                            7148     30        4      
                                                                   
    .\middlewares\lvgl\src\widgets\tileview\
       lv_tileview.obj                   844      56        12     
    +--+---------------------------------+--------+---------+---------+
       Total:                            844      56        12     
                                                                   
    .\middlewares\lvgl\src\widgets\win\
       lv_win.obj                        332      28        2      
    +--+---------------------------------+--------+---------+---------+
       Total:                            332      28        2      
                                                                   
    .\thread\
       thread_display.obj                332      0         1705   
       thread_cli.obj                    48       0         1084   
       thread_modbus.obj                 14       0         0      
    +--+---------------------------------+--------+---------+---------+
       Total:                            394      0         2789   
                                                                   
    .\utils\
       uartstdio.obj                     1192     46        5      
       cli_commands.obj                  700      508       0      
    +--+---------------------------------+--------+---------+---------+
       Total:                            1892     554       5      
                                                                   
    C:/ti/TivaWare_C_Series-2.2.0.295/driverlib/ccs/Debug/driverlib.lib
       sysctl.obj                        1140     596       0      
       gpio.obj                          632      144       0      
       emac.obj                          594      24        0      
       interrupt.obj                     156      176       0      
       uart.obj                          148      0         0      
       flash.obj                         20       0         0      
       ssi.obj                           18       0         0      
       cpu.obj                           12       0         0      
    +--+---------------------------------+--------+---------+---------+
       Total:                            2720     940       0      
                                                                   
    C:\ti\ccs1200\ccs\tools\compiler\ti-cgt-arm_20.2.7.LTS\lib\rtsv7M4_T_le_v4SPD16_eabi.lib
       _printfi.c.obj                    4851     0         0      
       fd_add_t2.asm.obj                 438      0         0      
       fd_div_t2.asm.obj                 310      0         0      
       s_scalbn.c.obj                    272      0         0      
       fd_cmp_t2.asm.obj                 268      0         0      
       ctype.c.obj                       0        257       0      
       fd_mul_t2.asm.obj                 252      0         0      
       memcpy_t2.asm.obj                 156      0         0      
       ull_div_t2.asm.obj                150      0         0      
       snprintf.c.obj                    148      0         0      
       memset_t2.asm.obj                 122      0         0      
       copy_decompress_lzss.c.obj        104      0         0      
       s_frexp.c.obj                     100      0         0      
       sprintf.c.obj                     98       0         0      
       i_divt2.asm.obj                   94       0         0      
       _ltoa.c.obj                       84       0         0      
       atoi.c.obj                        76       0         0      
       fd_toi_t2.asm.obj                 72       0         0      
       autoinit.c.obj                    68       0         0      
       u_divt2.asm.obj                   64       0         0      
       rand.c.obj                        52       0         4      
       strncpy.c.obj                     54       0         0      
       boot_cortex_m.c.obj               52       0         0      
       i_tofd_t2.asm.obj                 46       0         0      
       strncmp.c.obj                     44       0         0      
       memmov.c.obj                      40       0         0      
       memcmp.c.obj                      36       0         0      
       strcat.c.obj                      30       0         0      
       memccpy.c.obj                     28       0         0      
       s_copysign.c.obj                  26       0         0      
       ll_mul_t2.asm.obj                 24       0         0      
       strcmp.c.obj                      24       0         0      
       strchr.c.obj                      22       0         0      
       strcpy.c.obj                      20       0         0      
       strlen.c.obj                      20       0         0      
       wcslen.c.obj                      18       0         0      
       copy_decompress_none.c.obj        14       0         0      
       copy_zero_init.c.obj              12       0         0      
       errno.c.obj                       8        0         4      
       _lock.c.obj                       2        0         8      
       exit.c.obj                        4        0         0      
       pre_init.c.obj                    4        0         0      
       div0.asm.obj                      2        0         0      
    +--+---------------------------------+--------+---------+---------+
       Total:                            8309     257       16     
                                                                   
       Heap:                             0        0         16     
       Stack:                            0        0         512    
       Linker Generated:                 0        310       0      
    +--+---------------------------------+--------+---------+---------+
       Grand Total:                      350043   21082     160182 


LINKER GENERATED COPY TABLES

__TI_cinit_table @ 0005aa00 records: 2, size/record: 8, table size: 16
	.data: load addr=0005a8d8, load size=00000112 bytes, run addr=20026d4c, run size=0000025a bytes, compression=lzss
	.bss: load addr=0005a9f8, load size=00000008 bytes, run addr=20000000, run size=00026d4c bytes, compression=zero_init


LINKER GENERATED HANDLER TABLE

__TI_handler_table @ 0005a9ec records: 3, size/record: 4, table size: 12
	index: 0, handler: __TI_decompress_lzss
	index: 1, handler: __TI_decompress_none
	index: 2, handler: __TI_zero_init


GLOBAL SYMBOLS: SORTED ALPHABETICALLY BY Name 

address   name                                        
-------   ----                                        
0004fdc9  ButtonsInit                                 
0004fd29  ButtonsPoll                                 
000559a7  C$$EXIT                                     
00055919  CPUcpsid                                    
000554a1  EMACAddrSet                                 
0005539d  EMACConfigGet                               
00055285  EMACConfigSet                               
000558dd  EMACFrameFilterSet                          
00054a2d  EMACInit                                    
000553d1  EMACIntClear                                
0005524b  EMACIntEnable                               
0005555f  EMACIntStatus                               
0005560b  EMACPHYRead                                 
00055631  EMACPHYWrite                                
00055965  EMACPowerManagementStatusGet                
00055985  EMACRxDMADescriptorListSet                  
000557c7  EMACRxEnable                                
0005598b  EMACTxDMADescriptorListSet                  
0005596d  EMACTxDMAPollDemand                         
000557dd  EMACTxEnable                                
00055879  FlashUserGet                                
00050631  FreeRTOS_CLIGetOutputBuffer                 
00050635  FreeRTOS_CLIGetParameter                    
0005054b  FreeRTOS_CLIProcessCommand                  
0005050d  FreeRTOS_CLIRegisterCommand                 
0004328f  FreeRTOS_ClearARP                           
0001108b  FreeRTOS_EUI48_ntop                         
00011161  FreeRTOS_EUI48_pton                         
0003baaf  FreeRTOS_GetAddressConfiguration            
0003c201  FreeRTOS_GetDNSServerAddress                
0003c1fb  FreeRTOS_GetGatewayAddress                  
0003c1e5  FreeRTOS_GetIPAddress                       
0003b8bb  FreeRTOS_GetIPTaskHandle                    
0001135b  FreeRTOS_GetLocalAddress                    
0003c223  FreeRTOS_GetMACAddress                      
0003c207  FreeRTOS_GetNetmask                         
00011f2d  FreeRTOS_GetRemoteAddress                   
0003b937  FreeRTOS_GetUDPPayloadBuffer                
0003b985  FreeRTOS_IPInit                             
0003c24d  FreeRTOS_IsNetworkUp                        
0003b8eb  FreeRTOS_NetworkDown                        
0003b90d  FreeRTOS_NetworkDownFromISR                 
0004312f  FreeRTOS_OutputARPRequest                   
0003bb4d  FreeRTOS_ReleaseTCPPayloadBuffer            
0003bb35  FreeRTOS_ReleaseUDPPayloadBuffer            
0003baef  FreeRTOS_SetAddressConfiguration            
0003c237  FreeRTOS_SetGatewayAddress                  
0003c1eb  FreeRTOS_SetIPAddress                       
0003c227  FreeRTOS_SetNetmask                         
0003c20d  FreeRTOS_UpdateMACAddress                   
00011585  FreeRTOS_accept                             
00010729  FreeRTOS_bind                               
00010869  FreeRTOS_closesocket                        
000114f5  FreeRTOS_connect                            
000120e1  FreeRTOS_connstatus                         
00011d4d  FreeRTOS_get_rx_buf                         
00011931  FreeRTOS_get_tx_head                        
00011341  FreeRTOS_inet_addr                          
00010e73  FreeRTOS_inet_ntoa                          
00010f7b  FreeRTOS_inet_ntop                          
00010fad  FreeRTOS_inet_ntop4                         
00010f4b  FreeRTOS_inet_pton                          
00011219  FreeRTOS_inet_pton4                         
00012075  FreeRTOS_issocketconnected                  
00011aeb  FreeRTOS_listen                             
00041fe9  FreeRTOS_max_int32                          
0004201d  FreeRTOS_max_size_t                         
00042003  FreeRTOS_max_uint32                         
00011f8f  FreeRTOS_maywrite                           
00042037  FreeRTOS_min_int32                          
0004206b  FreeRTOS_min_size_t                         
00042051  FreeRTOS_min_uint32                         
000120b3  FreeRTOS_mss                                
00012163  FreeRTOS_netstat                            
000116db  FreeRTOS_recv                               
000104f1  FreeRTOS_recvfrom                           
000420af  FreeRTOS_round_down                         
00042085  FreeRTOS_round_up                           
0001210b  FreeRTOS_rx_size                            
000119a3  FreeRTOS_send                               
00010637  FreeRTOS_sendto                             
00010a85  FreeRTOS_setsockopt                         
00011bab  FreeRTOS_shutdown                           
000103e1  FreeRTOS_socket                             
00041f05  FreeRTOS_strerror_r                         
0001203d  FreeRTOS_tx_size                            
00011ff7  FreeRTOS_tx_space                           
0005558b  GPIODirModeSet                              
00052db5  GPIOPadConfigSet                            
00054f8d  GPIOPinConfigure                            
00055991  GPIOPinRead                                 
000557f3  GPIOPinTypeEthernetLED                      
00055809  GPIOPinTypeGPIOInput                        
0005571b  GPIOPinTypeGPIOOutput                       
0005581f  GPIOPinTypeUART                             
00055835  GPIOPinTypeUSBAnalog                        
[...]
00050ff5  vApplicationMallocFailedHook                
00050ffd  vApplicationIdleHook                        
00050fff  vApplicationStackOverflowHook               
0005100b  vApplicationTickHook                        
00051015  vApplicationIPNetworkEventHook              
00051033  xApplicationGetRandomNumber                 
00051043  ulApplicationGetNextSequenceNumber          
000510ed  vRegisterCLICommands                        
000513f3  lv_draw_sw_layer_create                     
00051539  lv_draw_sw_layer_adjust                     
00051589  lv_draw_sw_layer_blend                      
00051627  lv_draw_sw_layer_destroy                    
00051639  xCalculateSleepTime                         
00051691  vCheckNetworkTimers                         
00051757  vIPTimerStartARPResolution                  
0005177d  vTCPTimerReload                             
0005178b  vARPTimerReload                             
00051799  vDHCPTimerReload                            
000517ff  vIPSetTCPTimerExpiredState                  
0005182d  vIPSetARPTimerEnableState                   
00051851  vIPSetARPResolutionTimerEnableState         
00051875  vIPSetDHCPTimerEnableState                  
00051b5d  lv_calendar_header_arrow_create             
00051d8b  xNetworkBuffersInitialise                   
00051e1f  pxGetNetworkBufferWithDescriptor            
00051eab  pxNetworkBufferGetFromISR                   
00051efb  vNetworkBufferReleaseFromISR                
00051f33  vReleaseNetworkBufferAndDescriptor          
00051f7d  uxGetMinimumFreeNetworkBuffers              
00051f83  uxGetNumberOfFreeNetworkBuffers             
00051f89  pxResizeNetworkBufferWithDescriptor         
00051fb5  SysCtlClockFreqSet                          
000521b5  vProcessGeneratedUDPPacket                  
000522f7  xProcessReceivedUDPPacket                   
000523ab  lv_indev_drv_init                           
000523e5  lv_indev_drv_register                       
00052443  lv_indev_drv_update                         
000524b3  lv_indev_delete                             
000524e9  lv_indev_get_next                           
00052503  _lv_indev_read                              
00052745  __aeabi_dsub                                
0005274f  __aeabi_dadd                                
000528fd  lv_calendar_header_dropdown_create          
00052aad  lv_mem_init_builtin                         
00052abf  lv_mem_deinit_builtin                       
00052acf  lv_mem_monitor_builtin                      
00052b45  lv_malloc_builtin                           
00052b79  lv_realloc_builtin                          
00052b8d  lv_free_builtin                             
00052bbb  lv_mem_test_builtin                         
00052cb9  lv_spinner_create                           
00052db5  GPIOPadConfigSet                            
00052fd5  lv_draw_rect_dsc_init                       
00053055  lv_draw_rect                                
00053089  lv_win_create                               
000530ad  lv_win_add_title                            
000530e5  lv_win_add_btn                              
00053133  lv_win_get_header                           
00053141  lv_win_get_content                          
000531f3  prvDisplayTask                              
00053321  lv_font_get_glyph_bitmap                    
0005333b  lv_font_get_glyph_dsc                       
00053443  lv_font_get_glyph_width                     
00053479  lv_theme_get_from_obj                       
00053497  lv_theme_apply                              
000534b7  lv_theme_set_parent                         
000534c9  lv_theme_set_apply_cb                       
000534db  lv_theme_get_font_small                     
000534f5  lv_theme_get_font_normal                    
0005350f  lv_theme_get_font_large                     
00053529  lv_theme_get_color_primary                  
0005354f  lv_theme_get_color_secondary                
000536e5  pxPortInitialiseStack                       
0005374f  xPortStartScheduler                         
00053785  vPortEndScheduler                           
00053787  vPortEnterCritical                          
000537a7  vPortExitCritical                           
000537bd  xPortSysTickHandler                         
000537e3  vPortSetupTimerInterrupt                    
00053821  __aeabi_ddiv                                
00053959  xSequenceLessThan                           
0005397b  xSequenceGreaterThan                        
0005399d  vTCPWindowCreate                            
000539cf  vTCPWindowInit                              
00053a85  vListInitialise                             
00053ab5  vListInitialiseItem                         
00053ac5  vListInsertEnd                              
00053b01  vListInsert                                 
00053b67  uxListRemove                                
00053ce7  lv_draw_layer_create                        
00053d71  lv_draw_layer_adjust                        
00053d93  lv_draw_layer_blend                         
00053db1  lv_draw_layer_destroy                       
00053df9  SysCtlClockGet                              
00053f11  ldexp                                       
00053f11  ldexpl                                      
00053f11  scalbn                                      
00053f11  scalbnl                                     
00054021  __aeabi_dmul                                
0005412f  _lv_gc_clear_roots                          
0005420d  lv_malloc                                   
0005422b  lv_free                                     
00054243  lv_realloc                                  
0005427d  lv_memcpy                                   
00054291  lv_memset                                   
000542a9  lv_strlen                                   
000542b5  lv_strncpy                                  
000542c9  lv_mem_test                                 
000542df  lv_mem_monitor                              
000542fd  lv_async_call                               
0005434b  lv_async_call_cancel                        
000543e9  ulPortGetIPSR                               
00054401  xPortPendSVHandler                          
00054461  vPortSVCHandler                             
00054481  vPortStartFirstTask                         
000544a5  vPortEnableVFP                              
00054521  lv_draw_line_dsc_init                       
00054543  lv_draw_line                                
00054571  ProcessICMPPacket                           
000546eb  _lv_img_cache_open                          
0005475b  lv_img_cache_set_size                       
00054767  lv_img_cache_invalidate_src                 
00054775  __aeabi_memcpy                              
00054775  __aeabi_memcpy4                             
00054775  __aeabi_memcpy8                             
00054775  memcpy                                      
00054811  __aeabi_uldivmod                            
000548a7  __aeabi_cdcmpeq                             
000548a7  __aeabi_cdcmple                             
0005492d  __aeabi_cdrcmple                            
000549b3  __aeabi_memclr                              
000549b3  __aeabi_memclr4                             
000549b3  __aeabi_memclr8                             
000549b5  __aeabi_memset                              
000549b5  __aeabi_memset4                             
000549b5  __aeabi_memset8                             
000549bb  memset                                      
00054a2d  EMACInit                                    
00054aa5  lv_tick_inc                                 
00054abf  lv_tick_get                                 
00054add  lv_tick_elaps                               
00054b19  _lv_utils_bsearch                           
00054bfd  IntEnable                                   
00054c65  __TI_decompress_lzss                        
00054ccd  frexp                                       
00054ccd  frexpl                                      
00054d31  prvSocketSetMSS                             
00054d91  __aeabi_idiv                                
00054d91  __aeabi_idivmod                             
00054e45  __TI_ltoa                                   
00054eed  SysCtlPeripheralReset                       
00054f3d  lv_draw_transform                           
00054f8d  GPIOPinConfigure                            
00054fd9  atoi                                        
00055025  snprintf                                    
000550b9  __aeabi_d2iz                                
00055101  UARTConfigSetExpClk                         
00055149  __TI_auto_init_nobinit_nopinit              
0005518d  __aeabi_uidiv                               
0005518d  __aeabi_uidivmod                            
000551cd  sprintf                                     
0005524b  EMACIntEnable                               
00055285  EMACConfigSet                               
000552bd  SysCtlPeripheralPresent                     
000552f5  SysCtlPeripheralReady                       
0005532d  lv_btn_create                               
00055365  strncpy                                     
0005539d  EMACConfigGet                               
000553d1  EMACIntClear                                
00055405  SysCtlPeripheralEnable                      
00055439  _c_int00_noargs                             
0005546d  rand                                        
000554a1  EMACAddrSet                                 
00055501  prvCommandInterpreterTask                   
00055531  __aeabi_i2d                                 
0005555f  EMACIntStatus                               
0005558b  GPIODirModeSet                              
000555b7  strncmp                                     
000555e3  memmove                                     
0005560b  EMACPHYRead                                 
00055631  EMACPHYWrite                                
00055659  IntPrioritySet                              
0005567d  memcmp                                      
000556a1  UARTDisable                                 
000556e1  strcat                                      
000556ff  memccpy                                     
0005571b  GPIOPinTypeGPIOOutput                       
00055735  copysign                                    
00055735  copysignl                                   
0005577f  lv_draw_init                                
00055781  lv_draw_wait_for_finish                     
00055797  __aeabi_lmul                                
000557af  strcmp                                      
000557c7  EMACRxEnable                                
000557dd  EMACTxEnable                                
000557f3  GPIOPinTypeEthernetLED                      
00055809  GPIOPinTypeGPIOInput                        
0005581f  GPIOPinTypeUART                             
00055835  GPIOPinTypeUSBAnalog                        
0005584b  GPIOPinTypeUSBDigital                       
00055861  strchr                                      
00055879  FlashUserGet                                
0005588d  UARTEnable                                  
000558a1  strcpy                                      
000558b5  strlen                                      
000558c9  wcslen                                      
000558dd  EMACFrameFilterSet                          
000558ed  IntMasterDisable                            
000558fd  __TI_decompress_none                        
0005590b  prvModbusTask                               
00055919  CPUcpsid                                    
00055925  __TI_zero_init                              
00055931  ResetISR                                    
0005593d  SSIDataPut                                  
00055947  UARTCharGet                                 
00055951  UARTCharPut                                 
00055965  EMACPowerManagementStatusGet                
0005596d  EMACTxDMAPollDemand                         
00055975  SSIBusy                                     
0005597d  __aeabi_errno_addr                          
00055985  EMACRxDMADescriptorListSet                  
0005598b  EMACTxDMADescriptorListSet                  
00055991  GPIOPinRead                                 
00055997  GPIOPinWrite                                
0005599d  UARTClockSourceSet                          
000559a3  _system_pre_init                            
000559a7  C$$EXIT                                     
000559a7  abort                                       
0005941c  _ctypes_                                    
0005951d  _lv_bpp8_opa_table                          
00059d20  _lv_style_builtin_prop_flag_lookup_table    
0005a0a9  _lv_bpp1_opa_table                          
0005a1bc  lv_arc_class                                
0005a1d8  lv_bar_class                                
0005a1f4  lv_btn_class                                
0005a210  lv_btnmatrix_class                          
0005a22c  lv_calendar_class                           
0005a248  lv_calendar_header_arrow_class              
0005a264  lv_calendar_header_dropdown_class           
0005a280  lv_chart_class                              
0005a29c  lv_checkbox_class                           
0005a2b8  lv_colorwheel_class                         
0005a2d4  lv_dropdown_class                           
0005a2f0  lv_dropdownlist_class                       
0005a30c  lv_font_montserrat_14                       
0005a328  lv_img_class                                
0005a344  lv_keyboard_class                           
0005a360  lv_label_class                              
0005a37c  lv_led_class                                
0005a398  lv_line_class                               
0005a3b4  lv_list_btn_class                           
0005a3d0  lv_list_class                               
0005a3ec  lv_list_text_class                          
0005a408  lv_menu_class                               
0005a424  lv_menu_cont_class                          
0005a440  lv_menu_main_cont_class                     
0005a45c  lv_menu_main_header_cont_class              
0005a478  lv_menu_page_class                          
0005a494  lv_menu_section_class                       
0005a4b0  lv_menu_separator_class                     
0005a4cc  lv_menu_sidebar_cont_class                  
0005a4e8  lv_menu_sidebar_header_cont_class           
0005a504  lv_meter_class                              
0005a520  lv_msgbox_backdrop_class                    
0005a53c  lv_msgbox_class                             
0005a558  lv_obj_class                                
0005a574  lv_roller_class                             
0005a590  lv_roller_label_class                       
0005a5ac  lv_slider_class                             
0005a5c8  lv_spinbox_class                            
0005a5e4  lv_spinner_class                            
0005a600  lv_switch_class                             
0005a61c  lv_table_class                              
0005a638  lv_tabview_class                            
0005a654  lv_textarea_class                           
0005a670  lv_tileview_class                           
0005a68c  lv_tileview_tile_class                      
0005a6a8  lv_win_class                                
0005a796  _lv_bpp4_opa_table                          
0005a888  xBroadcastMACAddress                        
0005a8bc  _lv_bpp2_opa_table                          
0005a8c0  xBufferAllocFixedSize                       
0005a8c8  ulMaxSyscallInterruptPriority               
0005a8cc  uxTopUsedPriority                           
0005a8d4  xPHYProperties                              
0005a9ec  __TI_Handler_Table_Base                     
0005a9f8  __TI_Handler_Table_Limit                    
0005aa00  __TI_CINIT_Base                             
0005aa10  __TI_CINIT_Limit                            
20000000  __start___llvm_prf_cnts                     
20000000  __stop___llvm_prf_cnts                      
200267e0  _lv_draw_mask_list                          
200268d8  _lv_circle_cache                            
20026948  xQueueRegistry                              
20026a60  _lv_img_cache_single                        
20026b90  xBoundTCPSocketsList                        
20026ba4  xBoundUDPSocketsList                        
20026c14  _lv_anim_ll                                 
20026c20  _lv_disp_ll                                 
20026c2c  _lv_fsdrv_ll                                
20026c38  _lv_group_ll                                
20026c44  _lv_img_decoder_ll                          
20026c50  _lv_indev_ll                                
20026c5c  _lv_obj_style_trans_ll                      
20026c68  _lv_timer_ll                                
20026c74  _subs_ll                                    
20026cfc  _lv_grad_cache_mem                          
20026d00  _lv_layout_list                             
20026d04  _lv_style_custom_prop_flag_lookup_table     
20026d08  _lv_theme_basic_styles                      
20026d0c  _lv_theme_default_styles                    
20026d10  _lv_timer_act                               
20026d14  g_ui32SysClock                              
20026d18  xProcessedTCPMessage                        
20026d2a  LV_LAYOUT_FLEX                              
20026d2c  LV_LAYOUT_GRID                              
20026d2e  LV_STYLE_FLEX_CROSS_PLACE                   
20026d30  LV_STYLE_FLEX_FLOW                          
20026d32  LV_STYLE_FLEX_GROW                          
20026d34  LV_STYLE_FLEX_MAIN_PLACE                    
20026d36  LV_STYLE_FLEX_TRACK_PLACE                   
20026d38  LV_STYLE_GRID_CELL_COLUMN_POS               
20026d3a  LV_STYLE_GRID_CELL_COLUMN_SPAN              
20026d3c  LV_STYLE_GRID_CELL_ROW_POS                  
20026d3e  LV_STYLE_GRID_CELL_ROW_SPAN                 
20026d40  LV_STYLE_GRID_CELL_X_ALIGN                  
20026d42  LV_STYLE_GRID_CELL_Y_ALIGN                  
20026d44  LV_STYLE_GRID_COLUMN_ALIGN                  
20026d46  LV_STYLE_GRID_COLUMN_DSC_ARRAY              
20026d48  LV_STYLE_GRID_ROW_ALIGN                     
20026d4a  LV_STYLE_GRID_ROW_DSC_ARRAY                 
20026d4c  pxCurrentTCB                                
20026df8  _lv_txt_encoded_size                        
20026dfc  _lv_txt_unicode_to_encoded                  
20026e00  _lv_txt_encoded_conv_wc                     
20026e04  _lv_txt_encoded_next                        
20026e08  _lv_txt_encoded_prev                        
20026e0c  _lv_txt_encoded_get_byte_id                 
20026e10  _lv_txt_encoded_get_char_id                 
20026e14  _lv_txt_get_encoded_length                  
20026e18  pxARPWaitingNetworkBuffer                   
20026e1c  xNetworkEventQueue                          
20026e20  usPacketIdentifier                          
20026e84  xDefaultPartUDPPacketHeader                 
20026e9c  xDefaultAddressing                          
20026eb0  xNetworkAddressing                          
20026f10  _lock                                       
20026f14  _unlock                                     
20026f58  _lv_style_custom_prop_flag_lookup_table_size
20026f7c  xTCPWindowLoggingLevel                      
20026f9c  errno                                       
20026fa8  __stack                                     
200271a8  __STACK_END                                 
200271a8  _sys_memory                                 
20027fa8  __STACK_TOP                                 
ffffffff  __TI_pprof_out_hndl                         
ffffffff  __TI_prof_data_size                         
ffffffff  __TI_prof_data_start                        
ffffffff  __binit__                                   
ffffffff  __c_args__                                  
ffffffff  binit                                       
UNDEFED   __mpu_init                                  
UNDEFED   _system_post_cinit                          

[1646 symbols]
